0 1 2 3 5 5 7 7 8 9 9 10 12 12 13 14 14 15 15 16 16 17 17 20 21 21 23 23 23 24 26 26 27 28 29 29 31 31 33 35 35 35 37 40 40 40 41 44 44 44 45 49 49 50 50 54 55 55 56 57 59 62 63 64 64 64 66 67 67 67 67 67 68 69 72 72 73 73 74 75 75 76 78 79 79 79 80 81 81 82 83 84 84 89 89 90 91 92 93 97 98 98 98 98 99 99 99 100 100 100 100 102 105 105 106 106 106 109 111 111 112 114 114 116 116 116 119 120 121 121 122 123 123 124 125 129 129 129 129 129 132 136 137 137 138 139 139 141 143 145 145 145 147 148 149 150 151 152 154 154 156 156 157 158 163 163 167 167 167 168 169 169 170 170 171 172 173 174 176 178 179 180 180 181 181 181 183 183 183 184 184 184 185 189 189 190 190 191 191 191 192 193 194 194 196 199 200 203 206 206 206 208 209 209 210 211 211 212 214 215 216 217 217 217 217 218 218 220 221 221 223 223 224 228 230 232 233 235 236 236 238 239 239 239 239 241 244 244 245 245 247 247 247 251 252 256 256 258 259 259 259 260 262 262 263 264 265 265 266 266 267 267 269 269 269 270 272 273 273 274 275 275 276 276 277 277 278 279 282 283 283 283 286 286 287 287 289 291 291 294 295 296 296 297 298 298 299 300 301 302 302 302 304 305 307 307 307 309 312 312 313 314 316 316 318 318 318 318 319 320 320 321 321 322 323 323 324 325 325 325 326 327 328 329 332 332 333 334 335 336 336 337 341 341 341 343 343 344 346 346 347 347 348 352 352 354 356 357 357 359 359 359 360 362 363 364 365 365 365 366 366 366 367 368 370 370 371 375 375 376 376 379 379 379 380 382 382 383 383 384 384 384 385 385 389 391 391 391 392 393 393 393 396 396 396 397 400 401 401 405 405 406 408 408 411 413 414 414 415 415 416 417 418 419 419 419 419 420 420 421 422 422 423 423 424 425 426 426 427 427 428 429 430 430 431 431 433 433 434 434 434 435 436 437 439 439 440 441 443 443 446 446 446 447 448 449 451 452 453 455 455 455 457 457 458 459 459 460 461 461 462 465 468 468 470 470 471 472 472 474 474 474 479 479 481 483 486 487 488 488 490 495 496 498 500 504 504 505 507 508 509 509 510 511 511 512 513 514 515 516 517 517 518 518 519 521 522 522 523 523 524 525 526 526 527 529 530 530 531 532 534 534 536 536 538 538 539 541 543 547 549 549 553 557 558 560 560 561 561 562 565 566 567 569 570 571 571 571 573 573 575 578 579 579 580 580 580 583 584 585 586 586 587 588 590 590 591 591 595 595 595 596 596 597 598 598 599 599 600 601 602 602 603 603 604 605 606 606 606 608 608 609 609 610 612 615 615 617 619 622 622 622 623 625 626 629 630 630 630 632 634 634 636 636 637 637 640 643 644 645 646 647 648 648 650 650 650 651 652 654 657 658 660 661 661 662 662 663 663 663 664 667 668 669 669 670 672 673 679 682 683 683 684 684 685 688 688 689 690 691 691 693 697 697 698 700 700 700 700 703 704 707 707 708 708 709 710 710 711 712 713 714 716 716 718 719 719 719 720 721 721 721 723 723 724 724 725 726 727 729 729 729 730 730 730 731 731 732 738 740 741 742 742 743 745 746 746 748 749 751 751 751 752 753 754 755 757 758 759 760 760 763 767 768 768 769 770 773 774 776 777 779 779 780 781 782 783 784 784 785 786 786 786 787 788 790 791 792 793 794 794 795 799 800 801 803 804 804 804 805 807 807 809 809 809 809 809 810 810 810 811 811 813 813 813 814 814 817 817 818 819 820 821 823 825 826 827 829 829 830 830 835 835 835 836 836 837 840 840 841 845 846 847 848 848 848 849 849 850 850 852 852 853 854 854 855 856 856 857 859 859 861 861 861 862 862 863 864 865 865 865 867 867 867 870 873 873 874 874 875 875 877 877 877 878 879 879 879 880 884 884 886 886 886 888 891 892 892 892 892 893 894 894 896 897 897 897 898 899 900 900 900 901 902 903 903 903 904 905 905 907 908 910 911 911 912 913 913 914 916 916 917 918 919 920 920 921 921 923 924 925 927 929 930 930 931 931 932 932 933 933 935 935 936 937 937 938 938 939 939 939 939 939 940 941 942 943 944 948 948 948 949 953 953 953 954 954 955 955 956 957 958 960 960 961 961 961 965 965 965 965 965 966 967 970 970 974 975 978 979 979 979 979 980 982 983 985 987 988 988 992 993 995 995 997 997 997 998 1000 1000 1002 1003 1003 1004 1007 1009 1009 1009 1010 1010 1012 1015 1015 1015 1017 1018 1020 1020 1020 1022 1023 1025 1026 1026 1026 1027 1028 1029 1030 1031 1033 1033 1036 1037 1038 1038 1039 1040 1042 1042 1042 1043 1045 1046 1048 1049 1050 1051 1053 1054 1056 1057 1057 1058 1063 1063 1064 1064 1067 1068 1068 1072 1073 1073 1074 1074 1077 1077 1077 1078 1081 1082 1082 1086 1086 1088 1088 1091 1092 1093 1094 1095 1096 1098 1098 1101 1101 1102 1102 1104 1105 1105 1107 1107 1109 1110 1110 1112 1112 1114 1115 1116 1117 1118 1118 1118 1120 1120 1121 1121 1122 1124 1125 1125 1126 1127 1129 1131 1133 1134 1135 1136 1139 1139 1140 1141 1142 1142 1143 1143 1143 1143 1144 1144 1144 1144 1145 1145 1145 1145 1145 1146 1146 1149 1151 1151 1152 1152 1152 1153 1154 1155 1155 1156 1157 1157 1157 1160 1160 1161 1161 1161 1162 1163 1166 1166 1167 1172 1174 1175 1175 1176 1176 1176 1178 1180 1180 1180 1182 1184 1184 1187 1188 1190 1191 1191 1191 1192 1193 1193 1195 1196 1196 1200 1202 1202 1203 1203 1203 1203 1204 1204 1205 1207 1207 1207 1208 1208 1209 1209 1209 1210 1211 1215 1215 1216 1216 1218 1219 1219 1221 1221 1224 1226 1226 1227 1227 1228 1229 1230 1231 1231 1233 1236 1237 1238 1238 1240 1240 1241 1242 1243 1243 1244 1244 1244 1245 1245 1246 1246 1248 1249 1250 1251 1254 1254 1257 1259 1259 1261 1261 1262 1262 1264 1267 1267 1268 1268 1269 1270 1273 1274 1274 1276 1276 1277 1279 1281 1281 1282 1283 1284 1284 1285 1286 1288 1290 1293 1294 1294 1296 1296 1296 1297 1299 1302 1303 1304 1304 1306 1307 1308 1309 1311 1311 1312 1312 1313 1313 1313 1313 1314 1314 1315 1315 1316 1317 1317 1318 1319 1319 1321 1322 1322 1323 1325 1326 1329 1330 1331 1331 1333 1334 1337 1338 1340 1343 1344 1349 1349 1350 1351 1351 1355 1357 1357 1360 1361 1361 1362 1368 1369 1371 1372 1372 1373 1375 1376 1376 1377 1378 1378 1378 1379 1379 1381 1381 1381 1381 1382 1383 1385 1386 1386 1387 1388 1388 1388 1390 1390 1390 1391 1393 1395 1396 1397 1399 1399 1401 1404 1404 1404 1405 1406 1407 1409 1409 1409 1410 1411 1413 1414 1415 1416 1417 1418 1418 1419 1420 1421 1421 1422 1422 1422 1424 1426 1426 1430 1432 1434 1434 1437 1439 1440 1440 1441 1442 1443 1444 1445 1447 1448 1448 1450 1451 1451 1452 1452 1453 1454 1455 1456 1456 1456 1458 1459 1460 1461 1461 1462 1463 1463 1464 1464 1465 1466 1466 1467 1469 1470 1470 1471 1471 1471 1472 1475 1477 1478 1479 1479 1480 1483 1483 1484 1487 1491 1491 1492 1494 1495 1495 1496 1498 1499 1499 1501 1503 1505 1507 1510 1510 1511 1512 1513 1514 1514 1515 1517 1517 1518 1518 1518 1518 1519 1520 1521 1522 1522 1522 1522 1525 1525 1529 1529 1529 1530 1530 1531 1531 1532 1532 1534 1535 1535 1535 1536 1536 1536 1538 1539 1540 1540 1542 1544 1546 1550 1550 1550 1550 1551 1552 1553 1554 1557 1560 1561 1561 1562 1562 1563 1563 1563 1564 1565 1566 1567 1568 1569 1569 1569 1571 1572 1573 1574 1576 1576 1576 1578 1580 1580 1580 1581 1582 1583 1583 1584 1586 1586 1587 1588 1589 1590 1590 1591 1593 1593 1594 1596 1596 1597 1598 1598 1600 1601 1601 1601 1601 1602 1602 1606 1606 1607 1609 1610 1610 1610 1611 1613 1614 1615 1616 1616 1616 1619 1620 1626 1627 1628 1628 1632 1632 1633 1633 1634 1635 1636 1636 1637 1637 1638 1639 1639 1644 1644 1645 1646 1647 1649 1649 1649 1649 1649 1650 1650 1651 1653 1653 1658 1658 1658 1660 1661 1661 1662 1664 1664 1665 1665 1665 1667 1668 1668 1670 1672 1672 1673 1674 1674 1676 1676 1678 1680 1680 1680 1681 1683 1683 1686 1690 1692 1692 1695 1696 1698 1698 1699 1701 1701 1706 1707 1708 1709 1709 1710 1710 1710 1718 1718 1719 1719 1720 1721 1722 1726 1727 1728 1730 1731 1731 1732 1733 1738 1738 1740 1742 1742 1742 1743 1744 1744 1745 1746 1749 1749 1750 1750 1750 1751 1751 1751 1752 1753 1753 1754 1755 1755 1756 1756 1757 1758 1758 1758 1759 1759 1763 1764 1764 1764 1766 1767 1768 1769 1769 1773 1777 1777 1778 1778 1779 1782 1782 1784 1786 1786 1789 1789 1790 1791 1792 1794 1795 1797 1797 1798 1798 1799 1800 1803 1803 1804 1805 1806 1806 1808 1808 1809 1810 1813 1814 1815 1815 1816 1817 1817 1818 1818 1820 1821 1823 1823 1825 1826 1828 1829 1831 1834 1834 1834 1835 1840 1841 1842 1843 1843 1844 1844 1845 1845 1846 1848 1850 1852 1855 1855 1857 1860 1865 1866 1867 1868 1868 1868 1870 1870 1871 1871 1871 1874 1875 1879 1879 1881 1882 1883 1883 1883 1884 1884 1884 1885 1886 1887 1887 1890 1890 1890 1892 1892 1892 1894 1895 1895 1895 1896 1896 1898 1899 1899 1900 1901 1903 1905 1906 1908 1909 1909 1910 1910 1911 1912 1912 1916 1917 1917 1918 1918 1919 1921 1922 1925 1926 1927 1927 1928 1928 1929 1929 1929 1929 1931 1933 1934 1935 1936 1937 1938 1938 1941 1941 1941 1942 1943 1948 1949 1950 1951 1951 1951 1955 1955 1956 1957 1957 1959 1959 1959 1959 1961 1962 1962 1962 1964 1965 1966 1966 1967 1967 1969 1969 1969 1970 1970 1972 1974 1974 1975 1976 1978 1979 1979 1981 1982 1982 1986 1987 1989 1989 1991 1991 1995 1996 1996 1999 2000 2000 2002 2002 2002 2004 2005 2006 2006 2006 2006 2008 2012 2014 2014 2015 2016 2017 2017 2017 2018 2019 2019 2020 2023 2024 2024 2025 2025 2025 2026 2028 2031 2032 2033 2035 2035 2036 2036 2036 2037 2038 2041 2043 2044 2045 2045 2046 2046 2050 2051 2052 2053 2055 2057 2059 2061 2063 2063 2065 2066 2066 2067 2069 2072 2075 2076 2077 2077 2079 2079 2083 2084 2084 2087 2091 2095 2096 2096 2097 2097 2098 2098 2099 2101 2101 2102 2102 2103 2103 2104 2104 2105 2105 2107 2108 2108 2109 2110 2111 2112 2112 2112 2112 2113 2115 2115 2116 2116 2118 2119 2121 2123 2125 2126 2128 2128 2129 2132 2133 2134 2134 2136 2137 2138 2138 2139 2140 2140 2140 2142 2142 2143 2143 2144 2145 2145 2146 2147 2149 2149 2151 2152 2155 2156 2156 2158 2158 2159 2159 2160 2160 2161 2163 2164 2166 2166 2166 2166 2168 2169 2171 2173 2174 2175 2176 2176 2177 2180 2181 2183 2184 2184 2184 2184 2185 2187 2188 2188 2188 2188 2190 2193 2194 2195 2196 2198 2199 2200 2201 2202 2203 2204 2205 2207 2207 2209 2211 2211 2212 2212 2213 2213 2216 2217 2217 2218 2218 2218 2221 2221 2223 2224 2224 2225 2226 2227 2228 2229 2229 2232 2233 2234 2238 2239 2239 2239 2240 2241 2241 2243 2249 2250 2253 2255 2257 2257 2258 2259 2260 2260 2261 2263 2264 2266 2266 2267 2267 2267 2267 2268 2269 2269 2269 2271 2272 2273 2273 2274 2275 2275 2276 2276 2278 2278 2281 2282 2283 2283 2285 2285 2286 2288 2288 2289 2291 2292 2293 2295 2295 2295 2296 2297 2297 2298 2299 2299 2302 2305 2306 2307 2308 2309 2310 2311 2312 2313 2314 2316 2318 2318 2320 2325 2325 2326 2327 2327 2328 2328 2331 2331 2332 2333 2334 2336 2336 2336 2338 2338 2339 2340 2340 2341 2343 2344 2344 2344 2346 2346 2347 2347 2347 2348 2350 2351 2352 2355 2356 2356 2357 2358 2359 2359 2360 2360 2363 2363 2363 2364 2364 2365 2365 2366 2366 2366 2368 2369 2371 2372 2372 2372 2375 2375 2375 2376 2376 2379 2380 2380 2380 2381 2382 2384 2384 2385 2386 2386 2387 2389 2390 2390 2391 2391 2394 2394 2397 2397 2399 2400 2401 2404 2406 2406 2410 2410 2412 2413 2414 2415 2415 2416 2416 2419 2419 2420 2421 2422 2422 2423 2424 2424 2426 2428 2429 2432 2432 2434 2437 2440 2443 2443 2443 2444 2444 2446 2446 2446 2448 2448 2450 2450 2450 2451 2452 2453 2454 2454 2455 2456 2456 2457 2457 2457 2458 2458 2459 2459 2460 2462 2463 2465 2465 2465 2466 2466 2467 2468 2468 2468 2469 2469 2469 2471 2472 2472 2473 2475 2475 2475 2476 2476 2476 2477 2479 2481 2486 2487 2487 2488 2490 2491 2492 2493 2499 2501 2502 2504 2504 2505 2506 2506 2507 2507 2508 2509 2511 2512 2512 2512 2512 2512 2512 2513 2514 2514 2515 2515 2517 2519 2519 2520 2521 2522 2522 2524 2526 2527 2528 2529 2529 2532 2533 2537 2537 2538 2540 2540 2541 2541 2543 2544 2548 2548 2548 2549 2550 2551 2554 2554 2554 2556 2556 2557 2557 2557 2560 2561 2561 2562 2563 2564 2564 2565 2565 2566 2567 2567 2567 2568 2571 2571 2571 2571 2572 2572 2572 2572 2576 2577 2578 2579 2580 2581 2585 2585 2586 2587 2587 2588 2588 2592 2592 2593 2594 2595 2595 2595 2596 2596 2597 2600 2603 2605 2606 2609 2609 2612 2613 2615 2615 2618 2618 2620 2620 2623 2624 2625 2628 2633 2633 2635 2636 2636 2636 2636 2637 2638 2639 2640 2641 2641 2642 2643 2643 2644 2648 2650 2651 2651 2652 2656 2656 2656 2656 2661 2662 2662 2664 2664 2664 2664 2664 2665 2666 2668 2669 2671 2671 2671 2674 2676 2680 2683 2683 2687 2688 2690 2691 2691 2694 2696 2696 2697 2698 2698 2699 2700 2700 2700 2702 2702 2704 2705 2705 2705 2706 2707 2712 2712 2713 2713 2714 2714 2715 2715 2715 2716 2717 2717 2717 2718 2719 2719 2720 2721 2723 2723 2724 2724 2731 2734 2734 2735 2736 2737 2737 2737 2738 2739 2740 2740 2743 2745 2747 2747 2747 2747 2747 2749 2749 2750 2750 2750 2751 2751 2752 2753 2754 2755 2755 2755 2756 2756 2758 2758 2759 2759 2759 2759 2761 2761 2763 2764 2767 2767 2768 2769 2769 2771 2771 2772 2773 2774 2776 2777 2777 2778 2778 2779 2779 2779 2780 2780 2781 2781 2784 2784 2785 2787 2788 2788 2789 2790 2791 2791 2792 2792 2793 2793 2793 2796 2796 2797 2799 2800 2800 2802 2802 2804 2804 2804 2805 2806 2806 2807 2808 2809 2809 2811 2811 2811 2811 2813 2814 2814 2815 2815 2818 2818 2819 2820 2822 2822 2822 2822 2822 2822 2823 2824 2824 2826 2828 2829 2831 2832 2832 2832 2832 2834 2836 2837 2838 2839 2839 2839 2840 2840 2841 2843 2846 2846 2847 2847 2850 2851 2851 2853 2854 2854 2854 2855 2856 2856 2858 2859 2862 2862 2863 2864 2864 2865 2869 2869 2872 2872 2873 2873 2873 2874 2874 2875 2875 2875 2878 2880 2883 2883 2883 2884 2884 2885 2885 2885 2887 2889 2891 2892 2894 2895 2896 2896 2897 2897 2900 2901 2901 2902 2902 2903 2904 2904 2905 2905 2910 2911 2911 2912 2912 2912 2913 2914 2914 2917 2921 2922 2923 2924 2926 2927 2927 2930 2931 2932 2933 2933 2934 2935 2937 2939 2939 2940 2940 2941 2941 2942 2942 2949 2949 2950 2952 2952 2952 2957 2958 2958 2959 2959 2961 2964 2965 2966 2966 2966 2967 2967 2968 2968 2969 2970 2970 2971 2971 2972 2972 2973 2973 2974 2976 2976 2979 2979 2984 2984 2984 2984 2986 2986 2988 2991 2992 2993 2993 2997 2998 2998 2999 3000 3000 3000 3000 3002 3003 3003 3003 3004 3004 3005 3006 3008 3008 3009 3010 3011 3013 3014 3015 3016 3017 3018 3020 3021 3021 3023 3026 3027 3028 3029 3030 3033 3034 3036 3038 3038 3039 3039 3039 3039 3041 3042 3042 3042 3043 3046 3046 3047 3048 3048 3051 3054 3054 3055 3055 3055 3056 3057 3057 3058 3060 3061 3062 3064 3064 3065 3065 3067 3067 3067 3067 3068 3069 3070 3071 3072 3074 3074 3075 3076 3077 3079 3081 3081 3082 3083 3084 3085 3087 3087 3089 3091 3092 3093 3095 3096 3096 3100 3100 3101 3103 3105 3107 3109 3110 3110 3110 3111 3112 3113 3114 3114 3115 3116 3116 3117 3117 3118 3118 3119 3122 3123 3123 3124 3125 3127 3128 3129 3130 3131 3131 3132 3134 3135 3136 3138 3139 3140 3141 3145 3145 3145 3146 3147 3147 3148 3148 3150 3150 3150 3151 3152 3154 3155 3156 3157 3158 3159 3161 3162 3164 3164 3164 3165 3165 3166 3167 3168 3168 3170 3174 3175 3177 3177 3177 3177 3178 3180 3181 3181 3182 3182 3183 3184 3185 3187 3188 3190 3194 3194 3195 3196 3196 3197 3199 3199 3200 3200 3201 3201 3203 3203 3204 3205 3205 3206 3207 3209 3210 3211 3211 3211 3213 3214 3215 3215 3215 3217 3217 3218 3219 3221 3221 3222 3222 3223 3227 3228 3230 3230 3231 3232 3233 3234 3234 3236 3240 3241 3244 3248 3251 3252 3254 3256 3259 3259 3259 3259 3260 3260 3260 3261 3262 3263 3263 3264 3266 3267 3268 3268 3269 3269 3270 3271 3272 3272 3272 3273 3274 3275 3276 3276 3276 3276 3278 3278 3279 3279 3280 3280 3280 3280 3281 3282 3283 3285 3286 3289 3290 3292 3292 3293 3294 3294 3295 3295 3297 3298 3301 3302 3302 3303 3304 3306 3308 3310 3310 3312 3313 3314 3316 3316 3316 3317 3317 3318 3318 3320 3320 3322 3323 3324 3325 3326 3326 3327 3329 3330 3331 3331 3331 3331 3332 3333 3333 3333 3334 3334 3334 3334 3336 3337 3338 3338 3339 3340 3340 3341 3342 3343 3343 3345 3345 3348 3350 3351 3355 3362 3362 3362 3362 3363 3363 3363 3366 3366 3366 3369 3372 3373 3373 3374 3374 3375 3375 3375 3375 3376 3377 3377 3378 3379 3379 3379 3379 3380 3382 3383 3384 3386 3387 3388 3391 3392 3394 3394 3394 3395 3395 3399 3400 3401 3402 3404 3405 3405 3407 3408 3408 3408 3409 3414 3414 3414 3414 3415 3418 3418 3419 3421 3422 3422 3423 3423 3424 3424 3424 3424 3425 3425 3426 3426 3428 3428 3432 3433 3434 3435 3436 3436 3437 3438 3439 3440 3443 3444 3444 3448 3449 3450 3454 3454 3456 3459 3459 3460 3460 3461 3461 3461 3461 3463 3464 3465 3466 3467 3469 3470 3472 3473 3473 3473 3475 3475 3477 3477 3477 3477 3480 3480 3482 3482 3485 3487 3487 3489 3489 3490 3490 3490 3491 3491 3492 3492 3494 3495 3499 3500 3503 3504 3506 3507 3507 3507 3507 3509 3510 3511 3512 3512 3512 3513 3514 3514 3515 3515 3517 3517 3517 3518 3519 3521 3521 3522 3522 3523 3523 3523 3524 3525 3528 3529 3530 3530 3531 3531 3531 3531 3532 3533 3533 3534 3535 3535 3536 3536 3537 3537 3537 3538 3538 3541 3542 3542 3542 3543 3544 3546 3546 3546 3547 3547 3549 3549 3549 3551 3552 3553 3555 3555 3556 3556 3556 3558 3559 3560 3561 3561 3562 3563 3563 3564 3565 3566 3567 3567 3569 3569 3569 3571 3572 3573 3574 3574 3574 3575 3576 3576 3577 3577 3579 3579 3579 3581 3582 3584 3584 3585 3587 3589 3590 3592 3594 3595 3595 3596 3596 3597 3598 3598 3598 3599 3599 3600 3601 3603 3605 3605 3605 3606 3606 3606 3607 3609 3609 3610 3610 3610 3611 3611 3612 3613 3617 3617 3617 3620 3624 3625 3626 3627 3628 3630 3631 3632 3633 3634 3636 3639 3640 3641 3642 3643 3646 3646 3647 3647 3647 3649 3649 3650 3652 3653 3653 3654 3654 3654 3655 3655 3657 3657 3658 3659 3659 3660 3661 3663 3665 3667 3668 3670 3672 3673 3673 3676 3677 3681 3682 3684 3685 3685 3687 3687 3693 3693 3693 3694 3694 3695 3696 3697 3698 3700 3702 3702 3702 3704 3705 3706 3708 3709 3710 3710 3711 3713 3713 3714 3716 3716 3718 3719 3719 3719 3722 3723 3727 3728 3730 3731 3731 3732 3732 3735 3738 3738 3739 3740 3740 3741 3741 3742 3744 3744 3747 3747 3749 3752 3752 3752 3754 3756 3756 3756 3757 3758 3758 3759 3759 3761 3761 3763 3765 3766 3768 3768 3771 3771 3772 3773 3773 3774 3775 3776 3777 3777 3779 3780 3781 3782 3783 3783 3786 3788 3788 3789 3791 3793 3793 3794 3795 3796 3797 3797 3797 3797 3798 3799 3801 3801 3802 3804 3806 3806 3808 3809 3810 3811 3812 3814 3814 3815 3815 3816 3817 3817 3819 3819 3820 3820 3820 3820 3821 3821 3823 3824 3825 3826 3826 3827 3828 3830 3832 3832 3832 3832 3833 3833 3834 3834 3835 3836 3838 3840 3840 3843 3844 3846 3848 3848 3849 3849 3849 3849 3851 3851 3852 3853 3854 3855 3859 3860 3860 3862 3863 3864 3865 3865 3866 3868 3870 3870 3871 3872 3875 3875 3875 3875 3877 3879 3881 3882 3883 3884 3886 3887 3888 3889 3890 3891 3891 3892 3892 3895 3895 3896 3898 3900 3900 3902 3904 3905 3906 3906 3907 3908 3910 3911 3911 3916 3916 3917 3918 3918 3919 3921 3924 3925 3927 3928 3930 3931 3931 3932 3933 3934 3935 3935 3936 3937 3937 3938 3940 3940 3941 3944 3944 3945 3947 3948 3949 3951 3952 3952 3953 3954 3954 3955 3955 3957 3958 3964 3966 3967 3967 3968 3968 3968 3969 3971 3972 3973 3974 3974 3975 3978 3978 3980 3983 3984 3984 3984 3985 3988 3988 3988 3989 3989 3989 3991 3991 3993 3993 3993 3995 3996 3996 3997 3998 3998 3998 4000 4001 4001 4001 4001 4001 4002 4002 4002 4002 4003 4003 4004 4007 4008 4008 4009 4009 4013 4014 4016 4017 4019 4019 4020 4021 4022 4022 4023 4024 4025 4025 4025 4026 4026 4026 4028 4028 4028 4029 4029 4032 4033 4034 4034 4035 4036 4037 4038 4038 4041 4041 4042 4043 4044 4045 4047 4047 4047 4047 4048 4048 4049 4050 4052 4055 4055 4058 4059 4060 4061 4063 4063 4063 4064 4067 4068 4068 4068 4069 4069 4070 4070 4070 4070 4072 4073 4073 4077 4077 4078 4079 4080 4081 4081 4082 4082 4084 4086 4086 4087 4087 4088 4089 4090 4090 4092 4092 4093 4096 4096 4097 4099 4100 4101 4102 4103 4103 4104 4106 4107 4108 4108 4110 4113 4114 4116 4120 4120 4120 4121 4123 4128 4128 4129 4132 4133 4133 4134 4134 4135 4135 4136 4138 4139 4140 4141 4142 4142 4142 4142 4143 4143 4143 4144 4144 4146 4148 4149 4149 4150 4152 4156 4156 4156 4158 4159 4161 4161 4162 4163 4163 4163 4167 4168 4168 4168 4171 4171 4171 4173 4174 4174 4174 4174 4174 4175 4176 4176 4176 4179 4180 4180 4181 4181 4182 4182 4182 4183 4184 4185 4185 4186 4186 4186 4186 4187 4187 4187 4188 4190 4191 4191 4192 4192 4196 4197 4198 4199 4199 4202 4202 4203 4205 4206 4207 4209 4209 4211 4211 4212 4213 4213 4214 4215 4216 4217 4217 4217 4219 4220 4221 4221 4221 4222 4224 4226 4228 4229 4229 4231 4231 4231 4232 4232 4232 4234 4234 4234 4235 4235 4236 4238 4238 4239 4239 4241 4241 4242 4244 4245 4246 4247 4249 4252 4254 4255 4255 4257 4257 4262 4262 4264 4264 4266 4266 4268 4269 4269 4270 4271 4271 4275 4276 4277 4279 4280 4280 4280 4282 4283 4284 4287 4288 4289 4289 4290 4290 4292 4292 4292 4293 4294 4298 4299 4299 4300 4301 4303 4304 4307 4307 4308 4310 4311 4312 4315 4323 4324 4324 4326 4326 4327 4327 4328 4329 4330 4330 4332 4332 4332 4332 4333 4334 4335 4336 4339 4344 4346 4347 4350 4351 4352 4352 4352 4354 4354 4356 4357 4357 4359 4359 4361 4362 4365 4365 4366 4367 4370 4370 4370 4371 4373 4375 4375 4378 4378 4379 4379 4380 4381 4382 4384 4384 4385 4386 4386 4386 4387 4389 4391 4391 4393 4395 4395 4396 4400 4401 4402 4403 4404 4405 4405 4406 4407 4408 4410 4414 4417 4417 4419 4420 4421 4421 4422 4423 4426 4426 4429 4430 4430 4430 4431 4432 4434 4435 4436 4436 4437 4438 4438 4438 4439 4439 4440 4440 4447 4448 4448 4448 4449 4449 4451 4451 4454 4455 4455 4456 4456 4456 4457 4458 4461 4463 4463 4464 4464 4465 4466 4466 4466 4467 4467 4469 4470 4473 4473 4475 4475 4476 4476 4477 4479 4481 4481 4482 4484 4485 4486 4487 4488 4488 4489 4492 4495 4495 4495 4497 4499 4500 4502 4502 4502 4502 4504 4504 4505 4510 4510 4511 4512 4512 4513 4514 4516 4517 4523 4523 4524 4524 4526 4528 4529 4529 4531 4531 4533 4533 4533 4534 4535 4538 4539 4540 4540 4542 4542 4542 4542 4546 4546 4547 4547 4548 4548 4549 4550 4551 4551 4551 4551 4552 4553 4553 4553 4555 4556 4556 4558 4559 4560 4560 4560 4561 4562 4563 4563 4563 4564 4565 4566 4567 4569 4569 4570 4570 4570 4571 4572 4574 4574 4575 4578 4578 4579 4580 4582 4583 4584 4585 4586 4587 4588 4590 4593 4594 4594 4594 4595 4595 4596 4596 4598 4600 4601 4601 4602 4606 4606 4606 4607 4609 4610 4611 4611 4612 4613 4614 4614 4614 4614 4615 4616 4616 4619 4619 4619 4619 4620 4620 4624 4627 4628 4628 4628 4629 4632 4633 4633 4634 4634 4637 4637 4637 4637 4638 4639 4642 4643 4643 4644 4646 4650 4652 4654 4654 4654 4655 4655 4656 4656 4659 4660 4661 4661 4661 4662 4664 4665 4665 4665 4666 4666 4667 4667 4669 4671 4672 4681 4681 4683 4685 4685 4687 4687 4688 4688 4689 4691 4695 4695 4695 4696 4696 4700 4700 4700 4700 4700 4705 4705 4708 4710 4710 4710 4711 4711 4711 4715 4715 4716 4717 4719 4719 4721 4721 4721 4725 4725 4726 4728 4730 4730 4732 4733 4735 4736 4736 4737 4738 4739 4739 4740 4740 4740 4740 4742 4743 4745 4745 4746 4746 4747 4748 4748 4750 4750 4753 4753 4754 4754 4755 4756 4757 4759 4760 4760 4760 4762 4763 4763 4763 4765 4765 4765 4765 4766 4766 4767 4767 4768 4768 4769 4769 4769 4770 4771 4771 4772 4772 4772 4773 4773 4775 4775 4775 4775 4778 4778 4780 4781 4781 4781 4782 4782 4782 4785 4786 4787 4787 4788 4789 4789 4790 4791 4794 4794 4795 4796 4797 4799 4799 4799 4800 4802 4803 4804 4804 4805 4805 4806 4807 4808 4814 4817 4820 4820 4820 4820 4822 4824 4824 4824 4825 4826 4826 4829 4830 4833 4833 4835 4836 4837 4837 4838 4840 4843 4843 4844 4844 4844 4845 4846 4846 4848 4848 4849 4850 4851 4852 4854 4854 4855 4855 4858 4858 4858 4859 4861 4863 4864 4865 4866 4867 4867 4867 4869 4870 4871 4871 4873 4875 4876 4878 4879 4880 4884 4884 4885 4885 4887 4887 4888 4889 4890 4890 4891 4892 4892 4893 4894 4894 4895 4895 4895 4895 4896 4897 4897 4898 4898 4899 4899 4900 4900 4902 4904 4906 4907 4909 4909 4910 4910 4910 4912 4912 4913 4913 4916 4916 4916 4918 4918 4919 4920 4921 4923 4924 4925 4926 4928 4928 4928 4929 4931 4931 4932 4934 4936 4936 4937 4939 4939 4940 4944 4944 4946 4946 4947 4949 4949 4949 4950 4950 4950 4952 4952 4952 4957 4958 4959 4959 4960 4962 4966 4968 4969 4970 4972 4975 4976 4977 4977 4978 4979 4979 4979 4981 4982 4983 4984 4985 4986 4986 4987 4987 4988 4990 4991 4991 4991 4992 4993 4995 4997 4997 4998 4999 5000 5001 5001 5001 5002 5004 5005 5005 5006 5009 5010 5010 5011 5011 5016 5018 5020 5020 5021 5021 5022 5022 5023 5025 5026 5026 5027 5027 5028 5029 5031 5031 5032 5033 5033 5034 5034 5035 5035 5037 5037 5039 5041 5041 5042 5043 5043 5047 5047 5048 5051 5053 5053 5053 5055 5055 5056 5057 5057 5057 5058 5058 5059 5059 5059 5061 5062 5063 5064 5065 5068 5068 5069 5071 5071 5071 5072 5073 5073 5073 5075 5076 5077 5078 5078 5079 5079 5082 5082 5084 5086 5087 5090 5092 5093 5094 5095 5096 5096 5097 5097 5098 5098 5100 5101 5102 5102 5104 5105 5105 5105 5106 5107 5107 5108 5108 5108 5108 5108 5109 5110 5112 5112 5113 5113 5117 5117 5117 5118 5119 5120 5121 5122 5122 5122 5122 5122 5123 5124 5127 5129 5129 5131 5132 5132 5133 5133 5133 5135 5136 5136 5136 5137 5138 5141 5142 5142 5142 5144 5144 5145 5145 5146 5147 5148 5149 5150 5151 5151 5151 5152 5153 5156 5157 5157 5158 5158 5159 5159 5159 5159 5160 5160 5161 5161 5162 5163 5164 5165 5166 5166 5166 5170 5171 5174 5175 5179 5181 5183 5183 5185 5186 5187 5187 5188 5190 5191 5193 5193 5194 5195 5197 5198 5199 5199 5201 5202 5202 5203 5204 5207 5208 5209 5210 5214 5216 5218 5218 5219 5221 5221 5221 5222 5222 5223 5225 5226 5226 5227 5227 5228 5228 5228 5230 5230 5230 5231 5232 5232 5232 5233 5233 5233 5235 5237 5237 5240 5242 5243 5244 5245 5245 5245 5247 5251 5253 5254 5257 5263 5264 5265 5266 5267 5268 5269 5270 5271 5272 5273 5275 5275 5277 5277 5278 5279 5279 5281 5282 5285 5285 5285 5289 5289 5289 5290 5291 5297 5298 5299 5299 5302 5302 5303 5304 5305 5306 5307 5308 5309 5310 5311 5311 5313 5313 5315 5316 5316 5317 5322 5322 5322 5322 5323 5328 5328 5329 5329 5329 5329 5331 5332 5332 5334 5336 5339 5341 5342 5344 5345 5347 5348 5348 5349 5350 5350 5350 5353 5354 5356 5356 5358 5359 5359 5360 5361 5361 5362 5362 5363 5364 5364 5367 5367 5368 5369 5371 5371 5373 5375 5377 5378 5382 5382 5382 5385 5386 5386 5386 5386 5391 5391 5392 5392 5392 5393 5393 5396 5400 5401 5402 5402 5403 5403 5404 5406 5406 5408 5408 5408 5409 5409 5409 5410 5410 5411 5412 5412 5413 5413 5415 5416 5416 5419 5419 5420 5422 5423 5424 5425 5426 5428 5430 5430 5431 5432 5433 5433 5435 5435 5436 5437 5437 5438 5438 5439 5442 5443 5443 5443 5444 5444 5445 5445 5445 5447 5447 5448 5448 5449 5450 5452 5452 5452 5455 5458 5458 5458 5458 5459 5461 5462 5463 5463 5464 5465 5465 5465 5471 5472 5472 5474 5475 5475 5476 5476 5478 5479 5479 5479 5479 5481 5481 5482 5482 5483 5483 5483 5484 5490 5491 5491 5493 5501 5502 5503 5503 5503 5504 5504 5505 5505 5505 5510 5511 5512 5513 5513 5513 5515 5515 5516 5519 5521 5521 5521 5522 5522 5523 5524 5524 5525 5530 5531 5532 5533 5536 5537 5538 5538 5540 5540 5542 5542 5542 5542 5543 5544 5545 5546 5548 5548 5549 5550 5551 5551 5552 5552 5552 5554 5556 5557 5558 5559 5563 5565 5566 5566 5566 5567 5569 5571 5571 5573 5574 5575 5576 5577 5577 5578 5579 5579 5579 5581 5582 5583 5583 5584 5584 5584 5586 5587 5588 5588 5590 5590 5590 5591 5592 5592 5593 5593 5594 5595 5596 5597 5599 5602 5605 5605 5605 5605 5609 5612 5612 5615 5616 5617 5618 5618 5619 5619 5620 5621 5622 5622 5623 5623 5624 5626 5626 5627 5628 5629 5630 5631 5631 5631 5632 5632 5632 5633 5634 5635 5636 5637 5638 5638 5639 5639 5640 5642 5642 5643 5644 5645 5645 5645 5646 5647 5647 5647 5647 5648 5648 5649 5649 5651 5651 5652 5652 5653 5653 5654 5654 5655 5655 5655 5658 5658 5659 5660 5661 5661 5662 5662 5663 5664 5664 5665 5666 5667 5669 5671 5673 5674 5674 5678 5678 5679 5680 5680 5680 5681 5681 5682 5682 5683 5684 5684 5686 5686 5687 5690 5693 5695 5695 5695 5695 5696 5696 5697 5699 5701 5702 5705 5705 5706 5707 5709 5710 5710 5712 5715 5715 5716 5716 5717 5719 5720 5721 5722 5723 5724 5725 5725 5726 5727 5728 5728 5729 5731 5732 5732 5734 5734 5735 5737 5738 5741 5743 5744 5745 5746 5746 5748 5749 5750 5752 5752 5752 5754 5754 5757 5758 5758 5759 5761 5761 5761 5761 5762 5763 5764 5765 5766 5768 5768 5772 5773 5774 5776 5779 5780 5780 5782 5782 5783 5784 5788 5789 5789 5790 5790 5790 5791 5792 5792 5793 5796 5796 5797 5797 5798 5800 5801 5803 5804 5804 5809 5810 5812 5812 5814 5816 5819 5819 5820 5821 5821 5821 5822 5822 5824 5824 5824 5824 5825 5825 5828 5831 5831 5834 5835 5835 5836 5838 5841 5844 5844 5844 5848 5849 5849 5849 5849 5850 5851 5851 5852 5853 5854 5854 5855 5855 5855 5858 5859 5861 5861 5862 5862 5862 5863 5863 5864 5864 5865 5866 5866 5866 5868 5868 5870 5871 5871 5872 5873 5874 5874 5875 5875 5875 5876 5876 5877 5878 5878 5879 5884 5885 5885 5885 5885 5885 5888 5889 5889 5890 5892 5894 5895 5897 5899 5901 5902 5902 5903 5905 5905 5907 5907 5907 5907 5908 5908 5909 5912 5912 5912 5912 5913 5914 5915 5918 5921 5922 5923 5923 5924 5924 5926 5927 5928 5930 5930 5932 5934 5935 5938 5940 5941 5942 5944 5946 5946 5947 5947 5947 5948 5949 5950 5951 5952 5953 5954 5955 5955 5957 5958 5959 5962 5963 5964 5964 5964 5965 5965 5965 5966 5967 5967 5967 5968 5969 5970 5973 5974 5974 5975 5975 5977 5977 5978 5979 5979 5979 5980 5981 5981 5981 5983 5984 5984 5984 5985 5985 5985 5987 5989 5989 5991 5991 5994 5994 5994 5994 5996 5996 6000 6000 6001 6001 6003 6003 6004 6004 6004 6005 6005 6008 6011 6014 6015 6016 6017 6017 6017 6023 6025 6026 6027 6028 6030 6031 6032 6033 6035 6037 6037 6041 6044 6045 6045 6046 6046 6047 6047 6048 6048 6048 6048 6050 6053 6054 6054 6057 6058 6059 6060 6060 6066 6067 6067 6070 6077 6078 6078 6080 6082 6083 6084 6085 6087 6088 6089 6091 6091 6093 6093 6094 6094 6095 6098 6099 6099 6100 6101 6102 6103 6103 6104 6104 6106 6110 6110 6111 6112 6114 6114 6114 6114 6114 6114 6115 6115 6116 6116 6117 6117 6118 6119 6119 6120 6120 6121 6122 6123 6123 6124 6125 6125 6126 6127 6127 6128 6128 6129 6129 6130 6133 6133 6134 6135 6136 6137 6138 6138 6138 6139 6140 6140 6140 6141 6142 6145 6145 6146 6147 6147 6148 6151 6152 6154 6154 6156 6158 6159 6159 6159 6161 6161 6162 6162 6165 6166 6167 6168 6168 6169 6169 6170 6171 6171 6172 6172 6173 6174 6174 6174 6175 6175 6176 6176 6178 6180 6180 6180 6181 6181 6182 6182 6183 6186 6187 6187 6191 6193 6195 6195 6195 6196 6197 6197 6198 6199 6201 6202 6205 6207 6208 6208 6209 6209 6212 6213 6219 6219 6219 6221 6222 6223 6224 6225 6227 6227 6228 6229 6231 6231 6234 6234 6236 6236 6236 6236 6243 6244 6246 6246 6246 6246 6247 6247 6248 6249 6251 6252 6254 6255 6256 6259 6261 6262 6263 6263 6264 6267 6268 6269 6269 6271 6272 6272 6272 6276 6276 6276 6277 6279 6280 6281 6282 6282 6284 6284 6286 6286 6288 6288 6289 6290 6291 6291 6291 6291 6292 6292 6293 6295 6297 6297 6297 6298 6298 6299 6299 6299 6300 6301 6302 6305 6305 6306 6306 6308 6309 6310 6312 6313 6313 6313 6314 6315 6316 6317 6317 6321 6322 6323 6324 6325 6325 6325 6327 6327 6328 6329 6330 6331 6332 6333 6333 6334 6335 6335 6336 6336 6336 6336 6336 6337 6337 6339 6339 6341 6342 6342 6343 6344 6344 6344 6345 6345 6347 6349 6349 6350 6351 6351 6351 6351 6352 6359 6360 6361 6361 6364 6365 6365 6366 6366 6366 6367 6367 6368 6368 6368 6369 6371 6371 6371 6371 6373 6374 6376 6376 6377 6383 6383 6383 6384 6384 6384 6385 6385 6385 6387 6387 6388 6389 6389 6389 6391 6391 6392 6393 6395 6398 6398 6400 6405 6407 6407 6408 6409 6410 6411 6411 6412 6413 6413 6414 6415 6416 6416 6417 6417 6418 6418 6420 6420 6424 6427 6430 6430 6433 6433 6433 6433 6434 6434 6435 6439 6440 6440 6443 6443 6443 6444 6444 6446 6447 6448 6449 6450 6451 6452 6452 6453 6454 6455 6455 6455 6455 6455 6456 6457 6458 6459 6460 6463 6463 6464 6464 6467 6467 6468 6469 6472 6472 6472 6475 6476 6478 6478 6480 6480 6482 6484 6484 6484 6485 6486 6489 6489 6490 6491 6492 6493 6494 6494 6494 6496 6497 6497 6497 6499 6499 6499 6500 6500 6504 6505 6505 6506 6507 6508 6508 6510 6511 6511 6511 6512 6514 6515 6518 6518 6519 6519 6525 6525 6526 6527 6527 6530 6531 6534 6535 6535 6537 6537 6537 6539 6540 6541 6541 6541 6542 6542 6544 6546 6549 6550 6550 6550 6551 6554 6559 6560 6561 6561 6561 6567 6567 6567 6568 6568 6569 6570 6570 6573 6573 6576 6576 6576 6578 6579 6579 6580 6581 6582 6582 6582 6583 6584 6584 6585 6586 6586 6588 6589 6590 6590 6591 6594 6595 6598 6599 6600 6601 6602 6602 6603 6607 6608 6608 6609 6610 6611 6612 6612 6613 6613 6614 6615 6615 6616 6618 6618 6619 6619 6620 6621 6621 6621 6622 6622 6622 6623 6626 6626 6626 6626 6627 6628 6631 6634 6635 6636 6637 6637 6638 6640 6640 6640 6641 6644 6647 6647 6648 6649 6650 6651 6652 6653 6654 6655 6655 6655 6655 6656 6656 6658 6660 6660 6662 6663 6664 6664 6664 6665 6665 6668 6669 6670 6670 6671 6671 6672 6675 6677 6678 6678 6680 6680 6680 6681 6682 6684 6684 6685 6686 6687 6689 6689 6689 6690 6695 6696 6697 6697 6698 6698 6699 6700 6700 6701 6702 6704 6704 6704 6705 6705 6705 6707 6708 6712 6716 6716 6716 6718 6719 6722 6723 6723 6723 6724 6725 6726 6728 6728 6729 6730 6731 6731 6732 6733 6733 6734 6739 6741 6741 6742 6743 6743 6745 6746 6747 6748 6749 6749 6749 6749 6751 6751 6751 6752 6752 6753 6757 6757 6759 6761 6763 6764 6766 6768 6768 6769 6769 6769 6769 6772 6776 6777 6779 6779 6779 6780 6780 6780 6781 6784 6787 6788 6788 6788 6788 6790 6790 6791 6793 6793 6793 6795 6796 6797 6797 6797 6798 6799 6800 6803 6805 6807 6809 6810 6810 6811 6811 6811 6812 6812 6814 6814 6816 6817 6819 6821 6821 6821 6821 6822 6823 6823 6824 6825 6827 6827 6828 6828 6830 6832 6835 6835 6835 6835 6836 6838 6839 6842 6842 6842 6843 6844 6844 6847 6849 6850 6850 6851 6852 6853 6854 6856 6857 6858 6859 6859 6861 6861 6862 6863 6864 6864 6867 6868 6870 6874 6874 6875 6876 6878 6878 6879 6879 6880 6881 6881 6881 6881 6882 6882 6885 6885 6885 6885 6886 6887 6887 6887 6888 6889 6890 6890 6891 6894 6896 6896 6896 6896 6897 6898 6900 6900 6900 6900 6901 6903 6903 6904 6906 6908 6912 6913 6914 6914 6917 6918 6920 6920 6922 6922 6923 6924 6924 6924 6926 6930 6932 6934 6934 6937 6938 6938 6938 6939 6939 6940 6941 6942 6943 6944 6945 6947 6947 6947 6947 6947 6948 6948 6951 6952 6953 6954 6955 6957 6958 6958 6960 6961 6963 6965 6965 6969 6971 6974 6974 6974 6974 6976 6977 6977 6978 6978 6978 6979 6979 6981 6982 6985 6987 6988 6989 6990 6992 6992 6994 6994 6995 6995 6996 6998 7000 7002 7003 7004 7004 7005 7005 7007 7008 7010 7012 7013 7014 7015 7015 7016 7018 7018 7019 7023 7024 7024 7025 7027 7027 7028 7028 7030 7030 7030 7033 7033 7034 7034 7036 7039 7040 7042 7044 7046 7046 7046 7047 7049 7049 7050 7053 7054 7056 7058 7058 7058 7059 7060 7061 7062 7064 7064 7065 7065 7068 7068 7068 7069 7070 7072 7072 7073 7074 7074 7074 7075 7075 7076 7076 7080 7080 7081 7082 7085 7087 7088 7088 7090 7090 7091 7092 7093 7093 7095 7096 7096 7097 7100 7100 7105 7107 7108 7109 7109 7111 7114 7117 7118 7122 7123 7124 7125 7128 7129 7131 7132 7132 7134 7135 7137 7139 7140 7140 7140 7142 7144 7144 7145 7147 7148 7151 7151 7152 7152 7153 7153 7155 7155 7158 7158 7163 7167 7167 7168 7168 7169 7170 7170 7171 7171 7172 7175 7176 7176 7176 7177 7180 7180 7181 7181 7181 7181 7183 7183 7184 7187 7187 7188 7189 7189 7189 7193 7193 7194 7194 7195 7198 7198 7198 7199 7202 7202 7203 7204 7204 7205 7206 7207 7208 7208 7210 7210 7212 7212 7216 7216 7217 7218 7219 7220 7221 7221 7221 7221 7223 7224 7225 7226 7226 7227 7230 7231 7232 7234 7234 7234 7235 7235 7237 7237 7238 7239 7240 7242 7244 7244 7245 7245 7247 7248 7249 7252 7253 7254 7254 7254 7254 7254 7255 7256 7256 7258 7258 7258 7259 7260 7261 7262 7263 7263 7263 7263 7264 7264 7265 7267 7268 7269 7270 7271 7272 7272 7273 7276 7277 7282 7282 7282 7283 7285 7285 7286 7287 7288 7290 7292 7295 7295 7295 7296 7297 7298 7298 7298 7300 7302 7304 7305 7308 7311 7312 7312 7312 7313 7314 7314 7315 7315 7316 7316 7317 7317 7318 7321 7322 7323 7324 7325 7325 7326 7327 7327 7329 7329 7330 7332 7334 7336 7338 7339 7339 7342 7344 7345 7347 7347 7348 7349 7349 7350 7351 7352 7354 7356 7357 7358 7359 7361 7361 7362 7363 7364 7364 7366 7366 7368 7368 7369 7369 7371 7371 7371 7373 7373 7374 7374 7377 7378 7380 7380 7380 7380 7381 7381 7381 7381 7385 7387 7388 7388 7389 7389 7389 7392 7393 7393 7394 7396 7396 7397 7397 7398 7399 7400 7401 7401 7401 7402 7403 7405 7405 7408 7409 7409 7411 7412 7412 7413 7415 7418 7419 7419 7420 7420 7423 7423 7425 7425 7425 7425 7428 7429 7431 7433 7434 7434 7435 7440 7440 7440 7443 7444 7444 7445 7447 7448 7448 7449 7449 7451 7451 7452 7452 7454 7456 7457 7457 7458 7458 7458 7460 7461 7464 7465 7466 7466 7466 7467 7467 7467 7469 7469 7470 7470 7471 7472 7472 7473 7473 7474 7474 7475 7475 7478 7479 7479 7480 7480 7481 7481 7482 7483 7483 7483 7484 7487 7487 7487 7488 7491 7491 7491 7492 7492 7492 7494 7494 7495 7496 7496 7496 7499 7500 7501 7501 7501 7502 7502 7503 7503 7504 7504 7505 7506 7507 7508 7509 7513 7513 7516 7517 7518 7518 7518 7520 7521 7521 7522 7522 7522 7523 7524 7525 7526 7528 7528 7528 7529 7531 7534 7535 7536 7536 7537 7538 7538 7538 7539 7539 7544 7544 7545 7545 7546 7546 7546 7547 7547 7548 7548 7549 7552 7552 7554 7554 7555 7559 7560 7560 7561 7563 7563 7565 7566 7566 7567 7568 7568 7569 7570 7572 7572 7573 7576 7578 7578 7578 7579 7581 7581 7583 7586 7587 7587 7587 7590 7590 7591 7591 7591 7592 7592 7593 7593 7593 7593 7594 7594 7595 7595 7595 7596 7596 7598 7601 7605 7605 7608 7611 7611 7612 7612 7613 7613 7614 7615 7615 7615 7618 7622 7623 7624 7626 7626 7627 7628 7629 7630 7631 7632 7632 7632 7634 7635 7636 7636 7636 7638 7638 7639 7640 7641 7641 7642 7642 7643 7645 7647 7649 7649 7649 7649 7649 7651 7651 7652 7653 7653 7655 7656 7660 7660 7660 7661 7662 7663 7664 7666 7667 7667 7668 7669 7670 7673 7674 7675 7676 7676 7678 7678 7678 7678 7682 7682 7683 7683 7685 7687 7687 7688 7688 7688 7689 7690 7691 7691 7693 7693 7694 7698 7698 7700 7704 7707 7710 7711 7711 7713 7714 7714 7716 7716 7718 7718 7718 7718 7720 7722 7722 7723 7723 7725 7726 7726 7727 7727 7729 7729 7730 7731 7732 7732 7735 7736 7740 7741 7742 7742 7743 7745 7747 7748 7749 7749 7749 7750 7750 7750 7751 7752 7754 7754 7755 7755 7756 7757 7759 7760 7760 7761 7761 7763 7763 7763 7765 7766 7767 7770 7770 7773 7775 7775 7775 7778 7780 7782 7783 7784 7784 7786 7786 7788 7789 7789 7790 7792 7794 7794 7795 7796 7797 7799 7800 7800 7801 7801 7802 7804 7804 7804 7805 7806 7807 7807 7807 7808 7808 7810 7810 7811 7813 7814 7814 7817 7819 7822 7822 7824 7825 7825 7826 7826 7827 7829 7831 7833 7833 7835 7835 7835 7836 7839 7842 7843 7844 7844 7844 7845 7846 7846 7847 7848 7849 7849 7851 7853 7854 7854 7855 7858 7858 7858 7859 7860 7860 7860 7861 7862 7863 7864 7864 7864 7864 7865 7867 7868 7869 7869 7869 7870 7871 7871 7871 7872 7873 7874 7874 7878 7878 7879 7881 7882 7883 7883 7885 7885 7886 7888 7889 7889 7890 7892 7893 7893 7893 7895 7898 7899 7899 7900 7900 7901 7904 7905 7906 7906 7909 7912 7915 7917 7918 7918 7920 7921 7921 7922 7923 7929 7931 7932 7932 7932 7934 7934 7935 7939 7939 7940 7940 7944 7945 7945 7945 7947 7947 7947 7948 7950 7952 7952 7953 7953 7955 7956 7960 7961 7961 7961 7961 7962 7962 7963 7963 7964 7965 7965 7966 7966 7967 7967 7969 7971 7975 7975 7977 7978 7978 7979 7980 7981 7984 7984 7984 7984 7984 7985 7986 7987 7989 7989 7989 7990 7991 7992 7992 7992 7993 7994 7995 7995 7996 7996 7997 7998 7998 7998 8001 8003 8005 8005 8005 8006 8006 8007 8011 8013 8014 8014 8015 8017 8018 8018 8019 8020 8020 8021 8022 8023 8023 8024 8024 8025 8026 8027 8027 8028 8028 8029 8029 8030 8031 8031 8031 8031 8032 8033 8033 8034 8034 8036 8038 8038 8040 8040 8040 8041 8046 8047 8051 8052 8053 8053 8054 8055 8056 8056 8057 8057 8058 8059 8062 8063 8063 8064 8065 8065 8065 8067 8068 8069 8069 8070 8070 8070 8070 8074 8074 8075 8075 8076 8077 8079 8080 8080 8084 8085 8086 8087 8088 8089 8090 8090 8091 8093 8094 8098 8099 8099 8101 8101 8102 8103 8104 8104 8105 8105 8106 8109 8110 8110 8111 8111 8111 8111 8111 8112 8113 8113 8113 8114 8114 8117 8117 8117 8118 8118 8118 8118 8119 8121 8122 8123 8128 8131 8131 8132 8134 8134 8137 8138 8138 8139 8141 8142 8143 8144 8145 8146 8146 8146 8146 8147 8149 8149 8150 8151 8152 8155 8157 8159 8159 8160 8160 8161 8161 8162 8163 8163 8166 8167 8167 8168 8168 8169 8169 8170 8171 8171 8171 8171 8171 8173 8173 8173 8174 8175 8175 8176 8177 8178 8178 8180 8180 8182 8182 8183 8185 8186 8187 8189 8190 8192 8192 8193 8193 8193 8195 8196 8196 8197 8198 8199 8200 8200 8200 8202 8202 8202 8203 8203 8203 8203 8204 8205 8205 8205 8206 8207 8210 8210 8213 8214 8216 8218 8218 8220 8220 8221 8221 8221 8222 8222 8222 8223 8224 8226 8227 8228 8229 8230 8231 8234 8234 8235 8235 8238 8239 8240 8241 8243 8243 8245 8245 8246 8248 8251 8252 8252 8252 8254 8258 8258 8259 8259 8260 8260 8261 8263 8263 8264 8264 8264 8265 8265 8265 8265 8266 8269 8271 8272 8273 8275 8275 8276 8276 8277 8277 8278 8280 8281 8281 8282 8285 8286 8287 8288 8288 8289 8289 8291 8293 8293 8293 8294 8294 8295 8295 8296 8296 8297 8300 8301 8305 8305 8305 8307 8307 8307 8307 8308 8308 8308 8308 8309 8310 8310 8311 8311 8312 8313 8315 8316 8318 8319 8319 8320 8320 8321 8322 8323 8324 8324 8326 8330 8332 8333 8333 8335 8336 8336 8337 8339 8340 8341 8341 8342 8345 8346 8347 8348 8348 8349 8349 8349 8352 8353 8354 8354 8356 8356 8356 8356 8358 8359 8362 8364 8367 8372 8374 8374 8374 8374 8375 8376 8376 8376 8377 8377 8377 8377 8377 8378 8380 8380 8380 8382 8382 8382 8385 8385 8387 8387 8387 8387 8392 8392 8392 8393 8394 8396 8397 8398 8398 8399 8400 8400 8401 8402 8402 8403 8403 8403 8404 8406 8406 8407 8408 8408 8410 8413 8414 8414 8414 8414 8416 8419 8421 8421 8423 8423 8424 8427 8427 8428 8428 8429 8430 8431 8432 8433 8435 8435 8435 8436 8436 8436 8437 8437 8438 8441 8443 8444 8444 8446 8446 8446 8448 8448 8450 8451 8452 8452 8453 8454 8455 8455 8455 8457 8458 8459 8460 8460 8460 8462 8464 8464 8465 8467 8468 8470 8470 8470 8470 8472 8472 8472 8473 8474 8474 8474 8474 8474 8475 8475 8476 8479 8479 8480 8483 8487 8488 8489 8491 8491 8491 8494 8494 8494 8497 8497 8498 8502 8504 8504 8506 8507 8508 8508 8509 8509 8517 8517 8519 8519 8519 8521 8521 8522 8524 8526 8526 8526 8527 8528 8528 8529 8530 8531 8531 8531 8531 8533 8533 8534 8535 8535 8535 8536 8536 8538 8538 8539 8539 8540 8540 8540 8540 8541 8541 8542 8542 8543 8544 8545 8545 8546 8552 8553 8553 8555 8556 8556 8558 8558 8559 8560 8560 8560 8562 8563 8564 8566 8569 8569 8569 8570 8570 8570 8572 8574 8575 8576 8576 8577 8579 8579 8581 8582 8582 8583 8584 8587 8587 8590 8594 8594 8594 8594 8595 8596 8596 8598 8599 8600 8601 8603 8606 8607 8607 8608 8608 8609 8609 8611 8611 8611 8612 8613 8615 8616 8616 8618 8618 8618 8621 8622 8623 8624 8624 8625 8625 8625 8626 8627 8628 8631 8632 8633 8635 8640 8640 8640 8640 8642 8643 8644 8644 8644 8645 8647 8647 8649 8652 8653 8654 8654 8655 8656 8658 8659 8661 8664 8664 8665 8666 8668 8670 8672 8673 8675 8678 8678 8679 8680 8681 8681 8682 8683 8685 8685 8685 8686 8688 8689 8689 8690 8691 8693 8694 8696 8696 8697 8697 8697 8698 8699 8700 8702 8703 8705 8707 8709 8712 8712 8713 8714 8714 8715 8715 8716 8717 8717 8718 8718 8718 8718 8723 8726 8727 8728 8732 8733 8734 8734 8736 8738 8738 8739 8740 8740 8740 8742 8742 8742 8743 8744 8744 8744 8748 8750 8750 8751 8752 8752 8752 8752 8756 8758 8759 8759 8760 8760 8761 8764 8764 8764 8764 8764 8768 8768 8768 8769 8769 8770 8770 8772 8773 8773 8773 8773 8775 8776 8777 8777 8778 8778 8778 8779 8781 8782 8782 8782 8782 8784 8784 8785 8787 8787 8787 8789 8792 8792 8792 8793 8793 8794 8796 8797 8798 8799 8799 8799 8799 8803 8804 8804 8804 8806 8807 8813 8815 8815 8819 8819 8820 8820 8822 8824 8824 8826 8826 8826 8827 8827 8828 8828 8828 8828 8829 8829 8829 8832 8832 8832 8833 8833 8834 8834 8834 8835 8835 8836 8836 8839 8839 8840 8841 8845 8846 8848 8848 8849 8849 8850 8850 8852 8856 8857 8857 8859 8859 8859 8860 8861 8861 8865 8867 8867 8868 8868 8868 8869 8871 8871 8872 8873 8874 8875 8876 8877 8877 8877 8877 8878 8879 8882 8882 8883 8883 8883 8884 8884 8886 8887 8887 8888 8889 8890 8891 8894 8894 8894 8896 8898 8899 8900 8901 8902 8902 8902 8902 8906 8907 8908 8911 8913 8914 8915 8915 8917 8917 8918 8918 8920 8920 8921 8925 8927 8927 8927 8928 8929 8931 8932 8932 8932 8932 8933 8934 8934 8935 8936 8938 8939 8940 8941 8942 8942 8945 8947 8947 8947 8949 8950 8950 8950 8951 8951 8952 8953 8953 8953 8954 8955 8956 8957 8958 8960 8960 8961 8961 8963 8965 8965 8966 8966 8967 8968 8968 8969 8969 8970 8971 8972 8972 8972 8974 8974 8977 8977 8977 8978 8980 8980 8980 8980 8982 8983 8986 8986 8987 8988 8990 8992 8993 8993 8994 8995 8997 8999 9000 9002 9003 9005 9006 9007 9009 9009 9011 9013 9013 9013 9016 9021 9021 9022 9022 9025 9025 9026 9028 9030 9031 9032 9032 9032 9033 9033 9035 9035 9036 9036 9037 9038 9039 9039 9040 9041 9042 9043 9043 9044 9045 9046 9046 9046 9046 9046 9047 9049 9050 9051 9051 9052 9053 9053 9054 9055 9055 9057 9058 9059 9060 9060 9060 9061 9064 9066 9067 9067 9067 9068 9068 9069 9069 9070 9071 9074 9075 9075 9075 9076 9077 9078 9078 9078 9079 9079 9080 9081 9083 9084 9084 9085 9087 9087 9089 9089 9089 9090 9091 9091 9092 9092 9093 9094 9094 9095 9095 9096 9096 9102 9104 9105 9106 9106 9106 9108 9110 9111 9111 9111 9112 9113 9114 9114 9115 9115 9116 9118 9119 9121 9121 9122 9122 9123 9126 9126 9129 9131 9131 9132 9133 9135 9138 9139 9140 9144 9146 9147 9148 9149 9150 9151 9151 9152 9152 9153 9155 9156 9157 9157 9158 9159 9161 9168 9169 9170 9170 9172 9172 9176 9177 9178 9179 9179 9179 9180 9180 9181 9181 9185 9185 9187 9188 9189 9189 9189 9189 9190 9190 9193 9194 9195 9197 9199 9199 9202 9203 9203 9204 9204 9204 9206 9208 9209 9210 9214 9215 9215 9217 9218 9220 9222 9223 9224 9225 9226 9229 9230 9231 9232 9234 9234 9237 9237 9240 9243 9244 9246 9247 9247 9248 9254 9255 9255 9256 9257 9258 9258 9259 9260 9261 9261 9261 9262 9265 9269 9270 9271 9271 9272 9272 9272 9272 9272 9272 9274 9275 9276 9276 9277 9278 9278 9282 9284 9284 9284 9284 9287 9287 9288 9289 9290 9291 9291 9292 9292 9292 9292 9296 9296 9296 9297 9298 9298 9298 9298 9300 9301 9302 9305 9305 9306 9306 9307 9310 9310 9310 9311 9314 9314 9315 9316 9316 9317 9317 9318 9318 9323 9324 9325 9325 9325 9327 9327 9328 9330 9332 9332 9333 9333 9335 9336 9337 9337 9337 9337 9337 9339 9344 9345 9345 9345 9345 9346 9347 9347 9349 9350 9352 9353 9353 9355 9355 9359 9361 9362 9362 9365 9366 9366 9366 9369 9369 9369 9371 9371 9372 9374 9375 9377 9378 9382 9383 9383 9383 9385 9386 9386 9387 9387 9387 9389 9389 9390 9391 9391 9392 9392 9393 9393 9394 9395 9396 9396 9397 9398 9398 9399 9400 9400 9401 9402 9402 9403 9405 9408 9408 9408 9409 9409 9410 9410 9410 9410 9411 9414 9414 9414 9415 9416 9417 9419 9421 9423 9423 9424 9425 9427 9427 9427 9427 9428 9429 9429 9433 9433 9433 9434 9434 9436 9438 9438 9439 9439 9439 9440 9441 9441 9443 9444 9448 9449 9453 9454 9456 9456 9457 9457 9459 9459 9461 9461 9462 9462 9464 9467 9468 9468 9469 9469 9471 9472 9474 9474 9474 9475 9475 9477 9477 9479 9479 9481 9481 9485 9486 9487 9487 9490 9490 9490 9490 9491 9492 9492 9493 9494 9496 9498 9499 9502 9503 9503 9503 9503 9505 9505 9506 9507 9507 9508 9511 9511 9513 9513 9515 9516 9517 9519 9519 9519 9520 9521 9521 9525 9528 9529 9529 9530 9530 9530 9530 9530 9534 9534 9535 9535 9535 9535 9538 9538 9539 9541 9543 9544 9544 9544 9545 9545 9545 9546 9547 9547 9548 9549 9549 9549 9549 9550 9551 9552 9553 9553 9555 9555 9557 9557 9557 9559 9559 9564 9565 9565 9567 9567 9569 9570 9570 9570 9570 9570 9571 9573 9574 9575 9576 9579 9579 9579 9584 9584 9584 9587 9588 9588 9589 9590 9590 9592 9592 9594 9594 9594 9595 9596 9598 9598 9598 9599 9600 9601 9602 9603 9605 9606 9606 9607 9608 9608 9609 9609 9609 9611 9613 9613 9615 9616 9616 9618 9618 9619 9620 9620 9620 9623 9623 9625 9625 9628 9629 9630 9630 9631 9632 9634 9636 9637 9637 9639 9639 9642 9643 9644 9645 9645 9648 9650 9651 9652 9652 9654 9655 9656 9657 9658 9660 9664 9665 9666 9668 9668 9669 9669 9671 9673 9674 9674 9674 9676 9676 9677 9678 9678 9679 9683 9683 9683 9686 9688 9690 9691 9691 9692 9692 9692 9692 9694 9694 9694 9694 9695 9695 9697 9699 9701 9702 9702 9702 9703 9704 9706 9708 9709 9710 9711 9711 9712 9713 9714 9714 9715 9719 9719 9721 9724 9724 9727 9729 9729 9730 9733 9735 9740 9740 9740 9741 9743 9744 9745 9746 9746 9747 9750 9750 9752 9753 9753 9755 9755 9756 9758 9760 9760 9761 9761 9761 9761 9762 9762 9765 9766 9766 9767 9767 9768 9770 9774 9774 9777 9779 9782 9782 9783 9785 9787 9787 9787 9788 9789 9790 9791 9791 9792 9795 9798 9799 9799 9801 9802 9803 9804 9807 9808 9808 9809 9809 9809 9812 9812 9813 9813 9814 9815 9816 9817 9817 9818 9819 9819 9821 9821 9821 9822 9822 9824 9824 9826 9827 9829 9829 9830 9831 9836 9841 9841 9842 9842 9843 9847 9848 9852 9853 9853 9855 9856 9857 9859 9860 9861 9861 9862 9862 9862 9862 9867 9867 9868 9869 9870 9871 9873 9873 9874 9875 9875 9875 9875 9876 9877 9877 9878 9879 9880 9880 9881 9881 9883 9884 9884 9884 9884 9885 9886 9887 9890 9894 9896 9898 9900 9900 9901 9901 9903 9907 9907 9907 9907 9908 9908 9911 9911 9912 9912 9913 9913 9913 9914 9914 9914 9914 9917 9917 9919 9920 9920 9921 9922 9922 9924 9924 9926 9929 9929 9929 9930 9930 9930 9931 9933 9934 9934 9936 9937 9939 9939 9939 9940 9942 9942 9943 9943 9944 9945 9946 9946 9947 9948 9949 9949 9950 9950 9951 9952 9954 9955 9955 9958 9959 9959 9961 9962 9963 9965 9966 9968 9971 9971 9972 9972 9973 9977 9978 9979 9980 9980 9981 9982 9982 9982 9984 9984 9985 9987 9987 9987 9989 9991 9992 9996 9997 9998 10000 10002 10004 10004 10005 10007 10009 10010 10010 10011 10011 10012 10012 10013 10014 10014 10014 10018 10018 10023 10023 10024 10024 10025 10026 10026 10028 10028 10029 10030 10032 10034 10035 10035 10036 10039 10040 10041 10042 10043 10043 10043 10043 10043 10044 10045 10045 10049 10049 10050 10051 10053 10054 10055 10055 10055 10055 10056 10056 10056 10058 10058 10059 10059 10059 10060 10060 10060 10061 10061 10061 10062 10062 10063 10064 10064 10065 10066 10066 10066 10067 10069 10070 10075 10077 10077 10078 10078 10079 10079 10081 10082 10084 10085 10085 10086 10087 10089 10091 10093 10093 10094 10095 10096 10097 10099 10100 10103 10103 10104 10104 10104 10104 10105 10106 10107 10108 10108 10109 10109 10109 10110 10111 10111 10112 10112 10113 10114 10117 10118 10119 10119 10119 10120 10120 10121 10121 10122 10122 10123 10123 10124 10126 10126 10130 10132 10132 10133 10136 10138 10138 10138 10140 10141 10146 10147 10147 10148 10149 10149 10151 10152 10152 10152 10158 10158 10159 10160 10160 10160 10161 10163 10163 10165 10165 10167 10168 10169 10170 10171 10173 10174 10176 10176 10179 10179 10182 10183 10184 10186 10186 10187 10187 10188 10188 10189 10191 10191 10193 10195 10195 10198 10199 10201 10202 10203 10204 10204 10205 10206 10206 10207 10208 10209 10210 10210 10212 10214 10214 10214 10215 10215 10216 10216 10216 10216 10218 10219 10219 10220 10220 10222 10223 10223 10227 10232 10233 10235 10235 10236 10237 10237 10238 10239 10239 10239 10241 10244 10244 10245 10246 10247 10249 10249 10251 10251 10254 10254 10258 10258 10260 10263 10264 10264 10264 10265 10266 10267 10267 10270 10270 10272 10275 10276 10277 10278 10279 10281 10282 10283 10284 10284 10284 10284 10284 10285 10286 10286 10287 10289 10291 10291 10292 10292 10293 10295 10295 10296 10297 10298 10300 10304 10304 10305 10305 10306 10306 10306 10307 10308 10310 10311 10312 10313 10313 10314 10315 10317 10318 10319 10320 10320 10321 10322 10322 10322 10325 10326 10326 10327 10331 10331 10332 10332 10334 10335 10336 10336 10336 10336 10337 10337 10341 10342 10342 10343 10344 10344 10344 10346 10347 10348 10349 10351 10352 10352 10353 10358 10359 10361 10362 10363 10363 10364 10365 10367 10367 10367 10371 10376 10377 10381 10381 10382 10382 10385 10385 10388 10390 10390 10390 10393 10397 10397 10402 10403 10404 10404 10404 10405 10406 10407 10407 10407 10408 10411 10411 10413 10413 10413 10414 10417 10418 10418 10419 10419 10420 10422 10426 10426 10426 10428 10433 10433 10434 10435 10435 10435 10436 10438 10438 10439 10440 10441 10442 10445 10447 10448 10450 10450 10451 10452 10454 10456 10456 10456 10458 10459 10460 10460 10464 10465 10467 10468 10470 10475 10476 10476 10477 10477 10478 10479 10480 10482 10483 10483 10485 10486 10486 10487 10487 10490 10491 10491 10493 10493 10494 10494 10495 10495 10496 10501 10504 10504 10505 10505 10506 10506 10508 10508 10509 10510 10512 10513 10513 10515 10516 10517 10522 10523 10524 10525 10526 10527 10527 10529 10529 10530 10531 10532 10532 10533 10535 10535 10537 10539 10541 10543 10545 10546 10547 10549 10550 10551 10551 10553 10555 10556 10556 10556 10559 10559 10560 10561 10561 10562 10563 10563 10564 10564 10565 10566 10567 10568 10569 10570 10570 10571 10572 10572 10573 10574 10574 10575 10576 10576 10576 10578 10579 10580 10582 10582 10584 10585 10585 10587 10588 10588 10588 10588 10588 10589 10589 10590 10591 10592 10593 10594 10594 10595 10595 10597 10599 10600 10601 10601 10602 10602 10603 10603 10605 10606 10606 10607 10608 10608 10610 10610 10611 10611 10612 10613 10614 10615 10616 10617 10618 10618 10619 10621 10622 10622 10626 10627 10628 10628 10629 10630 10631 10632 10633 10636 10637 10637 10638 10639 10639 10639 10641 10642 10642 10643 10644 10646 10647 10649 10649 10650 10651 10653 10655 10655 10656 10656 10657 10659 10660 10661 10661 10662 10664 10665 10666 10666 10668 10669 10669 10671 10672 10673 10673 10673 10674 10676 10678 10678 10679 10679 10682 10683 10684 10685 10685 10686 10686 10688 10689 10691 10693 10693 10695 10696 10697 10697 10698 10702 10702 10704 10704 10705 10705 10706 10707 10710 10710 10710 10710 10711 10713 10713 10714 10715 10717 10720 10720 10724 10727 10728 10729 10730 10731 10732 10732 10733 10734 10734 10734 10734 10735 10736 10738 10739 10740 10741 10742 10745 10746 10748 10749 10749 10750 10750 10751 10752 10753 10753 10753 10754 10755 10757 10758 10758 10758 10759 10760 10761 10762 10762 10763 10764 10765 10766 10766 10768 10769 10769 10769 10770 10771 10771 10774 10774 10775 10776 10777 10777 10778 10778 10779 10779 10779 10782 10782 10783 10783 10784 10784 10785 10786 10787 10788 10789 10792 10792 10792 10793 10794 10794 10795 10796 10796 10797 10799 10800 10801 10802 10802 10802 10802 10806 10806 10806 10806 10806 10807 10807 10807 10807 10808 10809 10810 10810 10811 10811 10813 10814 10816 10817 10817 10820 10821 10823 10823 10824 10826 10826 10827 10828 10831 10832 10832 10832 10832 10834 10834 10834 10835 10840 10840 10841 10841 10843 10843 10844 10845 10845 10848 10851 10852 10853 10855 10856 10856 10858 10858 10860 10860 10860 10861 10861 10863 10863 10864 10865 10866 10867 10867 10867 10869 10870 10871 10872 10873 10873 10874 10875 10875 10876 10876 10877 10879 10881 10882 10882 10883 10886 10886 10888 10888 10888 10888 10890 10890 10891 10891 10893 10893 10895 10895 10895 10896 10896 10898 10898 10898 10899 10899 10901 10902 10902 10903 10904 10905 10905 10906 10910 10910 10910 10911 10913 10913 10915 10916 10916 10917 10919 10919 10919 10922 10923 10925 10928 10928 10931 10932 10932 10932 10933 10934 10935 10936 10936 10937 10937 10938 10939 10939 10939 10939 10941 10941 10942 10943 10946 10948 10948 10949 10950 10951 10952 10953 10956 10961 10962 10962 10963 10964 10964 10964 10968 10968 10969 10969 10973 10974 10977 10977 10979 10980 10980 10981 10981 10982 10983 10984 10984 10985 10985 10987 10987 10989 10989 10990 10990 10990 10991 10991 10991 10992 10995 10997 10997 10997 10998 10999 10999 11000 11002 11004 11005 11006 11006 11006 11009 11009 11011 11011 11011 11012 11013 11013 11014 11016 11017 11018 11020 11021 11028 11028 11029 11029 11030 11031 11031 11033 11033 11033 11034 11035 11036 11040 11040 11042 11044 11045 11049 11050 11051 11054 11054 11056 11056 11057 11057 11058 11060 11061 11062 11064 11064 11065 11066 11067 11068 11069 11069 11070 11071 11074 11074 11076 11076 11076 11077 11079 11080 11081 11081 11082 11083 11084 11084 11086 11087 11087 11087 11090 11090 11091 11093 11093 11094 11094 11094 11095 11095 11096 11096 11096 11098 11098 11098 11099 11099 11099 11100 11100 11102 11102 11103 11105 11106 11106 11111 11113 11115 11117 11117 11118 11119 11119 11121 11123 11123 11124 11126 11128 11129 11132 11133 11134 11135 11136 11136 11137 11137 11137 11138 11138 11140 11140 11144 11145 11145 11145 11147 11147 11149 11149 11150 11152 11152 11152 11154 11157 11158 11159 11163 11164 11165 11167 11170 11172 11172 11173 11173 11173 11174 11175 11175 11176 11176 11177 11177 11177 11177 11180 11182 11183 11184 11186 11187 11187 11188 11189 11189 11190 11192 11193 11194 11194 11197 11200 11201 11202 11203 11204 11205 11210 11211 11212 11212 11215 11215 11216 11217 11217 11219 11221 11223 11224 11224 11226 11227 11227 11228 11228 11230 11230 11230 11232 11232 11232 11233 11233 11234 11234 11235 11235 11237 11238 11238 11240 11242 11243 11243 11244 11244 11244 11245 11248 11249 11251 11252 11252 11253 11253 11253 11253 11253 11254 11254 11254 11254 11255 11257 11258 11258 11258 11260 11261 11264 11267 11267 11267 11268 11268 11270 11270 11272 11272 11272 11273 11273 11273 11274 11274 11274 11274 11275 11275 11275 11278 11278 11282 11282 11283 11283 11286 11286 11286 11287 11288 11289 11289 11289 11289 11290 11290 11291 11291 11293 11293 11293 11293 11295 11296 11297 11300 11303 11303 11304 11304 11305 11305 11305 11305 11306 11307 11307 11307 11309 11309 11310 11311 11311 11312 11312 11313 11313 11315 11316 11318 11318 11321 11321 11321 11327 11328 11333 11335 11336 11337 11338 11338 11340 11346 11347 11347 11348 11348 11350 11350 11351 11352 11353 11358 11358 11359 11360 11362 11362 11362 11362 11362 11363 11365 11366 11366 11366 11366 11367 11368 11369 11370 11371 11372 11374 11376 11377 11377 11378 11378 11378 11378 11381 11382 11384 11384 11385 11385 11386 11386 11388 11388 11389 11390 11391 11391 11392 11392 11393 11394 11394 11395 11396 11397 11398 11400 11401 11401 11404 11406 11407 11409 11410 11412 11413 11414 11415 11418 11419 11419 11419 11420 11420 11421 11421 11422 11422 11422 11423 11423 11425 11425 11425 11425 11426 11427 11428 11428 11428 11429 11430 11433 11433 11433 11433 11435 11437 11437 11438 11441 11443 11444 11445 11447 11448 11449 11449 11451 11453 11454 11454 11455 11455 11456 11456 11457 11457 11458 11460 11461 11463 11465 11465 11465 11466 11469 11470 11470 11471 11471 11471 11472 11472 11472 11475 11479 11479 11481 11482 11485 11485 11487 11487 11490 11492 11493 11493 11496 11497 11498 11501 11501 11502 11503 11505 11506 11508 11509 11509 11510 11510 11510 11510 11510 11511 11513 11514 11514 11514 11517 11518 11519 11520 11521 11522 11522 11523 11524 11525 11526 11527 11527 11527 11528 11528 11528 11528 11528 11529 11533 11534 11535 11536 11538 11540 11541 11541 11543 11545 11546 11547 11547 11548 11549 11552 11552 11553 11557 11562 11563 11563 11563 11564 11564 11565 11570 11572 11572 11573 11574 11575 11576 11577 11578 11578 11579 11580 11581 11585 11585 11586 11588 11589 11591 11592 11593 11594 11596 11597 11597 11598 11600 11604 11605 11606 11606 11606 11608 11608 11609 11609 11609 11611 11612 11613 11614 11615 11616 11617 11618 11618 11619 11619 11621 11623 11623 11625 11628 11629 11629 11633 11637 11638 11639 11639 11639 11640 11640 11641 11641 11642 11643 11643 11643 11643 11644 11644 11646 11647 11647 11648 11649 11649 11651 11651 11651 11652 11653 11654 11655 11657 11665 11667 11668 11668 11669 11669 11670 11672 11674 11674 11676 11676 11677 11680 11681 11683 11683 11684 11684 11686 11686 11687 11688 11689 11689 11689 11689 11690 11692 11692 11697 11698 11698 11702 11702 11702 11704 11707 11707 11709 11710 11710 11711 11711 11713 11714 11714 11718 11718 11718 11725 11727 11728 11731 11732 11732 11733 11733 11734 11734 11735 11735 11735 11736 11737 11739 11740 11741 11743 11744 11745 11745 11746 11747 11750 11750 11750 11751 11751 11752 11753 11755 11755 11757 11757 11761 11761 11764 11764 11764 11765 11768 11769 11770 11771 11772 11773 11773 11776 11778 11779 11779 11781 11784 11785 11786 11786 11787 11787 11787 11788 11789 11792 11793 11794 11795 11795 11796 11797 11797 11798 11799 11802 11805 11805 11806 11810 11810 11811 11812 11813 11813 11816 11816 11817 11820 11820 11823 11823 11823 11823 11824 11825 11825 11827 11827 11828 11828 11828 11829 11829 11830 11833 11841 11842 11843 11843 11844 11845 11850 11852 11853 11853 11854 11854 11856 11857 11858 11859 11863 11864 11865 11865 11865 11866 11867 11868 11869 11871 11872 11872 11875 11876 11877 11877 11877 11879 11879 11879 11879 11879 11880 11882 11883 11884 11885 11886 11887 11888 11888 11890 11890 11893 11894 11894 11896 11898 11898 11898 11899 11902 11905 11905 11907 11908 11908 11911 11911 11911 11913 11913 11914 11916 11916 11916 11917 11917 11918 11918 11919 11919 11920 11921 11922 11922 11923 11924 11924 11924 11925 11925 11927 11927 11929 11930 11931 11932 11934 11934 11935 11935 11937 11940 11940 11943 11943 11949 11953 11953 11955 11955 11956 11957 11960 11961 11963 11963 11963 11964 11966 11969 11969 11969 11969 11970 11970 11971 11973 11974 11977 11977 11977 11979 11980 11981 11981 11982 11983 11983 11984 11986 11986 11986 11987 11987 11991 11993 11994 11997 11998 11998 11998 12000 12001 12001 12002 12004 12004 12005 12006 12006 12007 12008 12009 12012 12012 12014 12015 12015 12016 12017 12020 12022 12022 12023 12023 12024 12025 12026 12028 12029 12030 12031 12033 12034 12037 12037 12038 12039 12041 12043 12044 12045 12048 12048 12050 12050 12050 12051 12052 12053 12053 12053 12055 12056 12056 12056 12057 12057 12058 12058 12059 12060 12060 12060 12062 12063 12063 12063 12070 12070 12071 12072 12072 12072 12072 12073 12074 12074 12077 12078 12079 12079 12080 12080 12083 12083 12085 12085 12085 12086 12088 12088 12088 12089 12089 12091 12091 12092 12093 12095 12095 12097 12097 12101 12101 12101 12101 12102 12105 12105 12105 12107 12107 12109 12109 12110 12115 12115 12116 12116 12117 12117 12121 12122 12124 12125 12127 12133 12133 12134 12134 12135 12136 12137 12137 12137 12138 12139 12140 12141 12141 12143 12143 12144 12144 12149 12150 12150 12150 12151 12151 12156 12156 12156 12157 12158 12160 12163 12164 12167 12169 12169 12170 12171 12171 12172 12173 12175 12175 12175 12176 12177 12182 12185 12185 12186 12188 12188 12188 12189 12189 12189 12191 12191 12192 12192 12193 12193 12195 12196 12197 12200 12200 12201 12201 12202 12202 12207 12210 12212 12212 12212 12212 12213 12214 12214 12215 12216 12219 12219 12221 12222 12222 12222 12226 12227 12227 12227 12229 12230 12231 12232 12232 12232 12232 12233 12233 12235 12235 12236 12236 12236 12236 12237 12237 12238 12239 12239 12239 12240 12241 12241 12242 12243 12246 12248 12249 12249 12250 12253 12260 12262 12262 12262 12264 12268 12271 12271 12272 12272 12272 12272 12273 12273 12275 12277 12278 12279 12280 12281 12281 12282 12284 12285 12286 12286 12287 12287 12291 12292 12293 12294 12294 12295 12300 12300 12302 12306 12307 12312 12312 12315 12317 12317 12318 12319 12321 12322 12324 12324 12328 12329 12329 12330 12331 12331 12332 12333 12335 12337 12337 12338 12338 12338 12339 12339 12343 12346 12347 12347 12347 12352 12352 12353 12354 12355 12356 12357 12358 12358 12361 12361 12362 12363 12364 12365 12365 12367 12368 12369 12370 12372 12372 12372 12374 12375 12377 12377 12379 12383 12383 12383 12384 12386 12388 12388 12388 12388 12389 12390 12390 12392 12393 12394 12394 12394 12396 12397 12397 12399 12399 12401 12404 12405 12405 12407 12407 12408 12410 12410 12411 12413 12413 12414 12415 12416 12418 12418 12421 12423 12424 12424 12424 12425 12425 12425 12426 12428 12429 12432 12433 12433 12434 12434 12434 12434 12434 12436 12437 12438 12438 12440 12441 12442 12443 12443 12444 12444 12445 12446 12447 12447 12448 12448 12450 12450 12450 12450 12451 12451 12451 12453 12454 12455 12456 12462 12462 12467 12467 12467 12471 12471 12473 12475 12475 12476 12478 12478 12479 12480 12480 12482 12482 12483 12484 12484 12484 12486 12487 12488 12488 12489 12489 12490 12490 12490 12491 12491 12492 12492 12493 12493 12494 12496 12498 12498 12500 12503 12504 12504 12505 12505 12505 12506 12507 12509 12509 12509 12509 12510 12511 12512 12513 12513 12514 12514 12514 12517 12518 12518 12519 12519 12519 12520 12521 12522 12523 12524 12525 12525 12525 12525 12526 12529 12529 12530 12531 12532 12532 12533 12536 12537 12538 12538 12539 12539 12539 12539 12541 12541 12542 12544 12545 12546 12547 12547 12547 12548 12548 12550 12550 12551 12554 12555 12556 12556 12556 12560 12561 12561 12563 12565 12565 12567 12568 12569 12570 12570 12571 12572 12572 12573 12573 12573 12574 12577 12578 12579 12579 12580 12581 12581 12586 12588 12588 12588 12590 12591 12592 12592 12593 12595 12596 12596 12596 12597 12597 12597 12598 12600 12603 12604 12606 12606 12607 12612 12612 12614 12616 12617 12621 12623 12623 12625 12625 12626 12627 12627 12628 12630 12631 12633 12633 12633 12633 12634 12635 12635 12639 12641 12643 12643 12644 12644 12644 12646 12646 12648 12648 12648 12648 12648 12649 12649 12652 12653 12655 12656 12658 12659 12659 12660 12662 12664 12664 12668 12669 12670 12671 12672 12672 12672 12672 12673 12674 12674 12675 12675 12675 12677 12678 12678 12678 12679 12680 12680 12685 12687 12688 12688 12689 12691 12691 12692 12692 12693 12694 12696 12698 12698 12700 12700 12701 12702 12702 12702 12702 12702 12703 12703 12705 12706 12709 12710 12712 12714 12714 12715 12716 12718 12719 12720 12721 12723 12724 12724 12725 12725 12726 12727 12727 12728 12728 12728 12728 12732 12732 12732 12733 12733 12733 12735 12736 12738 12739 12739 12741 12743 12744 12746 12748 12750 12750 12751 12752 12753 12756 12756 12757 12760 12762 12763 12764 12764 12766 12769 12770 12770 12770 12771 12771 12771 12771 12772 12772 12773 12774 12774 12774 12775 12775 12775 12776 12776 12777 12778 12778 12781 12781 12781 12784 12787 12787 12788 12788 12789 12790 12791 12794 12794 12795 12795 12797 12798 12799 12800 12801 12801 12801 12802 12802 12804 12805 12805 12806 12807 12809 12812 12813 12815 12819 12821 12823 12825 12826 12826 12827 12828 12828 12828 12829 12833 12833 12835 12836 12836 12837 12838 12839 12839 12841 12841 12841 12843 12843 12846 12846 12849 12852 12853 12853 12854 12854 12854 12854 12856 12856 12857 12860 12861 12861 12862 12862 12862 12863 12863 12865 12866 12866 12866 12867 12867 12868 12868 12869 12869 12870 12870 12870 12871 12873 12873 12875 12875 12876 12876 12877 12877 12877 12878 12879 12879 12879 12880 12880 12881 12882 12883 12884 12884 12884 12884 12885 12885 12885 12885 12886 12886 12887 12888 12888 12890 12891 12891 12893 12895 12895 12896 12896 12896 12898 12899 12899 12900 12901 12901 12902 12902 12902 12903 12904 12905 12906 12906 12906 12907 12909 12911 12911 12913 12921 12921 12921 12924 12924 12926 12927 12928 12928 12929 12929 12930 12931 12931 12932 12932 12936 12937 12939 12939 12941 12941 12942 12943 12944 12946 12946 12947 12948 12952 12952 12952 12954 12954 12955 12955 12955 12959 12959 12959 12960 12961 12962 12962 12965 12966 12968 12970 12970 12971 12971 12973 12974 12974 12976 12976 12978 12978 12978 12979 12980 12981 12981 12982 12983 12983 12984 12984 12986 12986 12986 12987 12988 12988 12988 12988 12989 12989 12989 12989 12991 12993 12993 12993 12994 12994 12994 12994 12994 12995 12996 12997 12998 12998 12998 12999 12999 13000 13001 13001 13003 13003 13003 13005 13005 13005 13006 13006 13010 13010 13011 13013 13013 13013 13014 13014 13015 13015 13015 13016 13016 13017 13017 13018 13019 13019 13019 13020 13020 13020 13021 13023 13024 13027 13027 13028 13028 13029 13031 13031 13031 13032 13033 13034 13035 13035 13037 13038 13039 13041 13041 13041 13041 13042 13043 13046 13047 13048 13049 13049 13049 13050 13051 13054 13054 13055 13056 13057 13057 13058 13058 13059 13063 13063 13064 13067 13067 13067 13067 13069 13069 13069 13071 13073 13074 13074 13075 13076 13076 13081 13082 13082 13083 13085 13085 13087 13088 13088 13088 13089 13089 13090 13092 13092 13093 13093 13093 13094 13095 13095 13095 13095 13096 13097 13097 13098 13100 13103 13104 13104 13104 13105 13109 13110 13111 13111 13113 13113 13114 13116 13116 13118 13122 13122 13124 13124 13124 13125 13126 13126 13126 13127 13127 13128 13129 13129 13129 13130 13132 13134 13136 13136 13138 13139 13141 13141 13141 13142 13142 13143 13145 13147 13149 13149 13151 13151 13152 13152 13153 13153 13153 13155 13156 13157 13157 13160 13164 13166 13166 13166 13166 13172 13172 13172 13173 13175 13176 13177 13177 13177 13179 13180 13182 13182 13182 13187 13187 13188 13188 13189 13189 13189 13189 13190 13191 13191 13192 13192 13192 13193 13194 13195 13195 13196 13196 13196 13197 13198 13199 13199 13200 13200 13200 13201 13202 13203 13204 13206 13207 13208 13208 13208 13209 13209 13209 13209 13210 13210 13211 13211 13212 13214 13216 13217 13217 13217 13219 13219 13220 13221 13223 13223 13224 13227 13228 13228 13228 13229 13230 13230 13230 13231 13233 13235 13236 13236 13236 13238 13238 13238 13243 13243 13244 13245 13247 13249 13249 13250 13251 13251 13251 13252 13252 13252 13254 13255 13257 13258 13259 13259 13260 13262 13263 13266 13268 13268 13269 13271 13272 13273 13274 13274 13275 13276 13276 13277 13277 13279 13280 13280 13280 13281 13281 13284 13285 13285 13287 13287 13291 13291 13293 13297 13297 13298 13298 13299 13301 13301 13302 13302 13303 13303 13304 13306 13307 13308 13310 13312 13315 13318 13319 13319 13320 13321 13322 13323 13323 13323 13324 13325 13326 13326 13327 13329 13329 13329 13333 13334 13334 13335 13336 13336 13336 13337 13339 13340 13342 13343 13344 13344 13344 13345 13348 13348 13349 13352 13355 13355 13355 13359 13359 13360 13360 13360 13361 13362 13362 13362 13363 13363 13364 13365 13367 13367 13367 13368 13369 13369 13369 13370 13371 13371 13371 13371 13374 13375 13377 13379 13379 13379 13382 13383 13384 13384 13388 13388 13389 13390 13390 13393 13393 13393 13393 13394 13397 13398 13400 13400 13401 13403 13404 13405 13405 13406 13407 13407 13408 13408 13409 13411 13411 13411 13413 13413 13413 13413 13416 13419 13420 13422 13423 13423 13424 13427 13427 13427 13428 13428 13430 13430 13433 13433 13433 13435 13435 13436 13436 13436 13437 13439 13440 13441 13445 13446 13446 13447 13448 13449 13450 13452 13453 13454 13455 13456 13456 13457 13457 13458 13458 13461 13462 13462 13464 13466 13466 13467 13468 13468 13469 13470 13470 13473 13473 13475 13475 13477 13477 13485 13485 13485 13486 13486 13487 13489 13491 13492 13494 13494 13495 13496 13496 13497 13498 13498 13499 13501 13502 13502 13502 13505 13507 13509 13510 13510 13510 13510 13515 13515 13516 13517 13518 13521 13521 13523 13523 13525 13526 13527 13528 13531 13532 13532 13535 13536 13537 13538 13539 13540 13545 13548 13548 13549 13551 13553 13554 13556 13557 13559 13561 13562 13563 13565 13567 13567 13569 13569 13571 13573 13573 13573 13576 13576 13576 13577 13581 13582 13582 13585 13585 13586 13586 13589 13590 13591 13591 13591 13592 13592 13593 13593 13594 13596 13596 13598 13599 13599 13604 13605 13608 13609 13609 13610 13610 13612 13612 13614 13615 13615 13616 13617 13619 13619 13619 13619 13620 13623 13623 13624 13624 13627 13627 13629 13630 13630 13631 13631 13633 13634 13634 13635 13637 13637 13642 13643 13644 13644 13646 13647 13647 13649 13651 13654 13657 13657 13657 13657 13657 13658 13658 13658 13661 13662 13663 13664 13664 13665 13666 13666 13670 13670 13671 13671 13672 13674 13674 13679 13680 13682 13682 13682 13684 13685 13685 13686 13687 13689 13692 13694 13697 13699 13701 13701 13701 13701 13702 13702 13705 13706 13708 13708 13711 13712 13713 13713 13714 13714 13718 13719 13719 13720 13722 13722 13722 13722 13723 13724 13727 13728 13728 13729 13730 13732 13732 13732 13734 13737 13737 13738 13738 13739 13742 13743 13744 13747 13748 13751 13752 13752 13753 13756 13756 13756 13758 13759 13761 13762 13763 13764 13765 13767 13768 13770 13771 13772 13773 13774 13775 13776 13778 13778 13778 13779 13779 13779 13779 13780 13780 13780 13781 13782 13782 13784 13787 13787 13788 13789 13789 13789 13789 13791 13791 13792 13792 13792 13792 13792 13792 13793 13793 13795 13796 13796 13797 13798 13798 13801 13802 13802 13802 13804 13804 13809 13809 13810 13810 13811 13812 13812 13813 13814 13815 13816 13817 13818 13819 13820 13821 13822 13822 13823 13823 13824 13825 13825 13828 13829 13829 13829 13830 13834 13834 13835 13836 13836 13837 13838 13839 13842 13844 13845 13846 13848 13849 13850 13850 13851 13851 13851 13852 13852 13853 13853 13854 13856 13858 13860 13861 13861 13863 13863 13864 13865 13868 13868 13870 13872 13872 13872 13874 13875 13875 13877 13878 13880 13882 13883 13883 13884 13886 13887 13887 13887 13887 13888 13890 13890 13892 13893 13894 13894 13895 13896 13897 13900 13900 13901 13902 13902 13903 13903 13905 13908 13909 13909 13910 13911 13911 13912 13913 13913 13913 13914 13915 13916 13919 13919 13922 13922 13923 13926 13928 13928 13928 13930 13931 13932 13935 13936 13936 13937 13937 13938 13938 13939 13939 13940 13941 13943 13947 13947 13947 13948 13950 13951 13952 13952 13952 13952 13953 13953 13954 13955 13957 13958 13958 13958 13959 13960 13961 13961 13961 13962 13963 13964 13965 13966 13966 13968 13970 13972 13972 13975 13975 13978 13978 13979 13983 13984 13984 13988 13988 13988 13989 13989 13990 13992 13993 13994 13995 13996 13997 13998 14001 14003 14005 14006 14006 14007 14008 14008 14009 14009 14010 14010 14012 14012 14014 14014 14015 14016 14017 14017 14020 14020 14021 14023 14023 14025 14025 14030 14031 14031 14031 14032 14032 14035 14037 14038 14039 14040 14041 14042 14042 14042 14044 14045 14045 14046 14046 14048 14049 14053 14053 14055 14055 14055 14056 14057 14059 14059 14060 14060 14060 14060 14060 14061 14062 14062 14062 14063 14063 14065 14066 14067 14067 14068 14068 14069 14070 14071 14071 14073 14073 14074 14075 14075 14079 14082 14083 14083 14084 14086 14087 14088 14091 14093 14094 14095 14095 14096 14097 14097 14098 14099 14101 14102 14104 14105 14105 14110 14111 14112 14112 14113 14115 14115 14119 14119 14119 14120 14121 14121 14123 14123 14123 14125 14125 14126 14128 14129 14130 14130 14130 14131 14131 14132 14136 14139 14141 14142 14143 14143 14144 14147 14148 14149 14150 14153 14153 14155 14155 14155 14157 14160 14161 14161 14166 14167 14168 14168 14169 14170 14172 14173 14173 14174 14175 14176 14176 14177 14178 14179 14179 14181 14181 14181 14183 14184 14184 14185 14185 14186 14187 14188 14189 14192 14194 14196 14198 14199 14199 14200 14200 14205 14205 14207 14207 14207 14208 14208 14209 14210 14210 14210 14211 14215 14216 14217 14219 14219 14220 14221 14222 14222 14223 14224 14224 14224 14224 14228 14230 14232 14232 14233 14234 14234 14236 14240 14242 14242 14242 14244 14245 14246 14247 14249 14251 14252 14254 14255 14255 14256 14257 14257 14258 14258 14259 14259 14261 14263 14264 14268 14268 14269 14271 14272 14272 14272 14273 14275 14276 14276 14277 14277 14279 14280 14281 14281 14285 14286 14287 14288 14289 14292 14292 14292 14294 14295 14295 14295 14296 14299 14299 14299 14300 14300 14302 14302 14303 14308 14310 14310 14311 14311 14312 14313 14313 14314 14316 14316 14317 14318 14320 14320 14320 14321 14321 14322 14323 14324 14325 14326 14326 14327 14328 14331 14332 14334 14335 14337 14338 14338 14339 14340 14340 14342 14343 14343 14344 14345 14347 14347 14348 14349 14351 14352 14353 14354 14355 14356 14359 14359 14360 14360 14363 14364 14364 14365 14366 14366 14367 14368 14368 14370 14374 14374 14374 14375 14377 14377 14377 14378 14379 14379 14381 14381 14381 14382 14383 14384 14384 14387 14388 14388 14390 14390 14390 14392 14393 14394 14394 14395 14396 14398 14398 14399 14400 14400 14400 14402 14402 14402 14403 14404 14404 14405 14406 14406 14408 14408 14409 14409 14409 14410 14411 14414 14416 14417 14417 14418 14419 14419 14420 14421 14422 14424 14424 14430 14430 14431 14431 14433 14433 14435 14436 14436 14437 14440 14441 14442 14443 14443 14443 14444 14446 14448 14448 14448 14448 14449 14449 14451 14452 14452 14453 14455 14455 14458 14458 14462 14463 14465 14467 14468 14470 14471 14472 14472 14472 14474 14474 14476 14479 14481 14481 14483 14486 14486 14488 14488 14489 14490 14491 14491 14492 14492 14494 14496 14497 14498 14499 14499 14500 14500 14501 14503 14503 14503 14503 14504 14504 14506 14508 14509 14513 14514 14515 14518 14519 14519 14520 14522 14525 14525 14527 14527 14529 14529 14529 14534 14535 14536 14536 14536 14537 14537 14537 14538 14538 14538 14539 14540 14541 14542 14543 14545 14545 14545 14546 14546 14546 14546 14546 14547 14547 14548 14549 14549 14549 14550 14551 14554 14555 14561 14562 14566 14571 14572 14574 14575 14577 14578 14579 14580 14582 14582 14583 14584 14585 14585 14585 14585 14587 14588 14588 14589 14590 14590 14592 14593 14594 14595 14595 14596 14596 14597 14597 14598 14599 14601 14602 14602 14603 14603 14603 14604 14606 14607 14607 14607 14609 14612 14612 14612 14616 14616 14617 14618 14618 14619 14621 14622 14622 14623 14623 14624 14624 14624 14627 14627 14628 14628 14629 14630 14631 14634 14634 14635 14636 14636 14637 14638 14640 14641 14641 14642 14643 14643 14645 14646 14646 14646 14649 14650 14650 14650 14651 14652 14654 14654 14655 14655 14655 14658 14658 14659 14661 14663 14664 14666 14666 14667 14667 14667 14669 14669 14669 14669 14670 14670 14672 14672 14673 14674 14674 14674 14678 14678 14679 14679 14679 14680 14681 14681 14684 14686 14690 14692 14692 14692 14693 14693 14694 14695 14695 14695 14697 14697 14699 14699 14700 14700 14701 14703 14703 14703 14703 14704 14706 14706 14706 14709 14710 14711 14712 14712 14713 14713 14714 14716 14716 14716 14717 14718 14718 14719 14719 14719 14720 14722 14723 14723 14725 14725 14725 14726 14726 14727 14728 14728 14728 14728 14729 14732 14733 14736 14738 14739 14740 14740 14741 14741 14741 14743 14744 14744 14747 14748 14749 14749 14749 14750 14751 14752 14753 14753 14754 14754 14754 14754 14755 14757 14757 14757 14758 14759 14760 14764 14764 14766 14766 14767 14768 14768 14768 14769 14769 14769 14771 14772 14773 14773 14773 14774 14774 14775 14777 14778 14779 14779 14779 14780 14780 14781 14784 14788 14789 14789 14789 14790 14790 14790 14792 14793 14793 14797 14798 14799 14800 14800 14801 14801 14803 14803 14803 14804 14805 14805 14805 14809 14809 14809 14811 14812 14813 14814 14814 14816 14817 14818 14818 14819 14820 14821 14822 14823 14823 14823 14824 14824 14825 14826 14829 14830 14835 14836 14839 14839 14839 14842 14843 14843 14847 14849 14850 14852 14853 14853 14853 14858 14858 14859 14859 14860 14860 14862 14862 14864 14865 14865 14865 14866 14869 14869 14869 14872 14872 14872 14874 14875 14876 14876 14877 14878 14878 14880 14883 14883 14883 14886 14887 14887 14888 14889 14890 14892 14893 14895 14897 14899 14899 14900 14900 14904 14905 14905 14905 14906 14908 14909 14911 14911 14912 14912 14912 14912 14914 14917 14920 14922 14922 14929 14929 14930 14930 14933 14934 14935 14937 14939 14939 14940 14941 14942 14943 14945 14946 14947 14947 14948 14950 14950 14950 14952 14953 14957 14958 14961 14962 14962 14963 14963 14964 14965 14967 14967 14973 14974 14975 14976 14976 14978 14978 14980 14980 14981 14982 14983 14984 14984 14984 14985 14986 14987 14989 14989 14990 14991 14993 14993 14993 14995 14997 14997 14997 14998 14998 15001 15003 15003 15003 15006 15008 15008 15010 15010 15012 15012 15013 15014 15015 15015 15016 15016 15017 15018 15018 15019 15020 15020 15022 15022 15024 15025 15025 15025 15027 15028 15028 15031 15032 15033 15034 15036 15037 15037 15037 15037 15037 15038 15038 15038 15039 15039 15040 15040 15041 15042 15042 15042 15043 15043 15044 15045 15045 15046 15046 15046 15046 15048 15048 15051 15053 15054 15055 15058 15063 15065 15065 15065 15067 15070 15071 15072 15074 15074 15074 15075 15076 15077 15077 15077 15077 15079 15080 15081 15084 15086 15086 15087 15088 15089 15090 15090 15091 15093 15093 15101 15102 15103 15104 15106 15108 15109 15110 15111 15111 15112 15114 15118 15119 15119 15120 15121 15122 15123 15124 15126 15127 15128 15128 15129 15130 15132 15132 15133 15133 15135 15135 15135 15136 15138 15138 15139 15139 15141 15144 15145 15148 15148 15150 15150 15151 15151 15153 15159 15160 15160 15163 15163 15164 15166 15171 15179 15180 15181 15182 15182 15184 15185 15186 15187 15189 15190 15190 15191 15191 15193 15193 15195 15196 15199 15199 15200 15200 15200 15201 15201 15202 15203 15203 15203 15205 15207 15208 15209 15209 15209 15211 15212 15214 15216 15217 15217 15217 15222 15222 15223 15223 15224 15226 15226 15228 15230 15231 15233 15236 15236 15237 15237 15240 15241 15241 15243 15243 15244 15245 15246 15247 15247 15249 15249 15250 15251 15252 15253 15254 15254 15254 15255 15256 15259 15260 15262 15267 15268 15268 15269 15273 15274 15274 15275 15277 15278 15280 15281 15281 15281 15282 15284 15287 15287 15287 15290 15291 15292 15292 15293 15294 15295 15295 15296 15297 15297 15297 15298 15300 15301 15302 15303 15303 15303 15304 15306 15310 15311 15311 15311 15312 15312 15312 15313 15314 15316 15317 15317 15317 15317 15317 15318 15319 15320 15321 15322 15323 15323 15323 15324 15325 15329 15330 15330 15331 15331 15331 15332 15332 15332 15333 15333 15333 15335 15336 15336 15337 15337 15338 15338 15338 15341 15341 15342 15343 15346 15348 15348 15348 15352 15355 15355 15357 15358 15360 15361 15361 15364 15364 15364 15365 15365 15366 15367 15368 15369 15371 15372 15373 15374 15375 15377 15378 15378 15379 15380 15380 15382 15384 15385 15386 15386 15387 15387 15388 15389 15389 15390 15393 15393 15394 15394 15394 15395 15399 15399 15400 15402 15403 15403 15403 15404 15405 15406 15406 15407 15408 15410 15411 15411 15411 15411 15411 15416 15416 15417 15418 15418 15422 15423 15423 15423 15424 15424 15425 15427 15427 15431 15432 15432 15432 15434 15434 15434 15435 15436 15437 15438 15438 15439 15441 15442 15443 15443 15444 15446 15447 15447 15449 15451 15452 15452 15453 15455 15455 15456 15457 15457 15458 15460 15462 15462 15462 15465 15467 15467 15470 15472 15474 15475 15475 15478 15478 15479 15482 15484 15485 15485 15487 15488 15488 15489 15490 15490 15492 15493 15494 15495 15496 15497 15498 15499 15500 15501 15501 15502 15503 15503 15505 15505 15506 15507 15507 15507 15509 15513 15514 15518 15519 15519 15519 15520 15522 15523 15524 15525 15526 15526 15527 15527 15527 15528 15528 15528 15532 15534 15535 15537 15537 15537 15542 15542 15543 15543 15547 15548 15550 15550 15551 15552 15552 15554 15557 15558 15559 15559 15559 15559 15560 15560 15561 15562 15563 15564 15564 15564 15566 15566 15568 15569 15573 15573 15575 15575 15575 15575 15576 15576 15576 15578 15578 15579 15580 15581 15582 15583 15584 15585 15585 15586 15588 15589 15589 15591 15592 15594 15594 15596 15597 15598 15601 15601 15602 15603 15604 15604 15605 15605 15608 15609 15609 15609 15609 15609 15612 15613 15614 15614 15615 15616 15616 15620 15620 15622 15622 15623 15624 15624 15624 15625 15626 15626 15629 15631 15631 15633 15641 15641 15641 15641 15643 15643 15647 15649 15650 15650 15651 15654 15654 15654 15655 15655 15655 15656 15658 15658 15658 15660 15662 15662 15663 15663 15663 15664 15665 15665 15667 15667 15670 15674 15675 15676 15676 15678 15678 15678 15679 15679 15680 15680 15681 15682 15682 15683 15687 15687 15688 15688 15688 15690 15691 15692 15693 15694 15694 15696 15699 15706 15706 15707 15709 15710 15710 15712 15716 15717 15718 15718 15719 15719 15719 15720 15722 15722 15723 15729 15729 15730 15731 15731 15731 15732 15732 15733 15733 15733 15734 15734 15735 15735 15736 15736 15737 15737 15739 15740 15741 15742 15742 15743 15743 15744 15744 15744 15745 15745 15748 15749 15749 15750 15752 15752 15753 15753 15755 15757 15757 15758 15765 15766 15768 15770 15770 15770 15771 15774 15774 15775 15775 15776 15777 15778 15778 15779 15780 15780 15781 15783 15785 15785 15786 15789 15789 15790 15791 15791 15791 15791 15792 15793 15794 15794 15794 15795 15796 15798 15799 15799 15800 15801 15802 15802 15802 15804 15806 15806 15807 15808 15810 15812 15814 15815 15816 15817 15817 15820 15821 15822 15822 15823 15823 15824 15826 15827 15827 15829 15829 15829 15830 15831 15831 15834 15835 15835 15837 15839 15839 15840 15842 15843 15844 15844 15844 15845 15846 15847 15850 15850 15850 15850 15852 15852 15855 15856 15857 15857 15857 15857 15858 15862 15864 15864 15864 15865 15866 15867 15868 15868 15869 15870 15870 15874 15877 15877 15878 15878 15879 15879 15881 15881 15883 15883 15885 15886 15886 15886 15887 15887 15887 15888 15888 15891 15891 15891 15892 15892 15895 15895 15897 15897 15897 15898 15901 15901 15901 15902 15903 15903 15904 15906 15907 15908 15909 15910 15911 15914 15915 15915 15921 15921 15921 15922 15923 15924 15925 15926 15927 15927 15927 15927 15929 15929 15930 15932 15933 15933 15935 15935 15936 15937 15938 15938 15939 15940 15941 15941 15942 15944 15944 15944 15944 15945 15946 15946 15947 15948 15949 15950 15951 15951 15951 15953 15956 15957 15957 15958 15959 15960 15961 15962 15963 15964 15964 15964 15966 15968 15969 15970 15970 15972 15972 15972 15974 15974 15977 15979 15980 15981 15982 15984 15985 15986 15987 15987 15991 15992 15993 15994 15994 15996 15997 15999 16000 16001 16003 16003 16003 16004 16004 16005 16005 16010 16011 16012 16016 16017 16020 16021 16022 16023 16025 16026 16029 16029 16030 16030 16032 16032 16033 16036 16036 16036 16038 16038 16038 16039 16039 16039 16041 16041 16045 16046 16046 16048 16049 16052 16053 16055 16055 16056 16056 16059 16061 16061 16062 16063 16064 16064 16067 16068 16071 16073 16073 16075 16076 16077 16077 16078 16081 16081 16081 16082 16082 16083 16084 16085 16088 16088 16089 16090 16092 16093 16094 16094 16094 16095 16095 16095 16096 16097 16098 16101 16101 16101 16104 16105 16106 16106 16106 16107 16108 16109 16109 16111 16111 16112 16113 16114 16116 16118 16122 16122 16124 16125 16126 16127 16129 16129 16129 16130 16131 16132 16132 16135 16135 16136 16137 16137 16137 16137 16140 16141 16141 16141 16141 16141 16142 16143 16145 16146 16147 16148 16149 16149 16149 16151 16151 16152 16152 16154 16160 16160 16161 16163 16164 16165 16166 16167 16167 16168 16169 16169 16169 16170 16171 16174 16175 16175 16177 16178 16178 16178 16179 16179 16180 16180 16180 16181 16182 16182 16182 16183 16183 16183 16183 16186 16187 16187 16187 16188 16189 16190 16191 16193 16195 16196 16196 16201 16201 16202 16203 16203 16206 16206 16206 16208 16209 16210 16210 16210 16211 16214 16215 16217 16220 16221 16221 16222 16222 16223 16225 16226 16226 16227 16228 16228 16228 16232 16233 16234 16234 16235 16237 16237 16237 16237 16239 16240 16241 16241 16242 16243 16243 16243 16245 16245 16245 16246 16247 16247 16247 16249 16250 16250 16252 16253 16255 16258 16258 16259 16259 16259 16260 16260 16261 16262 16262 16264 16264 16264 16264 16268 16269 16271 16271 16272 16272 16272 16272 16272 16273 16274 16277 16278 16280 16281 16283 16284 16284 16285 16285 16285 16286 16287 16288 16288 16289 16291 16291 16292 16294 16298 16298 16299 16301 16302 16305 16307 16308 16308 16308 16309 16313 16314 16315 16315 16316 16316 16319 16319 16320 16320 16322 16322 16324 16324 16326 16328 16328 16328 16329 16329 16329 16330 16331 16332 16333 16334 16334 16336 16336 16337 16337 16337 16338 16338 16339 16341 16342 16343 16343 16344 16344 16345 16345 16345 16347 16349 16349 16349 16350 16352 16353 16356 16357 16359 16360 16360 16361 16365 16366 16366 16368 16369 16370 16372 16372 16372 16372 16374 16377 16378 16381 16384 16385 16385 16387 16389 16389 16390 16390 16391 16392 16393 16394 16396 16399 16400 16401 16401 16402 16403 16404 16404 16404 16404 16405 16405 16405 16405 16407 16409 16410 16412 16413 16414 16415 16415 16415 16416 16421 16423 16423 16425 16426 16426 16428 16428 16428 16428 16428 16429 16429 16430 16432 16433 16433 16435 16440 16440 16440 16441 16443 16443 16445 16445 16445 16448 16448 16449 16449 16450 16450 16452 16453 16453 16455 16457 16460 16461 16462 16463 16467 16467 16468 16468 16468 16471 16472 16474 16474 16475 16475 16476 16477 16477 16481 16482 16484 16484 16485 16486 16487 16488 16488 16489 16490 16493 16494 16496 16496 16496 16496 16497 16498 16498 16499 16499 16499 16499 16499 16500 16500 16502 16504 16505 16506 16507 16511 16512 16513 16515 16516 16516 16516 16517 16517 16524 16524 16524 16525 16525 16525 16526 16529 16529 16529 16530 16531 16532 16533 16533 16533 16533 16534 16537 16537 16538 16539 16539 16540 16542 16542 16543 16545 16546 16547 16548 16548 16549 16550 16552 16555 16555 16557 16559 16562 16562 16564 16566 16566 16567 16568 16569 16570 16570 16571 16573 16573 16573 16574 16574 16575 16576 16577 16578 16578 16578 16579 16580 16580 16582 16583 16584 16585 16586 16586 16588 16589 16589 16589 16589 16591 16592 16592 16593 16593 16594 16594 16595 16596 16597 16601 16601 16603 16604 16605 16606 16608 16608 16611 16612 16613 16613 16615 16615 16617 16618 16619 16619 16619 16619 16621 16622 16623 16624 16624 16624 16624 16624 16625 16626 16626 16627 16627 16627 16629 16629 16630 16630 16632 16632 16633 16633 16633 16636 16639 16639 16641 16642 16642 16646 16646 16651 16651 16652 16652 16657 16658 16659 16660 16661 16663 16664 16664 16665 16665 16665 16666 16668 16669 16670 16670 16672 16673 16673 16676 16676 16676 16678 16680 16680 16681 16681 16683 16686 16687 16688 16688 16690 16690 16691 16692 16694 16694 16696 16697 16698 16699 16706 16706 16706 16707 16707 16708 16710 16710 16711 16711 16712 16712 16713 16715 16715 16717 16717 16718 16719 16722 16724 16725 16727 16727 16728 16730 16730 16730 16741 16741 16742 16744 16745 16748 16749 16751 16751 16753 16754 16755 16757 16758 16759 16760 16761 16761 16763 16765 16765 16765 16766 16767 16769 16769 16769 16774 16775 16775 16776 16777 16778 16778 16779 16779 16780 16780 16781 16781 16781 16781 16784 16785 16785 16785 16785 16786 16787 16787 16788 16788 16789 16791 16791 16791 16792 16793 16794 16794 16795 16800 16800 16800 16801 16801 16802 16802 16803 16804 16804 16804 16805 16805 16806 16808 16809 16810 16810 16811 16811 16811 16812 16815 16815 16816 16817 16820 16820 16821 16821 16821 16822 16822 16822 16823 16825 16826 16826 16826 16827 16827 16828 16829 16832 16833 16833 16834 16834 16834 16835 16835 16835 16835 16837 16839 16839 16845 16845 16845 16845 16847 16847 16849 16850 16850 16850 16852 16853 16853 16855 16855 16856 16856 16857 16858 16860 16860 16861 16863 16864 16864 16865 16865 16865 16867 16868 16868 16868 16869 16870 16870 16871 16873 16875 16875 16877 16877 16878 16880 16881 16881 16882 16884 16884 16884 16885 16885 16886 16886 16890 16890 16891 16891 16892 16893 16893 16893 16894 16894 16895 16896 16897 16899 16900 16900 16900 16902 16903 16904 16905 16905 16905 16906 16906 16906 16906 16907 16908 16909 16910 16910 16912 16918 16919 16920 16920 16921 16921 16922 16922 16925 16925 16927 16927 16927 16927 16927 16929 16929 16931 16933 16933 16933 16935 16941 16942 16943 16943 16945 16945 16946 16946 16947 16947 16948 16949 16949 16949 16950 16950 16950 16951 16951 16951 16952 16953 16954 16957 16957 16957 16958 16960 16961 16961 16963 16963 16964 16964 16966 16967 16968 16968 16973 16973 16974 16975 16975 16976 16977 16978 16978 16979 16980 16981 16981 16982 16982 16982 16982 16983 16984 16985 16985 16986 16987 16992 16992 16994 16995 16996 16997 16997 16999 17000 17000 17002 17003 17004 17007 17007 17007 17008 17010 17011 17011 17012 17013 17013 17014 17016 17016 17016 17017 17020 17020 17021 17023 17025 17026 17026 17027 17027 17028 17029 17029 17032 17032 17032 17034 17034 17034 17036 17037 17037 17038 17039 17039 17043 17045 17045 17047 17047 17047 17048 17050 17051 17053 17055 17055 17056 17056 17056 17057 17057 17058 17060 17061 17061 17062 17063 17066 17066 17066 17067 17067 17076 17076 17077 17077 17081 17081 17081 17083 17084 17085 17087 17088 17088 17088 17089 17090 17091 17093 17094 17094 17094 17094 17097 17097 17098 17098 17099 17100 17100 17100 17101 17101 17101 17102 17102 17104 17104 17105 17106 17106 17109 17109 17109 17109 17110 17111 17112 17112 17112 17113 17113 17114 17115 17117 17118 17118 17119 17119 17120 17121 17121 17121 17122 17124 17128 17129 17129 17129 17131 17135 17136 17137 17137 17140 17140 17140 17141 17141 17143 17144 17144 17145 17145 17149 17150 17151 17152 17154 17154 17155 17155 17156 17157 17160 17160 17160 17161 17162 17163 17164 17165 17168 17168 17169 17172 17172 17173 17174 17175 17175 17175 17176 17176 17176 17177 17177 17177 17177 17177 17178 17178 17179 17180 17183 17183 17183 17184 17185 17186 17187 17187 17188 17188 17189 17189 17190 17190 17190 17193 17194 17194 17194 17195 17198 17198 17198 17200 17201 17201 17201 17201 17205 17206 17206 17207 17210 17211 17212 17212 17213 17213 17216 17217 17218 17218 17219 17219 17219 17220 17221 17221 17222 17224 17224 17225 17226 17229 17231 17232 17233 17234 17234 17236 17236 17237 17239 17245 17246 17247 17247 17248 17248 17249 17251 17253 17253 17254 17255 17255 17257 17258 17259 17260 17261 17262 17264 17264 17267 17267 17268 17269 17269 17270 17271 17271 17271 17274 17274 17274 17275 17276 17276 17278 17278 17281 17282 17284 17287 17287 17288 17289 17289 17289 17291 17292 17295 17295 17296 17297 17298 17300 17301 17305 17305 17307 17308 17308 17309 17312 17312 17314 17314 17315 17320 17324 17325 17325 17325 17328 17329 17330 17331 17331 17332 17334 17334 17334 17335 17335 17336 17337 17338 17338 17339 17340 17340 17341 17341 17342 17343 17344 17344 17346 17346 17347 17349 17350 17350 17352 17356 17356 17358 17358 17358 17360 17361 17361 17362 17363 17364 17366 17366 17368 17370 17370 17370 17372 17374 17374 17375 17375 17375 17375 17376 17378 17379 17380 17383 17385 17386 17386 17387 17391 17395 17395 17396 17397 17398 17398 17400 17400 17400 17400 17401 17401 17402 17403 17403 17403 17403 17406 17408 17409 17409 17410 17417 17417 17417 17417 17417 17418 17419 17420 17421 17421 17422 17424 17424 17425 17428 17429 17429 17430 17430 17430 17430 17432 17433 17434 17434 17437 17438 17440 17440 17441 17441 17443 17443 17446 17446 17447 17449 17449 17450 17452 17452 17453 17454 17454 17455 17456 17456 17457 17458 17458 17458 17459 17461 17461 17462 17463 17465 17465 17467 17468 17468 17471 17473 17473 17474 17474 17474 17475 17477 17477 17477 17478 17480 17482 17483 17484 17486 17487 17487 17487 17488 17488 17490 17491 17493 17494 17494 17494 17495 17497 17497 17497 17498 17500 17501 17501 17503 17504 17504 17505 17505 17506 17507 17507 17510 17511 17511 17511 17513 17515 17516 17520 17520 17520 17521 17522 17522 17523 17523 17523 17527 17528 17528 17529 17529 17530 17530 17531 17531 17531 17531 17533 17535 17535 17536 17536 17537 17540 17541 17542 17543 17545 17546 17546 17546 17548 17549 17551 17552 17552 17553 17553 17555 17555 17556 17557 17562 17562 17562 17563 17563 17564 17564 17566 17567 17569 17569 17569 17570 17574 17574 17575 17575 17576 17576 17577 17578 17578 17580 17580 17582 17583 17586 17587 17588 17589 17591 17594 17594 17595 17597 17598 17599 17603 17603 17604 17607 17608 17609 17609 17610 17611 17613 17614 17617 17618 17619 17620 17620 17622 17623 17623 17624 17626 17628 17628 17630 17630 17630 17630 17631 17632 17632 17632 17632 17633 17633 17633 17633 17634 17635 17636 17638 17638 17639 17641 17643 17644 17645 17645 17647 17650 17651 17652 17652 17653 17653 17654 17654 17655 17655 17656 17656 17656 17657 17657 17658 17658 17660 17661 17661 17663 17664 17665 17666 17667 17667 17668 17668 17668 17669 17669 17669 17670 17670 17670 17674 17676 17676 17677 17677 17677 17677 17679 17679 17680 17680 17680 17682 17682 17682 17683 17683 17684 17684 17685 17685 17686 17687 17688 17688 17688 17688 17689 17691 17691 17691 17693 17693 17694 17695 17695 17696 17697 17697 17697 17697 17697 17698 17700 17701 17702 17704 17706 17707 17710 17711 17711 17713 17714 17715 17716 17718 17718 17718 17721 17723 17724 17724 17725 17727 17727 17730 17732 17732 17733 17734 17736 17736 17737 17737 17739 17739 17740 17740 17740 17740 17743 17745 17746 17746 17747 17747 17748 17750 17750 17752 17752 17754 17754 17754 17756 17756 17757 17757 17759 17760 17760 17760 17761 17762 17762 17763 17763 17763 17764 17766 17770 17771 17773 17773 17773 17774 17775 17775 17776 17777 17778 17780 17781 17782 17784 17786 17788 17789 17789 17790 17791 17791 17791 17792 17793 17795 17795 17797 17798 17798 17798 17798 17801 17801 17802 17804 17805 17805 17806 17807 17807 17807 17809 17809 17809 17810 17811 17812 17813 17813 17813 17814 17817 17817 17818 17819 17821 17822 17823 17824 17824 17827 17827 17828 17829 17829 17829 17829 17830 17831 17831 17832 17832 17832 17835 17836 17836 17838 17838 17838 17838 17838 17839 17840 17841 17843 17844 17845 17848 17850 17850 17851 17852 17853 17854 17855 17855 17855 17858 17858 17858 17859 17861 17862 17862 17863 17863 17864 17865 17868 17869 17870 17870 17870 17872 17872 17872 17875 17878 17878 17879 17879 17880 17883 17885 17885 17888 17889 17891 17892 17892 17893 17894 17895 17895 17895 17896 17897 17897 17898 17898 17899 17900 17901 17902 17902 17903 17904 17904 17905 17908 17908 17909 17909 17910 17912 17913 17914 17915 17916 17919 17922 17922 17923 17924 17925 17926 17926 17926 17927 17928 17928 17929 17930 17930 17931 17931 17932 17933 17934 17934 17934 17934 17934 17935 17935 17936 17936 17937 17937 17938 17938 17940 17943 17945 17947 17947 17948 17952 17953 17955 17956 17957 17957 17958 17959 17960 17963 17963 17965 17966 17967 17968 17970 17970 17973 17974 17978 17978 17979 17980 17980 17981 17981 17981 17984 17986 17986 17987 17989 17990 17990 17991 17991 17992 17993 17993 17993 17995 17997 17997 18001 18002 18003 18004 18007 18008 18008 18013 18013 18014 18017 18018 18019 18019 18020 18022 18023 18025 18025 18026 18026 18028 18028 18031 18034 18035 18035 18036 18041 18041 18041 18041 18042 18043 18044 18047 18048 18049 18050 18054 18054 18055 18057 18058 18060 18061 18063 18063 18064 18064 18067 18069 18070 18070 18072 18072 18072 18073 18073 18075 18075 18077 18079 18079 18081 18082 18083 18084 18085 18085 18088 18088 18089 18091 18091 18092 18092 18093 18094 18096 18098 18099 18099 18100 18102 18103 18104 18104 18104 18105 18106 18107 18107 18107 18108 18109 18112 18112 18113 18113 18115 18116 18116 18116 18121 18122 18124 18124 18125 18126 18126 18128 18129 18129 18129 18131 18131 18132 18135 18136 18137 18139 18141 18142 18143 18144 18145 18145 18146 18146 18146 18146 18147 18147 18149 18150 18150 18151 18153 18155 18155 18156 18157 18160 18160 18160 18160 18162 18164 18165 18165 18167 18168 18170 18170 18171 18171 18172 18172 18174 18177 18178 18181 18182 18185 18186 18188 18188 18189 18189 18189 18191 18192 18193 18193 18194 18195 18197 18199 18202 18203 18203 18205 18205 18208 18209 18210 18211 18212 18215 18215 18216 18216 18217 18217 18219 18219 18221 18221 18222 18222 18225 18225 18225 18226 18228 18229 18229 18230 18232 18233 18235 18237 18237 18238 18239 18240 18241 18242 18242 18243 18245 18245 18245 18245 18246 18246 18246 18248 18251 18252 18252 18252 18253 18255 18255 18257 18259 18262 18265 18265 18265 18266 18270 18271 18271 18272 18272 18274 18274 18275 18276 18277 18277 18279 18280 18281 18281 18281 18287 18287 18287 18287 18287 18289 18289 18292 18292 18293 18293 18294 18295 18296 18298 18299 18300 18302 18302 18304 18305 18306 18306 18307 18307 18308 18309 18311 18312 18314 18314 18316 18317 18318 18321 18321 18322 18322 18322 18323 18323 18323 18324 18326 18326 18326 18327 18327 18327 18329 18332 18334 18335 18335 18337 18337 18338 18339 18339 18339 18341 18342 18342 18342 18343 18343 18345 18346 18346 18348 18350 18351 18354 18354 18355 18358 18359 18359 18359 18361 18361 18361 18362 18364 18365 18365 18365 18367 18368 18369 18369 18370 18374 18375 18376 18378 18379 18380 18380 18381 18382 18382 18383 18383 18384 18384 18385 18386 18386 18387 18387 18388 18388 18388 18389 18389 18390 18391 18391 18392 18393 18395 18397 18397 18402 18403 18404 18407 18408 18409 18409 18409 18410 18411 18411 18412 18413 18414 18414 18414 18415 18415 18421 18421 18421 18422 18422 18423 18425 18426 18429 18429 18429 18430 18432 18438 18438 18439 18439 18439 18439 18442 18443 18443 18444 18444 18445 18448 18449 18450 18451 18452 18452 18453 18454 18455 18455 18457 18457 18458 18459 18460 18460 18461 18462 18463 18463 18464 18464 18465 18467 18467 18468 18468 18469 18470 18471 18472 18473 18474 18476 18477 18477 18478 18478 18480 18480 18483 18483 18484 18485 18485 18488 18489 18490 18490 18491 18491 18491 18495 18498 18499 18502 18502 18503 18507 18507 18509 18510 18511 18511 18511 18513 18513 18513 18514 18517 18518 18520 18520 18520 18520 18525 18525 18526 18528 18528 18531 18532 18534 18534 18534 18535 18535 18536 18537 18537 18540 18541 18541 18543 18543 18545 18545 18547 18547 18549 18549 18552 18554 18554 18555 18555 18556 18556 18556 18559 18559 18560 18563 18564 18564 18566 18566 18567 18568 18568 18569 18570 18570 18572 18572 18573 18574 18575 18583 18583 18585 18587 18588 18588 18589 18590 18591 18591 18592 18593 18596 18596 18597 18599 18600 18601 18602 18603 18605 18605 18605 18605 18606 18608 18609 18610 18610 18610 18611 18612 18616 18616 18617 18618 18619 18620 18620 18620 18620 18620 18621 18622 18622 18623 18623 18623 18625 18626 18627 18627 18627 18628 18629 18630 18630 18631 18633 18634 18635 18638 18638 18639 18640 18642 18646 18646 18647 18648 18648 18649 18652 18655 18656 18657 18659 18660 18663 18664 18665 18666 18671 18672 18673 18673 18675 18678 18678 18679 18679 18680 18680 18681 18683 18684 18686 18688 18689 18691 18691 18691 18692 18693 18693 18693 18693 18693 18694 18694 18695 18695 18696 18696 18696 18697 18698 18698 18702 18702 18704 18705 18707 18707 18707 18708 18708 18708 18709 18709 18710 18712 18712 18712 18712 18713 18713 18715 18715 18715 18715 18717 18717 18718 18719 18723 18724 18727 18729 18729 18729 18730 18731 18731 18732 18732 18733 18733 18734 18737 18739 18739 18741 18744 18745 18745 18747 18748 18749 18751 18752 18752 18752 18754 18754 18755 18756 18756 18757 18758 18761 18761 18762 18762 18764 18764 18764 18765 18767 18768 18768 18771 18771 18772 18772 18772 18774 18775 18776 18776 18776 18778 18778 18779 18780 18781 18783 18783 18784 18785 18785 18785 18785 18787 18787 18787 18788 18789 18789 18791 18791 18793 18793 18793 18794 18794 18796 18796 18796 18798 18799 18800 18801 18801 18801 18801 18802 18803 18805 18805 18805 18808 18808 18808 18808 18809 18810 18810 18812 18813 18813 18814 18817 18817 18818 18818 18820 18820 18822 18822 18823 18823 18823 18823 18825 18826 18827 18828 18828 18830 18831 18831 18832 18835 18835 18836 18836 18836 18838 18839 18840 18842 18843 18844 18845 18845 18848 18850 18852 18854 18855 18855 18855 18856 18857 18861 18861 18862 18862 18862 18867 18868 18870 18871 18871 18872 18874 18876 18877 18878 18879 18879 18880 18881 18882 18882 18883 18883 18884 18885 18888 18888 18888 18894 18895 18895 18896 18897 18900 18900 18901 18902 18902 18902 18903 18903 18906 18906 18907 18908 18909 18910 18910 18912 18914 18916 18916 18916 18917 18917 18917 18918 18918 18919 18920 18920 18921 18921 18924 18925 18927 18928 18930 18930 18931 18932 18934 18934 18935 18936 18936 18937 18937 18938 18938 18940 18944 18950 18952 18953 18953 18954 18954 18955 18955 18955 18960 18960 18960 18961 18962 18962 18962 18964 18966 18966 18968 18969 18969 18970 18970 18971 18971 18971 18972 18972 18973 18974 18975 18978 18979 18979 18979 18980 18981 18982 18983 18984 18984 18984 18985 18985 18986 18986 18986 18987 18987 18988 18988 18988 18988 18989 18989 18990 18991 18991 18992 18993 18994 18995 18996 18997 18998 18998 19000 19002 19004 19005 19006 19006 19008 19009 19009 19011 19011 19011 19011 19012 19012 19014 19016 19017 19018 19020 19021 19021 19022 19023 19024 19025 19025 19027 19028 19029 19030 19031 19032 19032 19033 19034 19034 19035 19036 19037 19038 19038 19038 19038 19041 19041 19045 19046 19047 19047 19048 19050 19051 19052 19052 19053 19053 19054 19054 19055 19055 19056 19060 19061 19064 19064 19064 19066 19068 19068 19068 19069 19069 19069 19070 19071 19071 19071 19073 19074 19075 19075 19075 19077 19080 19083 19083 19084 19084 19085 19087 19087 19087 19088 19089 19092 19092 19093 19095 19095 19095 19095 19095 19097 19100 19101 19101 19102 19103 19104 19105 19105 19106 19107 19107 19110 19111 19111 19112 19113 19115 19115 19117 19117 19119 19123 19124 19126 19126 19126 19126 19127 19128 19129 19129 19130 19131 19132 19133 19135 19135 19137 19137 19138 19140 19141 19143 19143 19143 19145 19145 19146 19147 19148 19148 19150 19150 19153 19153 19154 19156 19157 19157 19158 19159 19159 19160 19160 19163 19164 19164 19165 19167 19171 19171 19172 19173 19173 19173 19173 19176 19178 19178 19179 19179 19179 19181 19181 19181 19182 19182 19184 19185 19186 19188 19191 19191 19192 19193 19194 19194 19198 19198 19199 19199 19199 19201 19203 19204 19205 19205 19205 19206 19206 19207 19207 19208 19208 19209 19209 19210 19210 19210 19211 19211 19212 19212 19212 19212 19213 19216 19218 19218 19219 19219 19219 19220 19223 19224 19224 19225 19228 19228 19229 19230 19230 19231 19231 19234 19235 19235 19236 19237 19237 19237 19238 19238 19238 19243 19245 19245 19246 19246 19246 19248 19248 19248 19249 19252 19256 19259 19261 19262 19262 19263 19264 19264 19264 19265 19266 19267 19268 19269 19269 19270 19271 19271 19272 19272 19273 19274 19276 19279 19280 19280 19282 19283 19286 19289 19291 19291 19292 19292 19294 19294 19295 19295 19295 19296 19297 19297 19299 19299 19301 19304 19304 19305 19306 19308 19312 19313 19315 19316 19316 19316 19319 19319 19320 19321 19321 19322 19327 19327 19329 19330 19332 19334 19335 19337 19338 19341 19341 19341 19341 19342 19342 19342 19343 19346 19346 19348 19349 19351 19353 19355 19358 19358 19358 19358 19359 19361 19363 19364 19364 19366 19366 19366 19368 19370 19371 19372 19373 19373 19376 19376 19379 19380 19382 19384 19385 19385 19386 19386 19387 19387 19389 19390 19393 19393 19395 19395 19396 19397 19397 19398 19398 19398 19398 19399 19401 19403 19404 19406 19407 19407 19407 19408 19408 19409 19409 19411 19412 19415 19415 19417 19421 19424 19425 19425 19428 19429 19430 19431 19431 19431 19432 19433 19434 19434 19434 19434 19435 19437 19437 19437 19438 19439 19439 19439 19440 19442 19443 19444 19444 19445 19447 19447 19449 19450 19450 19451 19451 19453 19455 19455 19456 19458 19458 19458 19462 19464 19464 19464 19464 19469 19469 19469 19469 19469 19470 19471 19472 19474 19475 19476 19477 19480 19480 19481 19482 19483 19483 19484 19485 19485 19486 19486 19487 19487 19490 19491 19491 19491 19492 19493 19494 19494 19498 19499 19503 19503 19504 19506 19506 19508 19508 19509 19509 19510 19510 19511 19511 19511 19512 19512 19512 19513 19513 19513 19516 19517 19517 19518 19518 19521 19521 19522 19522 19523 19523 19524 19526 19526 19527 19527 19529 19531 19531 19531 19532 19536 19537 19537 19537 19540 19542 19542 19543 19543 19544 19545 19545 19547 19549 19549 19549 19552 19552 19553 19554 19556 19557 19557 19557 19557 19558 19559 19560 19562 19565 19565 19569 19569 19570 19570 19573 19573 19573 19574 19575 19575 19576 19577 19580 19581 19583 19585 19585 19586 19587 19587 19588 19591 19592 19592 19593 19600 19600 19600 19602 19605 19605 19605 19605 19605 19606 19607 19608 19608 19608 19609 19610 19611 19611 19612 19612 19613 19613 19613 19614 19615 19616 19617 19619 19619 19619 19620 19620 19621 19622 19623 19623 19623 19623 19624 19624 19625 19625 19626 19627 19627 19627 19627 19629 19630 19632 19633 19634 19635 19635 19635 19636 19636 19636 19638 19639 19639 19640 19641 19641 19642 19642 19642 19643 19643 19644 19645 19646 19647 19647 19649 19649 19650 19651 19651 19652 19652 19653 19654 19655 19656 19656 19658 19661 19664 19667 19668 19669 19669 19670 19670 19671 19672 19674 19675 19676 19677 19678 19678 19679 19681 19682 19683 19683 19684 19684 19685 19687 19689 19690 19690 19694 19694 19694 19697 19697 19697 19699 19699 19699 19700 19700 19701 19702 19702 19702 19703 19703 19703 19706 19706 19708 19709 19711 19711 19712 19712 19713 19717 19717 19718 19720 19724 19726 19727 19731 19733 19735 19736 19736 19738 19738 19740 19740 19741 19746 19746 19747 19749 19751 19752 19753 19754 19755 19756 19757 19757 19757 19757 19757 19757 19760 19760 19761 19761 19762 19762 19765 19766 19767 19767 19767 19769 19769 19769 19770 19770 19771 19771 19772 19773 19776 19777 19777 19778 19779 19782 19784 19784 19787 19788 19788 19789 19789 19790 19794 19795 19798 19798 19799 19799 19799 19800 19802 19803 19804 19804 19805 19806 19807 19807 19808 19809 19809 19811 19812 19812 19812 19812 19812 19813 19814 19815 19817 19817 19818 19819 19819 19819 19819 19819 19823 19824 19824 19825 19828 19831 19832 19833 19836 19837 19837 19839 19840 19840 19840 19841 19843 19844 19844 19845 19846 19847 19848 19849 19849 19850 19852 19852 19853 19854 19855 19855 19857 19857 19859 19862 19862 19863 19863 19863 19864 19864 19866 19868 19870 19870 19873 19873 19876 19876 19878 19879 19879 19879 19880 19880 19880 19881 19886 19886 19886 19886 19887 19887 19889 19890 19891 19891 19891 19892 19893 19894 19896 19897 19899 19900 19901 19903 19904 19904 19904 19904 19906 19906 19907 19907 19908 19908 19908 19911 19915 19915 19918 19918 19919 19920 19921 19924 19925 19925 19926 19928 19929 19930 19931 19932 19932 19933 19933 19933 19933 19933 19934 19935 19936 19937 19937 19938 19939 19939 19942 19943 19945 19946 19946 19946 19946 19947 19948 19948 19949 19949 19950 19951 19951 19951 19951 19952 19953 19954 19954 19956 19956 19958 19959 19963 19963 19964 19966 19967 19967 19967 19969 19971 19971 19971 19974 19974 19974 19976 19976 19976 19976 19977 19979 19979 19979 19980 19980 19980 19983 19984 19986 19990 19990 19991 19993 19994 19997 19998 19999 20000 20000 20002 20002 20003 20004 20006 20008 20008 20009 20010 20010 20011 20011 20011 20011 20012 20013 20013 20014 20015 20016 20017 20018 20018 20020 20020 20021 20022 20023 20025 20025 20025 20025 20025 20026 20027 20027 20028 20034 20034 20035 20035 20035 20036 20037 20037 20037 20037 20038 20041 20041 20042 20045 20045 20045 20046 20047 20047 20049 20049 20049 20052 20052 20055 20058 20058 20060 20060 20060 20061 20063 20063 20065 20066 20068 20071 20073 20075 20075 20075 20078 20078 20078 20079 20079 20080 20081 20082 20082 20082 20083 20083 20086 20087 20087 20087 20087 20087 20088 20088 20090 20091 20092 20092 20092 20093 20094 20094 20095 20097 20098 20100 20100 20104 20104 20105 20106 20106 20106 20107 20107 20107 20107 20108 20108 20109 20110 20111 20113 20114 20114 20115 20116 20117 20117 20117 20117 20119 20119 20121 20122 20122 20125 20125 20126 20126 20128 20128 20130 20130 20131 20132 20134 20134 20136 20137 20137 20137 20138 20139 20139 20139 20139 20142 20144 20144 20146 20147 20147 20147 20149 20149 20151 20151 20152 20152 20153 20153 20153 20153 20153 20154 20154 20159 20159 20159 20160 20160 20162 20162 20164 20164 20165 20165 20166 20166 20168 20169 20170 20170 20171 20172 20172 20173 20173 20173 20173 20174 20174 20174 20175 20176 20178 20180 20180 20183 20183 20184 20184 20185 20186 20186 20186 20187 20188 20188 20189 20191 20192 20193 20196 20196 20197 20197 20199 20199 20200 20200 20202 20204 20205 20206 20206 20207 20208 20209 20209 20210 20212 20216 20218 20218 20219 20219 20219 20220 20221 20221 20223 20224 20224 20226 20226 20227 20227 20227 20227 20227 20228 20229 20229 20229 20230 20230 20231 20232 20234 20234 20236 20237 20238 20238 20239 20240 20241 20241 20243 20244 20244 20244 20245 20245 20246 20247 20247 20248 20251 20252 20254 20256 20257 20257 20258 20259 20259 20261 20262 20263 20265 20266 20269 20270 20270 20270 20276 20278 20278 20279 20279 20280 20282 20282 20282 20283 20283 20286 20286 20288 20291 20293 20298 20299 20300 20300 20301 20301 20302 20302 20310 20310 20311 20315 20315 20316 20320 20320 20321 20322 20323 20323 20324 20326 20327 20327 20328 20329 20329 20329 20330 20330 20331 20333 20335 20336 20337 20338 20338 20340 20340 20342 20342 20342 20343 20347 20351 20352 20352 20353 20355 20356 20358 20358 20358 20359 20360 20360 20364 20365 20366 20366 20366 20366 20366 20368 20370 20372 20373 20374 20377 20380 20380 20381 20383 20385 20385 20385 20386 20387 20387 20388 20389 20390 20391 20394 20394 20395 20396 20397 20397 20399 20400 20402 20402 20404 20406 20407 20408 20409 20410 20411 20412 20413 20416 20416 20417 20420 20423 20423 20425 20429 20432 20435 20438 20439 20442 20443 20443 20444 20445 20445 20447 20449 20450 20451 20452 20452 20453 20453 20454 20455 20459 20460 20461 20461 20461 20461 20462 20463 20463 20463 20464 20464 20464 20465 20465 20465 20467 20467 20468 20470 20471 20472 20472 20472 20474 20475 20477 20478 20479 20481 20481 20481 20487 20487 20487 20488 20488 20488 20488 20489 20490 20490 20491 20491 20493 20494 20494 20496 20497 20497 20498 20500 20501 20503 20503 20505 20505 20508 20509 20512 20512 20513 20514 20515 20518 20518 20520 20523 20523 20525 20526 20528 20529 20529 20530 20530 20531 20531 20534 20538 20539 20540 20540 20542 20542 20544 20544 20545 20547 20548 20548 20549 20550 20551 20551 20552 20553 20554 20555 20557 20558 20558 20559 20560 20561 20561 20563 20563 20566 20567 20567 20567 20568 20569 20571 20571 20571 20573 20574 20575 20577 20580 20582 20582 20582 20582 20583 20583 20583 20586 20586 20587 20587 20588 20590 20590 20590 20592 20593 20594 20594 20594 20594 20595 20598 20598 20598 20600 20601 20603 20603 20603 20604 20605 20605 20605 20606 20607 20607 20608 20612 20612 20613 20613 20614 20614 20615 20615 20616 20616 20617 20617 20617 20618 20619 20619 20622 20625 20625 20625 20626 20626 20627 20627 20628 20628 20629 20632 20633 20635 20636 20636 20637 20639 20639 20640 20642 20642 20643 20644 20645 20646 20647 20648 20648 20650 20651 20651 20651 20653 20655 20655 20657 20658 20659 20660 20661 20661 20663 20664 20665 20666 20668 20670 20670 20670 20671 20672 20672 20673 20673 20674 20675 20676 20676 20678 20679 20683 20683 20684 20684 20684 20685 20685 20685 20686 20686 20687 20687 20689 20691 20691 20692 20692 20694 20695 20695 20696 20696 20696 20697 20697 20699 20700 20701 20702 20702 20704 20704 20705 20707 20707 20708 20709 20709 20710 20712 20712 20716 20716 20717 20718 20718 20720 20720 20720 20721 20722 20722 20725 20727 20727 20728 20730 20734 20735 20736 20737 20737 20738 20739 20739 20740 20741 20742 20745 20745 20746 20748 20748 20749 20751 20751 20754 20754 20754 20754 20755 20761 20761 20761 20762 20763 20763 20764 20764 20764 20765 20766 20767 20770 20771 20773 20773 20774 20775 20776 20776 20777 20777 20777 20778 20780 20781 20781 20782 20782 20783 20783 20784 20784 20785 20786 20786 20787 20788 20789 20789 20790 20790 20792 20796 20798 20800 20803 20803 20805 20805 20806 20806 20807 20809 20814 20815 20818 20818 20819 20819 20821 20822 20826 20826 20829 20830 20830 20833 20833 20833 20834 20834 20836 20839 20839 20839 20840 20841 20841 20842 20843 20844 20845 20848 20849 20849 20850 20852 20852 20852 20855 20857 20858 20858 20858 20862 20866 20867 20868 20870 20871 20872 20872 20877 20878 20878 20878 20879 20880 20880 20880 20880 20881 20885 20887 20888 20890 20890 20890 20894 20894 20895 20897 20898 20898 20900 20901 20901 20902 20903 20903 20903 20904 20906 20910 20912 20914 20915 20915 20916 20916 20917 20918 20920 20920 20920 20920 20920 20924 20924 20927 20928 20929 20930 20930 20931 20932 20933 20933 20935 20937 20937 20939 20940 20941 20942 20942 20943 20943 20943 20944 20947 20951 20952 20953 20955 20956 20958 20960 20960 20962 20962 20963 20965 20965 20967 20967 20967 20968 20968 20969 20969 20971 20971 20972 20972 20972 20974 20974 20974 20974 20974 20975 20976 20976 20977 20977 20978 20980 20983 20985 20985 20985 20990 20991 20991 20992 20992 20995 20996 20996 20996 20996 20997 20999 20999 20999 21000 21000 21001 21003 21004 21006 21008 21010 21011 21014 21014 21014 21017 21017 21017 21018 21019 21020 21021 21022 21025 21026 21026 21027 21029 21029 21029 21029 21029 21029 21033 21033 21033 21034 21034 21038 21039 21041 21041 21041 21042 21045 21046 21047 21047 21048 21048 21049 21049 21050 21050 21050 21051 21052 21055 21055 21055 21057 21058 21059 21059 21059 21060 21060 21061 21061 21068 21069 21070 21070 21070 21073 21075 21076 21077 21077 21077 21079 21079 21079 21080 21081 21081 21083 21084 21085 21086 21086 21094 21096 21097 21098 21098 21104 21105 21107 21109 21111 21112 21116 21116 21118 21119 21124 21129 21130 21132 21132 21133 21134 21134 21136 21138 21138 21139 21139 21139 21139 21140 21141 21141 21142 21142 21142 21142 21143 21144 21144 21145 21147 21149 21152 21152 21155 21159 21160 21161 21163 21164 21164 21165 21165 21165 21168 21168 21168 21168 21168 21170 21170 21171 21172 21173 21176 21178 21178 21178 21180 21180 21183 21186 21188 21189 21192 21193 21193 21195 21196 21197 21198 21199 21202 21203 21204 21205 21208 21209 21209 21210 21213 21215 21216 21218 21220 21221 21223 21225 21225 21226 21226 21227 21227 21228 21230 21230 21230 21232 21233 21233 21233 21235 21239 21240 21240 21241 21242 21242 21245 21246 21248 21248 21249 21253 21253 21254 21255 21256 21257 21258 21263 21263 21263 21265 21266 21266 21266 21266 21266 21270 21276 21277 21278 21279 21279 21280 21281 21282 21285 21286 21289 21291 21295 21296 21296 21299 21300 21300 21302 21304 21305 21306 21306 21308 21309 21312 21312 21313 21313 21315 21316 21318 21321 21322 21323 21324 21324 21327 21331 21331 21332 21335 21336 21336 21337 21337 21337 21339 21340 21341 21341 21341 21341 21342 21342 21344 21344 21344 21344 21346 21348 21349 21350 21353 21353 21354 21354 21355 21358 21361 21362 21363 21364 21365 21367 21367 21368 21369 21370 21370 21374 21377 21378 21379 21380 21381 21381 21381 21382 21382 21383 21384 21384 21385 21385 21385 21386 21387 21387 21388 21389 21390 21390 21391 21395 21396 21397 21397 21397 21398 21399 21400 21401 21402 21405 21406 21407 21407 21407 21408 21409 21410 21412 21412 21413 21415 21417 21418 21418 21418 21419 21420 21420 21422 21423 21423 21424 21424 21424 21425 21426 21426 21427 21427 21427 21429 21430 21430 21431 21432 21432 21434 21435 21435 21436 21437 21438 21438 21438 21439 21439 21440 21440 21441 21443 21447 21448 21448 21448 21449 21450 21450 21451 21451 21451 21452 21452 21453 21454 21454 21455 21456 21458 21459 21459 21460 21461 21462 21463 21463 21463 21467 21469 21469 21470 21472 21472 21473 21474 21475 21478 21478 21479 21480 21484 21484 21484 21485 21485 21486 21490 21491 21492 21493 21494 21495 21495 21495 21498 21498 21498 21501 21502 21504 21505 21506 21508 21514 21514 21515 21515 21516 21516 21517 21519 21519 21521 21521 21522 21523 21523 21523 21525 21525 21527 21529 21529 21529 21530 21530 21531 21531 21531 21535 21537 21537 21538 21538 21538 21540 21542 21542 21543 21546 21547 21548 21549 21549 21549 21551 21551 21552 21553 21553 21554 21556 21557 21559 21559 21560 21561 21562 21563 21565 21566 21567 21567 21568 21569 21571 21572 21573 21575 21577 21579 21579 21580 21580 21580 21580 21581 21582 21583 21583 21583 21584 21586 21587 21588 21588 21589 21589 21590 21590 21590 21590 21591 21592 21592 21593 21595 21595 21595 21595 21596 21596 21598 21598 21598 21599 21599 21600 21601 21601 21602 21604 21606 21606 21607 21608 21609 21609 21610 21610 21611 21611 21611 21616 21617 21617 21618 21618 21619 21619 21620 21621 21622 21623 21623 21624 21625 21626 21628 21628 21628 21629 21629 21631 21633 21635 21635 21636 21637 21637 21637 21639 21644 21644 21648 21648 21649 21650 21650 21652 21652 21652 21652 21653 21653 21653 21654 21654 21657 21659 21660 21661 21661 21662 21663 21665 21665 21666 21666 21667 21671 21671 21672 21672 21674 21675 21676 21677 21677 21677 21679 21679 21679 21679 21683 21683 21685 21685 21687 21690 21692 21695 21695 21699 21699 21700 21700 21701 21701 21704 21704 21704 21705 21706 21709 21709 21710 21710 21712 21713 21714 21714 21715 21715 21716 21716 21716 21716 21717 21718 21719 21719 21721 21721 21721 21722 21723 21723 21724 21724 21727 21727 21728 21728 21729 21732 21732 21732 21734 21735 21735 21737 21739 21740 21740 21741 21742 21742 21742 21743 21743 21744 21745 21746 21746 21747 21747 21748 21749 21750 21751 21752 21752 21752 21753 21754 21755 21758 21758 21758 21758 21761 21761 21762 21762 21766 21767 21767 21768 21768 21768 21771 21775 21776 21777 21777 21779 21780 21782 21782 21783 21783 21786 21786 21788 21791 21791 21792 21793 21793 21793 21794 21795 21797 21797 21798 21799 21801 21801 21802 21802 21803 21805 21806 21810 21816 21816 21817 21817 21818 21819 21819 21821 21821 21823 21823 21824 21825 21827 21828 21829 21832 21834 21836 21837 21843 21845 21846 21846 21846 21847 21848 21848 21849 21850 21852 21852 21854 21855 21855 21855 21856 21856 21860 21861 21862 21863 21866 21866 21867 21868 21869 21869 21870 21870 21872 21876 21878 21881 21884 21884 21885 21886 21888 21889 21893 21893 21893 21894 21896 21898 21900 21900 21900 21900 21900 21904 21904 21904 21904 21904 21905 21905 21909 21911 21913 21913 21914 21915 21915 21916 21916 21919 21919 21919 21920 21921 21922 21922 21922 21926 21926 21927 21927 21930 21934 21934 21935 21936 21936 21939 21939 21940 21941 21941 21942 21942 21942 21945 21949 21949 21949 21950 21954 21954 21956 21956 21959 21960 21960 21961 21964 21964 21964 21965 21965 21966 21966 21967 21969 21969 21970 21971 21971 21972 21973 21973 21975 21975 21978 21979 21981 21981 21981 21982 21983 21983 21985 21986 21986 21988 21988 21989 21989 21990 21990 21990 21991 21993 21993 21995 21996 21996 21997 21997 21998 21998 21999 22001 22001 22005 22006 22006 22006 22008 22010 22011 22014 22016 22016 22017 22018 22018 22018 22019 22021 22021 22022 22023 22023 22024 22024 22025 22026 22026 22027 22028 22028 22028 22028 22031 22032 22032 22032 22033 22033 22033 22033 22033 22035 22036 22036 22038 22039 22040 22040 22041 22044 22045 22045 22048 22048 22049 22050 22051 22054 22054 22054 22055 22055 22056 22057 22058 22060 22061 22062 22062 22062 22062 22063 22065 22069 22069 22069 22069 22072 22072 22074 22075 22075 22076 22076 22077 22077 22079 22079 22081 22081 22081 22083 22084 22085 22088 22089 22090 22091 22091 22095 22096 22097 22097 22097 22098 22099 22099 22101 22101 22102 22102 22103 22104 22108 22108 22108 22111 22111 22113 22114 22115 22115 22116 22116 22116 22117 22117 22119 22119 22119 22120 22120 22122 22123 22125 22126 22127 22127 22128 22128 22129 22129 22130 22134 22135 22138 22140 22142 22143 22143 22144 22144 22147 22149 22149 22150 22150 22150 22151 22153 22153 22154 22154 22156 22157 22157 22158 22159 22159 22160 22161 22161 22164 22166 22166 22169 22170 22170 22171 22173 22173 22176 22177 22177 22177 22178 22180 22181 22182 22182 22183 22184 22184 22184 22186 22188 22188 22188 22189 22189 22191 22192 22192 22193 22194 22194 22195 22195 22195 22196 22196 22197 22199 22199 22199 22203 22204 22204 22206 22208 22209 22209 22213 22216 22216 22217 22217 22218 22218 22218 22219 22222 22223 22224 22226 22228 22228 22229 22230 22230 22232 22237 22237 22239 22239 22239 22240 22241 22242 22242 22244 22245 22245 22245 22245 22248 22249 22249 22250 22250 22250 22252 22253 22253 22253 22256 22257 22257 22258 22260 22262 22263 22266 22267 22267 22267 22268 22269 22269 22270 22271 22272 22273 22273 22273 22273 22274 22275 22276 22277 22277 22277 22279 22280 22280 22282 22283 22284 22284 22285 22287 22288 22289 22291 22292 22293 22293 22294 22294 22295 22296 22297 22299 22299 22300 22302 22305 22309 22310 22313 22313 22314 22316 22317 22318 22318 22323 22324 22325 22325 22327 22327 22328 22329 22331 22334 22334 22335 22335 22337 22338 22338 22338 22339 22340 22341 22343 22344 22344 22345 22345 22345 22346 22346 22347 22348 22350 22351 22351 22351 22352 22352 22356 22359 22360 22362 22368 22368 22369 22369 22370 22370 22371 22372 22373 22374 22375 22378 22379 22382 22382 22382 22385 22386 22386 22389 22389 22392 22393 22395 22395 22395 22396 22396 22397 22400 22401 22403 22405 22405 22405 22406 22408 22410 22412 22413 22413 22413 22414 22415 22418 22419 22421 22421 22421 22422 22422 22423 22424 22424 22427 22428 22428 22429 22432 22432 22434 22434 22435 22435 22435 22437 22438 22438 22438 22438 22439 22440 22440 22440 22440 22443 22443 22446 22447 22447 22448 22448 22450 22451 22451 22454 22455 22455 22455 22455 22456 22457 22458 22459 22459 22460 22460 22463 22463 22466 22468 22468 22468 22469 22470 22471 22474 22474 22475 22477 22477 22478 22478 22478 22480 22480 22481 22481 22482 22482 22483 22484 22485 22489 22490 22492 22492 22495 22495 22496 22496 22498 22501 22501 22502 22503 22505 22505 22506 22508 22508 22508 22510 22513 22513 22513 22516 22516 22518 22519 22519 22519 22519 22523 22526 22526 22529 22531 22532 22533 22533 22533 22533 22534 22535 22536 22536 22537 22537 22538 22539 22539 22539 22539 22541 22542 22545 22545 22545 22546 22547 22547 22548 22550 22550 22551 22552 22552 22553 22554 22555 22556 22556 22557 22558 22559 22559 22560 22561 22561 22562 22563 22565 22566 22568 22570 22570 22571 22572 22576 22577 22578 22579 22580 22581 22584 22584 22585 22585 22587 22591 22592 22592 22592 22592 22593 22593 22595 22595 22596 22597 22597 22597 22599 22600 22601 22602 22603 22604 22605 22605 22607 22608 22609 22611 22612 22612 22612 22613 22613 22614 22614 22617 22619 22620 22620 22622 22625 22626 22627 22627 22633 22633 22634 22634 22634 22635 22637 22637 22639 22640 22640 22640 22640 22642 22642 22642 22643 22645 22648 22650 22650 22651 22652 22652 22653 22656 22657 22658 22660 22661 22662 22663 22664 22666 22667 22667 22667 22668 22668 22671 22671 22672 22672 22672 22673 22673 22674 22674 22678 22679 22680 22680 22681 22683 22683 22684 22685 22687 22687 22688 22688 22689 22690 22693 22694 22695 22695 22696 22696 22697 22698 22701 22704 22704 22705 22705 22706 22708 22709 22711 22711 22713 22713 22713 22714 22716 22717 22719 22719 22719 22720 22720 22721 22722 22723 22723 22724 22725 22725 22728 22730 22730 22730 22731 22731 22732 22733 22733 22733 22734 22735 22737 22740 22741 22745 22747 22749 22750 22750 22752 22753 22753 22753 22756 22756 22759 22759 22760 22761 22762 22765 22766 22766 22767 22768 22768 22769 22769 22770 22773 22777 22779 22780 22780 22785 22786 22787 22787 22788 22788 22788 22789 22789 22789 22790 22790 22795 22796 22796 22797 22797 22798 22798 22799 22800 22801 22802 22804 22804 22807 22807 22807 22810 22810 22811 22811 22815 22816 22816 22818 22819 22819 22819 22820 22821 22824 22825 22825 22826 22827 22828 22829 22829 22830 22831 22831 22832 22833 22833 22834 22835 22841 22841 22842 22843 22844 22844 22845 22846 22847 22847 22849 22849 22849 22850 22850 22850 22851 22854 22854 22855 22857 22859 22861 22861 22862 22863 22864 22864 22866 22868 22868 22869 22869 22870 22871 22872 22875 22876 22876 22877 22879 22880 22883 22884 22884 22886 22887 22888 22888 22888 22888 22889 22891 22891 22893 22894 22894 22895 22896 22896 22897 22898 22898 22901 22902 22903 22903 22903 22903 22904 22905 22905 22906 22906 22909 22910 22911 22913 22914 22915 22916 22917 22917 22918 22920 22922 22922 22923 22923 22924 22925 22927 22927 22928 22932 22932 22934 22934 22935 22936 22936 22937 22937 22939 22941 22941 22942 22943 22943 22943 22944 22945 22947 22948 22949 22949 22950 22953 22956 22956 22956 22957 22958 22958 22960 22966 22967 22969 22970 22971 22973 22974 22974 22975 22975 22978 22982 22982 22983 22983 22984 22985 22986 22987 22988 22989 22989 22990 22991 22992 22993 22993 22993 22994 22996 22997 22998 23000 23000 23002 23002 23003 23004 23004 23005 23008 23009 23010 23011 23012 23014 23014 23014 23015 23016 23017 23017 23019 23019 23021 23021 23021 23022 23023 23024 23026 23027 23029 23030 23031 23032 23033 23033 23033 23033 23034 23036 23037 23038 23039 23039 23040 23041 23041 23042 23043 23043 23045 23047 23047 23048 23048 23052 23055 23055 23055 23056 23057 23057 23058 23058 23059 23063 23064 23067 23067 23067 23068 23068 23071 23071 23072 23074 23075 23075 23077 23079 23079 23080 23080 23082 23083 23087 23087 23089 23090 23093 23093 23094 23094 23094 23096 23097 23097 23098 23100 23100 23101 23102 23106 23106 23107 23107 23110 23110 23112 23113 23115 23116 23116 23116 23118 23119 23119 23120 23120 23120 23123 23123 23124 23124 23124 23124 23125 23127 23128 23128 23128 23129 23129 23130 23131 23132 23132 23134 23135 23135 23136 23137 23138 23141 23141 23142 23142 23143 23143 23144 23144 23145 23145 23148 23150 23150 23151 23152 23152 23153 23154 23156 23157 23157 23159 23162 23162 23163 23163 23164 23165 23169 23171 23171 23171 23171 23174 23175 23176 23176 23176 23177 23177 23179 23179 23180 23180 23180 23180 23182 23183 23185 23186 23188 23189 23192 23192 23194 23197 23198 23198 23199 23199 23200 23202 23202 23202 23203 23204 23204 23205 23206 23208 23208 23209 23209 23211 23214 23217 23219 23221 23223 23223 23225 23225 23225 23226 23227 23227 23227 23227 23227 23228 23232 23235 23235 23236 23237 23238 23238 23239 23239 23241 23242 23242 23244 23244 23245 23245 23249 23249 23251 23251 23253 23254 23254 23256 23257 23258 23259 23260 23260 23260 23262 23262 23263 23263 23263 23266 23266 23266 23267 23267 23268 23268 23272 23274 23276 23276 23279 23282 23283 23284 23285 23288 23288 23290 23291 23291 23291 23292 23292 23293 23293 23294 23296 23296 23299 23300 23301 23302 23302 23302 23303 23303 23305 23306 23306 23308 23309 23310 23310 23310 23311 23316 23319 23320 23320 23321 23323 23324 23325 23326 23326 23327 23327 23327 23328 23330 23331 23331 23334 23334 23335 23336 23336 23337 23337 23337 23338 23339 23341 23341 23341 23341 23342 23343 23346 23347 23350 23350 23351 23352 23353 23353 23353 23353 23354 23356 23356 23357 23358 23359 23359 23361 23361 23364 23364 23364 23368 23368 23369 23370 23374 23374 23375 23378 23380 23380 23382 23383 23385 23386 23386 23386 23388 23390 23390 23390 23391 23393 23393 23394 23395 23396 23397 23398 23398 23400 23400 23401 23403 23404 23405 23407 23408 23408 23409 23409 23410 23410 23413 23414 23414 23415 23415 23417 23419 23419 23419 23419 23420 23421 23421 23422 23423 23423 23423 23424 23425 23425 23428 23429 23429 23430 23432 23433 23437 23439 23439 23441 23443 23444 23444 23445 23446 23449 23450 23450 23451 23452 23453 23454 23455 23457 23457 23457 23458 23460 23460 23460 23461 23461 23462 23465 23465 23466 23466 23469 23469 23470 23470 23470 23472 23473 23473 23477 23478 23478 23478 23479 23480 23480 23481 23481 23482 23486 23487 23487 23490 23490 23493 23495 23495 23495 23496 23498 23498 23500 23500 23500 23500 23502 23502 23503 23503 23506 23507 23509 23510 23510 23511 23511 23512 23512 23512 23515 23516 23516 23517 23517 23518 23519 23519 23520 23522 23523 23524 23524 23525 23525 23526 23527 23527 23528 23530 23530 23531 23532 23533 23533 23534 23537 23538 23539 23539 23541 23542 23543 23544 23545 23545 23546 23548 23548 23550 23552 23552 23552 23553 23553 23553 23554 23555 23555 23557 23558 23558 23559 23560 23560 23561 23562 23562 23563 23565 23565 23566 23567 23567 23570 23570 23570 23570 23570 23572 23573 23573 23573 23575 23575 23577 23577 23578 23578 23582 23583 23586 23587 23587 23588 23590 23591 23591 23591 23593 23593 23593 23595 23595 23597 23599 23599 23601 23601 23601 23601 23603 23604 23604 23605 23605 23606 23607 23608 23608 23611 23614 23615 23615 23616 23618 23619 23619 23621 23624 23625 23625 23626 23626 23627 23628 23629 23629 23630 23631 23632 23633 23634 23635 23638 23640 23642 23642 23643 23644 23645 23646 23648 23648 23649 23651 23652 23652 23652 23653 23653 23654 23654 23655 23656 23658 23658 23659 23659 23665 23666 23666 23667 23672 23673 23673 23674 23674 23676 23677 23679 23680 23682 23683 23683 23683 23683 23683 23684 23684 23686 23688 23691 23692 23693 23695 23697 23700 23703 23703 23704 23706 23707 23707 23708 23709 23717 23719 23719 23720 23721 23721 23723 23724 23724 23724 23725 23726 23726 23726 23730 23732 23732 23732 23732 23733 23734 23735 23743 23743 23744 23744 23745 23745 23747 23749 23753 23755 23755 23756 23757 23758 23759 23759 23760 23761 23763 23763 23763 23764 23764 23765 23765 23765 23768 23768 23769 23769 23770 23771 23772 23773 23773 23775 23776 23778 23778 23779 23780 23780 23780 23783 23783 23784 23784 23785 23786 23787 23788 23788 23789 23790 23792 23792 23793 23793 23795 23795 23798 23799 23800 23801 23802 23803 23804 23804 23806 23807 23807 23808 23809 23810 23812 23812 23813 23815 23817 23817 23819 23820 23822 23822 23822 23824 23825 23825 23826 23826 23831 23833 23834 23834 23836 23838 23839 23840 23840 23841 23842 23844 23844 23846 23847 23847 23847 23847 23848 23849 23850 23850 23851 23853 23853 23853 23853 23854 23856 23856 23857 23857 23859 23859 23862 23863 23863 23868 23869 23869 23870 23872 23876 23876 23876 23878 23881 23883 23884 23886 23886 23887 23887 23888 23890 23894 23894 23896 23897 23898 23899 23900 23901 23901 23903 23904 23904 23906 23906 23907 23908 23911 23912 23912 23912 23913 23913 23913 23913 23914 23915 23916 23916 23917 23918 23919 23920 23921 23921 23921 23921 23923 23923 23924 23924 23927 23927 23929 23929 23932 23932 23935 23936 23937 23938 23938 23939 23942 23943 23944 23944 23944 23946 23947 23948 23949 23954 23954 23954 23957 23959 23959 23959 23960 23960 23960 23961 23961 23963 23963 23965 23966 23966 23966 23966 23967 23969 23970 23972 23972 23972 23974 23976 23977 23979 23979 23979 23979 23980 23980 23980 23980 23981 23982 23982 23982 23982 23982 23982 23983 23984 23984 23986 23986 23988 23988 23988 23991 23998 23999 24001 24001 24004 24004 24006 24007 24007 24008 24008 24011 24011 24012 24014 24015 24017 24017 24018 24019 24019 24019 24020 24020 24020 24023 24024 24025 24027 24027 24028 24029 24032 24032 24033 24035 24035 24036 24036 24036 24037 24038 24039 24039 24039 24039 24041 24043 24045 24048 24049 24050 24055 24058 24059 24062 24063 24064 24064 24064 24065 24065 24067 24067 24069 24069 24069 24073 24073 24076 24079 24079 24080 24081 24081 24082 24084 24086 24089 24089 24092 24092 24093 24095 24095 24095 24096 24096 24097 24097 24100 24100 24100 24100 24101 24101 24101 24104 24105 24106 24106 24106 24108 24110 24111 24111 24111 24113 24114 24115 24115 24117 24120 24121 24121 24122 24122 24123 24123 24124 24124 24124 24125 24126 24127 24129 24129 24129 24129 24129 24129 24130 24130 24135 24137 24140 24140 24141 24142 24142 24145 24146 24151 24152 24154 24154 24154 24155 24156 24157 24157 24158 24159 24159 24163 24163 24163 24165 24168 24170 24171 24173 24174 24177 24177 24178 24179 24179 24180 24181 24182 24187 24189 24190 24192 24193 24195 24195 24196 24196 24197 24198 24199 24201 24201 24202 24203 24204 24204 24204 24205 24206 24207 24207 24208 24208 24210 24213 24215 24215 24217 24217 24219 24223 24224 24224 24225 24226 24226 24227 24227 24227 24228 24229 24229 24229 24232 24233 24233 24235 24236 24236 24237 24238 24240 24240 24241 24244 24244 24246 24247 24247 24248 24249 24249 24249 24250 24251 24251 24252 24252 24256 24257 24258 24258 24259 24260 24260 24261 24261 24262 24262 24262 24263 24264 24264 24264 24267 24268 24269 24269 24270 24270 24271 24272 24272 24273 24274 24274 24276 24277 24277 24279 24279 24280 24281 24282 24283 24283 24283 24283 24286 24287 24287 24288 24290 24291 24292 24293 24296 24297 24297 24298 24299 24303 24305 24305 24307 24309 24309 24310 24311 24311 24313 24313 24316 24316 24316 24316 24316 24317 24318 24318 24318 24319 24320 24323 24323 24323 24324 24326 24326 24327 24327 24327 24328 24329 24333 24333 24334 24336 24336 24337 24337 24338 24338 24338 24338 24338 24339 24339 24341 24342 24343 24344 24345 24347 24349 24349 24355 24356 24357 24358 24358 24358 24360 24361 24361 24362 24363 24364 24364 24365 24365 24366 24366 24366 24366 24368 24370 24371 24371 24372 24373 24373 24377 24378 24378 24382 24383 24384 24386 24387 24388 24388 24389 24390 24390 24391 24392 24392 24392 24393 24393 24394 24396 24396 24396 24398 24400 24400 24400 24400 24401 24402 24404 24406 24408 24409 24409 24411 24411 24412 24414 24416 24416 24417 24417 24417 24418 24419 24419 24419 24420 24420 24421 24425 24425 24426 24427 24427 24428 24430 24432 24432 24434 24435 24435 24435 24435 24436 24436 24436 24437 24438 24441 24442 24442 24442 24443 24443 24444 24444 24445 24445 24445 24446 24447 24448 24448 24450 24450 24450 24453 24454 24454 24456 24456 24458 24458 24463 24463 24464 24465 24467 24468 24469 24470 24470 24472 24473 24477 24477 24477 24477 24478 24479 24479 24482 24482 24483 24483 24484 24484 24485 24487 24489 24490 24492 24492 24493 24493 24493 24495 24496 24499 24500 24502 24502 24505 24506 24507 24510 24512 24514 24515 24516 24517 24518 24518 24518 24520 24520 24522 24522 24523 24523 24523 24525 24525 24526 24527 24528 24530 24531 24531 24531 24532 24532 24534 24538 24539 24539 24540 24540 24543 24543 24544 24545 24548 24548 24549 24549 24550 24550 24550 24552 24553 24553 24554 24554 24555 24555 24555 24557 24558 24558 24559 24560 24561 24562 24564 24564 24567 24567 24568 24569 24570 24570 24571 24572 24572 24572 24573 24574 24575 24575 24577 24579 24579 24581 24582 24583 24584 24585 24585 24585 24585 24586 24586 24587 24591 24591 24591 24594 24594 24595 24599 24600 24601 24601 24602 24602 24603 24604 24604 24605 24605 24606 24607 24608 24610 24611 24612 24612 24613 24613 24613 24616 24616 24618 24622 24623 24624 24625 24626 24627 24628 24629 24629 24630 24631 24633 24634 24636 24636 24636 24637 24638 24638 24638 24643 24644 24646 24646 24650 24650 24652 24652 24652 24653 24654 24654 24655 24657 24658 24659 24660 24662 24662 24663 24663 24665 24665 24666 24666 24666 24666 24667 24667 24667 24667 24668 24669 24670 24672 24672 24672 24672 24673 24673 24674 24675 24675 24676 24677 24677 24680 24680 24680 24681 24683 24684 24686 24687 24689 24689 24690 24690 24691 24692 24692 24692 24695 24695 24696 24697 24701 24703 24703 24703 24705 24707 24708 24708 24709 24710 24713 24716 24716 24720 24723 24725 24725 24726 24727 24728 24730 24731 24731 24733 24734 24736 24736 24740 24741 24742 24742 24743 24743 24743 24747 24749 24750 24750 24752 24754 24755 24755 24756 24756 24757 24758 24762 24762 24762 24762 24764 24767 24770 24770 24771 24772 24776 24779 24779 24779 24781 24781 24781 24782 24784 24784 24785 24785 24786 24786 24787 24790 24791 24792 24793 24793 24793 24794 24794 24795 24795 24795 24797 24797 24798 24798 24800 24802 24803 24803 24803 24804 24805 24805 24805 24806 24807 24807 24807 24810 24811 24811 24813 24814 24814 24814 24815 24816 24817 24817 24817 24818 24819 24819 24820 24820 24822 24822 24823 24823 24823 24824 24825 24826 24827 24828 24829 24831 24831 24835 24836 24836 24837 24838 24839 24840 24840 24841 24843 24845 24848 24848 24849 24854 24854 24856 24856 24857 24857 24857 24859 24861 24861 24863 24864 24864 24865 24866 24866 24867 24868 24869 24871 24871 24871 24872 24873 24874 24877 24878 24878 24880 24880 24881 24882 24883 24884 24885 24886 24887 24887 24889 24889 24890 24890 24891 24892 24892 24893 24893 24896 24896 24897 24897 24899 24899 24900 24900 24901 24902 24902 24904 24905 24906 24906 24907 24907 24909 24910 24911 24912 24913 24914 24915 24916 24916 24917 24917 24918 24923 24924 24924 24925 24925 24925 24925 24925 24926 24926 24926 24927 24927 24927 24927 24928 24929 24930 24931 24932 24932 24933 24933 24934 24934 24935 24936 24937 24937 24938 24939 24940 24940 24941 24942 24942 24943 24944 24944 24945 24953 24953 24956 24957 24961 24963 24963 24967 24968 24970 24970 24972 24973 24973 24976 24977 24977 24978 24981 24981 24982 24982 24982 24982 24983 24984 24985 24988 24988 24988 24990 24993 24993 24994 24994 24995 24995 24995 24996 24996 24999 25001 25001 25001 25002 25002 25003 25007 25007 25009 25013 25014 25014 25014 25016 25019 25022 25023 25024 25027 25032 25032 25033 25033 25034 25034 25035 25036 25043 25044 25045 25046 25047 25048 25048 25049 25049 25050 25050 25053 25054 25055 25055 25056 25057 25058 25058 25059 25059 25061 25061 25062 25062 25064 25067 25068 25072 25073 25075 25078 25080 25080 25081 25081 25082 25084 25087 25087 25088 25088 25090 25091 25092 25094 25095 25096 25097 25097 25098 25099 25101 25102 25102 25102 25102 25103 25104 25105 25107 25109 25111 25112 25114 25115 25115 25117 25118 25119 25124 25125 25125 25126 25126 25126 25127 25128 25129 25129 25130 25132 25132 25132 25134 25134 25136 25137 25138 25139 25139 25139 25141 25142 25144 25144 25144 25146 25146 25147 25148 25149 25151 25152 25153 25155 25157 25157 25158 25158 25160 25161 25161 25162 25165 25165 25166 25167 25168 25171 25171 25172 25172 25173 25174 25174 25175 25176 25176 25176 25176 25178 25179 25179 25181 25181 25182 25184 25186 25186 25187 25187 25188 25188 25189 25189 25189 25194 25194 25196 25199 25199 25199 25199 25200 25200 25201 25202 25203 25203 25204 25205 25208 25209 25209 25210 25210 25210 25211 25215 25216 25217 25218 25220 25221 25223 25224 25224 25227 25227 25229 25229 25231 25233 25234 25235 25237 25239 25239 25239 25239 25240 25240 25240 25241 25242 25244 25244 25245 25247 25248 25248 25249 25251 25252 25252 25252 25253 25255 25256 25257 25257 25258 25258 25259 25259 25259 25260 25261 25262 25262 25263 25264 25266 25266 25266 25267 25268 25269 25270 25270 25270 25271 25274 25276 25277 25277 25278 25278 25278 25281 25281 25282 25282 25282 25284 25285 25288 25288 25288 25290 25291 25293 25293 25294 25294 25294 25294 25297 25298 25301 25304 25307 25308 25309 25309 25311 25313 25313 25314 25314 25317 25318 25319 25320 25320 25320 25321 25321 25325 25325 25328 25329 25329 25329 25330 25331 25331 25333 25333 25333 25334 25334 25334 25335 25337 25339 25339 25340 25341 25342 25343 25343 25345 25346 25348 25350 25351 25352 25352 25352 25353 25354 25354 25354 25354 25355 25357 25360 25360 25361 25363 25363 25364 25365 25366 25366 25366 25367 25368 25368 25369 25371 25372 25372 25372 25373 25374 25374 25374 25374 25375 25377 25378 25380 25380 25380 25380 25380 25383 25383 25383 25384 25385 25385 25387 25388 25388 25389 25390 25391 25392 25392 25393 25393 25394 25395 25396 25396 25398 25399 25400 25400 25401 25406 25408 25409 25409 25410 25410 25410 25413 25413 25414 25414 25415 25415 25416 25416 25418 25419 25420 25421 25421 25422 25422 25424 25424 25427 25428 25428 25429 25429 25429 25429 25429 25430 25431 25432 25432 25433 25435 25438 25440 25440 25440 25442 25442 25442 25443 25444 25445 25446 25448 25448 25449 25450 25451 25452 25452 25454 25456 25458 25458 25460 25461 25462 25463 25464 25465 25466 25467 25468 25468 25469 25471 25471 25471 25472 25472 25475 25475 25475 25477 25477 25477 25478 25478 25479 25480 25481 25482 25482 25483 25483 25486 25487 25487 25488 25489 25490 25490 25490 25491 25491 25492 25492 25492 25493 25493 25495 25495 25496 25498 25498 25498 25498 25498 25499 25499 25500 25503 25504 25506 25509 25509 25510 25511 25514 25514 25515 25515 25515 25517 25520 25520 25521 25521 25523 25523 25525 25526 25526 25526 25527 25528 25528 25528 25528 25531 25533 25534 25534 25536 25536 25537 25538 25540 25540 25540 25540 25542 25544 25545 25546 25546 25546 25546 25547 25550 25550 25550 25551 25551 25551 25552 25554 25555 25556 25559 25560 25560 25563 25563 25564 25565 25570 25570 25571 25572 25579 25579 25579 25583 25583 25586 25587 25587 25589 25589 25591 25592 25592 25592 25594 25595 25595 25597 25598 25601 25603 25605 25605 25606 25607 25609 25609 25611 25612 25615 25616 25617 25617 25618 25621 25621 25621 25623 25625 25625 25625 25628 25631 25631 25632 25632 25635 25636 25639 25640 25640 25641 25643 25644 25644 25645 25645 25645 25646 25647 25647 25647 25650 25650 25651 25652 25654 25654 25656 25656 25656 25656 25660 25660 25661 25661 25662 25664 25665 25665 25666 25667 25668 25671 25672 25672 25673 25673 25673 25675 25675 25675 25676 25676 25678 25680 25681 25682 25684 25685 25687 25688 25689 25689 25690 25690 25692 25692 25693 25695 25697 25701 25703 25703 25703 25704 25704 25709 25710 25710 25711 25711 25711 25711 25711 25711 25712 25713 25716 25718 25719 25720 25721 25723 25723 25726 25726 25728 25730 25730 25730 25731 25735 25737 25738 25740 25742 25742 25743 25748 25749 25749 25750 25752 25755 25755 25756 25759 25759 25759 25760 25762 25763 25764 25766 25767 25768 25768 25770 25772 25772 25774 25774 25776 25777 25778 25778 25780 25780 25783 25784 25784 25785 25787 25787 25789 25789 25790 25790 25792 25793 25796 25798 25800 25800 25801 25801 25802 25803 25804 25804 25805 25807 25807 25807 25808 25808 25809 25810 25810 25812 25813 25816 25818 25818 25818 25819 25820 25821 25823 25824 25825 25825 25830 25831 25832 25833 25833 25833 25834 25835 25838 25840 25841 25841 25842 25844 25844 25844 25845 25846 25846 25847 25849 25850 25853 25854 25854 25855 25855 25856 25858 25859 25861 25862 25863 25863 25865 25868 25869 25869 25870 25873 25873 25874 25874 25875 25877 25877 25878 25881 25884 25885 25886 25892 25892 25894 25895 25897 25903 25904 25905 25906 25906 25908 25908 25910 25911 25912 25912 25912 25912 25912 25913 25915 25916 25917 25919 25921 25921 25922 25924 25925 25925 25928 25929 25932 25935 25936 25938 25938 25938 25939 25939 25941 25942 25944 25946 25947 25948 25950 25951 25952 25953 25954 25956 25958 25959 25960 25961 25961 25961 25963 25963 25965 25966 25966 25968 25969 25971 25971 25972 25975 25977 25977 25980 25982 25982 25985 25986 25988 25988 25989 25989 25991 25991 25993 25993 25994 25997 26000 26001 26002 26004 26004 26004 26004 26007 26009 26009 26010 26010 26012 26013 26014 26014 26015 26017 26018 26020 26021 26021 26022 26023 26025 26025 26025 26027 26027 26029 26030 26030 26031 26033 26033 26034 26036 26037 26039 26040 26040 26041 26042 26042 26042 26044 26044 26045 26046 26047 26050 26050 26051 26051 26051 26052 26052 26052 26054 26055 26055 26058 26058 26059 26059 26061 26062 26062 26062 26063 26066 26068 26069 26069 26069 26070 26072 26073 26073 26074 26076 26076 26078 26081 26082 26082 26082 26084 26085 26085 26086 26087 26087 26088 26089 26089 26093 26095 26096 26098 26099 26100 26101 26104 26105 26106 26107 26108 26108 26109 26109 26110 26110 26110 26111 26111 26113 26113 26113 26116 26117 26117 26118 26118 26119 26119 26119 26119 26119 26120 26120 26120 26123 26124 26124 26126 26127 26129 26130 26131 26131 26133 26134 26135 26135 26136 26137 26137 26138 26138 26139 26139 26141 26145 26146 26147 26147 26148 26149 26151 26151 26153 26156 26156 26157 26157 26158 26158 26158 26160 26161 26162 26164 26165 26167 26167 26168 26171 26171 26173 26173 26173 26173 26174 26177 26180 26181 26182 26182 26183 26185 26186 26187 26188 26189 26189 26192 26193 26194 26194 26196 26199 26199 26200 26200 26200 26202 26203 26204 26205 26206 26208 26209 26210 26211 26211 26212 26214 26215 26217 26218 26219 26220 26220 26222 26222 26224 26225 26225 26227 26229 26230 26232 26234 26235 26238 26239 26239 26240 26240 26242 26242 26243 26244 26245 26247 26248 26249 26250 26250 26251 26251 26251 26252 26253 26253 26255 26256 26257 26258 26259 26260 26260 26263 26265 26266 26266 26267 26268 26268 26270 26271 26272 26274 26274 26276 26276 26276 26277 26277 26277 26278 26279 26279 26283 26284 26285 26286 26286 26286 26289 26291 26291 26291 26292 26294 26294 26295 26296 26296 26298 26299 26299 26300 26300 26301 26301 26302 26303 26304 26304 26305 26308 26308 26309 26310 26310 26312 26312 26313 26314 26314 26314 26315 26315 26315 26315 26317 26317 26318 26318 26319 26321 26322 26322 26322 26327 26328 26328 26330 26330 26331 26332 26333 26334 26334 26334 26335 26335 26337 26337 26338 26339 26341 26342 26342 26342 26342 26343 26343 26344 26345 26346 26347 26348 26348 26350 26351 26352 26352 26354 26355 26356 26358 26358 26360 26360 26362 26363 26363 26364 26364 26365 26365 26365 26366 26367 26368 26369 26370 26371 26371 26372 26374 26374 26375 26376 26377 26379 26382 26382 26383 26384 26384 26386 26386 26387 26387 26387 26388 26388 26389 26389 26390 26390 26392 26395 26396 26399 26400 26401 26401 26402 26402 26402 26403 26404 26404 26406 26406 26409 26410 26411 26412 26413 26413 26413 26413 26415 26416 26416 26417 26417 26418 26419 26419 26419 26420 26420 26421 26421 26424 26424 26426 26427 26428 26428 26429 26430 26430 26432 26432 26432 26433 26433 26435 26436 26436 26437 26439 26439 26439 26442 26443 26443 26443 26444 26444 26445 26445 26446 26446 26449 26450 26452 26453 26455 26455 26458 26458 26458 26459 26460 26461 26463 26463 26464 26464 26465 26466 26468 26468 26468 26473 26474 26476 26476 26476 26478 26478 26481 26481 26482 26483 26484 26484 26488 26488 26488 26488 26488 26492 26494 26494 26494 26496 26496 26496 26496 26497 26498 26499 26501 26501 26503 26503 26503 26504 26506 26507 26508 26509 26510 26510 26511 26511 26513 26513 26513 26514 26514 26515 26515 26517 26521 26521 26522 26524 26524 26524 26525 26525 26529 26530 26531 26531 26534 26536 26536 26537 26537 26538 26538 26541 26543 26544 26545 26546 26546 26546 26546 26547 26547 26549 26549 26552 26552 26552 26553 26554 26554 26556 26557 26557 26558 26558 26559 26559 26560 26560 26563 26563 26564 26564 26565 26565 26565 26566 26568 26569 26571 26571 26573 26574 26575 26576 26576 26577 26579 26579 26580 26580 26580 26584 26587 26589 26591 26592 26592 26592 26593 26595 26595 26595 26595 26595 26595 26596 26597 26599 26599 26601 26602 26603 26603 26607 26610 26610 26611 26611 26612 26613 26614 26617 26617 26619 26620 26624 26624 26624 26625 26627 26628 26628 26629 26629 26631 26632 26633 26635 26636 26637 26638 26641 26641 26642 26644 26645 26645 26648 26649 26649 26649 26650 26650 26651 26652 26653 26654 26654 26655 26655 26656 26656 26656 26657 26657 26658 26659 26660 26661 26661 26663 26663 26663 26664 26664 26665 26666 26666 26667 26668 26668 26669 26669 26670 26671 26671 26672 26673 26674 26675 26676 26676 26676 26678 26678 26678 26681 26683 26683 26686 26686 26687 26687 26687 26687 26690 26691 26691 26692 26694 26695 26697 26699 26700 26704 26704 26705 26705 26707 26708 26708 26709 26709 26709 26712 26712 26712 26714 26716 26716 26717 26719 26721 26721 26722 26725 26726 26726 26728 26728 26728 26728 26729 26731 26731 26731 26732 26733 26734 26734 26735 26735 26738 26739 26741 26743 26744 26744 26746 26746 26746 26747 26747 26748 26750 26750 26751 26752 26753 26754 26755 26756 26756 26759 26759 26759 26759 26760 26761 26761 26761 26761 26761 26762 26763 26764 26765 26766 26766 26766 26768 26771 26772 26773 26774 26776 26781 26781 26784 26787 26787 26788 26789 26789 26789 26790 26790 26792 26793 26793 26793 26793 26793 26794 26795 26801 26802 26803 26804 26805 26805 26805 26806 26806 26808 26808 26808 26809 26809 26810 26812 26814 26814 26815 26816 26816 26817 26817 26819 26824 26824 26824 26825 26826 26827 26827 26829 26829 26832 26832 26832 26833 26833 26837 26838 26839 26840 26841 26844 26846 26846 26847 26848 26849 26850 26852 26854 26855 26857 26858 26858 26859 26859 26862 26862 26863 26869 26870 26870 26871 26871 26875 26875 26878 26879 26879 26880 26881 26881 26881 26881 26881 26882 26882 26883 26885 26886 26887 26887 26887 26889 26890 26890 26894 26894 26895 26895 26896 26897 26897 26897 26900 26901 26901 26901 26901 26902 26902 26903 26904 26907 26908 26908 26909 26912 26913 26915 26917 26918 26919 26920 26920 26922 26923 26924 26926 26927 26927 26927 26928 26928 26929 26931 26931 26932 26933 26933 26933 26934 26935 26935 26936 26936 26937 26937 26937 26937 26938 26938 26939 26940 26941 26941 26943 26945 26946 26946 26947 26948 26948 26949 26949 26949 26951 26952 26952 26952 26953 26953 26954 26954 26954 26955 26956 26957 26958 26958 26960 26960 26961 26961 26961 26963 26963 26964 26965 26968 26969 26969 26969 26971 26973 26973 26973 26974 26974 26974 26975 26976 26976 26977 26978 26979 26980 26980 26980 26980 26982 26982 26985 26985 26986 26987 26989 26990 26990 26991 26992 26994 26994 26995 26995 26996 26998 26999 27000 27000 27002 27004 27004 27007 27008 27010 27012 27012 27013 27013 27014 27015 27015 27017 27018 27020 27020 27021 27022 27023 27026 27026 27027 27028 27029 27030 27032 27032 27033 27034 27034 27035 27035 27037 27038 27039 27042 27042 27043 27045 27045 27046 27047 27047 27047 27048 27050 27052 27052 27053 27059 27059 27059 27060 27061 27061 27062 27062 27064 27064 27065 27067 27069 27072 27074 27075 27076 27078 27079 27079 27079 27080 27081 27081 27081 27083 27083 27084 27084 27085 27085 27086 27088 27088 27089 27091 27094 27095 27096 27096 27096 27096 27098 27098 27098 27098 27098 27101 27103 27104 27105 27106 27106 27106 27107 27107 27108 27109 27109 27110 27110 27112 27114 27115 27117 27117 27117 27119 27119 27119 27121 27122 27123 27123 27124 27124 27125 27125 27126 27127 27127 27127 27128 27130 27130 27130 27132 27132 27133 27133 27135 27136 27138 27139 27140 27143 27144 27144 27146 27147 27147 27149 27150 27151 27151 27151 27152 27152 27152 27156 27156 27156 27158 27159 27161 27162 27163 27165 27165 27166 27166 27167 27169 27169 27172 27172 27173 27173 27174 27174 27175 27175 27175 27176 27176 27177 27179 27179 27180 27180 27182 27184 27186 27186 27186 27187 27187 27187 27187 27189 27190 27192 27194 27194 27197 27197 27199 27199 27199 27201 27201 27202 27202 27203 27205 27208 27208 27208 27209 27210 27211 27212 27212 27212 27213 27213 27215 27218 27219 27219 27220 27220 27222 27222 27223 27223 27223 27224 27226 27228 27228 27228 27229 27231 27231 27232 27233 27233 27234 27235 27235 27236 27236 27236 27237 27239 27240 27241 27241 27241 27242 27243 27243 27244 27247 27247 27247 27250 27252 27253 27253 27253 27253 27255 27255 27257 27258 27258 27259 27259 27259 27262 27262 27265 27265 27266 27266 27267 27268 27270 27271 27271 27272 27277 27277 27280 27281 27282 27283 27284 27285 27287 27288 27288 27288 27289 27289 27290 27290 27291 27291 27292 27294 27295 27300 27301 27301 27302 27303 27304 27304 27306 27308 27310 27311 27312 27312 27313 27315 27315 27315 27316 27320 27320 27320 27321 27322 27324 27325 27325 27326 27327 27328 27328 27330 27331 27333 27335 27336 27336 27337 27337 27338 27342 27344 27345 27347 27348 27349 27350 27350 27351 27352 27352 27359 27359 27362 27362 27363 27364 27364 27364 27364 27366 27366 27366 27368 27369 27371 27371 27375 27375 27378 27378 27379 27379 27379 27380 27380 27381 27382 27383 27385 27385 27386 27386 27386 27386 27386 27389 27391 27393 27394 27395 27396 27399 27399 27400 27401 27402 27402 27406 27407 27408 27409 27412 27413 27414 27414 27416 27417 27419 27421 27422 27423 27423 27424 27424 27424 27425 27425 27426 27427 27428 27429 27431 27432 27434 27436 27436 27437 27437 27440 27440 27440 27441 27442 27442 27442 27443 27445 27446 27446 27449 27449 27450 27452 27453 27453 27456 27457 27459 27461 27463 27464 27466 27469 27472 27473 27473 27473 27475 27476 27477 27477 27478 27478 27479 27482 27482 27482 27482 27484 27484 27486 27489 27490 27491 27493 27494 27494 27494 27495 27496 27497 27497 27498 27499 27500 27501 27501 27503 27504 27504 27506 27507 27507 27508 27509 27509 27511 27512 27512 27512 27512 27513 27513 27514 27515 27516 27518 27518 27521 27522 27524 27524 27525 27529 27529 27529 27530 27532 27534 27534 27534 27534 27536 27537 27539 27540 27541 27542 27542 27543 27545 27545 27546 27546 27547 27547 27550 27550 27550 27553 27553 27554 27555 27555 27556 27556 27558 27558 27558 27559 27564 27566 27566 27567 27568 27569 27571 27573 27574 27575 27575 27576 27576 27577 27577 27577 27578 27578 27579 27580 27581 27582 27582 27583 27583 27584 27585 27586 27586 27586 27586 27586 27588 27588 27589 27589 27591 27592 27593 27593 27593 27598 27598 27598 27599 27599 27599 27604 27604 27604 27605 27606 27606 27606 27608 27610 27610 27611 27611 27612 27612 27613 27614 27614 27615 27616 27617 27618 27619 27621 27621 27622 27622 27625 27625 27625 27626 27626 27627 27628 27628 27633 27634 27635 27636 27638 27639 27641 27642 27642 27645 27645 27646 27646 27646 27649 27649 27650 27654 27656 27656 27656 27657 27660 27660 27660 27661 27661 27664 27665 27666 27666 27667 27669 27670 27670 27670 27671 27671 27672 27672 27674 27674 27675 27676 27677 27677 27677 27678 27678 27679 27679 27680 27682 27683 27683 27684 27684 27686 27687 27688 27690 27692 27694 27696 27696 27697 27697 27699 27701 27704 27704 27705 27706 27708 27708 27708 27709 27709 27710 27710 27710 27710 27710 27712 27714 27715 27715 27716 27716 27717 27718 27718 27718 27719 27720 27721 27722 27722 27722 27724 27725 27725 27726 27729 27730 27732 27733 27734 27735 27735 27738 27738 27738 27738 27739 27739 27743 27744 27744 27746 27748 27750 27751 27752 27753 27755 27757 27757 27758 27759 27760 27761 27762 27762 27764 27765 27765 27766 27766 27769 27770 27771 27771 27771 27772 27772 27773 27773 27773 27774 27775 27775 27775 27775 27776 27777 27780 27780 27780 27781 27784 27784 27785 27787 27787 27788 27788 27788 27789 27789 27790 27790 27790 27791 27792 27793 27793 27794 27794 27795 27797 27798 27799 27800 27800 27800 27803 27803 27804 27804 27806 27806 27807 27807 27807 27808 27808 27811 27812 27814 27814 27815 27816 27816 27816 27816 27817 27817 27819 27819 27820 27821 27822 27822 27823 27826 27826 27829 27830 27832 27834 27834 27835 27836 27837 27838 27839 27839 27840 27840 27841 27843 27843 27844 27844 27846 27846 27846 27847 27847 27848 27848 27850 27852 27852 27852 27853 27854 27854 27855 27855 27855 27855 27856 27857 27857 27858 27858 27858 27858 27858 27859 27859 27861 27861 27865 27865 27865 27865 27865 27866 27867 27868 27869 27869 27870 27871 27871 27871 27874 27875 27879 27881 27882 27884 27884 27885 27887 27887 27888 27889 27891 27892 27894 27895 27896 27898 27899 27900 27900 27900 27901 27902 27903 27903 27904 27904 27904 27904 27906 27907 27907 27908 27909 27909 27910 27910 27910 27911 27911 27911 27912 27915 27916 27918 27919 27920 27920 27921 27922 27925 27927 27929 27930 27931 27934 27937 27938 27938 27940 27941 27941 27942 27942 27944 27944 27946 27946 27946 27946 27947 27947 27950 27952 27952 27954 27954 27955 27955 27955 27957 27957 27958 27960 27961 27961 27962 27962 27962 27963 27963 27963 27963 27964 27965 27966 27967 27968 27968 27968 27969 27969 27970 27970 27971 27971 27972 27974 27974 27976 27977 27978 27978 27979 27979 27980 27980 27981 27983 27983 27984 27984 27984 27986 27987 27987 27990 27991 27991 27993 27994 27994 27995 27997 27997 27998 27998 27999 28004 28004 28005 28005 28005 28008 28009 28011 28012 28012 28013 28014 28014 28015 28016 28017 28019 28022 28025 28026 28027 28027 28029 28029 28029 28030 28031 28032 28033 28033 28036 28037 28039 28041 28042 28043 28044 28044 28045 28045 28046 28046 28047 28047 28048 28050 28050 28051 28052 28052 28053 28053 28054 28054 28055 28055 28058 28059 28059 28059 28060 28062 28062 28062 28063 28066 28068 28068 28068 28070 28071 28072 28072 28074 28074 28077 28078 28080 28084 28085 28085 28086 28086 28086 28087 28087 28087 28089 28090 28091 28092 28094 28097 28097 28098 28101 28102 28102 28104 28105 28105 28105 28105 28108 28108 28108 28109 28110 28110 28111 28111 28113 28113 28114 28115 28117 28120 28120 28124 28127 28128 28129 28129 28130 28130 28135 28136 28137 28139 28140 28141 28142 28143 28143 28143 28143 28143 28144 28144 28145 28145 28147 28147 28149 28149 28149 28150 28152 28154 28154 28155 28158 28159 28159 28159 28161 28161 28162 28163 28163 28163 28164 28166 28167 28167 28169 28170 28170 28170 28173 28173 28174 28176 28178 28178 28178 28178 28179 28179 28179 28180 28180 28181 28183 28183 28183 28183 28183 28186 28188 28189 28190 28191 28191 28191 28192 28193 28197 28197 28197 28199 28199 28200 28201 28202 28203 28203 28204 28205 28205 28206 28206 28206 28208 28209 28209 28210 28211 28211 28212 28212 28213 28213 28214 28217 28218 28218 28220 28221 28222 28222 28222 28226 28226 28227 28227 28228 28228 28230 28231 28233 28234 28238 28239 28239 28244 28244 28246 28247 28248 28249 28249 28252 28253 28255 28257 28259 28259 28260 28260 28263 28264 28265 28265 28265 28266 28266 28267 28268 28270 28271 28272 28272 28272 28272 28273 28274 28274 28275 28276 28276 28276 28277 28279 28283 28285 28285 28285 28285 28287 28287 28287 28290 28291 28293 28293 28294 28294 28294 28296 28296 28297 28298 28299 28301 28302 28309 28311 28311 28312 28312 28313 28315 28316 28318 28319 28319 28320 28320 28321 28322 28323 28324 28324 28325 28325 28325 28327 28328 28329 28329 28332 28332 28333 28333 28334 28334 28335 28336 28338 28338 28339 28342 28345 28346 28348 28349 28350 28354 28355 28356 28356 28357 28358 28359 28360 28362 28365 28369 28369 28369 28372 28374 28374 28375 28375 28375 28379 28380 28383 28386 28386 28386 28387 28387 28389 28390 28390 28394 28395 28399 28399 28400 28400 28403 28403 28404 28404 28404 28405 28405 28406 28406 28407 28407 28408 28408 28410 28411 28411 28413 28414 28416 28416 28417 28418 28421 28422 28422 28423 28424 28428 28430 28433 28434 28434 28435 28437 28438 28439 28439 28440 28441 28442 28444 28445 28446 28449 28449 28453 28456 28457 28458 28461 28461 28461 28462 28462 28463 28463 28463 28467 28467 28469 28469 28471 28473 28474 28476 28476 28477 28478 28478 28480 28480 28481 28482 28484 28484 28486 28486 28488 28492 28492 28495 28495 28496 28496 28496 28499 28500 28500 28500 28501 28503 28503 28504 28504 28504 28506 28506 28507 28507 28508 28509 28509 28509 28509 28510 28511 28511 28512 28513 28513 28514 28514 28515 28515 28516 28517 28518 28519 28520 28521 28522 28522 28524 28524 28525 28526 28526 28527 28528 28529 28530 28532 28532 28532 28532 28536 28541 28543 28543 28544 28544 28546 28548 28548 28548 28550 28550 28550 28550 28550 28551 28553 28555 28556 28556 28557 28558 28559 28560 28560 28561 28563 28563 28567 28568 28568 28569 28570 28570 28571 28571 28572 28572 28574 28574 28575 28575 28576 28576 28576 28577 28577 28577 28579 28579 28579 28579 28580 28581 28581 28582 28582 28584 28584 28588 28588 28590 28591 28593 28593 28595 28601 28601 28601 28602 28603 28604 28604 28605 28605 28606 28606 28606 28608 28608 28609 28609 28612 28615 28616 28619 28620 28622 28623 28624 28624 28624 28625 28626 28627 28628 28629 28629 28629 28629 28630 28630 28630 28631 28633 28633 28633 28634 28636 28637 28638 28639 28639 28640 28641 28643 28646 28646 28646 28647 28648 28648 28648 28649 28651 28652 28654 28655 28655 28656 28657 28659 28660 28660 28660 28660 28661 28661 28661 28661 28663 28664 28664 28664 28665 28665 28666 28668 28668 28668 28668 28669 28670 28671 28673 28674 28674 28676 28677 28679 28680 28680 28680 28681 28682 28682 28683 28683 28683 28683 28684 28684 28687 28688 28690 28691 28692 28693 28694 28695 28698 28698 28699 28699 28700 28700 28700 28701 28702 28702 28703 28703 28704 28708 28708 28710 28710 28710 28710 28710 28711 28711 28712 28712 28713 28714 28717 28718 28721 28721 28721 28722 28722 28725 28725 28725 28726 28727 28731 28731 28732 28732 28733 28734 28734 28734 28735 28736 28736 28737 28738 28741 28741 28741 28742 28743 28744 28745 28745 28745 28748 28748 28748 28749 28750 28752 28753 28756 28759 28762 28762 28765 28766 28767 28769 28769 28770 28771 28773 28773 28774 28774 28776 28776 28778 28780 28781 28781 28782 28783 28783 28783 28783 28785 28785 28786 28793 28794 28795 28796 28796 28796 28796 28797 28798 28799 28804 28805 28805 28806 28807 28809 28811 28811 28811 28813 28813 28815 28816 28817 28817 28818 28818 28818 28819 28822 28822 28823 28824 28825 28827 28827 28830 28831 28832 28833 28834 28838 28840 28840 28841 28841 28843 28844 28844 28844 28844 28845 28846 28846 28847 28848 28848 28849 28850 28852 28852 28852 28853 28854 28855 28857 28858 28858 28858 28858 28862 28864 28864 28864 28865 28865 28865 28866 28867 28868 28870 28871 28871 28876 28876 28876 28876 28878 28879 28880 28880 28881 28884 28886 28886 28890 28891 28894 28895 28896 28897 28898 28899 28901 28901 28902 28902 28903 28904 28904 28905 28905 28909 28910 28913 28914 28915 28915 28916 28916 28917 28918 28918 28918 28920 28922 28925 28930 28932 28933 28935 28935 28936 28938 28940 28942 28943 28943 28944 28944 28944 28945 28950 28951 28954 28955 28955 28956 28960 28960 28962 28963 28963 28964 28964 28967 28968 28968 28969 28969 28969 28971 28971 28971 28976 28977 28980 28983 28986 28986 28986 28987 28987 28988 28989 28990 28991 28992 28992 28994 28994 28995 28995 28995 28996 28996 28996 28997 28999 29001 29001 29002 29003 29003 29004 29004 29005 29005 29006 29006 29006 29007 29008 29008 29009 29009 29009 29010 29011 29011 29011 29011 29012 29012 29012 29014 29014 29015 29016 29016 29018 29020 29021 29021 29023 29023 29024 29026 29027 29027 29031 29032 29032 29035 29035 29036 29036 29038 29038 29038 29038 29039 29039 29039 29039 29040 29042 29042 29043 29047 29047 29048 29048 29049 29049 29049 29049 29050 29050 29050 29051 29051 29051 29053 29053 29053 29054 29056 29056 29057 29058 29059 29060 29060 29060 29061 29062 29063 29064 29064 29065 29066 29067 29068 29069 29070 29070 29071 29071 29071 29071 29074 29075 29075 29076 29076 29077 29078 29078 29078 29078 29080 29082 29082 29088 29088 29090 29093 29093 29093 29094 29095 29095 29095 29095 29097 29098 29098 29099 29101 29105 29107 29108 29108 29109 29110 29110 29110 29113 29114 29115 29116 29121 29121 29125 29126 29126 29126 29127 29128 29128 29132 29133 29133 29134 29135 29136 29138 29139 29141 29141 29141 29142 29143 29143 29145 29147 29147 29148 29148 29149 29149 29150 29150 29151 29152 29154 29154 29155 29155 29158 29158 29158 29158 29159 29160 29161 29161 29162 29163 29164 29165 29165 29166 29167 29167 29170 29171 29172 29174 29174 29175 29175 29175 29177 29178 29180 29181 29182 29183 29183 29183 29183 29184 29184 29185 29186 29186 29191 29191 29191 29191 29191 29192 29193 29194 29195 29196 29196 29197 29198 29199 29200 29201 29201 29201 29201 29203 29204 29204 29205 29205 29205 29205 29207 29207 29207 29207 29208 29209 29211 29212 29214 29215 29215 29216 29217 29217 29219 29219 29220 29221 29224 29224 29224 29224 29224 29225 29226 29227 29228 29228 29229 29229 29230 29231 29231 29234 29235 29235 29236 29236 29237 29237 29237 29240 29241 29243 29244 29244 29244 29246 29247 29249 29250 29251 29251 29252 29252 29252 29252 29253 29253 29255 29255 29255 29256 29256 29259 29259 29260 29261 29261 29264 29264 29265 29269 29269 29270 29271 29271 29271 29273 29275 29276 29276 29277 29282 29282 29284 29284 29285 29286 29288 29289 29289 29290 29291 29299 29300 29303 29303 29304 29305 29306 29306 29306 29308 29308 29309 29310 29311 29311 29311 29312 29314 29315 29315 29317 29320 29321 29321 29323 29323 29324 29325 29326 29326 29327 29327 29328 29328 29329 29330 29330 29331 29332 29334 29334 29335 29337 29337 29339 29339 29341 29341 29343 29344 29345 29350 29350 29350 29350 29353 29353 29353 29356 29356 29358 29360 29362 29362 29364 29367 29368 29369 29369 29369 29370 29372 29373 29373 29373 29375 29377 29378 29378 29379 29380 29382 29383 29384 29385 29385 29386 29387 29388 29388 29389 29389 29390 29391 29392 29392 29394 29396 29396 29398 29399 29399 29402 29402 29402 29403 29404 29405 29405 29406 29407 29408 29408 29408 29409 29413 29413 29413 29416 29416 29417 29417 29418 29418 29419 29419 29420 29422 29423 29423 29426 29426 29431 29431 29433 29433 29434 29434 29435 29435 29436 29439 29440 29442 29442 29442 29444 29445 29445 29446 29446 29450 29450 29451 29451 29452 29453 29455 29455 29455 29457 29458 29459 29459 29460 29460 29462 29463 29464 29466 29467 29469 29470 29472 29473 29473 29473 29478 29480 29482 29482 29482 29483 29486 29489 29490 29491 29491 29491 29492 29493 29494 29495 29495 29497 29499 29503 29503 29503 29504 29504 29505 29506 29506 29507 29518 29520 29523 29524 29527 29527 29528 29529 29529 29531 29531 29531 29531 29533 29533 29534 29535 29538 29540 29541 29542 29542 29543 29543 29545 29545 29549 29550 29553 29553 29558 29558 29561 29565 29567 29567 29568 29568 29568 29569 29571 29572 29572 29574 29574 29575 29576 29576 29578 29579 29581 29581 29582 29583 29587 29587 29588 29591 29594 29595 29597 29598 29598 29599 29600 29600 29601 29604 29605 29606 29606 29606 29607 29608 29609 29609 29612 29612 29612 29613 29613 29613 29614 29614 29617 29618 29619 29619 29622 29622 29624 29625 29625 29626 29629 29629 29630 29630 29631 29631 29632 29632 29633 29634 29636 29639 29641 29642 29643 29646 29647 29647 29648 29649 29649 29650 29654 29655 29656 29656 29658 29660 29660 29662 29662 29662 29664 29668 29669 29669 29669 29670 29671 29672 29673 29674 29674 29675 29675 29675 29676 29676 29676 29678 29678 29678 29680 29680 29682 29684 29687 29689 29689 29689 29691 29691 29691 29691 29693 29695 29696 29697 29698 29700 29700 29701 29703 29704 29704 29706 29706 29706 29707 29707 29707 29708 29708 29708 29709 29709 29710 29710 29713 29714 29715 29715 29716 29716 29717 29717 29719 29719 29720 29720 29723 29724 29724 29725 29726 29728 29729 29729 29730 29731 29731 29731 29733 29734 29738 29739 29739 29740 29741 29741 29741 29742 29742 29744 29745 29745 29746 29747 29748 29749 29749 29749 29750 29750 29751 29752 29752 29753 29753 29754 29754 29754 29755 29756 29756 29756 29756 29756 29758 29758 29759 29759 29760 29760 29762 29762 29765 29768 29768 29769 29770 29770 29771 29771 29772 29772 29773 29774 29775 29777 29777 29777 29780 29782 29783 29785 29786 29790 29790 29792 29792 29792 29794 29794 29795 29795 29796 29796 29796 29797 29798 29798 29798 29798 29799 29800 29801 29801 29801 29801 29802 29803 29803 29804 29804 29805 29806 29807 29807 29810 29810 29811 29811 29812 29814 29815 29816 29817 29817 29817 29819 29819 29820 29820 29822 29823 29824 29825 29826 29827 29828 29828 29829 29830 29832 29833 29835 29836 29837 29837 29839 29840 29842 29843 29843 29844 29845 29846 29847 29849 29849 29853 29855 29856 29856 29856 29857 29861 29863 29863 29865 29866 29867 29868 29868 29871 29871 29872 29872 29875 29875 29877 29877 29878 29879 29882 29882 29883 29883 29885 29885 29885 29885 29887 29888 29890 29897 29897 29898 29898 29900 29901 29901 29902 29902 29904 29906 29908 29909 29910 29910 29912 29914 29917 29920 29920 29922 29922 29923 29923 29924 29924 29924 29927 29927 29927 29928 29931 29932 29937 29940 29942 29942 29945 29945 29946 29949 29950 29952 29952 29953 29953 29953 29955 29957 29957 29958 29958 29959 29960 29961 29963 29964 29968 29968 29969 29970 29970 29970 29971 29972 29973 29973 29973 29975 29976 29979 29980 29982 29982 29983 29986 29987 29988 29988 29988 29989 29991 29997 29998 29998 29999 30000 30001 30003 30004 30007 30007 30008 30009 30011 30011 30013 30014 30015 30015 30016 30017 30017 30017 30019 30020 30022 30022 30025 30027 30027 30028 30030 30033 30036 30036 30037 30037 30037 30037 30038 30041 30042 30044 30044 30046 30047 30048 30049 30050 30052 30052 30052 30052 30055 30055 30055 30056 30057 30059 30059 30060 30061 30061 30063 30063 30064 30065 30067 30067 30068 30068 30070 30070 30071 30072 30072 30073 30073 30073 30074 30074 30076 30076 30076 30077 30078 30078 30079 30080 30080 30080 30080 30081 30081 30081 30081 30082 30086 30087 30089 30090 30090 30091 30092 30093 30095 30096 30096 30097 30097 30099 30101 30102 30103 30104 30104 30105 30106 30109 30109 30109 30110 30111 30112 30114 30114 30116 30116 30116 30116 30117 30117 30118 30119 30121 30124 30124 30124 30128 30129 30129 30131 30132 30136 30136 30138 30141 30141 30142 30142 30142 30142 30144 30145 30145 30146 30149 30149 30149 30150 30151 30152 30153 30154 30154 30154 30154 30155 30155 30155 30155 30156 30156 30158 30158 30159 30160 30160 30161 30161 30162 30163 30164 30165 30165 30168 30169 30170 30171 30171 30173 30173 30174 30175 30177 30178 30178 30178 30179 30179 30181 30182 30182 30182 30184 30186 30187 30187 30187 30188 30188 30188 30189 30195 30196 30196 30199 30199 30200 30203 30204 30204 30206 30208 30208 30208 30210 30211 30211 30211 30213 30216 30217 30217 30217 30217 30219 30219 30219 30222 30222 30224 30225 30225 30229 30229 30231 30232 30234 30234 30234 30236 30236 30236 30238 30240 30242 30242 30242 30244 30245 30246 30247 30249 30249 30249 30252 30254 30258 30258 30258 30259 30259 30260 30261 30263 30264 30264 30265 30266 30267 30268 30269 30271 30272 30273 30274 30274 30275 30277 30278 30278 30281 30281 30283 30284 30286 30286 30286 30287 30287 30287 30290 30291 30292 30293 30293 30294 30294 30298 30298 30302 30302 30306 30306 30307 30309 30311 30312 30313 30313 30314 30315 30316 30317 30321 30326 30331 30331 30332 30332 30333 30333 30334 30335 30335 30335 30336 30337 30341 30341 30342 30346 30348 30348 30350 30351 30353 30353 30355 30355 30356 30356 30357 30357 30358 30358 30360 30361 30362 30364 30367 30367 30368 30368 30369 30370 30370 30371 30371 30371 30371 30372 30374 30376 30377 30377 30378 30380 30382 30382 30382 30384 30385 30388 30388 30391 30391 30392 30392 30393 30394 30395 30398 30399 30400 30400 30402 30402 30403 30407 30407 30409 30410 30411 30411 30414 30417 30418 30418 30419 30419 30421 30425 30425 30426 30426 30426 30427 30429 30429 30431 30431 30432 30432 30433 30433 30434 30436 30438 30440 30443 30443 30444 30445 30445 30445 30446 30447 30447 30448 30448 30450 30452 30453 30453 30454 30455 30455 30456 30456 30458 30459 30460 30461 30461 30463 30464 30464 30464 30468 30469 30470 30471 30477 30477 30477 30478 30478 30478 30480 30482 30483 30483 30484 30487 30487 30488 30489 30489 30490 30492 30492 30493 30493 30494 30495 30495 30497 30497 30503 30503 30504 30505 30506 30510 30511 30511 30511 30512 30512 30513 30514 30515 30516 30516 30519 30520 30523 30524 30524 30525 30525 30529 30530 30530 30531 30531 30531 30532 30532 30533 30535 30536 30537 30538 30538 30540 30540 30540 30540 30541 30543 30544 30544 30547 30549 30549 30551 30552 30555 30555 30556 30557 30557 30557 30558 30558 30560 30560 30561 30561 30562 30562 30563 30563 30563 30565 30571 30571 30571 30574 30575 30575 30576 30577 30578 30578 30579 30579 30580 30580 30582 30584 30586 30587 30587 30587 30591 30594 30594 30596 30598 30598 30598 30599 30599 30601 30603 30604 30606 30608 30609 30610 30611 30613 30613 30613 30614 30616 30616 30616 30616 30620 30620 30620 30622 30624 30624 30625 30626 30626 30628 30630 30630 30631 30632 30632 30635 30636 30636 30637 30637 30638 30638 30639 30639 30640 30641 30641 30642 30643 30643 30643 30644 30646 30646 30648 30649 30649 30650 30650 30651 30654 30655 30659 30661 30663 30663 30664 30667 30669 30670 30670 30670 30671 30671 30671 30671 30672 30673 30673 30673 30674 30675 30677 30677 30680 30680 30681 30682 30683 30683 30684 30685 30685 30686 30686 30686 30687 30690 30690 30693 30694 30694 30695 30696 30696 30699 30700 30701 30701 30702 30702 30703 30704 30705 30706 30709 30709 30709 30710 30710 30712 30712 30714 30715 30715 30716 30717 30717 30717 30718 30719 30721 30721 30723 30725 30725 30727 30727 30729 30729 30729 30730 30731 30733 30734 30734 30734 30735 30735 30735 30736 30737 30741 30741 30741 30743 30744 30745 30746 30748 30749 30751 30754 30754 30755 30755 30757 30761 30761 30761 30761 30763 30764 30764 30764 30764 30765 30767 30768 30769 30769 30774 30774 30775 30777 30777 30778 30778 30779 30779 30779 30780 30781 30781 30781 30786 30788 30789 30789 30790 30792 30792 30792 30794 30797 30799 30800 30800 30802 30804 30805 30806 30808 30809 30811 30812 30813 30814 30815 30815 30816 30817 30818 30818 30818 30818 30820 30822 30824 30824 30825 30825 30826 30826 30826 30826 30826 30827 30827 30827 30827 30828 30829 30829 30829 30830 30830 30830 30830 30831 30832 30832 30833 30833 30833 30835 30836 30836 30836 30836 30837 30838 30838 30838 30838 30839 30839 30840 30840 30840 30841 30842 30842 30843 30844 30844 30845 30846 30846 30848 30849 30850 30851 30853 30856 30856 30857 30859 30860 30860 30860 30861 30862 30866 30866 30867 30867 30869 30870 30871 30873 30874 30875 30875 30876 30876 30878 30879 30879 30881 30881 30882 30882 30883 30883 30885 30886 30886 30887 30888 30889 30890 30891 30891 30891 30891 30892 30893 30894 30895 30895 30899 30899 30901 30903 30904 30904 30904 30905 30909 30909 30910 30910 30912 30913 30913 30916 30919 30921 30921 30922 30924 30925 30926 30927 30927 30927 30928 30929 30934 30935 30936 30937 30938 30938 30938 30939 30939 30942 30944 30945 30947 30947 30948 30950 30951 30952 30953 30953 30953 30955 30958 30959 30959 30960 30960 30961 30961 30965 30965 30965 30967 30970 30973 30973 30974 30974 30975 30975 30976 30976 30976 30977 30977 30978 30978 30979 30979 30980 30981 30982 30983 30985 30987 30987 30988 30989 30990 30991 30991 30992 30992 30993 30993 30994 30996 30999 30999 31000 31001 31002 31002 31002 31005 31006 31007 31007 31013 31013 31014 31014 31016 31017 31018 31018 31021 31021 31021 31021 31022 31022 31022 31023 31023 31024 31024 31026 31029 31029 31033 31033 31034 31035 31037 31039 31040 31041 31042 31045 31045 31046 31046 31046 31047 31047 31047 31048 31049 31049 31049 31050 31051 31053 31053 31054 31057 31057 31058 31058 31059 31059 31060 31062 31065 31066 31068 31070 31073 31073 31074 31076 31077 31078 31078 31083 31084 31084 31084 31085 31086 31086 31088 31089 31089 31089 31090 31090 31091 31092 31093 31093 31094 31094 31094 31099 31099 31099 31101 31101 31102 31102 31106 31106 31107 31110 31110 31111 31112 31113 31117 31118 31119 31120 31122 31124 31128 31128 31129 31131 31131 31132 31133 31133 31134 31135 31136 31136 31137 31138 31140 31141 31144 31144 31145 31145 31146 31147 31148 31149 31149 31150 31150 31150 31152 31152 31155 31159 31159 31163 31165 31166 31166 31167 31168 31169 31170 31170 31171 31171 31173 31174 31174 31175 31177 31178 31178 31180 31180 31180 31182 31182 31184 31184 31185 31186 31186 31188 31189 31189 31189 31191 31191 31194 31195 31197 31199 31199 31201 31202 31202 31206 31206 31208 31209 31209 31210 31211 31213 31213 31213 31214 31214 31215 31218 31220 31220 31221 31222 31222 31223 31223 31223 31224 31224 31225 31228 31228 31231 31232 31233 31234 31234 31235 31235 31236 31237 31240 31241 31243 31243 31244 31245 31245 31246 31248 31248 31248 31249 31251 31251 31252 31252 31254 31258 31259 31261 31263 31264 31266 31268 31268 31269 31270 31270 31272 31272 31273 31273 31274 31276 31276 31278 31281 31282 31285 31285 31286 31287 31287 31289 31292 31294 31294 31295 31297 31297 31300 31302 31303 31303 31305 31305 31307 31309 31309 31309 31311 31311 31311 31312 31312 31312 31312 31313 31313 31317 31318 31321 31325 31325 31327 31329 31330 31331 31332 31333 31336 31337 31341 31342 31343 31344 31344 31346 31346 31346 31348 31349 31349 31350 31351 31351 31351 31352 31356 31357 31360 31360 31363 31363 31365 31366 31368 31368 31368 31369 31370 31371 31371 31372 31373 31374 31376 31377 31379 31380 31380 31381 31381 31382 31385 31385 31385 31387 31389 31390 31392 31392 31392 31392 31395 31396 31397 31400 31400 31400 31402 31402 31403 31403 31404 31404 31405 31406 31413 31413 31414 31414 31415 31415 31415 31415 31417 31420 31420 31420 31421 31422 31422 31423 31424 31425 31425 31427 31427 31428 31430 31430 31431 31434 31434 31435 31435 31436 31437 31437 31437 31439 31441 31442 31444 31445 31447 31448 31450 31451 31451 31451 31454 31455 31456 31457 31457 31460 31461 31463 31465 31466 31466 31466 31468 31469 31472 31473 31473 31473 31476 31476 31476 31477 31482 31482 31483 31484 31485 31485 31485 31488 31488 31489 31489 31489 31489 31491 31491 31491 31492 31493 31493 31493 31495 31495 31496 31497 31497 31497 31500 31501 31503 31505 31505 31506 31506 31509 31509 31510 31511 31512 31514 31515 31517 31518 31519 31519 31522 31522 31524 31524 31524 31524 31525 31526 31527 31528 31528 31529 31529 31530 31530 31532 31532 31534 31535 31535 31536 31536 31537 31539 31540 31540 31545 31548 31550 31552 31553 31553 31554 31555 31557 31557 31557 31558 31558 31564 31565 31566 31566 31567 31569 31569 31569 31570 31571 31571 31572 31573 31573 31574 31574 31576 31576 31577 31578 31581 31583 31585 31586 31587 31587 31589 31591 31592 31592 31593 31597 31598 31599 31599 31599 31600 31601 31602 31604 31607 31607 31607 31608 31608 31608 31608 31609 31611 31612 31613 31614 31614 31615 31616 31616 31616 31617 31617 31618 31618 31618 31619 31619 31619 31620 31622 31624 31625 31626 31626 31630 31633 31634 31634 31636 31637 31637 31638 31638 31639 31639 31641 31641 31642 31643 31643 31644 31645 31645 31645 31647 31648 31648 31651 31652 31656 31658 31660 31661 31661 31662 31664 31665 31666 31668 31668 31668 31669 31669 31670 31670 31670 31673 31673 31673 31674 31676 31676 31677 31678 31678 31680 31683 31684 31684 31684 31685 31685 31685 31686 31686 31688 31689 31689 31690 31691 31692 31692 31693 31696 31696 31697 31698 31700 31704 31704 31705 31706 31707 31707 31708 31709 31709 31710 31711 31711 31712 31716 31716 31718 31719 31719 31721 31722 31723 31725 31726 31727 31729 31730 31731 31731 31732 31733 31734 31735 31736 31737 31737 31738 31738 31739 31739 31741 31741 31742 31742 31742 31743 31743 31744 31745 31745 31747 31748 31750 31751 31753 31754 31755 31755 31756 31758 31758 31759 31761 31761 31761 31762 31763 31763 31763 31765 31767 31767 31768 31768 31770 31772 31775 31776 31778 31779 31780 31780 31781 31781 31782 31783 31784 31785 31786 31787 31788 31788 31788 31788 31790 31790 31791 31792 31793 31793 31794 31796 31797 31797 31799 31799 31801 31801 31801 31802 31802 31804 31805 31806 31808 31809 31809 31810 31811 31811 31812 31812 31814 31815 31815 31815 31816 31816 31817 31819 31823 31824 31824 31825 31826 31827 31831 31833 31834 31835 31837 31839 31840 31840 31841 31841 31842 31843 31843 31845 31846 31847 31847 31848 31848 31848 31849 31850 31851 31852 31853 31856 31858 31860 31860 31861 31861 31862 31864 31864 31866 31867 31868 31868 31870 31870 31870 31870 31871 31871 31874 31876 31876 31876 31879 31882 31883 31883 31884 31884 31887 31888 31888 31889 31891 31891 31891 31898 31900 31900 31900 31901 31904 31904 31906 31906 31911 31911 31911 31911 31913 31914 31915 31915 31916 31917 31917 31918 31920 31920 31923 31925 31927 31927 31928 31929 31930 31934 31935 31935 31937 31939 31940 31940 31941 31942 31942 31943 31944 31946 31948 31948 31949 31950 31950 31952 31952 31953 31954 31957 31958 31958 31959 31960 31960 31962 31966 31967 31973 31974 31977 31978 31979 31979 31980 31981 31981 31983 31983 31984 31985 31985 31986 31989 31993 31994 31995 31995 31996 31996 31996 31996 31998 31998 32001 32003 32005 32005 32005 32005 32006 32006 32009 32009 32010 32010 32010 32011 32013 32014 32015 32015 32017 32017 32018 32018 32022 32023 32024 32024 32027 32028 32030 32031 32032 32032 32034 32034 32035 32037 32038 32038 32041 32041 32042 32042 32043 32043 32044 32045 32047 32047 32048 32050 32050 32054 32054 32054 32055 32056 32056 32057 32057 32058 32058 32059 32059 32060 32062 32062 32063 32064 32064 32065 32065 32067 32068 32068 32069 32070 32070 32072 32073 32073 32073 32077 32078 32078 32078 32079 32081 32081 32083 32083 32084 32084 32087 32087 32088 32088 32088 32089 32090 32093 32094 32099 32099 32099 32100 32101 32103 32103 32105 32106 32108 32108 32108 32108 32109 32110 32110 32111 32114 32115 32117 32119 32120 32120 32121 32122 32122 32122 32125 32125 32126 32127 32128 32128 32129 32129 32130 32131 32132 32132 32132 32133 32133 32133 32133 32135 32136 32137 32142 32143 32146 32147 32147 32148 32150 32150 32151 32151 32152 32153 32153 32154 32156 32158 32158 32158 32158 32158 32162 32162 32163 32164 32164 32168 32169 32172 32172 32175 32176 32177 32178 32179 32180 32180 32183 32184 32184 32187 32187 32188 32189 32189 32190 32190 32191 32193 32193 32195 32195 32196 32197 32198 32199 32202 32203 32203 32204 32205 32206 32207 32207 32207 32207 32207 32208 32208 32209 32210 32210 32212 32212 32212 32216 32218 32221 32221 32222 32223 32223 32225 32229 32230 32231 32232 32232 32233 32233 32234 32234 32235 32236 32236 32242 32243 32246 32246 32246 32248 32248 32248 32248 32249 32251 32251 32252 32256 32256 32257 32260 32260 32261 32263 32266 32266 32267 32267 32269 32271 32273 32273 32273 32274 32274 32277 32277 32277 32278 32279 32280 32280 32282 32282 32283 32283 32283 32283 32284 32285 32285 32286 32287 32289 32289 32290 32290 32290 32292 32292 32295 32295 32298 32298 32298 32299 32301 32302 32305 32306 32308 32309 32310 32310 32311 32312 32312 32314 32315 32316 32317 32317 32320 32320 32320 32321 32324 32327 32327 32329 32331 32331 32335 32336 32337 32338 32338 32339 32340 32341 32342 32343 32343 32343 32344 32344 32344 32345 32346 32348 32349 32350 32351 32351 32352 32352 32353 32354 32357 32357 32357 32360 32361 32362 32363 32365 32365 32366 32367 32369 32369 32371 32372 32373 32373 32373 32374 32375 32375 32375 32376 32377 32379 32380 32381 32381 32383 32384 32386 32387 32387 32387 32388 32391 32391 32394 32394 32394 32395 32396 32396 32396 32397 32400 32400 32400 32401 32402 32405 32405 32406 32408 32409 32410 32411 32412 32413 32414 32414 32416 32417 32418 32419 32419 32419 32420 32421 32422 32423 32424 32425 32426 32428 32430 32430 32430 32431 32433 32433 32433 32434 32434 32435 32435 32436 32437 32441 32441 32442 32442 32443 32444 32445 32445 32446 32446 32446 32447 32447 32447 32447 32448 32449 32450 32450 32450 32451 32452 32454 32454 32454 32460 32460 32461 32461 32462 32463 32465 32465 32465 32466 32466 32466 32466 32468 32469 32473 32477 32482 32483 32486 32488 32489 32490 32490 32490 32490 32495 32496 32497 32499 32499 32500 32500 32500 32503 32503 32504 32505 32505 32508 32509 32511 32511 32512 32513 32513 32513 32515 32515 32516 32517 32518 32520 32522 32523 32523 32524 32525 32526 32527 32528 32529 32530 32532 32533 32534 32535 32535 32536 32538 32539 32539 32542 32545 32545 32547 32547 32550 32550 32550 32551 32552 32553 32554 32554 32554 32556 32557 32557 32558 32558 32558 32559 32561 32561 32562 32563 32565 32566 32566 32567 32573 32573 32575 32576 32577 32578 32579 32580 32581 32581 32584 32585 32587 32588 32590 32590 32592 32592 32595 32597 32598 32600 32601 32601 32603 32605 32608 32609 32609 32611 32611 32611 32611 32612 32614 32615 32616 32617 32617 32617 32617 32619 32620 32620 32620 32624 32624 32625 32625 32625 32625 32626 32626 32629 32629 32629 32629 32630 32631 32631 32631 32632 32633 32634 32637 32638 32641 32641 32642 32643 32643 32644 32644 32645 32646 32646 32646 32647 32648 32649 32651 32652 32652 32654 32654 32654 32655 32658 32658 32659 32660 32660 32661 32662 32662 32663 32663 32663 32665 32667 32668 32669 32671 32672 32672 32673 32674 32675 32676 32677 32677 32682 32683 32685 32685 32685 32688 32691 32693 32696 32696 32696 32699 32699 32700 32702 32702 32703 32703 32704 32709 32710 32710 32712 32713 32714 32714 32714 32715 32716 32718 32718 32718 32718 32719 32719 32720 32720 32721 32721 32721 32723 32724 32726 32726 32727 32728 32728 32729 32729 32729 32730 32731 32733 32736 32737 32738 32739 32740 32740 32742 32742 32746 32747 32747 32749 32751 32754 32755 32755 32757 32758 32759 32759 32760 32760 32761 32762 32762 32762 32763 32764 32764 32764 32764 32764 32766 32767 32767 32768 32768 32770 32771 32771 32775 32775 32775 32776 32778 32781 32781 32781 32781 32782 32782 32782 32782 32784 32785 32786 32787 32787 32789 32789 32790 32792 32792 32794 32795 32797 32798 32798 32799 32799 32799 32799 32799 32799 32799 32801 32801 32804 32804 32806 32807 32807 32809 32810 32811 32816 32816 32817 32818 32818 32820 32820 32820 32820 32821 32821 32822 32823 32824 32824 32824 32825 32827 32828 32828 32829 32830 32832 32832 32833 32834 32834 32834 32834 32834 32835 32836 32836 32836 32839 32840 32840 32840 32841 32841 32841 32842 32844 32844 32845 32846 32849 32850 32851 32851 32852 32852 32852 32853 32860 32860 32860 32861 32865 32865 32866 32867 32868 32869 32869 32871 32871 32871 32872 32874 32876 32876 32877 32879 32880 32880 32882 32884 32884 32884 32885 32887 32889 32891 32894 32894 32895 32896 32898 32898 32899 32900 32905 32906 32910 32910 32912 32913 32913 32913 32914 32915 32916 32917 32917 32917 32918 32920 32921 32921 32923 32924 32926 32927 32927 32928 32929 32929 32929 32929 32930 32931 32933 32934 32935 32935 32937 32938 32938 32938 32939 32940 32940 32943 32945 32945 32946 32946 32948 32948 32948 32949 32950 32950 32951 32951 32951 32954 32956 32957 32959 32959 32959 32959 32960 32961 32962 32963 32963 32964 32964 32965 32967 32968 32968 32970 32972 32974 32975 32977 32978 32980 32985 32986 32986 32987 32988 32990 32990 32990 32991 32993 32994 32994 32994 32995 32995 32995 32998 32998 32998 33001 33002 33003 33004 33005 33007 33007 33011 33013 33013 33014 33015 33016 33017 33018 33019 33019 33023 33023 33026 33026 33026 33026 33027 33028 33028 33030 33032 33035 33036 33037 33039 33039 33043 33046 33047 33047 33048 33049 33050 33051 33051 33052 33052 33052 33053 33053 33054 33054 33054 33054 33055 33055 33058 33060 33060 33061 33062 33062 33063 33066 33068 33070 33070 33072 33077 33078 33079 33079 33080 33082 33083 33083 33084 33085 33087 33088 33090 33090 33091 33091 33092 33094 33095 33096 33096 33096 33097 33098 33099 33100 33100 33103 33103 33104 33104 33104 33106 33107 33108 33108 33109 33113 33114 33115 33116 33119 33119 33120 33121 33121 33122 33122 33123 33124 33124 33124 33127 33127 33128 33129 33129 33129 33129 33131 33131 33134 33134 33135 33136 33136 33138 33138 33139 33140 33140 33141 33143 33144 33144 33144 33145 33146 33148 33148 33149 33149 33149 33151 33152 33154 33155 33158 33158 33159 33160 33160 33161 33162 33163 33163 33164 33165 33165 33167 33168 33169 33169 33170 33171 33172 33173 33173 33174 33175 33175 33176 33176 33176 33176 33177 33177 33178 33181 33182 33183 33183 33184 33188 33189 33189 33190 33190 33192 33193 33195 33195 33195 33196 33197 33198 33198 33200 33200 33202 33202 33204 33205 33206 33208 33210 33211 33212 33212 33213 33213 33213 33213 33214 33214 33214 33215 33216 33216 33217 33218 33219 33220 33223 33224 33225 33225 33225 33227 33227 33227 33228 33229 33229 33229 33230 33230 33231 33231 33232 33234 33238 33238 33239 33240 33241 33241 33241 33242 33244 33244 33245 33248 33249 33252 33253 33253 33255 33255 33256 33260 33260 33262 33262 33263 33264 33266 33266 33267 33267 33269 33270 33271 33271 33271 33273 33275 33275 33276 33276 33278 33279 33279 33279 33280 33281 33283 33284 33285 33285 33287 33288 33288 33288 33289 33290 33290 33292 33293 33294 33295 33295 33296 33297 33298 33299 33299 33300 33302 33304 33305 33307 33307 33308 33308 33308 33309 33310 33311 33313 33313 33314 33315 33316 33316 33316 33316 33316 33325 33326 33327 33331 33331 33331 33331 33331 33331 33334 33334 33340 33341 33342 33342 33343 33346 33347 33347 33347 33348 33349 33349 33350 33350 33350 33352 33353 33353 33355 33355 33355 33357 33357 33357 33358 33360 33364 33366 33367 33369 33370 33373 33373 33374 33377 33378 33379 33379 33379 33380 33380 33380 33382 33382 33382 33382 33383 33383 33384 33384 33385 33385 33388 33389 33391 33395 33395 33395 33396 33396 33396 33400 33400 33400 33400 33402 33402 33403 33404 33404 33405 33406 33406 33406 33406 33409 33410 33411 33412 33412 33413 33413 33415 33415 33416 33417 33418 33419 33420 33420 33423 33423 33427 33427 33427 33429 33429 33431 33431 33432 33433 33433 33433 33434 33434 33436 33436 33437 33440 33440 33442 33444 33444 33444 33445 33446 33446 33446 33447 33447 33448 33449 33450 33450 33451 33454 33454 33455 33458 33460 33460 33460 33461 33464 33465 33466 33467 33470 33471 33471 33471 33472 33472 33474 33475 33476 33478 33478 33478 33479 33480 33481 33481 33482 33484 33484 33485 33486 33487 33487 33487 33488 33490 33492 33493 33493 33495 33496 33498 33498 33499 33499 33501 33503 33504 33506 33507 33508 33508 33509 33509 33509 33511 33512 33512 33513 33514 33515 33515 33516 33516 33518 33519 33520 33520 33520 33521 33522 33523 33523 33523 33527 33529 33531 33532 33535 33536 33536 33537 33538 33538 33540 33540 33543 33549 33549 33550 33551 33551 33552 33554 33554 33555 33557 33558 33558 33559 33561 33561 33562 33563 33567 33567 33567 33568 33569 33570 33571 33572 33573 33574 33575 33575 33576 33576 33576 33576 33578 33578 33579 33580 33580 33582 33583 33584 33585 33586 33587 33587 33588 33588 33590 33592 33593 33593 33593 33595 33595 33596 33598 33600 33602 33605 33607 33608 33609 33609 33610 33610 33611 33613 33613 33614 33614 33615 33615 33615 33615 33616 33617 33618 33626 33627 33627 33627 33629 33630 33634 33635 33636 33637 33637 33637 33638 33639 33639 33640 33641 33641 33644 33644 33645 33646 33647 33649 33649 33650 33650 33651 33651 33652 33653 33654 33654 33654 33656 33657 33658 33659 33660 33660 33662 33669 33671 33673 33674 33674 33675 33675 33677 33677 33679 33679 33680 33681 33681 33684 33684 33685 33687 33687 33688 33688 33690 33691 33691 33692 33692 33693 33693 33693 33693 33696 33696 33697 33697 33699 33699 33701 33702 33703 33705 33705 33706 33707 33710 33710 33713 33713 33714 33714 33715 33715 33716 33718 33719 33719 33721 33722 33723 33723 33725 33725 33728 33729 33729 33733 33734 33736 33737 33737 33738 33739 33739 33740 33742 33744 33744 33747 33747 33747 33750 33751 33751 33752 33753 33755 33756 33757 33757 33757 33758 33759 33760 33761 33762 33764 33765 33765 33765 33766 33766 33769 33770 33770 33770 33771 33772 33775 33775 33776 33776 33777 33778 33778 33778 33779 33782 33784 33784 33786 33787 33787 33788 33790 33791 33791 33792 33795 33795 33796 33797 33797 33800 33800 33801 33803 33803 33806 33807 33808 33808 33810 33810 33810 33810 33812 33814 33815 33818 33818 33819 33819 33819 33819 33821 33825 33825 33825 33825 33827 33829 33832 33832 33834 33835 33837 33837 33838 33838 33839 33840 33841 33842 33844 33844 33848 33849 33850 33850 33851 33853 33853 33854 33854 33855 33856 33858 33859 33860 33864 33864 33864 33866 33866 33868 33868 33869 33870 33870 33872 33874 33876 33876 33877 33878 33879 33879 33879 33881 33881 33881 33883 33883 33883 33884 33884 33886 33887 33887 33888 33889 33890 33890 33894 33896 33896 33898 33899 33900 33900 33900 33901 33903 33904 33906 33907 33908 33908 33909 33909 33910 33911 33911 33911 33911 33912 33912 33913 33913 33914 33914 33917 33917 33918 33918 33920 33922 33923 33925 33927 33929 33929 33930 33930 33930 33930 33931 33931 33932 33933 33933 33933 33934 33934 33934 33935 33935 33935 33936 33937 33939 33939 33939 33939 33940 33940 33940 33941 33942 33943 33944 33945 33946 33948 33948 33949 33949 33949 33949 33949 33956 33956 33958 33959 33960 33961 33962 33962 33963 33963 33965 33966 33966 33967 33968 33970 33972 33974 33974 33975 33977 33978 33979 33979 33979 33981 33981 33981 33983 33983 33983 33987 33987 33987 33990 33990 33990 33992 33997 33998 34001 34002 34003 34003 34003 34005 34006 34007 34007 34007 34008 34010 34011 34012 34014 34014 34015 34017 34017 34018 34020 34020 34022 34022 34026 34026 34027 34027 34028 34030 34030 34032 34032 34032 34032 34033 34033 34033 34033 34035 34035 34036 34036 34038 34038 34039 34039 34039 34040 34040 34041 34042 34043 34045 34045 34046 34047 34048 34049 34049 34050 34051 34052 34053 34054 34055 34057 34058 34059 34060 34063 34063 34066 34066 34066 34071 34073 34073 34074 34075 34077 34077 34078 34078 34078 34080 34080 34081 34081 34084 34085 34085 34086 34086 34086 34087 34087 34087 34087 34087 34088 34088 34089 34091 34092 34092 34093 34094 34094 34095 34096 34100 34103 34104 34104 34104 34105 34106 34106 34106 34106 34106 34106 34108 34109 34110 34111 34111 34114 34114 34114 34114 34115 34115 34116 34116 34118 34118 34119 34120 34120 34120 34121 34121 34121 34122 34122 34122 34123 34123 34124 34125 34126 34126 34129 34129 34129 34131 34131 34136 34136 34137 34142 34143 34144 34145 34146 34147 34150 34153 34154 34154 34156 34157 34157 34158 34158 34159 34165 34165 34167 34167 34168 34168 34169 34169 34171 34172 34173 34173 34175 34177 34177 34179 34181 34183 34183 34183 34185 34185 34187 34189 34189 34190 34190 34191 34192 34194 34195 34195 34196 34196 34197 34198 34200 34201 34202 34204 34205 34205 34205 34205 34206 34207 34210 34210 34210 34211 34216 34216 34218 34219 34219 34220 34221 34222 34222 34224 34224 34225 34228 34230 34230 34231 34234 34235 34237 34238 34239 34242 34245 34245 34245 34252 34253 34254 34254 34254 34254 34256 34256 34258 34258 34258 34260 34260 34261 34261 34261 34262 34263 34263 34264 34264 34264 34266 34267 34267 34267 34269 34269 34269 34269 34273 34273 34274 34274 34275 34275 34275 34276 34277 34279 34280 34282 34283 34283 34284 34285 34286 34286 34288 34291 34292 34293 34293 34295 34295 34295 34297 34302 34305 34305 34305 34307 34310 34315 34315 34317 34318 34319 34323 34325 34325 34325 34326 34328 34329 34329 34329 34332 34333 34334 34336 34336 34339 34339 34339 34341 34341 34342 34343 34343 34343 34343 34345 34345 34345 34346 34346 34346 34347 34348 34349 34349 34350 34351 34352 34354 34355 34357 34359 34360 34360 34360 34361 34362 34362 34362 34363 34364 34366 34367 34368 34368 34369 34371 34375 34380 34380 34381 34381 34381 34382 34384 34385 34385 34385 34385 34386 34389 34392 34394 34397 34399 34400 34401 34402 34403 34403 34404 34405 34407 34408 34408 34412 34413 34415 34415 34415 34416 34417 34418 34420 34420 34421 34421 34422 34424 34425 34427 34428 34429 34430 34431 34432 34432 34433 34433 34434 34435 34435 34435 34437 34437 34437 34441 34441 34442 34446 34448 34448 34448 34449 34450 34451 34452 34454 34455 34456 34457 34457 34458 34459 34460 34460 34461 34461 34464 34465 34467 34468 34468 34468 34469 34469 34471 34472 34472 34474 34475 34477 34477 34477 34479 34481 34482 34482 34482 34483 34484 34486 34487 34488 34488 34488 34490 34490 34491 34492 34494 34494 34496 34496 34497 34497 34497 34500 34501 34501 34503 34504 34508 34508 34509 34509 34509 34511 34511 34511 34513 34515 34516 34517 34520 34522 34525 34526 34527 34527 34527 34528 34529 34531 34533 34534 34535 34537 34537 34537 34540 34542 34543 34543 34544 34547 34547 34547 34548 34548 34549 34551 34554 34554 34554 34554 34555 34555 34555 34556 34557 34560 34560 34560 34561 34562 34563 34563 34564 34564 34566 34567 34568 34568 34571 34572 34572 34573 34574 34574 34575 34575 34576 34577 34578 34578 34578 34579 34580 34580 34582 34584 34585 34586 34586 34587 34589 34589 34590 34594 34597 34597 34601 34601 34602 34603 34603 34603 34604 34606 34608 34609 34609 34610 34610 34611 34611 34613 34615 34615 34616 34617 34618 34620 34620 34621 34621 34624 34628 34629 34630 34630 34631 34631 34632 34635 34636 34637 34638 34639 34639 34642 34642 34646 34649 34651 34651 34652 34653 34656 34656 34657 34658 34660 34663 34665 34665 34666 34667 34668 34669 34671 34672 34672 34674 34674 34680 34681 34682 34682 34682 34682 34683 34684 34684 34684 34685 34688 34690 34691 34692 34693 34694 34695 34697 34698 34699 34700 34700 34703 34704 34705 34708 34710 34713 34713 34715 34716 34716 34718 34718 34719 34720 34725 34725 34727 34727 34728 34728 34731 34732 34732 34734 34735 34735 34736 34738 34739 34741 34741 34742 34742 34742 34742 34743 34743 34744 34745 34745 34749 34749 34752 34752 34759 34759 34760 34762 34763 34763 34765 34765 34767 34767 34768 34768 34769 34770 34773 34773 34776 34776 34778 34778 34780 34781 34783 34783 34785 34785 34786 34786 34787 34789 34791 34793 34793 34794 34795 34795 34800 34802 34803 34804 34805 34806 34807 34808 34810 34810 34811 34815 34815 34818 34819 34821 34821 34821 34822 34823 34823 34823 34823 34827 34828 34830 34832 34833 34834 34835 34835 34836 34837 34837 34838 34838 34840 34842 34842 34843 34845 34845 34846 34847 34847 34848 34848 34849 34850 34851 34851 34853 34854 34855 34856 34857 34857 34857 34858 34858 34859 34860 34860 34860 34867 34867 34869 34869 34870 34870 34873 34873 34874 34874 34877 34878 34879 34879 34883 34884 34886 34886 34886 34887 34887 34889 34890 34891 34892 34894 34894 34895 34895 34895 34897 34898 34898 34899 34899 34900 34901 34903 34903 34903 34904 34906 34906 34907 34908 34908 34911 34911 34912 34912 34913 34914 34914 34916 34919 34920 34921 34921 34924 34924 34927 34928 34929 34929 34929 34929 34930 34933 34933 34933 34933 34933 34934 34935 34936 34936 34937 34938 34938 34938 34939 34940 34943 34943 34946 34946 34946 34946 34947 34947 34950 34952 34953 34953 34956 34956 34957 34957 34957 34960 34963 34964 34964 34966 34966 34967 34968 34969 34969 34970 34974 34974 34975 34975 34977 34980 34980 34982 34983 34983 34985 34985 34986 34986 34987 34992 34993 34993 34994 34994 34994 35000 35000 35002 35002 35002 35002 35003 35004 35004 35005 35005 35005 35005 35006 35007 35007 35007 35010 35012 35012 35013 35015 35016 35016 35017 35018 35018 35018 35019 35020 35020 35021 35022 35022 35022 35022 35025 35025 35026 35027 35027 35027 35029 35029 35029 35030 35030 35032 35032 35033 35034 35034 35035 35036 35036 35036 35037 35039 35041 35043 35044 35048 35050 35050 35052 35053 35054 35054 35055 35056 35057 35058 35058 35058 35059 35060 35061 35061 35062 35063 35066 35066 35066 35066 35066 35066 35067 35068 35068 35068 35069 35070 35070 35070 35071 35071 35072 35072 35072 35072 35072 35073 35074 35074 35077 35077 35078 35079 35080 35080 35081 35082 35082 35087 35087 35087 35087 35088 35088 35088 35091 35092 35092 35092 35093 35093 35095 35095 35095 35097 35100 35101 35103 35103 35104 35105 35107 35107 35109 35111 35112 35114 35118 35118 35120 35120 35122 35123 35123 35123 35124 35126 35128 35130 35132 35132 35132 35133 35134 35135 35135 35138 35138 35139 35140 35140 35140 35140 35141 35143 35143 35144 35146 35146 35150 35152 35153 35158 35158 35158 35158 35160 35161 35164 35165 35167 35168 35168 35168 35169 35174 35174 35178 35178 35178 35179 35180 35180 35181 35181 35182 35183 35184 35184 35184 35184 35186 35186 35187 35188 35188 35189 35192 35193 35194 35195 35195 35195 35196 35197 35199 35200 35203 35204 35204 35204 35205 35205 35205 35206 35206 35207 35207 35209 35209 35210 35211 35212 35215 35215 35215 35215 35216 35217 35217 35218 35218 35218 35219 35221 35222 35222 35222 35223 35224 35224 35228 35229 35229 35229 35230 35231 35231 35233 35233 35234 35234 35235 35236 35238 35238 35241 35242 35242 35244 35247 35247 35247 35253 35254 35255 35256 35258 35259 35261 35261 35262 35262 35266 35270 35271 35272 35273 35275 35275 35276 35277 35278 35279 35279 35284 35284 35285 35287 35287 35288 35289 35290 35290 35291 35292 35292 35293 35298 35299 35301 35302 35302 35302 35302 35304 35306 35307 35307 35308 35308 35308 35309 35311 35312 35314 35314 35314 35314 35317 35317 35317 35318 35319 35320 35320 35321 35321 35321 35322 35322 35323 35325 35325 35326 35327 35329 35329 35331 35334 35336 35337 35339 35339 35342 35342 35342 35343 35344 35344 35344 35345 35346 35347 35347 35348 35350 35351 35352 35353 35354 35354 35354 35357 35357 35358 35358 35358 35358 35359 35360 35362 35362 35364 35365 35365 35366 35368 35370 35371 35374 35375 35375 35375 35377 35378 35379 35380 35380 35382 35383 35383 35383 35384 35385 35386 35386 35387 35387 35388 35389 35389 35390 35390 35391 35391 35391 35392 35392 35394 35395 35396 35396 35396 35397 35397 35401 35405 35406 35406 35409 35410 35411 35411 35412 35413 35416 35418 35418 35419 35419 35420 35421 35421 35421 35421 35423 35424 35425 35426 35427 35427 35428 35429 35429 35429 35430 35431 35431 35432 35432 35433 35434 35435 35435 35437 35438 35438 35439 35440 35440 35440 35444 35445 35445 35447 35448 35449 35451 35451 35453 35453 35454 35454 35454 35455 35455 35456 35456 35461 35462 35463 35463 35463 35466 35466 35469 35470 35471 35471 35475 35476 35479 35479 35480 35481 35482 35483 35486 35486 35488 35490 35491 35491 35492 35494 35496 35496 35497 35497 35501 35501 35502 35503 35504 35506 35509 35510 35512 35512 35513 35514 35514 35515 35516 35518 35519 35520 35521 35521 35522 35523 35525 35525 35525 35526 35526 35527 35528 35528 35529 35531 35533 35535 35536 35537 35539 35540 35540 35541 35542 35542 35543 35544 35548 35550 35550 35552 35554 35555 35555 35558 35558 35558 35559 35559 35561 35561 35563 35564 35566 35566 35567 35568 35568 35570 35571 35572 35573 35574 35575 35575 35575 35577 35578 35578 35578 35579 35579 35579 35581 35582 35584 35585 35585 35585 35586 35587 35588 35588 35589 35590 35591 35591 35594 35595 35596 35596 35596 35597 35598 35599 35600 35600 35602 35603 35605 35606 35608 35610 35611 35611 35611 35611 35613 35615 35616 35618 35619 35622 35623 35623 35627 35628 35628 35629 35630 35631 35633 35633 35634 35635 35635 35636 35636 35637 35638 35641 35641 35642 35643 35643 35644 35644 35645 35645 35648 35649 35650 35651 35654 35655 35656 35657 35657 35658 35658 35658 35659 35659 35666 35667 35667 35667 35668 35668 35668 35671 35672 35673 35674 35674 35677 35678 35679 35683 35684 35684 35685 35686 35686 35687 35690 35693 35693 35695 35695 35695 35695 35697 35698 35699 35699 35703 35703 35703 35704 35704 35704 35705 35706 35706 35707 35709 35709 35710 35711 35711 35713 35714 35715 35716 35717 35719 35720 35720 35721 35722 35723 35724 35724 35725 35726 35727 35727 35729 35731 35733 35734 35736 35736 35737 35738 35738 35741 35743 35744 35744 35746 35751 35752 35752 35752 35753 35754 35754 35754 35754 35754 35755 35755 35756 35757 35757 35759 35759 35759 35759 35762 35765 35765 35766 35766 35768 35770 35771 35772 35773 35773 35773 35774 35774 35775 35775 35775 35778 35779 35779 35779 35780 35780 35781 35781 35785 35785 35786 35786 35787 35787 35788 35790 35791 35791 35794 35794 35795 35796 35796 35796 35796 35797 35799 35800 35800 35802 35803 35803 35804 35804 35805 35805 35805 35806 35807 35809 35810 35811 35811 35814 35816 35817 35818 35818 35820 35820 35820 35821 35821 35821 35822 35822 35823 35823 35824 35824 35824 35824 35825 35825 35826 35828 35833 35835 35835 35836 35837 35838 35840 35841 35844 35845 35846 35846 35850 35852 35853 35854 35855 35856 35858 35859 35859 35861 35861 35862 35862 35862 35863 35864 35864 35865 35866 35867 35867 35870 35873 35873 35877 35877 35880 35881 35882 35882 35883 35884 35885 35886 35887 35888 35890 35890 35891 35891 35893 35894 35895 35895 35896 35896 35899 35899 35903 35903 35904 35904 35905 35905 35905 35905 35906 35907 35908 35909 35911 35911 35913 35913 35916 35917 35917 35918 35918 35919 35919 35919 35920 35920 35923 35923 35924 35925 35926 35927 35928 35931 35931 35932 35932 35932 35932 35932 35934 35936 35936 35939 35941 35945 35948 35948 35948 35949 35950 35951 35952 35953 35955 35956 35958 35958 35959 35960 35960 35962 35962 35962 35963 35965 35966 35967 35968 35968 35969 35972 35974 35974 35975 35980 35980 35982 35982 35982 35982 35983 35984 35986 35987 35990 35991 35991 35992 35993 35993 35993 35993 35996 35997 36000 36002 36002 36002 36003 36007 36010 36011 36011 36012 36013 36013 36015 36017 36017 36019 36020 36020 36021 36022 36022 36023 36023 36023 36025 36026 36026 36028 36029 36030 36030 36030 36031 36031 36034 36034 36035 36036 36036 36037 36038 36039 36040 36042 36045 36045 36045 36047 36048 36048 36048 36049 36049 36050 36053 36055 36055 36056 36056 36057 36059 36059 36059 36061 36062 36063 36064 36065 36067 36069 36070 36071 36071 36071 36071 36074 36074 36075 36076 36078 36079 36080 36082 36082 36082 36084 36086 36086 36086 36088 36088 36088 36089 36090 36091 36091 36091 36092 36093 36094 36095 36095 36095 36097 36097 36099 36099 36101 36102 36103 36107 36108 36111 36111 36112 36113 36116 36117 36118 36119 36120 36120 36120 36121 36121 36121 36122 36122 36123 36124 36124 36124 36125 36126 36127 36128 36130 36131 36131 36136 36136 36136 36137 36137 36138 36138 36141 36141 36144 36144 36145 36148 36149 36150 36150 36152 36153 36156 36157 36158 36159 36159 36159 36159 36160 36160 36160 36161 36167 36167 36168 36170 36170 36171 36171 36173 36174 36175 36175 36175 36176 36177 36177 36177 36180 36180 36181 36181 36182 36182 36183 36188 36188 36188 36188 36188 36189 36189 36189 36192 36192 36193 36194 36194 36196 36198 36198 36199 36199 36201 36201 36204 36206 36206 36207 36207 36207 36208 36209 36210 36213 36214 36217 36218 36218 36220 36221 36222 36222 36223 36225 36225 36225 36226 36228 36230 36232 36233 36233 36233 36234 36234 36234 36235 36237 36237 36237 36237 36241 36242 36242 36243 36244 36245 36247 36248 36249 36249 36249 36252 36253 36255 36255 36257 36257 36258 36258 36259 36259 36260 36261 36262 36265 36266 36266 36266 36268 36269 36269 36271 36271 36271 36272 36272 36272 36273 36274 36274 36274 36275 36275 36276 36276 36276 36277 36279 36280 36280 36280 36281 36282 36283 36284 36285 36285 36289 36289 36289 36294 36294 36295 36296 36296 36297 36298 36298 36298 36299 36303 36305 36306 36307 36307 36308 36309 36309 36310 36310 36310 36311 36311 36312 36313 36313 36313 36315 36315 36316 36317 36318 36318 36319 36320 36320 36320 36321 36321 36321 36322 36326 36327 36332 36332 36333 36333 36334 36336 36338 36338 36340 36340 36341 36342 36342 36342 36343 36343 36346 36346 36347 36348 36348 36348 36349 36349 36352 36352 36353 36354 36355 36355 36358 36359 36359 36360 36362 36362 36363 36363 36363 36363 36365 36365 36367 36369 36370 36371 36371 36372 36373 36373 36374 36375 36375 36375 36375 36376 36376 36377 36378 36381 36381 36381 36381 36382 36382 36383 36384 36385 36387 36388 36389 36390 36390 36391 36392 36393 36393 36394 36396 36396 36398 36398 36400 36400 36401 36401 36404 36405 36410 36410 36412 36414 36414 36415 36417 36418 36419 36419 36421 36422 36423 36426 36428 36428 36428 36429 36432 36434 36434 36435 36435 36437 36438 36439 36439 36439 36440 36441 36443 36444 36445 36446 36446 36447 36449 36449 36451 36452 36453 36453 36454 36455 36456 36457 36458 36459 36460 36461 36463 36467 36467 36470 36471 36471 36473 36474 36474 36475 36476 36477 36478 36479 36480 36481 36482 36482 36484 36485 36486 36488 36489 36491 36493 36496 36499 36500 36501 36501 36501 36501 36502 36502 36504 36504 36505 36505 36506 36507 36508 36509 36509 36510 36511 36513 36513 36519 36519 36519 36520 36520 36521 36524 36524 36524 36524 36525 36526 36527 36528 36530 36530 36530 36531 36531 36532 36533 36533 36535 36539 36540 36545 36545 36546 36547 36547 36548 36549 36549 36551 36552 36553 36554 36554 36554 36554 36555 36555 36557 36560 36561 36562 36564 36567 36567 36568 36568 36568 36570 36571 36571 36571 36572 36572 36572 36573 36573 36573 36573 36575 36575 36576 36576 36576 36577 36578 36581 36581 36583 36584 36584 36584 36587 36587 36588 36588 36591 36592 36592 36592 36593 36594 36594 36595 36596 36596 36596 36598 36600 36600 36604 36605 36605 36608 36608 36610 36610 36612 36612 36613 36613 36615 36615 36616 36617 36618 36618 36621 36622 36624 36625 36626 36627 36628 36630 36631 36633 36634 36635 36635 36636 36636 36637 36638 36638 36638 36639 36640 36640 36641 36641 36641 36642 36642 36645 36645 36646 36649 36649 36649 36654 36655 36659 36661 36661 36661 36662 36662 36663 36663 36664 36668 36668 36669 36669 36669 36672 36674 36674 36674 36676 36683 36686 36688 36689 36689 36692 36694 36694 36695 36698 36698 36699 36700 36701 36702 36703 36704 36706 36706 36706 36706 36706 36708 36710 36710 36710 36712 36715 36715 36718 36718 36719 36719 36719 36719 36719 36720 36721 36721 36723 36723 36724 36724 36728 36730 36731 36731 36732 36732 36732 36733 36734 36735 36736 36738 36738 36743 36743 36744 36746 36746 36747 36749 36749 36749 36750 36751 36751 36751 36752 36753 36754 36756 36757 36757 36757 36759 36760 36761 36762 36762 36763 36765 36765 36765 36766 36766 36767 36769 36769 36769 36769 36770 36771 36771 36772 36773 36774 36777 36777 36777 36778 36778 36780 36780 36783 36786 36786 36787 36787 36788 36788 36789 36789 36789 36790 36791 36791 36791 36791 36793 36793 36794 36794 36795 36795 36796 36798 36800 36801 36801 36801 36802 36804 36805 36806 36807 36808 36811 36811 36812 36813 36813 36815 36818 36819 36819 36820 36820 36821 36824 36825 36825 36828 36831 36832 36836 36836 36838 36838 36839 36841 36843 36843 36845 36847 36850 36851 36853 36854 36855 36856 36856 36856 36858 36859 36859 36859 36860 36860 36861 36862 36863 36863 36863 36864 36865 36866 36867 36867 36869 36869 36871 36871 36872 36874 36875 36875 36875 36877 36877 36878 36880 36881 36881 36881 36881 36884 36884 36886 36887 36887 36890 36893 36893 36893 36895 36895 36895 36896 36897 36898 36899 36900 36901 36902 36904 36905 36906 36906 36906 36906 36906 36908 36909 36909 36910 36910 36911 36913 36915 36916 36917 36918 36918 36919 36920 36920 36921 36921 36921 36921 36922 36922 36922 36923 36923 36924 36925 36927 36928 36928 36929 36932 36934 36936 36936 36936 36937 36938 36938 36939 36941 36942 36942 36943 36944 36945 36946 36947 36948 36950 36953 36953 36953 36954 36954 36957 36958 36958 36960 36960 36960 36964 36964 36966 36966 36967 36967 36968 36969 36969 36969 36969 36971 36971 36972 36974 36974 36975 36977 36977 36979 36980 36980 36980 36981 36982 36982 36983 36984 36984 36984 36987 36989 36990 36990 36991 36992 36995 36997 36998 36999 37000 37000 37001 37002 37003 37004 37008 37008 37008 37010 37011 37011 37012 37012 37012 37013 37013 37015 37016 37016 37016 37019 37020 37025 37026 37027 37027 37028 37029 37033 37034 37036 37036 37037 37037 37040 37041 37042 37045 37047 37048 37048 37050 37051 37053 37054 37055 37056 37056 37057 37059 37059 37059 37059 37060 37060 37064 37064 37064 37065 37066 37066 37068 37068 37069 37069 37070 37071 37072 37073 37073 37074 37076 37076 37077 37077 37079 37080 37080 37081 37085 37087 37087 37087 37087 37091 37092 37092 37095 37098 37098 37099 37099 37099 37100 37101 37102 37102 37104 37104 37106 37107 37109 37110 37111 37115 37116 37116 37116 37116 37118 37120 37121 37123 37123 37124 37124 37125 37126 37126 37126 37126 37126 37126 37127 37131 37132 37134 37135 37137 37137 37139 37142 37143 37143 37143 37146 37146 37147 37147 37150 37150 37150 37150 37151 37151 37154 37154 37154 37155 37157 37158 37159 37160 37160 37160 37161 37161 37162 37163 37166 37166 37167 37167 37170 37171 37172 37172 37172 37174 37175 37176 37177 37180 37181 37181 37182 37182 37182 37183 37187 37188 37188 37189 37189 37190 37191 37192 37193 37193 37194 37196 37197 37200 37201 37201 37204 37205 37205 37206 37206 37206 37207 37208 37211 37211 37213 37213 37214 37215 37216 37216 37216 37217 37221 37224 37226 37226 37227 37227 37228 37228 37228 37229 37232 37234 37235 37235 37237 37237 37237 37239 37242 37242 37243 37243 37243 37243 37244 37245 37245 37245 37248 37249 37251 37252 37256 37257 37263 37265 37265 37266 37266 37266 37267 37268 37271 37271 37272 37273 37274 37276 37279 37280 37280 37283 37284 37284 37286 37287 37288 37288 37290 37291 37292 37292 37292 37294 37294 37296 37296 37296 37298 37300 37300 37300 37301 37302 37303 37303 37304 37304 37304 37305 37306 37308 37310 37310 37312 37314 37315 37315 37317 37317 37318 37318 37319 37319 37319 37320 37320 37320 37321 37322 37324 37324 37325 37325 37325 37326 37326 37327 37327 37328 37329 37331 37331 37331 37331 37332 37332 37332 37333 37335 37335 37336 37338 37339 37339 37340 37340 37341 37342 37343 37343 37345 37346 37348 37349 37350 37351 37351 37352 37353 37353 37357 37357 37358 37358 37359 37360 37362 37363 37365 37371 37371 37372 37373 37373 37374 37376 37376 37377 37377 37378 37380 37381 37383 37384 37384 37385 37385 37388 37388 37389 37389 37389 37389 37389 37390 37392 37392 37394 37395 37395 37396 37396 37398 37399 37399 37401 37401 37401 37403 37403 37404 37406 37407 37407 37408 37409 37409 37411 37412 37415 37417 37419 37424 37425 37426 37428 37428 37430 37430 37431 37432 37433 37433 37434 37434 37435 37435 37437 37437 37437 37439 37441 37442 37442 37443 37444 37444 37445 37447 37450 37454 37455 37456 37458 37458 37458 37459 37459 37464 37465 37468 37469 37469 37470 37470 37472 37472 37473 37473 37474 37475 37475 37477 37477 37478 37479 37480 37480 37481 37481 37481 37482 37482 37482 37482 37484 37486 37486 37488 37488 37488 37489 37489 37489 37490 37491 37492 37494 37497 37499 37500 37500 37501 37502 37502 37504 37504 37504 37505 37507 37508 37509 37511 37511 37513 37514 37514 37514 37514 37515 37516 37516 37518 37519 37519 37520 37522 37522 37522 37524 37525 37525 37526 37527 37527 37528 37528 37529 37529 37530 37530 37530 37530 37532 37534 37535 37535 37535 37536 37537 37537 37538 37539 37540 37541 37542 37543 37543 37544 37545 37545 37545 37549 37554 37554 37555 37555 37558 37561 37562 37565 37567 37568 37570 37571 37575 37575 37576 37576 37576 37577 37578 37578 37578 37579 37583 37584 37584 37584 37586 37586 37591 37591 37592 37592 37593 37594 37594 37594 37595 37595 37596 37596 37599 37599 37600 37600 37602 37602 37605 37605 37605 37607 37607 37607 37609 37610 37610 37611 37611 37612 37612 37612 37613 37614 37616 37617 37617 37620 37620 37620 37621 37623 37623 37625 37625 37626 37626 37626 37626 37629 37630 37631 37632 37632 37632 37633 37634 37635 37636 37637 37639 37641 37642 37642 37642 37646 37647 37647 37648 37649 37650 37650 37650 37651 37652 37652 37652 37653 37653 37653 37654 37655 37655 37656 37658 37658 37659 37660 37661 37662 37662 37665 37666 37668 37669 37669 37669 37670 37672 37674 37674 37675 37677 37677 37680 37681 37681 37681 37682 37682 37682 37682 37682 37683 37683 37683 37684 37684 37684 37685 37686 37686 37687 37688 37689 37689 37690 37690 37691 37692 37694 37695 37695 37696 37696 37698 37698 37699 37703 37704 37705 37705 37706 37707 37707 37709 37711 37714 37715 37716 37716 37718 37719 37721 37722 37724 37724 37724 37724 37725 37726 37726 37726 37730 37730 37732 37732 37733 37734 37735 37736 37737 37738 37739 37740 37744 37745 37745 37746 37749 37750 37750 37750 37751 37751 37751 37751 37752 37752 37753 37754 37754 37755 37755 37755 37755 37756 37756 37758 37759 37760 37760 37761 37762 37763 37765 37766 37768 37769 37769 37772 37772 37774 37774 37775 37776 37778 37779 37780 37780 37780 37781 37782 37783 37783 37784 37784 37786 37786 37786 37787 37788 37788 37791 37791 37794 37795 37795 37795 37797 37797 37798 37798 37800 37801 37803 37803 37804 37805 37806 37806 37806 37806 37807 37807 37807 37807 37808 37808 37808 37809 37809 37809 37815 37816 37816 37816 37818 37818 37819 37820 37820 37820 37820 37822 37825 37826 37826 37827 37827 37827 37827 37829 37830 37830 37831 37833 37835 37837 37838 37839 37843 37843 37844 37845 37847 37847 37849 37849 37850 37851 37852 37853 37853 37855 37855 37856 37858 37858 37860 37860 37860 37864 37865 37865 37866 37868 37869 37869 37869 37872 37874 37874 37874 37875 37875 37875 37876 37878 37879 37879 37880 37880 37881 37882 37882 37883 37885 37886 37888 37889 37889 37890 37891 37892 37893 37893 37893 37894 37894 37894 37894 37895 37900 37900 37900 37902 37903 37904 37905 37906 37909 37910 37912 37912 37914 37914 37915 37916 37916 37917 37918 37918 37920 37921 37922 37926 37926 37926 37927 37928 37929 37930 37930 37930 37933 37934 37934 37935 37935 37935 37936 37936 37936 37936 37936 37937 37937 37940 37940 37941 37942 37942 37943 37948 37950 37950 37950 37951 37951 37958 37958 37960 37961 37961 37964 37966 37967 37967 37970 37970 37972 37975 37975 37976 37977 37977 37978 37978 37980 37980 37982 37983 37983 37983 37984 37985 37987 37987 37988 37988 37992 37992 37993 37994 37995 37996 37996 37997 37997 37997 37998 38004 38005 38005 38006 38008 38009 38010 38010 38011 38011 38012 38012 38012 38013 38016 38016 38016 38017 38018 38019 38020 38024 38025 38026 38028 38030 38030 38030 38031 38032 38033 38034 38036 38036 38037 38038 38039 38039 38041 38044 38044 38045 38045 38045 38046 38047 38047 38047 38047 38048 38048 38051 38052 38054 38057 38058 38060 38061 38061 38062 38062 38063 38063 38064 38065 38065 38066 38067 38070 38070 38070 38071 38072 38073 38077 38078 38079 38079 38080 38080 38081 38082 38082 38083 38086 38086 38089 38089 38091 38091 38091 38092 38092 38094 38095 38096 38097 38098 38100 38101 38101 38103 38104 38104 38105 38109 38109 38110 38112 38112 38112 38113 38114 38115 38116 38118 38120 38121 38124 38124 38125 38126 38126 38127 38128 38130 38130 38132 38132 38133 38133 38134 38135 38135 38136 38136 38136 38136 38136 38136 38137 38137 38137 38138 38139 38140 38142 38142 38144 38145 38146 38146 38146 38148 38148 38150 38151 38152 38153 38157 38160 38160 38161 38161 38162 38162 38164 38165 38170 38170 38170 38171 38177 38178 38179 38180 38182 38182 38184 38185 38186 38186 38187 38189 38191 38194 38195 38195 38196 38196 38197 38197 38197 38198 38198 38198 38199 38204 38204 38206 38206 38207 38208 38209 38209 38209 38209 38209 38210 38212 38212 38212 38213 38213 38214 38216 38216 38216 38216 38221 38222 38225 38226 38231 38231 38235 38236 38238 38239 38243 38243 38243 38243 38244 38245 38246 38247 38247 38247 38248 38248 38248 38248 38249 38249 38250 38252 38253 38255 38256 38258 38261 38261 38262 38263 38263 38265 38266 38266 38266 38268 38269 38269 38270 38270 38271 38271 38280 38280 38280 38285 38285 38285 38285 38288 38288 38289 38290 38290 38293 38295 38296 38296 38297 38297 38298 38300 38301 38301 38301 38303 38303 38304 38304 38306 38307 38307 38308 38309 38310 38310 38311 38312 38312 38313 38313 38315 38315 38316 38317 38317 38318 38319 38321 38322 38324 38324 38324 38324 38325 38325 38325 38325 38326 38326 38326 38326 38327 38328 38339 38339 38339 38340 38342 38342 38344 38344 38346 38346 38346 38348 38349 38350 38353 38354 38354 38355 38356 38357 38357 38358 38358 38358 38360 38361 38361 38362 38362 38363 38363 38364 38364 38364 38365 38366 38366 38367 38367 38367 38371 38373 38375 38375 38376 38379 38380 38380 38381 38383 38384 38388 38390 38390 38390 38391 38393 38394 38395 38396 38398 38398 38398 38398 38399 38400 38400 38401 38401 38404 38404 38406 38407 38407 38410 38410 38411 38412 38413 38414 38415 38417 38417 38419 38419 38420 38421 38423 38424 38427 38428 38429 38430 38431 38432 38433 38433 38434 38434 38434 38435 38438 38438 38439 38442 38442 38444 38444 38444 38445 38445 38447 38448 38448 38448 38449 38452 38453 38453 38454 38455 38455 38456 38457 38459 38460 38461 38463 38464 38464 38465 38465 38465 38466 38468 38468 38471 38473 38474 38475 38475 38475 38476 38481 38481 38482 38482 38483 38483 38485 38485 38486 38486 38486 38487 38488 38488 38489 38491 38493 38493 38493 38494 38496 38496 38498 38500 38502 38504 38505 38506 38506 38507 38508 38508 38508 38508 38509 38510 38510 38512 38512 38513 38516 38516 38517 38517 38518 38520 38521 38522 38523 38524 38524 38525 38526 38528 38529 38529 38529 38530 38532 38532 38532 38536 38537 38537 38542 38543 38546 38547 38549 38549 38552 38554 38555 38555 38561 38565 38565 38565 38565 38566 38569 38570 38572 38573 38574 38574 38577 38578 38579 38579 38579 38580 38580 38581 38583 38584 38585 38586 38590 38591 38591 38593 38593 38594 38595 38597 38597 38597 38598 38603 38605 38608 38610 38611 38614 38614 38615 38617 38623 38623 38623 38623 38624 38624 38625 38625 38625 38626 38626 38627 38627 38627 38628 38628 38629 38629 38631 38631 38635 38636 38637 38637 38637 38637 38638 38640 38643 38644 38645 38647 38647 38647 38649 38650 38651 38651 38651 38652 38653 38654 38655 38655 38656 38657 38658 38660 38660 38660 38662 38663 38664 38664 38664 38665 38665 38666 38668 38668 38670 38671 38673 38673 38674 38675 38677 38677 38678 38678 38680 38681 38682 38682 38683 38683 38683 38683 38684 38685 38686 38687 38687 38690 38690 38690 38691 38692 38694 38694 38695 38696 38700 38701 38701 38702 38702 38705 38706 38706 38706 38707 38707 38708 38708 38710 38710 38711 38712 38712 38714 38714 38714 38715 38717 38717 38718 38719 38721 38721 38722 38723 38724 38725 38725 38730 38731 38732 38732 38733 38734 38735 38735 38736 38737 38739 38741 38745 38748 38748 38749 38749 38750 38750 38751 38751 38753 38754 38754 38755 38755 38756 38757 38759 38761 38761 38763 38764 38764 38766 38767 38767 38768 38771 38773 38775 38775 38776 38776 38776 38778 38780 38781 38782 38782 38783 38784 38785 38786 38786 38786 38787 38787 38788 38788 38790 38791 38791 38792 38794 38795 38795 38799 38800 38800 38801 38804 38804 38805 38808 38809 38810 38810 38814 38814 38814 38816 38816 38818 38819 38820 38820 38821 38823 38824 38824 38826 38827 38827 38828 38828 38828 38829 38829 38830 38831 38832 38835 38836 38838 38841 38841 38841 38842 38844 38844 38847 38847 38849 38849 38852 38852 38852 38852 38853 38854 38855 38855 38856 38857 38857 38858 38859 38859 38859 38860 38861 38861 38861 38863 38863 38864 38865 38865 38866 38867 38867 38868 38870 38871 38871 38871 38871 38872 38872 38872 38873 38873 38874 38876 38878 38879 38880 38881 38881 38881 38883 38883 38885 38887 38887 38887 38888 38888 38888 38890 38890 38890 38891 38891 38892 38892 38894 38896 38897 38901 38901 38903 38903 38905 38905 38908 38912 38913 38914 38915 38915 38916 38919 38919 38919 38921 38921 38922 38922 38926 38926 38931 38933 38933 38933 38933 38936 38938 38939 38940 38940 38941 38941 38942 38944 38944 38945 38945 38946 38947 38948 38950 38950 38951 38952 38952 38952 38952 38953 38953 38953 38954 38954 38955 38956 38957 38958 38958 38959 38959 38959 38960 38960 38960 38961 38961 38961 38961 38963 38963 38963 38965 38965 38965 38967 38968 38968 38968 38968 38969 38969 38970 38972 38973 38974 38974 38975 38977 38980 38981 38982 38983 38983 38984 38986 38986 38987 38988 38989 38990 38990 38992 38993 38993 38993 38994 38994 38994 38994 38996 38998 39000 39001 39002 39002 39002 39002 39006 39006 39006 39007 39008 39009 39010 39011 39015 39015 39016 39018 39020 39022 39027 39027 39027 39027 39029 39030 39032 39032 39033 39034 39036 39037 39037 39038 39040 39040 39040 39041 39045 39045 39048 39049 39050 39050 39050 39051 39052 39054 39057 39060 39061 39061 39061 39063 39064 39065 39066 39066 39066 39067 39068 39069 39069 39069 39070 39070 39070 39070 39071 39071 39071 39072 39072 39072 39075 39076 39076 39076 39078 39081 39081 39082 39083 39084 39084 39085 39085 39085 39087 39088 39088 39092 39093 39094 39095 39096 39098 39099 39100 39100 39101 39102 39102 39104 39105 39106 39107 39107 39108 39109 39110 39112 39112 39113 39116 39116 39117 39117 39117 39118 39121 39121 39121 39121 39122 39122 39123 39123 39123 39124 39125 39125 39127 39129 39129 39134 39134 39136 39137 39137 39138 39139 39140 39140 39140 39141 39141 39142 39144 39144 39144 39145 39146 39149 39151 39153 39154 39154 39155 39156 39156 39157 39157 39158 39160 39161 39161 39162 39162 39164 39165 39165 39166 39167 39170 39172 39172 39173 39174 39174 39174 39174 39175 39180 39180 39184 39186 39188 39189 39190 39191 39192 39192 39193 39196 39197 39197 39197 39200 39201 39202 39202 39202 39203 39204 39204 39204 39205 39206 39207 39209 39209 39209 39210 39210 39215 39215 39215 39218 39219 39219 39219 39220 39222 39222 39222 39222 39223 39223 39224 39226 39226 39226 39227 39227 39227 39228 39230 39232 39233 39233 39234 39234 39235 39237 39237 39238 39241 39242 39243 39245 39245 39246 39246 39246 39248 39250 39251 39255 39255 39256 39257 39258 39258 39259 39260 39261 39261 39263 39263 39264 39264 39265 39267 39267 39267 39267 39268 39268 39268 39268 39269 39273 39275 39276 39277 39278 39278 39281 39281 39282 39283 39284 39285 39287 39287 39289 39289 39290 39291 39291 39295 39295 39296 39298 39298 39299 39299 39300 39301 39302 39302 39302 39303 39304 39304 39305 39305 39305 39306 39309 39309 39309 39310 39311 39311 39312 39312 39317 39318 39319 39320 39320 39321 39322 39322 39323 39328 39328 39329 39329 39330 39336 39336 39337 39337 39338 39338 39339 39340 39343 39343 39344 39345 39345 39346 39347 39348 39348 39348 39349 39352 39353 39354 39354 39354 39355 39355 39356 39356 39359 39362 39363 39363 39364 39365 39366 39367 39367 39368 39369 39369 39370 39371 39371 39373 39373 39374 39374 39374 39374 39378 39382 39383 39385 39386 39387 39387 39387 39389 39393 39394 39396 39396 39397 39399 39399 39399 39400 39401 39401 39403 39404 39404 39407 39408 39408 39409 39410 39414 39414 39416 39417 39417 39418 39424 39424 39425 39425 39426 39426 39426 39427 39427 39427 39429 39430 39430 39432 39434 39434 39434 39435 39435 39437 39438 39438 39438 39439 39439 39439 39439 39440 39440 39443 39444 39444 39444 39445 39446 39447 39447 39450 39451 39452 39452 39453 39455 39457 39458 39459 39459 39461 39461 39462 39464 39465 39465 39467 39467 39468 39469 39474 39475 39475 39476 39477 39477 39479 39479 39481 39481 39482 39483 39485 39485 39486 39486 39487 39488 39491 39492 39493 39493 39494 39494 39495 39495 39495 39496 39497 39498 39499 39499 39500 39502 39502 39502 39504 39504 39504 39505 39505 39505 39506 39507 39507 39507 39507 39508 39508 39509 39510 39514 39516 39516 39516 39516 39517 39517 39518 39519 39521 39522 39522 39523 39523 39524 39525 39526 39526 39527 39527 39528 39529 39529 39531 39532 39533 39533 39534 39534 39535 39536 39536 39538 39539 39539 39539 39539 39539 39540 39540 39542 39542 39542 39543 39543 39543 39544 39545 39546 39547 39547 39547 39548 39548 39548 39549 39550 39551 39552 39553 39555 39557 39557 39558 39558 39562 39565 39565 39566 39566 39567 39567 39571 39573 39573 39575 39578 39579 39579 39579 39580 39581 39581 39581 39584 39584 39584 39585 39586 39587 39587 39588 39589 39589 39590 39591 39593 39594 39594 39595 39595 39595 39596 39598 39599 39600 39602 39604 39605 39606 39608 39608 39608 39609 39609 39612 39613 39614 39615 39616 39619 39619 39620 39620 39622 39623 39623 39624 39624 39624 39624 39625 39626 39628 39628 39629 39631 39633 39635 39636 39636 39637 39637 39637 39639 39642 39642 39643 39645 39646 39646 39646 39646 39647 39648 39648 39648 39649 39650 39654 39654 39657 39658 39658 39661 39661 39661 39663 39663 39666 39668 39668 39668 39671 39674 39676 39677 39678 39678 39683 39683 39686 39686 39687 39688 39690 39690 39692 39693 39693 39694 39694 39695 39697 39699 39701 39703 39703 39704 39707 39708 39709 39710 39710 39711 39714 39714 39716 39717 39717 39718 39720 39721 39721 39722 39723 39724 39727 39727 39728 39728 39728 39729 39730 39732 39733 39733 39733 39735 39736 39738 39738 39740 39743 39743 39744 39745 39747 39747 39747 39749 39751 39751 39752 39752 39753 39754 39755 39756 39756 39756 39757 39757 39758 39759 39762 39762 39763 39763 39763 39764 39765 39767 39769 39770 39770 39771 39771 39775 39777 39777 39777 39779 39780 39780 39782 39782 39783 39783 39783 39784 39785 39785 39786 39786 39786 39787 39788 39788 39788 39788 39790 39790 39791 39791 39792 39792 39792 39792 39793 39794 39795 39796 39796 39797 39799 39799 39799 39800 39800 39802 39802 39803 39805 39809 39810 39810 39811 39812 39815 39816 39816 39817 39817 39820 39821 39822 39822 39822 39823 39825 39825 39825 39827 39828 39828 39828 39828 39830 39831 39835 39836 39837 39837 39838 39840 39840 39842 39844 39844 39844 39845 39846 39846 39847 39848 39849 39849 39851 39852 39853 39854 39855 39855 39857 39858 39858 39860 39860 39860 39861 39861 39863 39863 39865 39866 39867 39867 39867 39870 39870 39871 39872 39873 39873 39873 39874 39877 39878 39878 39878 39878 39879 39882 39883 39883 39884 39884 39887 39887 39889 39894 39895 39895 39896 39897 39897 39899 39900 39900 39900 39900 39901 39902 39903 39904 39904 39904 39905 39905 39906 39907 39909 39910 39911 39911 39911 39914 39914 39915 39916 39916 39917 39917 39918 39919 39920 39922 39922 39924 39924 39925 39927 39930 39931 39931 39932 39932 39935 39936 39936 39936 39937 39939 39942 39942 39944 39946 39947 39948 39948 39949 39949 39950 39950 39951 39951 39960 39960 39961 39963 39966 39966 39967 39967 39967 39969 39970 39971 39971 39973 39973 39974 39976 39976 39979 39980 39981 39981 39984 39985 39990 39990 39993 39993 39994 39995 39995 39996 40001 40002 40005 40008 40008 40008 40009 40010 40011 40013 40014 40015 40016 40017 40019 40023 40024 40025 40029 40029 40030 40035 40036 40037 40037 40038 40038 40040 40042 40042 40043 40044 40045 40045 40045 40047 40048 40049 40050 40050 40051 40052 40055 40057 40059 40061 40064 40064 40065 40065 40070 40070 40070 40072 40075 40076 40076 40079 40080 40081 40083 40085 40087 40089 40089 40090 40091 40094 40096 40096 40096 40097 40100 40100 40101 40101 40102 40103 40104 40105 40105 40107 40107 40107 40108 40109 40110 40110 40111 40111 40112 40112 40112 40112 40113 40115 40116 40118 40118 40118 40119 40120 40121 40121 40121 40122 40123 40123 40125 40127 40127 40127 40128 40128 40131 40132 40135 40136 40140 40141 40142 40142 40143 40144 40145 40146 40147 40148 40151 40151 40151 40151 40151 40152 40155 40158 40159 40159 40159 40161 40162 40163 40163 40163 40164 40170 40170 40172 40175 40176 40176 40179 40179 40184 40185 40185 40185 40187 40189 40189 40189 40189 40191 40196 40196 40197 40197 40198 40202 40202 40205 40206 40206 40206 40207 40208 40212 40213 40213 40213 40213 40214 40214 40216 40216 40218 40218 40218 40220 40222 40222 40223 40224 40226 40227 40229 40229 40230 40231 40232 40236 40236 40236 40237 40237 40238 40238 40239 40239 40241 40242 40242 40243 40243 40246 40246 40247 40249 40249 40251 40251 40255 40255 40256 40256 40256 40257 40259 40260 40262 40265 40267 40268 40269 40272 40273 40273 40276 40276 40279 40280 40280 40280 40282 40282 40287 40287 40287 40288 40288 40292 40292 40292 40293 40294 40295 40296 40299 40299 40299 40299 40300 40301 40306 40308 40309 40310 40310 40311 40311 40312 40313 40314 40314 40315 40316 40316 40318 40319 40320 40320 40320 40321 40322 40322 40322 40325 40325 40325 40328 40328 40328 40329 40331 40331 40333 40334 40334 40336 40338 40339 40339 40339 40339 40340 40340 40341 40342 40342 40344 40346 40346 40348 40348 40348 40349 40350 40351 40351 40352 40352 40353 40353 40353 40353 40354 40355 40356 40357 40357 40357 40357 40357 40359 40359 40364 40364 40365 40365 40366 40367 40370 40370 40371 40376 40376 40377 40378 40380 40380 40380 40383 40383 40384 40384 40384 40384 40385 40386 40387 40388 40388 40389 40389 40390 40391 40391 40393 40394 40394 40395 40398 40400 40402 40402 40403 40404 40407 40408 40409 40409 40411 40412 40412 40412 40413 40414 40414 40415 40417 40422 40422 40423 40423 40424 40425 40425 40427 40432 40433 40434 40435 40435 40435 40435 40436 40436 40437 40437 40439 40439 40442 40442 40442 40443 40445 40445 40445 40448 40450 40450 40451 40452 40453 40453 40454 40454 40455 40456 40456 40457 40458 40458 40458 40461 40461 40462 40463 40464 40464 40465 40466 40466 40468 40469 40470 40470 40471 40471 40472 40472 40474 40476 40477 40477 40480 40480 40480 40481 40483 40484 40486 40486 40488 40489 40490 40491 40493 40493 40493 40494 40495 40496 40496 40497 40499 40500 40500 40501 40505 40506 40507 40507 40508 40509 40511 40512 40513 40513 40514 40519 40519 40520 40522 40524 40525 40529 40529 40529 40530 40536 40536 40538 40541 40542 40542 40545 40548 40549 40550 40551 40551 40552 40553 40554 40556 40556 40556 40557 40557 40557 40558 40558 40559 40561 40563 40565 40566 40568 40568 40568 40569 40570 40571 40572 40573 40574 40576 40576 40577 40578 40578 40580 40582 40582 40583 40587 40589 40589 40589 40590 40593 40595 40596 40597 40597 40598 40598 40599 40599 40601 40602 40605 40605 40607 40607 40608 40608 40609 40609 40609 40609 40611 40612 40612 40614 40615 40617 40618 40620 40620 40624 40627 40630 40631 40631 40632 40637 40637 40637 40638 40641 40642 40642 40643 40643 40648 40648 40651 40651 40651 40660 40664 40664 40664 40665 40665 40665 40666 40669 40669 40674 40678 40679 40680 40680 40680 40681 40681 40684 40685 40685 40687 40688 40688 40690 40691 40691 40691 40693 40694 40696 40700 40701 40701 40701 40703 40705 40705 40706 40708 40708 40710 40711 40712 40714 40716 40717 40717 40717 40719 40719 40719 40722 40723 40723 40724 40724 40726 40726 40726 40727 40728 40728 40729 40729 40730 40730 40731 40732 40732 40732 40733 40733 40735 40735 40738 40738 40739 40740 40741 40742 40743 40743 40744 40745 40745 40745 40745 40745 40746 40747 40748 40750 40752 40753 40755 40756 40759 40760 40761 40762 40763 40763 40764 40764 40765 40767 40768 40768 40769 40769 40769 40770 40770 40771 40771 40771 40772 40774 40775 40775 40779 40781 40781 40782 40783 40783 40784 40785 40787 40787 40788 40790 40791 40792 40792 40793 40793 40793 40795 40795 40795 40796 40796 40797 40797 40799 40799 40806 40808 40809 40810 40810 40812 40814 40815 40815 40816 40816 40816 40817 40819 40819 40819 40820 40821 40821 40822 40822 40822 40824 40824 40826 40828 40832 40833 40833 40833 40834 40836 40837 40838 40838 40841 40841 40843 40844 40846 40847 40848 40848 40848 40850 40852 40853 40854 40855 40859 40859 40860 40860 40860 40861 40862 40863 40864 40866 40867 40869 40872 40872 40872 40873 40873 40873 40875 40875 40877 40878 40879 40880 40881 40882 40882 40883 40883 40884 40885 40885 40887 40888 40890 40890 40891 40891 40893 40895 40895 40897 40899 40899 40901 40904 40904 40905 40906 40906 40907 40909 40909 40912 40913 40914 40914 40915 40915 40916 40919 40919 40920 40922 40925 40925 40926 40927 40929 40929 40934 40935 40936 40936 40937 40938 40938 40941 40941 40942 40943 40944 40945 40945 40946 40946 40946 40948 40948 40948 40948 40948 40949 40950 40950 40950 40954 40954 40955 40956 40957 40957 40958 40959 40960 40961 40961 40963 40963 40963 40965 40965 40967 40968 40968 40968 40968 40969 40969 40970 40970 40972 40974 40974 40975 40975 40976 40976 40977 40978 40978 40978 40978 40978 40979 40980 40980 40981 40982 40985 40986 40990 40992 40993 40993 40994 40996 40996 40998 40998 41000 41000 41000 41002 41004 41004 41005 41005 41007 41008 41009 41009 41013 41014 41014 41016 41019 41020 41020 41022 41022 41024 41024 41024 41026 41028 41029 41029 41030 41032 41033 41033 41034 41035 41036 41037 41037 41037 41037 41037 41038 41038 41039 41040 41042 41042 41043 41045 41047 41047 41048 41048 41048 41049 41049 41049 41050 41050 41051 41052 41053 41054 41056 41056 41057 41057 41057 41058 41059 41059 41059 41061 41061 41062 41063 41063 41063 41066 41067 41068 41070 41071 41073 41074 41075 41075 41076 41078 41079 41081 41081 41082 41084 41084 41085 41086 41087 41087 41087 41089 41089 41089 41090 41090 41090 41092 41092 41093 41094 41095 41095 41096 41096 41098 41098 41098 41100 41100 41105 41107 41108 41111 41113 41113 41115 41116 41116 41116 41117 41119 41119 41120 41121 41123 41124 41125 41125 41126 41128 41129 41130 41130 41130 41132 41133 41134 41136 41137 41141 41141 41144 41144 41145 41147 41148 41149 41150 41150 41151 41153 41153 41153 41153 41155 41156 41157 41157 41163 41163 41163 41166 41166 41168 41169 41170 41172 41172 41175 41175 41179 41180 41180 41180 41180 41182 41182 41183 41184 41185 41185 41185 41185 41187 41189 41191 41192 41193 41195 41195 41197 41198 41199 41200 41200 41201 41201 41202 41202 41202 41203 41204 41205 41207 41207 41207 41208 41208 41208 41209 41209 41210 41210 41211 41211 41212 41212 41213 41214 41215 41216 41218 41219 41219 41220 41220 41221 41221 41224 41226 41226 41226 41229 41230 41230 41230 41236 41240 41240 41243 41244 41244 41245 41246 41247 41248 41250 41250 41253 41255 41255 41257 41259 41260 41263 41264 41265 41265 41265 41265 41266 41268 41268 41270 41271 41272 41273 41274 41274 41274 41274 41275 41276 41276 41276 41277 41277 41280 41281 41285 41285 41288 41288 41290 41290 41291 41291 41292 41293 41294 41295 41296 41296 41297 41298 41300 41301 41301 41302 41303 41303 41303 41304 41307 41310 41311 41311 41313 41313 41314 41315 41315 41315 41315 41315 41316 41317 41317 41317 41319 41319 41320 41320 41325 41326 41327 41327 41327 41328 41329 41330 41330 41331 41332 41333 41336 41339 41339 41340 41342 41342 41344 41345 41346 41347 41347 41347 41349 41352 41354 41356 41356 41357 41357 41359 41360 41360 41364 41365 41365 41367 41367 41368 41368 41369 41370 41371 41372 41373 41374 41374 41375 41375 41375 41376 41376 41377 41378 41378 41378 41379 41379 41381 41381 41381 41383 41383 41386 41386 41388 41390 41391 41392 41392 41393 41394 41395 41397 41398 41398 41398 41398 41400 41400 41402 41402 41405 41406 41407 41407 41411 41413 41413 41413 41417 41418 41419 41419 41420 41420 41420 41421 41423 41425 41425 41425 41426 41427 41427 41427 41427 41429 41432 41435 41435 41437 41437 41438 41438 41438 41440 41442 41442 41446 41450 41451 41453 41457 41458 41458 41459 41462 41467 41469 41472 41473 41476 41477 41479 41479 41479 41480 41481 41481 41482 41482 41483 41483 41483 41485 41485 41487 41489 41490 41491 41492 41492 41493 41493 41495 41498 41502 41503 41503 41504 41504 41505 41506 41508 41508 41510 41510 41511 41512 41513 41514 41514 41515 41518 41520 41521 41521 41521 41523 41523 41524 41525 41525 41525 41525 41526 41526 41527 41527 41528 41529 41529 41531 41533 41534 41535 41535 41535 41537 41538 41538 41538 41539 41540 41541 41542 41542 41543 41544 41544 41545 41545 41547 41549 41551 41551 41552 41552 41552 41553 41554 41554 41558 41562 41563 41565 41566 41567 41567 41568 41569 41570 41573 41574 41575 41576 41576 41576 41576 41578 41579 41582 41583 41585 41587 41587 41587 41588 41592 41593 41597 41598 41599 41599 41601 41601 41601 41603 41603 41604 41604 41604 41605 41607 41611 41612 41614 41616 41620 41620 41621 41621 41622 41623 41623 41624 41624 41624 41624 41625 41625 41626 41628 41629 41629 41629 41630 41630 41632 41633 41634 41636 41638 41640 41640 41640 41640 41641 41643 41644 41646 41647 41647 41648 41648 41651 41651 41652 41653 41654 41655 41658 41659 41659 41659 41660 41660 41661 41662 41662 41664 41664 41665 41666 41667 41668 41669 41669 41669 41670 41671 41671 41672 41674 41675 41676 41678 41678 41679 41679 41679 41680 41680 41683 41683 41684 41684 41685 41685 41685 41686 41686 41686 41687 41688 41688 41689 41690 41691 41691 41696 41698 41698 41700 41701 41704 41708 41709 41710 41711 41712 41712 41713 41713 41715 41715 41718 41718 41718 41723 41725 41726 41726 41726 41727 41728 41729 41729 41730 41732 41732 41735 41735 41737 41737 41738 41739 41741 41741 41742 41742 41743 41744 41745 41745 41750 41750 41750 41750 41751 41751 41751 41753 41753 41754 41755 41756 41758 41759 41762 41762 41763 41764 41765 41767 41768 41768 41769 41769 41771 41772 41772 41773 41775 41777 41778 41780 41781 41781 41782 41783 41785 41785 41785 41786 41787 41788 41789 41789 41789 41789 41792 41797 41797 41797 41800 41801 41802 41802 41804 41805 41807 41809 41818 41818 41819 41819 41821 41823 41825 41826 41827 41828 41828 41829 41829 41831 41832 41834 41834 41834 41835 41836 41837 41837 41837 41837 41839 41841 41841 41845 41846 41846 41847 41849 41850 41851 41852 41853 41854 41854 41857 41858 41858 41859 41859 41859 41860 41861 41862 41862 41863 41863 41865 41867 41868 41868 41869 41873 41873 41874 41875 41875 41876 41877 41877 41879 41881 41881 41884 41884 41887 41887 41887 41891 41891 41892 41894 41896 41896 41897 41897 41899 41900 41901 41901 41901 41901 41902 41905 41908 41909 41910 41910 41910 41911 41912 41913 41913 41914 41914 41915 41915 41916 41920 41920 41921 41922 41922 41923 41923 41923 41923 41925 41926 41927 41927 41929 41929 41929 41929 41929 41930 41933 41935 41935 41937 41939 41943 41945 41946 41946 41947 41947 41948 41949 41951 41953 41954 41954 41954 41955 41956 41960 41960 41962 41962 41962 41964 41965 41966 41967 41967 41969 41970 41970 41971 41972 41973 41974 41974 41974 41977 41977 41978 41978 41981 41981 41982 41982 41982 41983 41986 41986 41987 41989 41989 41990 41991 41991 41992 41994 41995 41995 41995 41996 41998 41999 42000 42000 42001 42001 42002 42009 42010 42011 42011 42011 42013 42013 42015 42021 42021 42023 42023 42024 42029 42029 42032 42032 42032 42032 42033 42034 42035 42037 42038 42040 42040 42041 42041 42042 42043 42043 42044 42047 42047 42049 42050 42052 42053 42053 42055 42055 42055 42056 42056 42056 42056 42057 42058 42060 42062 42063 42063 42065 42065 42065 42066 42068 42068 42068 42068 42068 42069 42069 42070 42071 42071 42072 42072 42074 42074 42076 42078 42078 42079 42079 42080 42083 42083 42085 42088 42089 42089 42089 42090 42090 42095 42097 42099 42102 42102 42104 42105 42107 42107 42112 42112 42113 42114 42115 42116 42116 42117 42117 42120 42120 42120 42122 42122 42123 42123 42125 42126 42126 42126 42127 42128 42128 42131 42131 42131 42134 42135 42136 42139 42141 42143 42147 42149 42149 42150 42152 42152 42152 42153 42154 42155 42157 42157 42158 42158 42158 42161 42162 42162 42162 42163 42164 42164 42164 42164 42165 42165 42166 42168 42169 42169 42171 42171 42171 42173 42173 42173 42173 42173 42174 42175 42175 42175 42176 42177 42178 42180 42181 42182 42184 42185 42186 42186 42187 42188 42189 42191 42192 42193 42195 42204 42204 42204 42205 42208 42209 42210 42210 42211 42211 42213 42214 42214 42215 42216 42216 42217 42218 42219 42224 42224 42224 42225 42225 42226 42228 42230 42234 42234 42235 42236 42239 42241 42242 42243 42244 42244 42246 42249 42250 42250 42250 42251 42255 42255 42256 42256 42257 42259 42260 42261 42262 42263 42263 42263 42264 42267 42268 42268 42269 42269 42271 42272 42272 42272 42273 42278 42278 42279 42279 42281 42281 42282 42283 42283 42283 42287 42287 42288 42290 42292 42292 42292 42296 42298 42299 42299 42300 42300 42302 42303 42305 42305 42306 42306 42306 42306 42309 42309 42310 42312 42313 42313 42315 42316 42317 42318 42319 42320 42320 42322 42324 42326 42327 42328 42329 42330 42331 42331 42331 42335 42336 42337 42338 42338 42340 42340 42341 42343 42343 42343 42345 42346 42348 42348 42349 42349 42350 42350 42350 42351 42351 42352 42356 42357 42358 42358 42358 42359 42361 42364 42364 42364 42364 42365 42366 42366 42367 42368 42368 42369 42370 42370 42370 42370 42371 42376 42377 42377 42378 42380 42382 42383 42384 42385 42387 42387 42387 42388 42390 42394 42395 42396 42399 42399 42399 42400 42402 42403 42404 42405 42406 42408 42408 42408 42410 42410 42411 42412 42412 42412 42412 42412 42413 42415 42416 42416 42417 42421 42422 42423 42423 42424 42425 42426 42426 42430 42431 42431 42432 42433 42434 42436 42438 42438 42439 42440 42440 42441 42441 42442 42443 42448 42449 42449 42450 42451 42453 42453 42453 42453 42455 42455 42456 42456 42459 42459 42460 42461 42461 42461 42462 42465 42465 42465 42467 42467 42468 42468 42469 42470 42471 42471 42473 42475 42477 42477 42478 42478 42479 42479 42479 42480 42480 42480 42483 42485 42485 42486 42488 42488 42489 42491 42493 42494 42494 42495 42497 42498 42501 42502 42502 42503 42504 42505 42506 42508 42514 42516 42517 42517 42517 42518 42518 42522 42522 42524 42524 42525 42525 42526 42526 42528 42528 42528 42529 42529 42530 42530 42530 42531 42531 42536 42538 42538 42539 42540 42540 42540 42541 42541 42542 42543 42545 42547 42548 42550 42551 42552 42553 42554 42555 42557 42560 42561 42561 42566 42566 42568 42570 42572 42573 42573 42575 42575 42578 42578 42578 42579 42580 42581 42581 42582 42585 42585 42586 42586 42587 42587 42588 42589 42591 42592 42593 42593 42593 42595 42595 42596 42596 42596 42596 42596 42597 42597 42598 42598 42599 42602 42602 42604 42604 42605 42607 42608 42609 42609 42609 42609 42610 42610 42612 42614 42616 42616 42617 42619 42621 42621 42621 42622 42623 42623 42624 42628 42629 42629 42630 42631 42632 42632 42633 42634 42637 42640 42640 42640 42642 42643 42643 42643 42643 42644 42644 42644 42645 42647 42648 42649 42650 42651 42652 42652 42652 42654 42654 42654 42655 42655 42656 42658 42661 42661 42661 42662 42663 42664 42666 42669 42670 42671 42672 42672 42673 42674 42674 42676 42676 42676 42677 42677 42677 42678 42678 42680 42681 42682 42682 42682 42683 42683 42684 42689 42689 42690 42691 42691 42692 42693 42693 42695 42696 42696 42696 42698 42698 42700 42701 42701 42701 42702 42702 42702 42703 42703 42704 42704 42705 42705 42705 42705 42706 42706 42707 42707 42707 42707 42708 42709 42711 42711 42711 42712 42713 42713 42715 42715 42716 42716 42717 42718 42718 42718 42718 42719 42719 42720 42720 42722 42723 42724 42724 42724 42726 42730 42730 42731 42731 42732 42734 42735 42737 42737 42738 42739 42740 42743 42744 42744 42745 42745 42745 42745 42745 42747 42747 42748 42749 42750 42750 42750 42750 42751 42751 42752 42752 42754 42755 42756 42756 42758 42758 42760 42761 42761 42761 42762 42762 42762 42763 42764 42766 42767 42767 42769 42770 42770 42776 42776 42777 42777 42778 42780 42780 42780 42782 42782 42782 42783 42783 42786 42787 42791 42792 42792 42793 42794 42794 42795 42797 42798 42798 42802 42802 42802 42803 42804 42805 42805 42805 42805 42807 42809 42810 42810 42811 42811 42812 42812 42812 42813 42814 42815 42817 42820 42821 42821 42826 42829 42831 42831 42831 42833 42834 42834 42834 42836 42836 42838 42839 42840 42841 42842 42844 42844 42845 42846 42846 42847 42848 42849 42849 42850 42850 42851 42852 42853 42854 42856 42857 42859 42859 42860 42860 42861 42862 42864 42865 42866 42867 42868 42870 42871 42873 42875 42876 42878 42878 42880 42881 42884 42885 42886 42887 42887 42887 42888 42888 42890 42894 42894 42894 42895 42897 42899 42900 42900 42901 42902 42903 42907 42908 42909 42909 42910 42910 42911 42912 42912 42914 42915 42917 42917 42918 42919 42920 42920 42923 42923 42923 42925 42926 42926 42926 42926 42926 42927 42927 42927 42930 42931 42931 42931 42932 42932 42933 42933 42933 42935 42935 42935 42936 42937 42937 42940 42941 42942 42942 42944 42944 42946 42948 42949 42951 42952 42953 42955 42955 42958 42961 42962 42962 42963 42963 42964 42964 42965 42966 42966 42967 42968 42970 42971 42971 42971 42971 42972 42974 42975 42975 42977 42978 42978 42978 42978 42978 42980 42980 42980 42981 42982 42984 42985 42985 42990 42990 42990 42992 42994 42996 42997 42999 42999 42999 43001 43002 43004 43005 43005 43005 43006 43008 43009 43011 43011 43012 43013 43013 43014 43015 43015 43017 43021 43022 43024 43024 43024 43025 43025 43026 43026 43026 43029 43030 43031 43032 43032 43032 43033 43034 43036 43036 43036 43038 43040 43040 43040 43041 43043 43044 43045 43045 43046 43046 43047 43049 43050 43054 43055 43056 43058 43058 43060 43060 43060 43061 43062 43062 43064 43064 43064 43065 43065 43065 43065 43065 43066 43068 43068 43069 43069 43069 43072 43074 43075 43076 43077 43077 43078 43080 43081 43084 43085 43086 43087 43088 43088 43088 43089 43090 43090 43092 43092 43093 43093 43094 43096 43097 43100 43101 43104 43108 43108 43109 43109 43113 43113 43114 43115 43116 43117 43119 43119 43120 43122 43123 43124 43124 43126 43127 43128 43129 43132 43132 43134 43143 43144 43144 43144 43146 43147 43149 43150 43151 43151 43153 43153 43155 43157 43158 43159 43159 43161 43163 43163 43166 43166 43166 43167 43167 43169 43169 43170 43173 43174 43174 43176 43177 43178 43179 43180 43180 43180 43181 43183 43183 43185 43185 43189 43190 43190 43190 43191 43192 43192 43193 43194 43194 43194 43195 43196 43196 43197 43198 43200 43202 43205 43205 43205 43206 43206 43208 43209 43209 43210 43211 43212 43212 43213 43215 43217 43219 43221 43221 43223 43223 43223 43225 43227 43228 43228 43230 43232 43235 43236 43236 43237 43237 43238 43239 43240 43241 43241 43241 43243 43246 43246 43247 43248 43249 43250 43251 43253 43253 43254 43255 43255 43256 43258 43258 43258 43259 43259 43259 43263 43263 43265 43265 43267 43267 43267 43267 43269 43269 43269 43269 43270 43272 43272 43274 43275 43275 43276 43278 43278 43278 43279 43280 43280 43280 43281 43283 43284 43286 43287 43289 43289 43290 43291 43293 43295 43295 43296 43296 43299 43299 43300 43300 43300 43300 43301 43302 43303 43303 43304 43304 43304 43305 43307 43307 43309 43311 43312 43312 43314 43314 43315 43316 43317 43319 43319 43326 43326 43326 43328 43328 43328 43329 43331 43333 43336 43337 43337 43338 43338 43339 43339 43340 43340 43341 43342 43342 43345 43346 43346 43346 43346 43347 43350 43350 43351 43354 43355 43355 43356 43357 43357 43357 43358 43358 43359 43359 43360 43363 43364 43366 43366 43366 43366 43367 43368 43368 43370 43372 43376 43376 43376 43377 43377 43378 43379 43380 43382 43382 43384 43387 43387 43387 43390 43390 43390 43391 43391 43393 43393 43396 43396 43398 43398 43398 43400 43400 43401 43402 43403 43406 43408 43409 43410 43411 43412 43412 43416 43416 43416 43416 43417 43418 43418 43418 43419 43419 43420 43420 43421 43422 43422 43422 43423 43424 43427 43428 43429 43433 43433 43434 43435 43436 43437 43437 43438 43439 43439 43440 43442 43443 43446 43446 43446 43449 43449 43450 43450 43450 43451 43452 43453 43454 43455 43456 43456 43459 43460 43461 43461 43462 43463 43463 43464 43464 43464 43464 43466 43468 43469 43469 43470 43471 43471 43473 43476 43477 43478 43479 43480 43481 43481 43486 43487 43487 43488 43489 43489 43490 43491 43491 43491 43492 43493 43494 43495 43495 43495 43495 43495 43498 43499 43501 43502 43502 43503 43503 43504 43505 43505 43506 43507 43507 43507 43508 43509 43510 43511 43512 43514 43514 43514 43515 43515 43517 43518 43518 43518 43521 43521 43522 43522 43523 43524 43526 43527 43528 43528 43528 43534 43535 43537 43537 43539 43539 43540 43541 43541 43541 43542 43543 43543 43543 43543 43545 43545 43545 43545 43547 43547 43547 43549 43550 43553 43553 43554 43554 43558 43564 43564 43565 43566 43567 43568 43569 43570 43571 43572 43574 43574 43575 43578 43581 43581 43581 43584 43585 43586 43586 43586 43587 43587 43588 43589 43590 43591 43595 43596 43597 43597 43598 43599 43599 43599 43602 43603 43604 43606 43607 43607 43608 43609 43609 43609 43610 43610 43611 43611 43611 43611 43614 43616 43616 43620 43620 43622 43623 43623 43625 43625 43626 43627 43627 43627 43628 43631 43637 43639 43640 43642 43643 43643 43645 43646 43647 43647 43649 43650 43652 43654 43654 43656 43656 43657 43657 43658 43658 43659 43661 43664 43665 43665 43666 43667 43668 43670 43671 43672 43672 43673 43673 43674 43674 43674 43677 43678 43678 43682 43682 43684 43689 43690 43690 43691 43691 43693 43693 43695 43695 43696 43696 43698 43699 43701 43702 43702 43702 43704 43704 43704 43705 43706 43707 43708 43711 43712 43713 43715 43716 43717 43717 43719 43719 43719 43720 43721 43722 43723 43724 43726 43727 43728 43728 43729 43729 43730 43730 43731 43732 43732 43734 43734 43736 43737 43739 43740 43741 43741 43743 43743 43743 43744 43744 43744 43745 43745 43745 43748 43750 43752 43753 43753 43753 43755 43756 43756 43757 43757 43758 43759 43762 43763 43765 43767 43767 43767 43768 43768 43769 43770 43770 43772 43772 43772 43772 43774 43776 43776 43777 43781 43781 43784 43784 43784 43785 43786 43786 43786 43787 43791 43793 43796 43796 43796 43797 43798 43799 43799 43800 43800 43801 43802 43802 43803 43805 43805 43806 43807 43807 43807 43809 43810 43810 43811 43812 43813 43815 43817 43817 43818 43820 43821 43821 43823 43823 43825 43826 43826 43827 43827 43827 43828 43829 43832 43833 43833 43834 43834 43834 43835 43836 43841 43842 43843 43844 43845 43846 43846 43846 43846 43848 43848 43849 43850 43852 43853 43855 43855 43857 43857 43858 43859 43859 43862 43862 43864 43866 43867 43868 43869 43869 43870 43870 43871 43871 43871 43871 43871 43871 43872 43872 43872 43872 43873 43874 43875 43876 43877 43878 43879 43881 43882 43882 43883 43883 43883 43884 43885 43885 43887 43887 43888 43889 43889 43890 43890 43891 43891 43892 43893 43893 43894 43894 43894 43896 43896 43901 43902 43902 43902 43902 43903 43904 43905 43905 43908 43910 43910 43911 43912 43913 43914 43914 43917 43917 43918 43918 43920 43921 43921 43921 43922 43923 43923 43924 43925 43928 43928 43931 43931 43938 43940 43940 43941 43942 43943 43946 43948 43948 43948 43949 43950 43951 43952 43952 43952 43953 43954 43958 43958 43959 43959 43962 43963 43963 43963 43963 43963 43967 43968 43969 43969 43970 43971 43971 43973 43976 43976 43977 43977 43979 43979 43981 43983 43985 43985 43986 43986 43986 43987 43989 43989 43997 43997 43997 43998 43999 43999 44000 44000 44002 44003 44003 44004 44004 44005 44009 44011 44012 44013 44013 44013 44014 44016 44016 44016 44017 44018 44018 44019 44019 44021 44021 44021 44022 44022 44024 44024 44024 44025 44025 44025 44026 44027 44028 44028 44029 44029 44033 44034 44035 44036 44038 44038 44039 44039 44040 44041 44041 44041 44042 44043 44043 44043 44044 44044 44045 44046 44046 44046 44047 44047 44049 44050 44050 44050 44050 44052 44055 44055 44055 44057 44058 44059 44060 44061 44062 44062 44062 44063 44064 44064 44064 44065 44066 44067 44069 44072 44074 44077 44077 44078 44078 44078 44080 44080 44082 44082 44086 44086 44086 44086 44088 44089 44090 44091 44091 44092 44092 44092 44092 44094 44095 44096 44097 44097 44099 44101 44101 44101 44102 44102 44103 44103 44104 44104 44105 44106 44107 44107 44107 44109 44109 44110 44112 44114 44116 44116 44117 44117 44119 44119 44121 44121 44122 44124 44125 44130 44132 44134 44134 44135 44135 44136 44138 44138 44139 44141 44143 44144 44144 44145 44146 44146 44147 44147 44156 44156 44156 44156 44158 44158 44159 44159 44160 44160 44162 44164 44168 44169 44169 44170 44170 44170 44173 44173 44173 44176 44176 44177 44178 44180 44182 44184 44185 44185 44186 44190 44191 44191 44194 44195 44196 44198 44199 44200 44201 44202 44202 44203 44204 44205 44207 44210 44210 44211 44213 44216 44216 44216 44217 44218 44218 44218 44219 44219 44219 44219 44219 44221 44221 44222 44223 44225 44228 44229 44230 44231 44232 44233 44233 44234 44234 44234 44235 44235 44236 44238 44238 44238 44240 44240 44241 44242 44242 44242 44243 44243 44243 44243 44244 44244 44245 44246 44246 44246 44248 44249 44249 44249 44250 44252 44252 44254 44255 44256 44256 44259 44260 44260 44260 44261 44262 44262 44262 44263 44264 44264 44265 44267 44268 44269 44272 44272 44272 44276 44276 44277 44277 44277 44277 44278 44278 44280 44281 44281 44281 44281 44282 44282 44285 44285 44286 44286 44287 44288 44290 44291 44291 44291 44292 44292 44293 44293 44294 44294 44295 44296 44297 44299 44299 44301 44304 44305 44305 44306 44306 44309 44309 44310 44312 44312 44313 44314 44315 44318 44318 44318 44319 44321 44322 44322 44325 44325 44326 44326 44327 44327 44328 44329 44330 44331 44331 44331 44331 44334 44334 44335 44337 44337 44337 44338 44338 44341 44342 44342 44343 44343 44345 44346 44346 44348 44348 44349 44349 44350 44351 44351 44352 44359 44359 44366 44371 44372 44372 44372 44373 44374 44375 44377 44379 44380 44380 44380 44381 44381 44382 44383 44386 44386 44386 44386 44389 44390 44391 44393 44394 44395 44396 44397 44397 44398 44400 44402 44402 44403 44403 44404 44410 44412 44413 44413 44414 44414 44414 44415 44415 44415 44419 44419 44419 44420 44420 44421 44421 44421 44422 44423 44426 44426 44427 44431 44433 44433 44433 44434 44435 44435 44435 44437 44437 44440 44443 44443 44444 44444 44444 44445 44448 44449 44449 44449 44451 44451 44451 44452 44453 44453 44453 44457 44458 44458 44459 44459 44459 44459 44461 44462 44463 44463 44464 44464 44464 44467 44467 44468 44468 44470 44471 44471 44472 44473 44474 44475 44476 44477 44477 44477 44478 44478 44479 44479 44480 44481 44483 44484 44485 44489 44490 44491 44492 44493 44493 44493 44494 44495 44496 44498 44500 44503 44503 44504 44504 44506 44506 44510 44511 44511 44512 44513 44513 44513 44514 44515 44518 44518 44525 44525 44530 44530 44532 44535 44536 44538 44539 44539 44539 44541 44541 44541 44543 44544 44545 44546 44546 44546 44547 44548 44549 44550 44550 44551 44552 44552 44552 44552 44553 44553 44554 44558 44558 44559 44560 44560 44561 44561 44562 44563 44563 44564 44564 44565 44566 44567 44568 44568 44571 44572 44574 44577 44578 44578 44581 44581 44583 44583 44585 44586 44587 44588 44588 44589 44590 44590 44590 44592 44592 44594 44595 44598 44598 44599 44599 44602 44603 44603 44603 44604 44604 44605 44606 44607 44608 44609 44612 44615 44615 44616 44619 44619 44621 44622 44622 44623 44625 44627 44628 44628 44628 44630 44631 44631 44631 44633 44633 44634 44635 44636 44638 44639 44640 44640 44641 44641 44645 44645 44646 44646 44649 44650 44650 44650 44652 44654 44654 44655 44655 44657 44657 44658 44661 44661 44663 44664 44666 44668 44668 44669 44669 44670 44677 44678 44679 44680 44683 44684 44685 44685 44686 44686 44687 44688 44688 44689 44692 44698 44701 44701 44707 44712 44712 44714 44714 44714 44720 44721 44721 44722 44724 44725 44725 44727 44727 44727 44728 44729 44730 44732 44732 44732 44733 44734 44736 44740 44740 44741 44741 44742 44744 44747 44748 44748 44749 44751 44751 44751 44752 44754 44755 44756 44757 44758 44758 44760 44762 44762 44764 44764 44764 44764 44767 44767 44767 44770 44770 44771 44772 44772 44773 44775 44775 44776 44777 44779 44780 44780 44782 44782 44782 44782 44784 44785 44786 44788 44788 44788 44789 44789 44789 44791 44791 44792 44795 44795 44795 44796 44796 44796 44797 44797 44798 44798 44798 44799 44799 44800 44801 44801 44802 44803 44804 44806 44807 44808 44809 44810 44812 44812 44812 44812 44813 44814 44814 44816 44820 44823 44825 44825 44826 44826 44827 44828 44828 44829 44831 44831 44832 44832 44833 44834 44835 44835 44836 44838 44839 44840 44841 44844 44844 44844 44845 44847 44847 44848 44849 44851 44854 44854 44857 44857 44859 44861 44864 44864 44865 44865 44866 44867 44868 44868 44871 44872 44872 44873 44874 44875 44877 44878 44879 44880 44880 44882 44882 44883 44884 44884 44886 44887 44887 44888 44888 44890 44893 44893 44894 44894 44895 44897 44897 44897 44897 44897 44899 44899 44900 44900 44901 44901 44902 44903 44903 44905 44905 44906 44906 44906 44906 44907 44908 44908 44908 44909 44911 44913 44913 44914 44914 44914 44914 44914 44916 44916 44916 44918 44920 44921 44921 44922 44923 44924 44925 44925 44925 44928 44929 44929 44930 44931 44932 44933 44933 44934 44935 44936 44937 44939 44939 44941 44942 44945 44945 44946 44948 44951 44951 44951 44953 44953 44954 44954 44955 44955 44956 44957 44957 44958 44958 44958 44960 44961 44961 44962 44962 44963 44964 44965 44965 44966 44967 44968 44968 44971 44971 44972 44973 44974 44975 44975 44976 44977 44979 44979 44981 44984 44985 44985 44987 44988 44989 44991 44991 44991 44992 44993 44994 44995 44995 44996 44997 44997 44998 44999 45001 45001 45001 45001 45001 45006 45007 45008 45012 45015 45016 45019 45019 45019 45021 45022 45022 45023 45023 45023 45023 45024 45025 45025 45027 45028 45029 45029 45031 45031 45032 45033 45035 45035 45037 45037 45038 45039 45039 45040 45042 45042 45042 45042 45043 45047 45047 45048 45048 45048 45049 45050 45050 45053 45054 45056 45056 45057 45059 45061 45061 45061 45063 45063 45063 45065 45067 45067 45068 45071 45072 45075 45076 45076 45077 45078 45078 45082 45084 45085 45085 45085 45085 45086 45086 45086 45090 45090 45094 45096 45096 45096 45096 45099 45099 45101 45101 45102 45103 45105 45105 45106 45106 45108 45111 45112 45113 45114 45116 45116 45116 45116 45117 45118 45118 45118 45119 45121 45121 45121 45122 45122 45123 45123 45123 45124 45125 45128 45128 45129 45130 45133 45133 45135 45135 45136 45138 45138 45139 45139 45140 45140 45141 45142 45144 45147 45148 45151 45152 45153 45154 45155 45155 45157 45158 45159 45159 45159 45161 45162 45162 45163 45164 45165 45166 45168 45169 45170 45172 45172 45174 45175 45175 45177 45178 45183 45184 45185 45187 45187 45191 45192 45193 45196 45197 45198 45199 45201 45201 45201 45201 45206 45206 45208 45209 45210 45211 45212 45212 45213 45213 45214 45214 45216 45217 45217 45217 45218 45218 45219 45219 45221 45221 45222 45223 45226 45227 45232 45233 45233 45234 45234 45234 45235 45238 45238 45239 45240 45242 45243 45245 45246 45247 45249 45249 45251 45251 45251 45252 45253 45254 45254 45255 45255 45255 45255 45255 45255 45257 45258 45260 45261 45261 45262 45263 45267 45269 45269 45270 45273 45274 45274 45274 45276 45277 45278 45279 45280 45280 45280 45280 45280 45281 45281 45281 45282 45283 45284 45284 45285 45285 45286 45288 45288 45289 45289 45292 45292 45293 45295 45296 45298 45298 45298 45299 45299 45299 45301 45303 45305 45305 45305 45307 45307 45308 45309 45311 45311 45314 45314 45315 45315 45318 45320 45322 45322 45322 45323 45324 45327 45327 45328 45328 45329 45329 45331 45333 45334 45334 45337 45337 45337 45339 45340 45340 45346 45347 45350 45353 45354 45354 45355 45357 45357 45359 45359 45359 45360 45361 45362 45363 45363 45364 45365 45369 45372 45373 45378 45379 45379 45379 45382 45383 45384 45384 45384 45385 45385 45386 45387 45387 45388 45388 45390 45390 45393 45397 45397 45400 45400 45401 45403 45403 45406 45407 45409 45409 45410 45411 45413 45414 45415 45415 45415 45417 45417 45418 45419 45421 45421 45422 45422 45423 45425 45427 45428 45430 45431 45431 45431 45432 45435 45436 45438 45438 45439 45439 45440 45440 45441 45441 45442 45442 45442 45442 45442 45443 45444 45444 45445 45445 45445 45445 45447 45447 45447 45449 45450 45450 45451 45451 45451 45451 45451 45451 45453 45453 45455 45456 45456 45458 45460 45461 45461 45461 45462 45462 45462 45462 45462 45464 45464 45465 45466 45466 45467 45467 45470 45471 45471 45473 45473 45474 45474 45475 45475 45475 45476 45478 45482 45483 45485 45487 45490 45492 45493 45493 45493 45494 45496 45497 45498 45499 45499 45500 45502 45504 45505 45506 45506 45508 45509 45511 45513 45514 45515 45516 45517 45518 45518 45519 45520 45522 45523 45523 45525 45526 45526 45527 45529 45531 45532 45532 45533 45533 45533 45535 45535 45536 45539 45539 45540 45540 45542 45543 45544 45545 45545 45545 45545 45548 45550 45550 45550 45550 45550 45552 45552 45553 45554 45554 45555 45555 45556 45556 45557 45559 45560 45561 45561 45562 45562 45565 45567 45567 45569 45570 45572 45574 45576 45579 45579 45579 45579 45580 45582 45582 45584 45584 45585 45585 45586 45586 45586 45586 45587 45588 45590 45590 45590 45591 45594 45594 45595 45595 45596 45598 45598 45599 45601 45602 45602 45605 45606 45608 45608 45609 45612 45613 45614 45614 45616 45616 45617 45618 45620 45621 45623 45624 45625 45626 45627 45627 45628 45636 45636 45637 45641 45643 45644 45645 45645 45646 45646 45647 45647 45647 45650 45650 45651 45651 45652 45654 45656 45657 45658 45659 45659 45662 45663 45663 45664 45664 45665 45665 45666 45670 45670 45671 45671 45672 45674 45675 45677 45681 45682 45683 45683 45683 45683 45685 45685 45686 45687 45688 45689 45690 45690 45690 45690 45692 45693 45694 45698 45698 45701 45702 45703 45706 45707 45708 45710 45711 45711 45713 45714 45714 45716 45717 45717 45718 45719 45720 45722 45723 45724 45724 45727 45727 45727 45730 45732 45733 45733 45734 45735 45735 45735 45740 45742 45743 45743 45744 45744 45745 45745 45745 45745 45747 45748 45749 45750 45754 45761 45762 45763 45764 45765 45765 45766 45766 45767 45767 45771 45772 45773 45775 45775 45778 45779 45779 45780 45781 45782 45786 45786 45787 45788 45789 45789 45790 45792 45792 45793 45795 45796 45796 45797 45797 45798 45798 45799 45799 45800 45800 45800 45800 45802 45803 45804 45804 45804 45806 45806 45808 45809 45809 45809 45810 45811 45812 45813 45813 45813 45815 45815 45816 45816 45817 45817 45819 45821 45823 45824 45824 45826 45827 45827 45830 45838 45839 45839 45840 45841 45842 45844 45844 45845 45846 45849 45849 45851 45852 45854 45859 45863 45863 45863 45868 45869 45870 45874 45875 45876 45876 45878 45878 45878 45879 45880 45880 45880 45881 45881 45881 45883 45884 45884 45885 45887 45888 45889 45891 45892 45893 45899 45900 45900 45904 45908 45909 45910 45910 45910 45911 45913 45913 45913 45914 45918 45920 45921 45921 45922 45922 45923 45923 45924 45924 45924 45924 45924 45925 45925 45926 45929 45930 45931 45932 45933 45933 45938 45940 45943 45943 45943 45945 45945 45946 45948 45949 45952 45953 45953 45954 45954 45955 45956 45956 45957 45957 45959 45959 45959 45960 45960 45961 45962 45962 45962 45963 45965 45967 45967 45968 45968 45968 45969 45970 45971 45972 45972 45975 45975 45979 45979 45980 45983 45983 45986 45986 45987 45987 45987 45992 45992 45993 45997 45998 45999 46000 46000 46000 46000 46004 46005 46007 46007 46007 46009 46012 46014 46016 46016 46017 46018 46018 46021 46023 46025 46025 46025 46026 46026 46027 46027 46027 46029 46031 46031 46032 46032 46033 46033 46035 46038 46039 46045 46046 46046 46047 46047 46048 46049 46049 46050 46051 46053 46054 46055 46055 46055 46057 46057 46058 46058 46059 46060 46060 46061 46063 46066 46066 46068 46069 46073 46073 46075 46075 46075 46076 46076 46077 46080 46082 46082 46083 46083 46085 46086 46087 46089 46091 46091 46091 46091 46092 46093 46093 46097 46097 46097 46097 46097 46097 46098 46098 46098 46099 46100 46100 46101 46101 46102 46106 46107 46109 46110 46110 46111 46114 46114 46116 46116 46117 46118 46118 46118 46121 46125 46127 46127 46128 46129 46130 46132 46132 46132 46134 46136 46139 46140 46141 46142 46143 46143 46145 46148 46151 46151 46151 46151 46152 46153 46153 46154 46154 46155 46156 46157 46159 46159 46160 46162 46162 46163 46163 46163 46164 46164 46166 46167 46167 46168 46169 46170 46170 46171 46171 46172 46174 46176 46178 46179 46179 46179 46180 46180 46181 46183 46184 46188 46189 46191 46191 46193 46193 46194 46195 46196 46197 46199 46204 46205 46209 46210 46210 46210 46210 46210 46211 46212 46212 46213 46213 46214 46214 46214 46215 46216 46218 46218 46218 46219 46219 46219 46221 46222 46224 46224 46227 46228 46229 46229 46229 46231 46232 46233 46234 46235 46236 46237 46239 46239 46240 46240 46241 46242 46242 46243 46246 46247 46248 46248 46248 46248 46250 46250 46250 46251 46252 46253 46253 46254 46254 46254 46254 46254 46258 46258 46258 46258 46259 46261 46262 46262 46262 46264 46265 46266 46268 46268 46269 46270 46271 46275 46276 46276 46276 46277 46278 46278 46278 46278 46279 46280 46281 46282 46282 46283 46286 46288 46290 46290 46292 46292 46293 46295 46295 46295 46296 46298 46298 46299 46302 46302 46303 46306 46307 46310 46310 46311 46312 46313 46313 46314 46314 46315 46316 46319 46320 46320 46321 46323 46323 46323 46323 46325 46325 46325 46327 46331 46337 46337 46338 46338 46339 46340 46342 46342 46343 46344 46345 46345 46346 46347 46348 46348 46349 46349 46349 46350 46352 46352 46354 46354 46356 46356 46356 46357 46357 46359 46360 46360 46365 46365 46365 46366 46366 46367 46368 46370 46370 46371 46374 46374 46374 46376 46380 46380 46380 46381 46381 46381 46386 46386 46386 46387 46387 46389 46389 46391 46395 46395 46398 46399 46400 46401 46403 46403 46404 46405 46406 46406 46406 46407 46408 46409 46412 46413 46413 46415 46417 46417 46419 46419 46421 46422 46423 46423 46423 46423 46424 46426 46427 46427 46427 46427 46427 46428 46428 46428 46432 46432 46434 46434 46435 46437 46437 46438 46439 46440 46440 46440 46441 46442 46442 46443 46444 46445 46447 46449 46450 46452 46452 46453 46455 46456 46456 46457 46457 46457 46458 46459 46461 46462 46462 46463 46465 46465 46468 46468 46469 46471 46471 46472 46473 46473 46473 46476 46476 46477 46477 46478 46480 46485 46485 46487 46490 46493 46495 46497 46497 46498 46499 46499 46500 46500 46502 46502 46503 46503 46504 46504 46504 46504 46504 46506 46507 46509 46510 46511 46511 46511 46513 46514 46515 46516 46516 46517 46517 46518 46518 46519 46520 46520 46522 46526 46529 46529 46531 46531 46531 46532 46532 46535 46536 46537 46537 46538 46539 46540 46540 46542 46544 46544 46544 46548 46549 46549 46550 46551 46551 46552 46552 46552 46554 46555 46555 46556 46556 46559 46559 46560 46563 46563 46563 46563 46564 46565 46566 46568 46568 46568 46569 46570 46570 46575 46580 46582 46583 46583 46585 46585 46586 46586 46587 46588 46590 46591 46592 46594 46594 46595 46597 46598 46598 46599 46601 46602 46602 46603 46605 46608 46612 46613 46614 46614 46615 46615 46616 46616 46618 46618 46620 46620 46621 46622 46624 46625 46627 46627 46628 46628 46630 46630 46630 46632 46633 46636 46636 46636 46637 46637 46638 46638 46639 46640 46642 46643 46644 46645 46645 46647 46648 46649 46649 46651 46651 46656 46657 46658 46658 46659 46663 46664 46665 46665 46665 46666 46668 46670 46671 46673 46674 46674 46674 46675 46675 46678 46679 46679 46680 46681 46681 46682 46682 46683 46685 46688 46688 46689 46690 46692 46693 46694 46695 46697 46698 46700 46703 46707 46707 46707 46707 46710 46710 46711 46713 46713 46714 46716 46717 46722 46722 46724 46728 46730 46730 46730 46731 46731 46732 46732 46734 46734 46734 46735 46737 46738 46738 46739 46743 46743 46745 46746 46747 46748 46748 46750 46751 46752 46752 46753 46753 46753 46754 46754 46755 46758 46758 46758 46759 46760 46760 46761 46761 46762 46764 46765 46767 46770 46770 46771 46771 46771 46772 46774 46776 46777 46778 46778 46781 46781 46782 46785 46785 46786 46786 46786 46787 46789 46790 46790 46791 46791 46792 46794 46795 46799 46799 46799 46800 46802 46803 46803 46804 46806 46806 46807 46807 46808 46810 46810 46813 46814 46815 46815 46816 46816 46817 46817 46817 46818 46818 46818 46818 46821 46821 46821 46821 46822 46823 46823 46823 46823 46824 46826 46826 46827 46827 46829 46830 46830 46831 46833 46834 46834 46836 46836 46841 46841 46842 46842 46843 46843 46843 46844 46845 46845 46846 46847 46849 46850 46850 46850 46855 46858 46858 46860 46860 46860 46863 46864 46865 46865 46865 46867 46868 46870 46870 46871 46871 46872 46872 46873 46876 46877 46879 46880 46881 46881 46882 46883 46884 46884 46884 46885 46885 46886 46886 46887 46889 46890 46891 46891 46892 46896 46896 46897 46898 46899 46900 46901 46901 46902 46903 46905 46905 46905 46905 46906 46907 46908 46908 46910 46910 46911 46913 46915 46916 46917 46917 46918 46919 46919 46919 46920 46921 46921 46921 46921 46921 46922 46922 46923 46925 46925 46931 46937 46937 46938 46938 46940 46943 46944 46944 46945 46946 46946 46948 46949 46950 46950 46951 46951 46952 46953 46953 46954 46955 46956 46956 46956 46956 46957 46960 46960 46962 46963 46963 46965 46965 46967 46968 46968 46968 46969 46970 46971 46972 46972 46972 46973 46974 46974 46975 46975 46976 46977 46978 46978 46979 46981 46982 46984 46984 46984 46985 46987 46987 46988 46989 46989 46989 46991 46992 46992 46994 46995 46998 47000 47000 47003 47004 47005 47008 47008 47008 47010 47011 47012 47012 47014 47015 47015 47015 47016 47017 47017 47017 47019 47020 47021 47021 47022 47022 47026 47028 47028 47029 47030 47030 47031 47032 47033 47033 47033 47034 47034 47038 47039 47040 47040 47041 47041 47042 47042 47042 47043 47044 47045 47045 47046 47047 47048 47049 47051 47053 47053 47054 47055 47056 47056 47058 47058 47058 47060 47062 47063 47064 47064 47065 47066 47068 47068 47068 47069 47071 47071 47074 47074 47075 47076 47077 47077 47078 47080 47081 47081 47085 47085 47087 47090 47090 47091 47094 47094 47095 47096 47097 47097 47097 47097 47098 47101 47101 47102 47102 47102 47103 47103 47104 47106 47106 47106 47107 47108 47109 47110 47112 47112 47113 47113 47113 47114 47116 47116 47116 47118 47118 47118 47118 47120 47122 47122 47122 47123 47124 47125 47125 47127 47128 47130 47131 47132 47133 47134 47134 47135 47135 47137 47137 47137 47137 47141 47141 47143 47144 47144 47145 47146 47146 47146 47146 47147 47148 47149 47151 47152 47152 47152 47152 47153 47153 47153 47154 47155 47157 47157 47157 47158 47160 47161 47162 47162 47163 47163 47163 47166 47167 47168 47170 47173 47173 47173 47175 47175 47177 47178 47178 47179 47179 47181 47182 47183 47183 47185 47186 47188 47189 47189 47190 47191 47191 47192 47193 47193 47193 47193 47195 47197 47197 47198 47200 47204 47205 47205 47205 47206 47208 47210 47211 47211 47213 47213 47213 47214 47214 47215 47215 47215 47216 47216 47220 47220 47222 47223 47223 47225 47225 47226 47227 47229 47230 47231 47231 47231 47232 47233 47236 47236 47236 47238 47240 47240 47240 47240 47241 47242 47243 47243 47244 47245 47247 47248 47249 47250 47251 47252 47252 47252 47252 47255 47256 47256 47259 47259 47259 47259 47259 47261 47262 47262 47262 47262 47264 47266 47268 47270 47271 47273 47273 47275 47277 47278 47278 47279 47282 47283 47284 47287 47287 47288 47289 47293 47293 47293 47294 47295 47296 47296 47297 47297 47297 47298 47299 47301 47302 47302 47303 47303 47304 47305 47305 47306 47306 47307 47307 47307 47307 47308 47310 47310 47310 47310 47310 47310 47312 47313 47313 47314 47317 47318 47319 47320 47321 47321 47321 47322 47323 47326 47326 47327 47329 47329 47329 47329 47330 47332 47334 47335 47336 47336 47337 47338 47339 47340 47342 47343 47345 47345 47345 47345 47345 47347 47349 47352 47353 47354 47355 47356 47357 47357 47359 47360 47362 47363 47364 47364 47365 47366 47366 47369 47370 47371 47372 47376 47376 47377 47377 47378 47381 47381 47382 47383 47384 47384 47384 47384 47386 47387 47388 47389 47389 47391 47393 47393 47394 47395 47396 47396 47396 47398 47400 47401 47401 47402 47403 47403 47405 47405 47405 47405 47407 47408 47408 47408 47409 47410 47410 47410 47411 47413 47413 47413 47414 47415 47415 47416 47416 47418 47418 47419 47420 47420 47421 47421 47422 47423 47423 47424 47426 47429 47429 47431 47432 47434 47435 47435 47436 47438 47439 47440 47440 47441 47443 47444 47445 47446 47447 47448 47450 47451 47451 47451 47451 47451 47453 47453 47454 47454 47455 47457 47458 47461 47464 47465 47466 47466 47466 47467 47467 47468 47468 47469 47471 47471 47471 47471 47472 47473 47474 47474 47476 47477 47477 47477 47477 47478 47479 47479 47479 47480 47480 47485 47485 47486 47487 47487 47488 47489 47489 47492 47494 47494 47494 47494 47495 47495 47497 47498 47500 47500 47502 47503 47504 47504 47505 47508 47508 47509 47513 47514 47514 47515 47515 47516 47516 47520 47521 47522 47522 47524 47525 47527 47529 47530 47530 47531 47534 47535 47536 47538 47540 47540 47541 47542 47545 47548 47549 47551 47551 47552 47552 47552 47555 47556 47557 47559 47560 47561 47561 47564 47568 47568 47569 47570 47572 47574 47576 47577 47577 47581 47581 47584 47584 47585 47586 47588 47588 47590 47594 47595 47596 47596 47599 47601 47602 47603 47605 47605 47606 47606 47607 47608 47609 47610 47611 47611 47612 47614 47614 47615 47616 47618 47620 47622 47622 47623 47626 47627 47627 47628 47631 47633 47633 47634 47640 47641 47641 47643 47644 47644 47646 47647 47647 47647 47650 47650 47650 47651 47653 47653 47654 47654 47654 47654 47655 47655 47658 47661 47661 47662 47664 47664 47665 47665 47669 47669 47670 47670 47671 47671 47672 47672 47673 47673 47673 47674 47674 47676 47676 47676 47678 47680 47682 47684 47687 47687 47688 47691 47691 47692 47694 47695 47696 47697 47697 47698 47698 47700 47700 47700 47702 47702 47704 47704 47705 47706 47706 47708 47709 47711 47712 47713 47713 47715 47718 47720 47720 47720 47721 47722 47723 47724 47724 47726 47727 47729 47729 47729 47732 47735 47736 47737 47737 47738 47739 47742 47743 47744 47745 47746 47747 47748 47750 47750 47750 47752 47754 47754 47756 47757 47758 47758 47758 47759 47759 47762 47763 47764 47765 47766 47769 47769 47771 47771 47772 47774 47775 47776 47778 47778 47779 47780 47780 47782 47787 47788 47788 47794 47794 47796 47797 47800 47801 47801 47802 47804 47805 47805 47805 47809 47810 47811 47812 47812 47812 47813 47815 47815 47817 47819 47821 47821 47821 47822 47823 47823 47823 47825 47826 47827 47827 47827 47829 47830 47833 47833 47833 47833 47834 47835 47839 47839 47840 47842 47843 47845 47847 47850 47852 47853 47855 47855 47855 47857 47859 47859 47859 47860 47860 47863 47863 47863 47864 47864 47864 47866 47867 47869 47869 47871 47872 47873 47873 47873 47873 47874 47876 47876 47882 47882 47883 47883 47883 47883 47884 47885 47885 47889 47890 47892 47893 47893 47893 47893 47895 47895 47896 47900 47900 47900 47901 47902 47902 47902 47902 47904 47906 47907 47908 47908 47908 47908 47909 47909 47910 47912 47913 47914 47915 47916 47916 47917 47917 47918 47919 47919 47919 47922 47922 47924 47925 47925 47929 47929 47930 47932 47932 47933 47935 47935 47940 47941 47943 47943 47944 47948 47950 47950 47952 47952 47952 47954 47957 47958 47959 47959 47961 47962 47962 47963 47964 47964 47965 47965 47966 47966 47969 47971 47972 47972 47972 47974 47974 47974 47974 47974 47977 47977 47978 47979 47979 47980 47982 47984 47984 47984 47985 47985 47988 47988 47990 47991 47991 47991 47992 47995 47995 47996 47996 47998 47998 48000 48001 48003 48005 48006 48007 48007 48009 48010 48011 48012 48013 48013 48013 48016 48019 48023 48023 48024 48024 48024 48026 48027 48027 48028 48030 48033 48033 48034 48034 48034 48038 48039 48040 48040 48040 48042 48042 48048 48048 48049 48049 48049 48050 48051 48051 48055 48055 48055 48056 48058 48060 48061 48062 48062 48064 48064 48065 48065 48066 48066 48071 48071 48071 48072 48073 48073 48076 48080 48080 48081 48081 48081 48082 48084 48086 48087 48090 48092 48094 48096 48098 48099 48099 48100 48100 48101 48102 48105 48105 48107 48108 48108 48108 48108 48109 48110 48111 48112 48114 48114 48114 48114 48115 48115 48116 48116 48116 48117 48118 48119 48120 48126 48127 48130 48131 48132 48133 48137 48139 48139 48140 48141 48142 48142 48145 48149 48149 48152 48152 48153 48155 48155 48156 48157 48160 48160 48162 48163 48164 48165 48165 48167 48168 48171 48171 48174 48177 48178 48178 48178 48180 48181 48181 48183 48183 48183 48184 48185 48187 48187 48187 48187 48190 48190 48191 48191 48195 48195 48196 48196 48197 48198 48200 48200 48201 48202 48202 48203 48203 48204 48205 48206 48206 48207 48207 48207 48208 48208 48208 48212 48213 48214 48217 48217 48217 48218 48221 48222 48222 48224 48225 48226 48227 48227 48231 48232 48233 48234 48234 48239 48240 48242 48244 48247 48247 48248 48249 48251 48252 48253 48253 48253 48258 48258 48259 48260 48261 48261 48263 48264 48265 48268 48268 48269 48270 48270 48270 48271 48272 48272 48273 48273 48275 48275 48275 48277 48278 48278 48278 48280 48280 48281 48284 48284 48285 48287 48288 48289 48289 48289 48290 48290 48291 48291 48291 48292 48293 48294 48294 48294 48294 48295 48295 48295 48297 48297 48297 48302 48303 48303 48304 48304 48305 48306 48306 48307 48308 48310 48310 48311 48311 48311 48311 48312 48315 48316 48316 48317 48317 48318 48319 48322 48322 48323 48323 48324 48326 48329 48332 48332 48333 48334 48334 48334 48336 48337 48337 48337 48339 48339 48339 48340 48341 48345 48347 48347 48351 48351 48352 48354 48354 48355 48357 48358 48359 48360 48361 48361 48363 48363 48363 48364 48364 48365 48366 48369 48369 48370 48372 48372 48373 48375 48375 48376 48376 48377 48379 48379 48379 48379 48381 48381 48382 48382 48384 48384 48384 48384 48385 48385 48386 48387 48390 48391 48392 48392 48392 48393 48394 48395 48395 48395 48396 48397 48397 48397 48399 48400 48401 48402 48403 48406 48407 48410 48410 48411 48412 48415 48415 48416 48417 48417 48418 48419 48420 48420 48420 48424 48424 48426 48426 48427 48430 48434 48435 48436 48438 48438 48440 48440 48442 48442 48443 48445 48445 48446 48447 48451 48453 48455 48455 48456 48456 48457 48458 48458 48458 48460 48460 48460 48461 48462 48463 48463 48465 48465 48466 48466 48467 48467 48468 48468 48471 48471 48471 48472 48472 48473 48474 48474 48479 48480 48481 48483 48484 48484 48485 48487 48487 48489 48489 48490 48490 48493 48497 48498 48498 48499 48500 48501 48501 48501 48503 48505 48507 48507 48510 48512 48512 48514 48514 48515 48515 48517 48517 48517 48518 48518 48519 48521 48523 48524 48524 48526 48526 48526 48526 48528 48528 48528 48529 48529 48532 48534 48536 48539 48539 48540 48541 48542 48543 48544 48545 48545 48546 48546 48546 48547 48548 48549 48550 48550 48551 48551 48551 48553 48553 48553 48554 48554 48556 48561 48562 48562 48562 48563 48563 48564 48566 48566 48568 48568 48571 48572 48573 48574 48575 48576 48579 48581 48581 48582 48582 48583 48583 48583 48584 48584 48584 48585 48585 48585 48585 48585 48586 48586 48588 48588 48588 48588 48588 48590 48591 48592 48593 48594 48595 48595 48598 48600 48601 48601 48602 48602 48602 48604 48604 48605 48606 48608 48609 48610 48611 48611 48611 48613 48617 48619 48622 48623 48624 48624 48624 48625 48625 48626 48628 48629 48629 48630 48630 48631 48632 48632 48638 48639 48642 48643 48643 48644 48647 48648 48652 48653 48653 48654 48655 48656 48656 48656 48657 48658 48660 48661 48664 48665 48666 48666 48668 48668 48669 48670 48670 48670 48672 48672 48674 48676 48676 48679 48680 48681 48684 48685 48686 48686 48688 48689 48691 48691 48692 48693 48694 48695 48697 48697 48698 48698 48698 48698 48700 48701 48705 48705 48707 48708 48708 48709 48710 48710 48710 48711 48711 48712 48712 48715 48715 48717 48718 48719 48719 48722 48723 48723 48723 48723 48723 48724 48726 48726 48726 48726 48728 48733 48734 48735 48735 48736 48736 48738 48739 48740 48742 48743 48744 48745 48745 48746 48747 48747 48747 48748 48748 48752 48753 48753 48753 48754 48754 48755 48755 48756 48756 48758 48759 48760 48760 48761 48762 48764 48765 48766 48768 48769 48769 48771 48771 48772 48772 48772 48772 48773 48775 48775 48777 48777 48778 48780 48781 48781 48781 48782 48783 48783 48785 48785 48787 48788 48789 48789 48789 48790 48791 48792 48792 48793 48796 48797 48799 48799 48800 48801 48801 48802 48804 48806 48807 48808 48815 48815 48817 48818 48822 48823 48827 48828 48829 48829 48830 48832 48832 48833 48834 48834 48835 48835 48835 48837 48837 48838 48839 48840 48842 48842 48843 48844 48848 48848 48850 48851 48851 48851 48853 48854 48854 48855 48857 48857 48858 48859 48859 48860 48866 48868 48870 48871 48871 48872 48872 48873 48873 48874 48874 48875 48876 48876 48877 48877 48878 48880 48882 48883 48883 48884 48885 48885 48885 48886 48886 48889 48890 48891 48891 48891 48891 48892 48893 48895 48895 48896 48896 48897 48898 48898 48898 48899 48899 48900 48900 48902 48902 48903 48903 48904 48904 48906 48906 48907 48907 48908 48909 48909 48910 48911 48911 48912 48913 48917 48919 48919 48920 48921 48921 48922 48923 48923 48923 48926 48928 48928 48932 48933 48937 48938 48939 48940 48941 48941 48942 48944 48944 48946 48946 48947 48947 48948 48949 48949 48950 48954 48955 48955 48956 48957 48958 48958 48959 48960 48961 48962 48963 48963 48963 48964 48965 48966 48967 48967 48969 48970 48970 48970 48971 48972 48972 48973 48974 48974 48975 48977 48978 48978 48982 48982 48982 48983 48983 48984 48984 48985 48985 48987 48987 48990 48990 48990 48990 48991 48993 48994 48994 48994 48996 48997 48997 48997 48997 48997 49000 49001 49002 49002 49005 49007 49007 49008 49009 49011 49011 49012 49012 49012 49014 49015 49017 49017 49018 49018 49019 49020 49020 49021 49021 49022 49023 49023 49024 49025 49025 49026 49027 49030 49031 49032 49032 49033 49034 49034 49034 49036 49036 49036 49037 49038 49039 49040 49040 49042 49044 49047 49048 49048 49049 49049 49049 49050 49050 49055 49056 49057 49058 49059 49060 49060 49061 49062 49062 49066 49067 49069 49069 49070 49070 49071 49074 49074 49075 49077 49077 49077 49077 49078 49079 49081 49081 49082 49083 49084 49084 49084 49084 49086 49088 49092 49092 49093 49094 49094 49094 49095 49098 49099 49099 49099 49104 49104 49108 49108 49111 49112 49113 49114 49114 49114 49115 49116 49117 49117 49117 49119 49123 49127 49128 49129 49129 49129 49135 49136 49136 49136 49137 49137 49138 49138 49140 49142 49142 49142 49143 49143 49144 49144 49145 49147 49148 49149 49150 49151 49156 49156 49157 49157 49158 49159 49160 49160 49161 49162 49164 49165 49167 49167 49169 49169 49169 49169 49172 49172 49173 49177 49178 49179 49180 49180 49181 49181 49182 49183 49185 49187 49189 49190 49192 49192 49194 49194 49194 49195 49195 49195 49197 49197 49199 49199 49199 49199 49199 49200 49202 49202 49203 49204 49207 49209 49209 49209 49212 49212 49213 49213 49214 49214 49214 49215 49215 49215 49217 49218 49221 49222 49222 49223 49223 49224 49225 49225 49225 49226 49227 49229 49233 49233 49234 49234 49235 49235 49237 49238 49239 49239 49240 49240 49241 49241 49242 49242 49243 49245 49245 49247 49248 49248 49250 49252 49255 49256 49256 49257 49259 49259 49263 49265 49265 49265 49265 49269 49269 49271 49272 49272 49273 49275 49276 49278 49278 49280 49281 49281 49281 49283 49283 49285 49285 49286 49287 49287 49287 49288 49288 49289 49289 49289 49290 49293 49294 49294 49294 49295 49296 49297 49297 49297 49298 49298 49299 49300 49300 49302 49302 49302 49303 49305 49305 49306 49306 49307 49308 49308 49309 49309 49310 49310 49312 49313 49314 49315 49316 49320 49320 49321 49322 49323 49324 49324 49324 49324 49325 49326 49326 49327 49327 49327 49328 49336 49338 49338 49339 49339 49339 49341 49341 49342 49344 49344 49345 49346 49346 49347 49350 49351 49351 49352 49352 49355 49355 49355 49356 49356 49358 49358 49360 49360 49361 49362 49363 49363 49364 49366 49366 49367 49367 49372 49373 49375 49375 49376 49376 49376 49377 49377 49377 49378 49378 49380 49380 49381 49382 49383 49383 49383 49384 49387 49387 49388 49389 49389 49390 49391 49391 49391 49393 49393 49394 49394 49394 49395 49396 49396 49396 49396 49399 49399 49400 49400 49400 49401 49401 49402 49402 49402 49402 49403 49404 49406 49406 49407 49408 49409 49409 49411 49411 49415 49415 49418 49419 49422 49422 49422 49423 49423 49425 49426 49428 49429 49429 49431 49431 49434 49434 49435 49436 49436 49437 49439 49439 49440 49441 49442 49442 49443 49443 49444 49444 49446 49446 49447 49450 49450 49450 49454 49455 49455 49456 49456 49457 49458 49458 49461 49465 49466 49468 49469 49472 49474 49476 49476 49478 49478 49479 49480 49481 49481 49481 49483 49483 49484 49485 49486 49487 49490 49490 49491 49492 49492 49494 49494 49494 49497 49498 49499 49499 49500 49501 49502 49502 49502 49503 49505 49506 49507 49508 49508 49508 49508 49509 49511 49512 49513 49513 49515 49517 49517 49518 49518 49520 49522 49524 49525 49526 49527 49529 49529 49530 49532 49532 49532 49533 49534 49536 49537 49538 49539 49539 49540 49540 49544 49544 49544 49546 49548 49548 49548 49552 49553 49554 49555 49555 49556 49557 49557 49558 49558 49559 49560 49561 49561 49561 49563 49564 49565 49566 49566 49570 49571 49572 49574 49574 49575 49575 49576 49576 49577 49579 49579 49581 49581 49582 49583 49585 49590 49591 49591 49593 49593 49594 49597 49600 49604 49605 49605 49605 49606 49606 49607 49609 49611 49613 49614 49615 49615 49615 49615 49616 49617 49618 49618 49619 49622 49625 49627 49627 49627 49628 49629 49629 49630 49631 49631 49631 49632 49633 49633 49634 49635 49636 49637 49637 49638 49640 49641 49643 49644 49646 49647 49648 49648 49648 49648 49648 49648 49651 49652 49652 49652 49654 49655 49657 49658 49658 49660 49660 49660 49660 49661 49661 49661 49661 49662 49662 49663 49669 49674 49674 49677 49680 49681 49684 49685 49685 49686 49687 49689 49689 49691 49691 49693 49693 49694 49695 49695 49698 49700 49701 49702 49704 49705 49707 49707 49708 49708 49709 49711 49712 49713 49713 49714 49715 49715 49715 49715 49716 49716 49719 49723 49723 49723 49723 49725 49726 49726 49728 49729 49729 49730 49731 49735 49735 49736 49738 49739 49740 49743 49747 49748 49748 49748 49748 49748 49754 49754 49755 49755 49755 49758 49758 49758 49759 49759 49760 49762 49765 49765 49765 49767 49767 49768 49770 49770 49771 49776 49779 49780 49780 49782 49782 49782 49785 49785 49786 49786 49788 49790 49791 49792 49792 49792 49794 49795 49795 49797 49797 49797 49798 49799 49800 49803 49804 49805 49807 49807 49807 49807 49808 49809 49809 49809 49813 49815 49816 49817 49818 49818 49819 49820 49821 49821 49822 49823 49824 49825 49826 49827 49827 49827 49829 49829 49830 49831 49831 49833 49833 49834 49834 49835 49835 49836 49837 49837 49838 49838 49838 49839 49840 49840 49841 49843 49843 49844 49847 49847 49848 49852 49852 49855 49855 49857 49857 49857 49857 49857 49859 49860 49864 49864 49864 49864 49865 49865 49867 49867 49868 49869 49869 49870 49872 49872 49873 49873 49878 49880 49881 49883 49885 49885 49886 49887 49889 49890 49890 49891 49891 49892 49896 49898 49898 49899 49899 49900 49900 49900 49901 49901 49902 49902 49906 49908 49908 49908 49910 49911 49912 49913 49915 49915 49916 49916 49917 49918 49918 49920 49922 49924 49924 49924 49924 49925 49927 49928 49928 49929 49929 49930 49930 49930 49932 49932 49935 49936 49939 49939 49939 49941 49941 49942 49944 49944 49945 49945 49946 49947 49949 49949 49949 49949 49950 49950 49951 49951 49952 49952 49954 49955 49956 49957 49959 49959 49959 49960 49960 49960 49960 49963 49963 49964 49964 49966 49966 49967 49972 49974 49974 49974 49976 49976 49977 49977 49979 49979 49980 49980 49981 49981 49982 49982 49983 49983 49983 49984 49984 49984 49985 49986 49987 49987 49991 49991 49993 49994 49995 49995 49998 49998 50003 50005 50006 50007 50008 50011 50011 50012 50012 50012 50014 50015 50015 50017 50017 50018 50018 50019 50019 50020 50021 50021 50022 50024 50025 50025 50026 50029 50029 50030 50030 50030 50031 50032 50033 50033 50034 50034 50036 50036 50037 50038 50039 50039 50040 50040 50040 50040 50040 50042 50042 50045 50047 50048 50049 50050 50051 50052 50052 50053 50053 50054 50055 50057 50058 50059 50060 50062 50063 50065 50065 50066 50066 50066 50066 50068 50069 50069 50070 50070 50070 50073 50078 50079 50079 50081 50082 50082 50082 50082 50083 50083 50083 50085 50085 50088 50088 50089 50090 50091 50094 50094 50095 50095 50095 50096 50096 50099 50099 50100 50101 50101 50102 50102 50103 50105 50105 50106 50108 50110 50111 50111 50111 50112 50113 50114 50115 50118 50119 50119 50120 50120 50122 50122 50123 50124 50124 50126 50128 50130 50132 50136 50141 50141 50142 50143 50144 50145 50148 50148 50149 50150 50151 50151 50152 50153 50153 50154 50156 50157 50160 50164 50165 50166 50166 50166 50166 50166 50167 50167 50168 50168 50168 50169 50171 50171 50172 50173 50173 50173 50174 50175 50176 50177 50178 50179 50181 50182 50184 50185 50185 50186 50188 50188 50191 50191 50192 50193 50193 50193 50194 50194 50194 50196 50196 50199 50200 50204 50204 50205 50207 50208 50209 50209 50210 50211 50212 50212 50213 50214 50215 50218 50219 50219 50219 50219 50223 50223 50223 50223 50224 50224 50225 50229 50232 50232 50232 50233 50234 50235 50235 50236 50236 50240 50242 50243 50245 50245 50246 50247 50247 50250 50251 50251 50252 50252 50257 50258 50258 50259 50259 50262 50264 50265 50265 50266 50267 50267 50267 50267 50269 50269 50269 50270 50270 50272 50273 50275 50277 50277 50277 50278 50278 50281 50281 50281 50281 50283 50284 50285 50285 50286 50287 50288 50293 50294 50297 50299 50300 50301 50302 50303 50303 50306 50308 50308 50308 50308 50311 50311 50313 50313 50316 50321 50324 50325 50325 50325 50325 50327 50328 50329 50331 50332 50332 50334 50335 50336 50336 50337 50337 50337 50338 50339 50341 50344 50345 50345 50348 50351 50351 50352 50353 50357 50358 50362 50362 50362 50363 50363 50364 50364 50365 50365 50365 50366 50367 50369 50374 50374 50375 50375 50377 50380 50380 50381 50381 50383 50383 50384 50384 50385 50386 50388 50390 50391 50393 50395 50398 50398 50400 50402 50402 50403 50404 50404 50406 50406 50407 50407 50407 50408 50409 50412 50413 50414 50414 50414 50415 50416 50420 50420 50420 50422 50424 50426 50426 50426 50427 50430 50431 50438 50440 50440 50443 50444 50446 50447 50449 50452 50453 50453 50454 50455 50456 50457 50458 50458 50460 50461 50462 50463 50466 50466 50467 50468 50468 50469 50469 50470 50470 50472 50472 50472 50474 50475 50476 50476 50476 50477 50477 50478 50478 50478 50480 50480 50480 50482 50482 50483 50483 50486 50486 50488 50489 50491 50491 50492 50493 50494 50495 50496 50498 50499 50499 50503 50503 50503 50505 50505 50506 50506 50506 50507 50507 50507 50508 50508 50508 50510 50510 50511 50512 50513 50514 50515 50518 50520 50521 50522 50523 50523 50524 50524 50525 50525 50525 50526 50528 50528 50530 50531 50532 50533 50534 50534 50535 50535 50536 50537 50538 50539 50539 50541 50541 50542 50542 50543 50543 50545 50545 50546 50548 50550 50551 50553 50553 50555 50555 50555 50556 50557 50559 50565 50569 50570 50572 50574 50577 50577 50578 50581 50584 50585 50585 50585 50587 50589 50589 50590 50590 50592 50593 50594 50595 50596 50597 50599 50600 50600 50600 50601 50602 50603 50604 50604 50604 50606 50608 50609 50611 50611 50614 50616 50617 50618 50618 50619 50619 50621 50621 50621 50622 50623 50623 50624 50624 50625 50625 50625 50627 50627 50629 50629 50630 50631 50632 50633 50634 50635 50635 50635 50636 50636 50637 50637 50638 50639 50639 50639 50640 50641 50642 50643 50643 50644 50644 50644 50645 50646 50647 50649 50649 50651 50651 50653 50653 50654 50655 50655 50655 50656 50656 50657 50657 50658 50658 50658 50659 50661 50661 50664 50665 50666 50668 50669 50669 50671 50671 50672 50673 50677 50678 50679 50680 50682 50682 50682 50684 50684 50685 50685 50685 50685 50685 50688 50689 50689 50691 50692 50692 50693 50695 50695 50696 50696 50698 50699 50699 50701 50704 50705 50705 50707 50707 50708 50709 50710 50710 50711 50711 50712 50713 50713 50714 50714 50716 50717 50718 50723 50724 50724 50724 50725 50727 50727 50730 50730 50732 50734 50735 50735 50736 50738 50738 50740 50743 50744 50747 50748 50748 50750 50751 50751 50753 50753 50754 50757 50758 50759 50760 50760 50761 50762 50763 50764 50764 50766 50767 50770 50770 50772 50772 50772 50773 50774 50780 50781 50781 50783 50783 50783 50784 50784 50785 50786 50786 50787 50787 50787 50788 50789 50790 50791 50792 50792 50793 50794 50796 50796 50799 50802 50802 50802 50802 50804 50805 50807 50808 50808 50810 50810 50810 50811 50812 50812 50812 50813 50814 50814 50815 50818 50818 50819 50819 50820 50821 50823 50823 50824 50829 50830 50831 50831 50832 50832 50836 50836 50836 50836 50836 50837 50838 50838 50838 50841 50841 50841 50842 50843 50843 50845 50845 50846 50846 50848 50849 50850 50850 50850 50851 50851 50852 50852 50853 50854 50856 50857 50857 50858 50859 50860 50861 50861 50863 50863 50863 50864 50865 50865 50865 50867 50867 50868 50868 50870 50872 50872 50872 50873 50874 50874 50874 50875 50875 50876 50877 50881 50883 50884 50884 50885 50885 50885 50886 50886 50886 50887 50888 50889 50890 50891 50891 50892 50892 50893 50894 50895 50895 50898 50899 50900 50905 50905 50906 50906 50909 50911 50911 50911 50913 50913 50914 50914 50914 50914 50914 50918 50919 50922 50925 50927 50929 50929 50930 50930 50932 50933 50934 50936 50936 50940 50941 50942 50944 50946 50946 50947 50948 50948 50949 50950 50950 50950 50951 50952 50953 50953 50954 50955 50958 50958 50958 50959 50959 50962 50964 50964 50967 50967 50970 50971 50971 50972 50972 50973 50976 50977 50979 50980 50981 50981 50983 50983 50986 50987 50988 50989 50992 50992 50993 50994 50994 50994 50995 50997 50997 50997 50999 51003 51003 51005 51005 51005 51007 51008 51008 51009 51009 51011 51011 51012 51012 51016 51018 51019 51024 51025 51026 51027 51029 51029 51029 51030 51030 51030 51030 51031 51032 51032 51032 51033 51033 51035 51035 51036 51036 51037 51038 51039 51040 51041 51042 51043 51044 51044 51045 51045 51047 51047 51047 51047 51049 51051 51052 51053 51056 51057 51057 51057 51058 51060 51060 51060 51062 51063 51063 51064 51064 51067 51067 51068 51068 51068 51069 51071 51071 51071 51071 51072 51072 51072 51075 51077 51078 51078 51080 51080 51086 51086 51087 51087 51090 51091 51091 51091 51092 51093 51093 51094 51095 51095 51096 51099 51100 51102 51102 51104 51104 51105 51106 51107 51107 51108 51111 51111 51112 51114 51115 51116 51119 51120 51120 51121 51121 51123 51124 51124 51125 51126 51127 51127 51128 51131 51133 51134 51135 51135 51135 51137 51139 51140 51140 51141 51141 51142 51143 51143 51146 51148 51148 51150 51152 51153 51153 51155 51155 51156 51157 51158 51158 51159 51160 51161 51161 51161 51162 51162 51163 51167 51168 51169 51170 51172 51175 51175 51176 51176 51176 51179 51180 51181 51182 51183 51187 51189 51189 51190 51190 51192 51196 51199 51199 51200 51205 51207 51207 51208 51209 51209 51210 51212 51213 51217 51217 51218 51218 51218 51219 51220 51223 51224 51225 51226 51226 51227 51228 51231 51232 51233 51234 51235 51235 51236 51236 51241 51241 51241 51242 51242 51243 51243 51245 51245 51245 51246 51246 51248 51249 51249 51249 51253 51253 51254 51255 51257 51257 51259 51259 51260 51260 51261 51262 51263 51264 51265 51266 51266 51269 51270 51270 51270 51271 51272 51272 51272 51272 51273 51274 51276 51276 51278 51278 51278 51280 51280 51280 51280 51281 51283 51283 51285 51285 51286 51286 51286 51288 51288 51288 51289 51289 51290 51290 51290 51291 51291 51294 51294 51295 51296 51296 51299 51300 51300 51301 51302 51302 51303 51304 51309 51310 51310 51311 51311 51312 51312 51312 51314 51314 51315 51315 51316 51317 51318 51319 51319 51320 51321 51322 51322 51323 51326 51326 51327 51327 51328 51329 51329 51330 51330 51330 51331 51331 51332 51332 51334 51334 51335 51337 51337 51341 51345 51345 51346 51347 51347 51347 51347 51349 51350 51350 51351 51351 51351 51351 51354 51357 51359 51359 51362 51364 51365 51365 51365 51366 51367 51369 51369 51369 51369 51370 51370 51371 51371 51372 51372 51373 51374 51374 51375 51376 51376 51377 51379 51379 51379 51380 51381 51381 51382 51382 51384 51386 51386 51387 51389 51390 51391 51391 51392 51393 51393 51397 51398 51400 51400 51401 51401 51402 51403 51404 51404 51405 51406 51406 51406 51407 51407 51407 51409 51409 51410 51410 51410 51410 51411 51411 51415 51416 51421 51421 51422 51423 51424 51424 51424 51425 51425 51425 51426 51428 51429 51429 51430 51431 51431 51431 51436 51437 51437 51439 51442 51444 51445 51445 51446 51447 51448 51451 51452 51452 51454 51456 51456 51457 51459 51463 51463 51463 51464 51464 51465 51466 51468 51472 51474 51478 51480 51480 51480 51481 51483 51483 51483 51484 51484 51485 51486 51487 51488 51489 51489 51493 51494 51495 51497 51497 51499 51499 51499 51500 51502 51504 51504 51505 51508 51508 51509 51510 51510 51511 51511 51511 51511 51512 51513 51513 51514 51514 51515 51515 51516 51516 51517 51517 51518 51518 51518 51519 51522 51525 51526 51527 51529 51531 51531 51532 51534 51534 51534 51535 51536 51539 51540 51541 51543 51545 51546 51546 51547 51551 51552 51552 51552 51552 51552 51553 51554 51556 51558 51558 51558 51559 51559 51560 51561 51561 51562 51563 51564 51564 51565 51568 51570 51570 51571 51574 51575 51578 51580 51580 51581 51582 51583 51585 51585 51586 51588 51590 51591 51592 51593 51594 51596 51596 51597 51597 51598 51599 51605 51606 51607 51610 51611 51611 51615 51616 51620 51621 51622 51625 51625 51625 51626 51627 51627 51629 51629 51632 51632 51637 51641 51642 51645 51645 51646 51647 51647 51648 51649 51649 51650 51651 51651 51652 51652 51652 51656 51656 51656 51658 51659 51659 51660 51661 51661 51661 51663 51663 51664 51664 51665 51669 51669 51669 51670 51671 51671 51671 51673 51673 51674 51675 51676 51679 51680 51680 51682 51682 51683 51683 51685 51686 51686 51686 51687 51687 51687 51687 51689 51689 51690 51691 51693 51696 51697 51700 51701 51702 51702 51702 51702 51704 51705 51707 51707 51707 51709 51710 51710 51710 51710 51711 51712 51715 51717 51717 51718 51719 51720 51721 51722 51724 51725 51725 51726 51727 51727 51728 51729 51731 51735 51737 51737 51738 51738 51741 51741 51742 51743 51743 51745 51746 51747 51747 51748 51748 51749 51750 51754 51755 51756 51756 51756 51758 51758 51759 51760 51762 51765 51767 51767 51767 51767 51767 51767 51767 51768 51769 51773 51774 51774 51774 51776 51777 51777 51779 51780 51780 51780 51781 51782 51783 51783 51785 51787 51789 51789 51789 51791 51791 51791 51792 51792 51793 51793 51794 51796 51797 51798 51800 51800 51801 51801 51802 51802 51802 51803 51804 51805 51807 51809 51811 51812 51814 51815 51816 51817 51818 51818 51819 51819 51819 51821 51822 51822 51824 51824 51824 51828 51828 51829 51829 51831 51832 51833 51837 51839 51840 51845 51847 51847 51851 51856 51858 51861 51863 51864 51864 51864 51868 51869 51870 51871 51871 51872 51872 51872 51874 51874 51875 51876 51876 51876 51876 51876 51877 51880 51886 51887 51888 51889 51889 51889 51889 51890 51890 51893 51893 51894 51895 51895 51895 51896 51896 51897 51900 51905 51905 51905 51908 51908 51909 51910 51910 51910 51910 51911 51911 51912 51912 51913 51914 51914 51916 51918 51921 51922 51922 51922 51922 51925 51926 51927 51930 51930 51931 51932 51932 51933 51935 51936 51938 51939 51941 51943 51944 51945 51945 51945 51947 51947 51948 51949 51952 51952 51955 51956 51957 51957 51957 51957 51958 51961 51961 51962 51962 51962 51963 51963 51965 51968 51970 51972 51972 51972 51973 51973 51976 51977 51978 51979 51979 51982 51982 51982 51984 51984 51987 51988 51988 51989 51991 51992 51992 51992 51992 51994 51995 51996 51996 51997 51997 51999 51999 52000 52003 52004 52005 52005 52006 52010 52010 52010 52011 52011 52012 52013 52014 52014 52015 52018 52020 52020 52021 52022 52023 52024 52024 52025 52025 52025 52026 52035 52035 52037 52037 52038 52038 52041 52042 52043 52044 52046 52046 52046 52047 52047 52050 52050 52051 52051 52052 52052 52052 52052 52052 52053 52053 52055 52059 52059 52059 52060 52061 52062 52063 52064 52065 52066 52066 52066 52067 52067 52068 52071 52071 52072 52072 52074 52075 52075 52076 52079 52080 52080 52080 52082 52082 52084 52087 52089 52090 52090 52091 52092 52094 52094 52097 52098 52099 52099 52099 52100 52100 52100 52101 52102 52103 52104 52107 52109 52110 52110 52110 52110 52111 52112 52112 52113 52113 52113 52114 52115 52115 52117 52118 52121 52121 52122 52122 52124 52124 52124 52126 52126 52127 52127 52129 52130 52131 52133 52133 52133 52133 52136 52136 52137 52137 52137 52138 52139 52140 52142 52142 52143 52144 52144 52146 52147 52148 52149 52152 52152 52154 52154 52156 52156 52156 52158 52159 52159 52159 52159 52159 52160 52162 52162 52163 52163 52164 52165 52170 52172 52172 52177 52178 52179 52179 52179 52182 52185 52186 52187 52187 52188 52189 52191 52192 52192 52193 52193 52193 52193 52194 52195 52196 52196 52197 52198 52198 52198 52199 52200 52200 52201 52202 52203 52206 52207 52207 52207 52207 52208 52209 52209 52210 52211 52211 52212 52212 52213 52213 52214 52214 52216 52216 52216 52216 52217 52217 52217 52218 52218 52220 52221 52221 52223 52224 52225 52226 52227 52228 52229 52230 52230 52230 52232 52235 52239 52239 52241 52241 52241 52242 52244 52245 52246 52247 52247 52250 52252 52253 52255 52256 52257 52261 52261 52262 52263 52263 52264 52264 52264 52266 52268 52270 52272 52273 52275 52275 52276 52277 52279 52284 52284 52285 52286 52286 52288 52289 52290 52292 52292 52292 52292 52292 52293 52293 52295 52295 52295 52296 52297 52297 52299 52301 52301 52302 52304 52307 52308 52308 52308 52308 52309 52309 52309 52311 52312 52313 52320 52320 52321 52324 52325 52327 52327 52328 52329 52330 52333 52333 52334 52335 52336 52336 52339 52339 52339 52340 52340 52341 52341 52341 52343 52343 52343 52345 52346 52347 52348 52350 52350 52351 52352 52352 52353 52353 52359 52360 52361 52361 52362 52363 52363 52363 52364 52364 52365 52366 52366 52368 52369 52370 52371 52371 52372 52372 52374 52374 52374 52374 52374 52375 52380 52382 52382 52385 52386 52388 52389 52390 52391 52392 52393 52394 52394 52394 52394 52394 52396 52398 52398 52400 52402 52402 52402 52403 52404 52404 52404 52405 52406 52406 52409 52409 52410 52411 52412 52412 52412 52413 52414 52414 52416 52416 52417 52417 52418 52418 52418 52420 52421 52421 52421 52421 52425 52425 52426 52427 52428 52429 52429 52432 52432 52434 52434 52435 52436 52437 52439 52439 52439 52441 52443 52443 52443 52444 52444 52445 52445 52448 52448 52448 52448 52451 52451 52453 52453 52454 52455 52455 52458 52459 52462 52464 52465 52468 52469 52470 52474 52475 52476 52479 52479 52480 52480 52481 52481 52482 52483 52485 52486 52486 52486 52488 52488 52490 52490 52490 52490 52492 52494 52495 52496 52497 52498 52498 52499 52500 52501 52502 52503 52504 52504 52505 52506 52508 52512 52515 52516 52518 52523 52524 52528 52529 52530 52531 52532 52532 52532 52532 52533 52533 52535 52536 52538 52538 52538 52538 52540 52541 52542 52543 52544 52544 52547 52548 52551 52552 52555 52556 52558 52561 52563 52563 52563 52564 52565 52566 52567 52569 52569 52570 52570 52570 52571 52572 52575 52575 52577 52577 52577 52577 52577 52578 52578 52578 52578 52581 52581 52583 52585 52586 52586 52586 52586 52587 52588 52591 52592 52592 52593 52595 52595 52596 52597 52598 52598 52599 52600 52600 52601 52602 52602 52603 52603 52605 52605 52606 52606 52607 52608 52610 52610 52611 52611 52612 52612 52614 52615 52615 52615 52615 52617 52618 52618 52619 52619 52619 52620 52621 52622 52625 52627 52627 52629 52630 52630 52631 52633 52635 52635 52639 52641 52643 52644 52645 52645 52645 52646 52646 52647 52648 52649 52649 52650 52650 52652 52653 52653 52653 52653 52657 52658 52659 52660 52660 52660 52661 52662 52662 52664 52665 52667 52667 52668 52669 52669 52670 52671 52671 52672 52673 52673 52674 52674 52674 52675 52676 52676 52676 52676 52677 52678 52680 52682 52684 52685 52686 52688 52691 52696 52696 52697 52698 52698 52699 52703 52703 52703 52704 52706 52708 52709 52710 52714 52716 52716 52716 52718 52722 52723 52724 52725 52725 52726 52727 52729 52730 52732 52732 52733 52733 52734 52735 52738 52738 52738 52739 52739 52740 52740 52742 52742 52743 52747 52747 52748 52748 52748 52748 52750 52753 52754 52754 52755 52756 52756 52757 52760 52761 52761 52764 52764 52766 52766 52774 52774 52778 52779 52780 52780 52781 52782 52783 52785 52785 52786 52788 52789 52790 52791 52794 52796 52796 52796 52797 52798 52799 52800 52800 52801 52804 52807 52809 52811 52811 52813 52813 52814 52815 52816 52816 52817 52818 52819 52819 52820 52821 52822 52822 52823 52823 52825 52825 52826 52827 52827 52828 52828 52830 52831 52833 52834 52834 52835 52836 52837 52838 52838 52841 52841 52842 52844 52846 52848 52850 52850 52852 52852 52854 52858 52858 52859 52859 52864 52864 52865 52866 52868 52870 52870 52871 52871 52872 52872 52873 52873 52876 52877 52877 52878 52879 52880 52883 52884 52884 52885 52886 52887 52889 52890 52890 52891 52891 52892 52894 52894 52895 52895 52897 52897 52898 52901 52901 52901 52902 52902 52905 52906 52907 52908 52909 52912 52912 52912 52912 52914 52917 52917 52918 52919 52919 52920 52921 52922 52923 52924 52924 52924 52925 52925 52925 52926 52928 52928 52929 52930 52932 52933 52935 52935 52935 52938 52938 52938 52940 52941 52941 52942 52944 52946 52948 52948 52950 52950 52950 52952 52953 52955 52957 52957 52957 52958 52958 52959 52963 52963 52966 52967 52967 52968 52968 52972 52973 52974 52975 52975 52976 52976 52976 52977 52978 52978 52979 52983 52983 52983 52984 52986 52987 52988 52991 52991 52992 52992 52992 52993 52993 52995 52996 52998 52999 53000 53001 53003 53003 53003 53004 53005 53006 53006 53007 53009 53010 53010 53010 53011 53012 53015 53015 53015 53016 53018 53019 53019 53025 53026 53028 53028 53028 53029 53031 53031 53031 53031 53033 53033 53034 53034 53035 53035 53036 53036 53038 53039 53039 53040 53041 53041 53041 53042 53042 53046 53051 53051 53053 53054 53055 53055 53055 53055 53057 53057 53057 53058 53061 53061 53063 53063 53063 53064 53069 53070 53073 53077 53079 53080 53081 53081 53082 53083 53083 53084 53085 53085 53088 53089 53090 53090 53093 53093 53097 53098 53099 53100 53101 53101 53102 53103 53103 53104 53105 53106 53107 53109 53114 53116 53118 53119 53120 53122 53123 53125 53129 53129 53131 53132 53133 53135 53135 53135 53135 53135 53137 53138 53139 53139 53141 53142 53143 53143 53143 53146 53147 53148 53148 53150 53150 53151 53151 53152 53152 53153 53155 53158 53158 53158 53160 53160 53163 53163 53164 53169 53170 53170 53171 53171 53172 53172 53172 53176 53176 53176 53177 53179 53180 53181 53183 53183 53184 53184 53186 53188 53189 53190 53191 53193 53193 53196 53200 53200 53203 53203 53203 53204 53204 53204 53205 53206 53208 53208 53208 53211 53211 53211 53212 53212 53213 53213 53215 53215 53215 53215 53216 53217 53217 53218 53220 53220 53220 53224 53226 53228 53228 53228 53229 53229 53229 53230 53230 53231 53231 53233 53233 53234 53234 53234 53234 53235 53235 53236 53237 53238 53238 53239 53239 53240 53240 53240 53240 53242 53243 53244 53244 53245 53245 53246 53246 53247 53250 53251 53251 53252 53254 53255 53255 53256 53257 53257 53257 53259 53259 53261 53261 53262 53264 53266 53267 53268 53268 53268 53268 53268 53268 53269 53269 53270 53271 53271 53274 53274 53275 53278 53279 53280 53281 53282 53283 53284 53285 53286 53288 53290 53291 53292 53292 53293 53294 53295 53296 53299 53300 53301 53301 53301 53302 53304 53304 53305 53305 53305 53306 53307 53309 53309 53309 53310 53310 53310 53314 53315 53316 53319 53320 53321 53324 53325 53326 53327 53329 53329 53329 53329 53330 53332 53333 53333 53333 53333 53334 53335 53336 53336 53336 53337 53339 53339 53340 53340 53342 53343 53343 53344 53345 53346 53347 53350 53350 53351 53351 53353 53354 53355 53355 53356 53358 53359 53360 53364 53366 53366 53367 53367 53370 53370 53370 53372 53375 53375 53377 53379 53380 53380 53380 53381 53382 53382 53383 53385 53385 53385 53386 53386 53387 53390 53390 53390 53392 53393 53393 53393 53397 53397 53397 53398 53398 53399 53399 53400 53403 53406 53407 53408 53408 53409 53409 53411 53411 53413 53414 53415 53418 53418 53420 53420 53420 53420 53421 53421 53422 53423 53425 53426 53426 53426 53427 53428 53428 53430 53434 53434 53434 53434 53435 53436 53436 53436 53437 53438 53438 53440 53441 53442 53443 53444 53447 53451 53451 53458 53461 53462 53462 53462 53463 53464 53465 53465 53466 53466 53466 53467 53467 53469 53472 53473 53473 53475 53476 53477 53478 53481 53481 53482 53487 53487 53488 53489 53491 53492 53493 53494 53494 53495 53497 53497 53498 53498 53501 53501 53503 53506 53508 53509 53510 53510 53511 53514 53517 53517 53518 53518 53519 53521 53532 53533 53534 53535 53536 53536 53537 53537 53537 53538 53539 53539 53539 53540 53540 53541 53541 53541 53542 53543 53545 53546 53546 53546 53547 53548 53548 53548 53549 53550 53551 53552 53552 53553 53554 53554 53555 53556 53556 53560 53560 53562 53563 53564 53564 53565 53566 53566 53568 53569 53569 53570 53571 53572 53572 53573 53573 53575 53576 53576 53580 53581 53585 53586 53586 53586 53588 53589 53590 53592 53592 53593 53593 53595 53595 53597 53599 53600 53602 53602 53603 53604 53604 53605 53605 53606 53606 53607 53608 53609 53611 53611 53611 53612 53612 53613 53613 53614 53614 53615 53618 53621 53621 53621 53621 53622 53625 53625 53627 53628 53630 53631 53633 53634 53634 53634 53637 53639 53639 53640 53642 53643 53643 53644 53645 53648 53648 53650 53652 53653 53654 53656 53657 53657 53659 53659 53659 53660 53660 53660 53660 53662 53663 53663 53666 53667 53667 53668 53668 53669 53669 53670 53671 53672 53673 53674 53676 53676 53676 53676 53677 53677 53677 53679 53680 53681 53681 53682 53683 53684 53684 53684 53685 53686 53687 53688 53688 53689 53691 53693 53694 53694 53695 53696 53701 53702 53703 53704 53704 53707 53707 53708 53712 53712 53713 53713 53713 53715 53716 53719 53720 53721 53722 53723 53724 53724 53725 53726 53728 53729 53731 53733 53734 53735 53736 53738 53739 53740 53741 53741 53741 53742 53742 53743 53745 53745 53746 53746 53746 53747 53749 53750 53750 53751 53752 53753 53754 53755 53756 53757 53758 53760 53760 53761 53762 53763 53764 53765 53767 53768 53768 53769 53769 53772 53772 53774 53774 53774 53775 53775 53776 53776 53778 53778 53778 53779 53782 53786 53786 53787 53787 53788 53789 53790 53791 53796 53798 53798 53798 53798 53798 53798 53799 53800 53801 53802 53803 53803 53804 53804 53805 53808 53809 53810 53812 53812 53813 53815 53817 53819 53820 53822 53822 53822 53823 53824 53825 53826 53828 53828 53831 53832 53832 53833 53833 53834 53834 53835 53835 53835 53836 53837 53837 53837 53838 53840 53840 53842 53844 53846 53849 53849 53849 53850 53852 53856 53857 53857 53859 53859 53860 53862 53863 53864 53864 53865 53865 53866 53867 53872 53873 53874 53875 53876 53877 53878 53880 53882 53882 53883 53885 53885 53887 53888 53889 53889 53890 53890 53890 53891 53895 53896 53897 53898 53900 53902 53902 53905 53905 53905 53906 53906 53907 53908 53914 53916 53916 53916 53918 53918 53920 53920 53920 53921 53921 53922 53922 53923 53925 53925 53928 53928 53929 53929 53929 53929 53930 53931 53931 53931 53931 53932 53932 53934 53936 53937 53937 53939 53939 53941 53942 53948 53949 53950 53950 53952 53953 53953 53955 53955 53955 53956 53959 53962 53965 53966 53967 53967 53972 53973 53975 53976 53976 53977 53978 53979 53979 53980 53982 53982 53983 53985 53986 53986 53987 53987 53988 53990 53991 53991 53993 53994 53994 53995 53996 53996 53998 53998 54000 54000 54000 54000 54001 54003 54004 54005 54005 54005 54006 54008 54009 54012 54013 54014 54015 54016 54016 54018 54020 54021 54022 54022 54025 54026 54026 54026 54026 54027 54028 54028 54031 54031 54033 54033 54035 54037 54038 54038 54040 54041 54041 54043 54044 54045 54045 54046 54047 54049 54050 54052 54052 54052 54053 54054 54055 54056 54058 54059 54060 54065 54065 54067 54067 54069 54071 54071 54072 54073 54073 54073 54075 54080 54081 54082 54082 54085 54086 54089 54089 54089 54090 54090 54091 54092 54094 54095 54098 54099 54101 54105 54105 54106 54108 54110 54112 54116 54118 54119 54119 54119 54119 54120 54121 54121 54122 54123 54124 54127 54127 54127 54127 54127 54129 54131 54132 54134 54134 54134 54135 54137 54137 54137 54138 54140 54142 54144 54144 54145 54145 54146 54147 54150 54150 54151 54151 54152 54155 54157 54158 54159 54159 54160 54161 54161 54161 54163 54163 54165 54166 54166 54167 54168 54168 54169 54169 54169 54170 54170 54171 54171 54173 54173 54176 54176 54179 54179 54179 54179 54180 54180 54181 54181 54182 54182 54183 54184 54187 54188 54189 54189 54190 54191 54192 54193 54195 54195 54195 54196 54196 54199 54200 54201 54202 54203 54203 54206 54206 54208 54210 54212 54213 54216 54216 54218 54218 54219 54219 54220 54220 54222 54224 54224 54225 54227 54227 54228 54230 54231 54233 54234 54234 54235 54235 54236 54237 54237 54238 54241 54242 54242 54244 54244 54245 54245 54245 54245 54248 54248 54251 54253 54253 54254 54255 54257 54257 54258 54258 54259 54260 54261 54262 54264 54265 54265 54266 54268 54268 54275 54278 54278 54278 54280 54282 54283 54283 54283 54284 54285 54286 54286 54286 54287 54287 54287 54287 54291 54292 54293 54294 54295 54297 54298 54298 54299 54300 54301 54301 54301 54301 54305 54308 54309 54309 54310 54312 54313 54314 54315 54315 54316 54318 54318 54319 54319 54321 54321 54321 54321 54324 54327 54328 54328 54328 54331 54331 54333 54339 54339 54341 54342 54343 54343 54343 54344 54344 54344 54346 54348 54348 54349 54349 54349 54351 54353 54353 54353 54353 54355 54355 54356 54357 54357 54358 54361 54362 54363 54364 54365 54366 54367 54367 54368 54368 54368 54369 54369 54369 54371 54372 54373 54374 54376 54376 54377 54379 54379 54379 54381 54381 54383 54383 54385 54386 54389 54390 54390 54391 54392 54392 54394 54395 54399 54399 54399 54400 54400 54401 54403 54403 54405 54405 54405 54406 54407 54407 54407 54407 54408 54408 54410 54410 54411 54412 54413 54413 54413 54414 54414 54414 54415 54417 54421 54421 54422 54424 54425 54425 54426 54426 54428 54429 54431 54431 54433 54434 54435 54437 54437 54440 54441 54443 54444 54446 54447 54448 54448 54448 54449 54453 54455 54455 54456 54458 54458 54459 54461 54461 54462 54462 54464 54465 54466 54467 54467 54469 54471 54471 54472 54473 54476 54477 54477 54477 54477 54481 54482 54482 54483 54484 54485 54488 54489 54490 54492 54495 54496 54498 54498 54500 54500 54500 54500 54501 54504 54505 54506 54506 54506 54508 54508 54509 54509 54509 54510 54511 54513 54515 54516 54516 54516 54517 54517 54519 54520 54522 54522 54523 54524 54525 54525 54528 54529 54529 54530 54531 54531 54532 54533 54534 54534 54535 54536 54536 54537 54537 54538 54538 54538 54542 54542 54543 54543 54545 54545 54550 54550 54550 54551 54551 54552 54553 54553 54553 54554 54554 54557 54558 54559 54559 54559 54559 54564 54566 54568 54569 54570 54572 54573 54573 54574 54575 54577 54578 54579 54579 54581 54582 54582 54585 54585 54586 54590 54590 54590 54591 54592 54592 54593 54595 54595 54596 54598 54599 54599 54600 54603 54604 54606 54607 54607 54607 54608 54609 54609 54610 54611 54611 54612 54612 54612 54613 54614 54614 54616 54616 54617 54618 54618 54622 54622 54626 54627 54628 54633 54635 54637 54637 54640 54644 54644 54645 54646 54646 54647 54651 54652 54653 54654 54655 54656 54656 54657 54657 54657 54659 54659 54659 54659 54661 54662 54662 54664 54664 54665 54666 54666 54666 54666 54666 54669 54671 54671 54672 54673 54674 54676 54678 54678 54679 54680 54680 54681 54681 54682 54682 54682 54685 54689 54689 54690 54690 54690 54691 54692 54694 54694 54697 54697 54699 54700 54703 54704 54709 54709 54710 54710 54711 54713 54714 54715 54715 54716 54720 54720 54725 54725 54726 54727 54728 54728 54729 54729 54731 54733 54733 54733 54733 54736 54737 54737 54739 54740 54741 54742 54744 54744 54745 54746 54748 54748 54749 54750 54750 54751 54751 54752 54753 54754 54755 54757 54758 54760 54760 54760 54763 54766 54766 54766 54767 54767 54767 54768 54768 54771 54775 54776 54776 54777 54779 54779 54780 54780 54781 54782 54782 54783 54784 54785 54785 54786 54786 54786 54787 54791 54791 54792 54794 54795 54795 54797 54797 54798 54798 54798 54800 54800 54801 54802 54804 54805 54805 54805 54806 54806 54807 54809 54810 54812 54812 54812 54813 54814 54816 54817 54817 54818 54818 54818 54819 54819 54820 54821 54822 54822 54824 54824 54824 54827 54827 54828 54828 54829 54830 54831 54831 54831 54832 54834 54834 54834 54834 54835 54835 54837 54838 54839 54839 54840 54841 54843 54843 54844 54848 54849 54849 54850 54851 54852 54852 54852 54852 54854 54856 54857 54861 54861 54862 54863 54863 54864 54864 54864 54866 54866 54866 54866 54867 54868 54870 54871 54871 54872 54872 54874 54874 54875 54876 54876 54877 54877 54877 54878 54879 54879 54880 54882 54882 54882 54882 54883 54883 54883 54884 54885 54885 54887 54890 54892 54892 54894 54896 54896 54897 54897 54898 54899 54899 54900 54903 54904 54904 54905 54907 54907 54909 54911 54914 54915 54916 54916 54917 54917 54917 54917 54918 54918 54919 54919 54921 54921 54921 54922 54925 54925 54926 54928 54928 54928 54930 54931 54931 54932 54932 54933 54933 54934 54934 54935 54937 54937 54938 54938 54938 54941 54941 54943 54944 54945 54945 54946 54946 54947 54947 54947 54947 54949 54949 54951 54952 54952 54954 54956 54957 54957 54957 54958 54960 54961 54961 54961 54963 54964 54966 54966 54967 54967 54970 54970 54970 54971 54971 54971 54975 54976 54976 54977 54978 54978 54979 54979 54979 54980 54981 54981 54982 54983 54983 54984 54985 54985 54986 54988 54988 54989 54989 54990 54990 54991 54991 54991 54992 54994 54996 54998 55000 55001 55001 55001 55002 55003 55003 55003 55004 55005 55008 55009 55009 55009 55009 55009 55013 55013 55014 55014 55015 55016 55019 55019 55019 55022 55022 55025 55025 55026 55028 55031 55032 55033 55033 55034 55034 55036 55038 55040 55041 55042 55043 55043 55043 55044 55045 55046 55047 55048 55048 55049 55050 55050 55051 55052 55052 55055 55056 55058 55058 55059 55060 55061 55061 55063 55064 55064 55065 55065 55065 55066 55066 55066 55066 55066 55067 55068 55068 55069 55070 55070 55074 55074 55075 55075 55079 55080 55081 55081 55081 55082 55082 55083 55083 55084 55084 55088 55089 55089 55090 55091 55092 55093 55093 55094 55094 55096 55096 55100 55100 55103 55104 55105 55110 55112 55113 55113 55113 55113 55114 55119 55123 55124 55124 55124 55125 55127 55129 55129 55129 55129 55131 55132 55132 55132 55134 55135 55136 55136 55136 55137 55139 55139 55140 55140 55141 55141 55142 55143 55143 55143 55145 55146 55147 55147 55148 55149 55150 55151 55152 55152 55152 55153 55157 55158 55159 55161 55162 55162 55163 55166 55167 55170 55172 55174 55175 55175 55176 55176 55179 55179 55179 55180 55180 55181 55182 55184 55185 55186 55187 55187 55190 55193 55194 55195 55196 55197 55198 55200 55201 55201 55201 55202 55204 55206 55208 55208 55209 55210 55214 55215 55216 55216 55219 55219 55219 55220 55222 55223 55224 55225 55226 55226 55227 55229 55229 55229 55230 55231 55232 55233 55234 55239 55241 55244 55247 55249 55250 55250 55251 55252 55253 55255 55255 55255 55257 55259 55259 55260 55261 55263 55263 55264 55264 55266 55266 55267 55269 55269 55273 55274 55277 55277 55277 55278 55279 55279 55279 55279 55280 55281 55281 55281 55282 55283 55283 55286 55287 55287 55288 55289 55291 55292 55292 55293 55293 55294 55294 55295 55295 55295 55295 55296 55296 55296 55296 55297 55299 55300 55302 55303 55304 55304 55304 55305 55305 55305 55307 55307 55307 55312 55314 55315 55316 55318 55320 55320 55324 55329 55330 55332 55335 55336 55336 55337 55337 55342 55343 55344 55345 55349 55349 55351 55353 55353 55354 55356 55356 55358 55359 55360 55366 55367 55367 55370 55371 55373 55374 55374 55374 55374 55375 55377 55378 55382 55385 55386 55387 55387 55388 55388 55389 55390 55390 55390 55391 55394 55394 55394 55395 55396 55397 55400 55402 55403 55406 55406 55409 55410 55412 55414 55414 55417 55417 55418 55422 55423 55425 55427 55427 55428 55428 55428 55429 55430 55430 55431 55432 55432 55436 55436 55438 55438 55438 55438 55440 55441 55442 55443 55448 55449 55450 55450 55450 55451 55452 55455 55455 55456 55457 55457 55458 55458 55459 55461 55461 55461 55462 55462 55464 55464 55465 55465 55466 55466 55467 55471 55471 55471 55472 55474 55475 55475 55477 55477 55478 55478 55479 55479 55481 55481 55481 55481 55483 55485 55486 55487 55487 55487 55490 55492 55493 55493 55494 55495 55495 55495 55497 55497 55497 55498 55499 55500 55501 55501 55502 55503 55503 55503 55504 55504 55506 55507 55509 55509 55509 55509 55510 55510 55511 55511 55511 55511 55512 55513 55514 55516 55517 55517 55518 55519 55519 55520 55520 55521 55522 55523 55524 55527 55527 55527 55528 55529 55531 55532 55534 55535 55536 55539 55540 55540 55542 55543 55544 55545 55545 55547 55547 55548 55548 55549 55550 55551 55554 55555 55556 55556 55557 55558 55560 55560 55560 55562 55562 55567 55567 55569 55570 55572 55574 55574 55575 55578 55578 55578 55579 55580 55580 55580 55581 55581 55581 55583 55584 55584 55585 55585 55586 55587 55588 55588 55588 55589 55589 55591 55593 55594 55594 55594 55594 55595 55596 55596 55598 55599 55599 55599 55600 55601 55601 55602 55602 55604 55604 55605 55605 55607 55611 55611 55612 55613 55614 55616 55616 55616 55617 55618 55618 55618 55619 55620 55621 55621 55621 55621 55622 55622 55622 55622 55623 55626 55626 55627 55628 55629 55631 55632 55632 55633 55633 55634 55638 55639 55643 55644 55645 55646 55646 55646 55647 55648 55648 55649 55650 55652 55652 55652 55653 55653 55655 55655 55655 55660 55660 55660 55660 55661 55661 55661 55663 55666 55666 55668 55670 55672 55673 55675 55676 55676 55677 55679 55680 55681 55681 55682 55683 55683 55683 55684 55685 55686 55687 55687 55688 55690 55690 55690 55691 55694 55694 55694 55695 55695 55696 55696 55697 55697 55700 55700 55703 55704 55704 55705 55705 55707 55707 55707 55708 55710 55710 55711 55711 55712 55714 55714 55714 55715 55718 55719 55719 55719 55721 55722 55722 55724 55724 55725 55726 55726 55728 55729 55730 55731 55731 55733 55733 55734 55734 55734 55735 55735 55737 55738 55738 55740 55740 55740 55742 55743 55743 55744 55744 55744 55745 55745 55747 55749 55750 55750 55750 55750 55750 55750 55751 55751 55751 55751 55752 55756 55760 55761 55762 55764 55765 55767 55767 55768 55768 55768 55771 55772 55773 55774 55775 55776 55777 55777 55777 55777 55777 55777 55778 55778 55781 55781 55781 55781 55783 55784 55786 55787 55787 55788 55788 55791 55791 55792 55792 55793 55794 55794 55796 55797 55800 55804 55807 55808 55808 55810 55816 55818 55818 55820 55820 55821 55821 55822 55822 55822 55823 55823 55823 55825 55827 55827 55828 55829 55831 55831 55833 55833 55835 55836 55838 55838 55841 55841 55841 55843 55844 55845 55845 55847 55847 55847 55847 55847 55849 55850 55850 55851 55853 55853 55854 55856 55859 55860 55860 55861 55861 55864 55864 55865 55866 55866 55867 55868 55869 55869 55869 55870 55870 55871 55875 55875 55876 55876 55879 55880 55881 55883 55883 55884 55884 55885 55885 55886 55889 55892 55892 55893 55894 55895 55895 55896 55896 55896 55897 55898 55898 55900 55902 55905 55905 55907 55910 55911 55913 55914 55916 55916 55916 55916 55916 55918 55918 55919 55920 55923 55926 55927 55927 55928 55929 55929 55930 55930 55932 55934 55934 55935 55937 55937 55938 55939 55939 55940 55942 55942 55942 55945 55945 55945 55948 55948 55949 55950 55953 55954 55955 55955 55956 55956 55956 55958 55958 55958 55958 55959 55960 55960 55961 55964 55965 55965 55967 55968 55969 55970 55970 55970 55972 55972 55972 55972 55974 55974 55975 55975 55976 55977 55979 55980 55980 55981 55981 55981 55981 55982 55983 55983 55983 55983 55984 55986 55986 55988 55990 55990 55991 55992 55994 55994 55996 55997 55997 55999 56000 56003 56003 56006 56009 56009 56009 56011 56014 56015 56015 56016 56016 56016 56017 56017 56021 56022 56023 56023 56025 56027 56028 56028 56029 56030 56031 56033 56034 56035 56035 56035 56036 56037 56037 56040 56041 56041 56041 56042 56044 56045 56046 56047 56050 56051 56051 56052 56052 56053 56056 56058 56059 56059 56060 56060 56060 56063 56063 56066 56067 56068 56070 56072 56073 56075 56076 56076 56077 56080 56080 56082 56082 56084 56086 56086 56088 56088 56089 56089 56090 56091 56092 56092 56093 56096 56097 56098 56098 56100 56101 56102 56107 56110 56110 56112 56112 56113 56113 56114 56115 56115 56117 56118 56118 56120 56121 56121 56122 56122 56122 56123 56126 56126 56126 56127 56127 56129 56132 56132 56136 56136 56137 56137 56137 56138 56139 56139 56140 56140 56141 56141 56142 56142 56144 56146 56148 56149 56149 56150 56150 56151 56152 56152 56152 56154 56154 56155 56155 56156 56157 56158 56160 56161 56161 56163 56163 56164 56165 56167 56167 56168 56170 56172 56172 56172 56172 56173 56176 56176 56177 56179 56181 56184 56186 56187 56187 56189 56192 56192 56193 56193 56194 56194 56196 56197 56200 56200 56200 56201 56202 56202 56203 56203 56205 56206 56206 56207 56207 56208 56209 56209 56210 56211 56212 56213 56217 56218 56218 56220 56221 56222 56222 56222 56224 56224 56225 56225 56226 56227 56227 56227 56228 56228 56228 56229 56231 56232 56232 56233 56233 56233 56234 56234 56237 56237 56237 56241 56241 56243 56243 56245 56246 56246 56246 56246 56246 56247 56247 56248 56250 56251 56253 56255 56259 56260 56261 56263 56265 56266 56267 56267 56268 56268 56268 56270 56273 56273 56273 56276 56277 56278 56278 56280 56281 56283 56286 56286 56287 56288 56288 56288 56291 56291 56292 56294 56294 56294 56295 56296 56298 56299 56299 56300 56301 56306 56308 56308 56309 56310 56310 56311 56312 56312 56312 56313 56314 56315 56316 56316 56318 56319 56320 56320 56323 56324 56324 56328 56329 56330 56330 56331 56332 56333 56335 56335 56336 56336 56338 56340 56341 56341 56341 56341 56342 56344 56344 56346 56348 56348 56348 56349 56349 56351 56352 56354 56354 56355 56355 56355 56356 56357 56361 56364 56365 56366 56366 56370 56370 56370 56370 56371 56373 56373 56375 56375 56375 56375 56378 56378 56385 56387 56388 56389 56390 56390 56392 56393 56393 56394 56394 56394 56395 56395 56395 56396 56396 56397 56397 56398 56399 56400 56400 56401 56401 56402 56402 56402 56402 56404 56408 56412 56413 56413 56414 56415 56417 56418 56418 56419 56419 56419 56420 56421 56424 56424 56426 56426 56429 56429 56429 56430 56430 56430 56431 56431 56435 56436 56437 56437 56441 56443 56446 56446 56446 56448 56448 56450 56452 56452 56453 56453 56453 56456 56456 56458 56459 56459 56460 56460 56463 56464 56464 56466 56466 56469 56471 56472 56472 56473 56474 56474 56476 56476 56479 56482 56482 56487 56487 56488 56490 56490 56491 56494 56494 56495 56498 56499 56500 56500 56500 56500 56504 56505 56506 56507 56507 56509 56509 56509 56511 56512 56512 56514 56514 56514 56516 56517 56518 56518 56519 56519 56521 56521 56521 56522 56522 56523 56523 56525 56525 56528 56528 56530 56530 56530 56532 56534 56534 56537 56538 56540 56540 56540 56541 56542 56543 56543 56545 56546 56548 56548 56548 56553 56553 56553 56554 56557 56562 56563 56563 56568 56568 56568 56568 56569 56569 56572 56572 56573 56574 56575 56576 56581 56583 56583 56584 56586 56589 56590 56592 56593 56593 56594 56594 56595 56595 56596 56596 56599 56602 56602 56603 56604 56604 56607 56608 56609 56610 56610 56611 56612 56616 56617 56621 56622 56623 56624 56625 56626 56626 56628 56629 56630 56631 56632 56632 56632 56633 56633 56634 56635 56636 56636 56637 56637 56641 56641 56642 56642 56643 56643 56644 56644 56646 56646 56646 56647 56647 56647 56651 56652 56652 56654 56655 56655 56655 56658 56659 56660 56661 56662 56664 56665 56667 56668 56669 56670 56672 56673 56673 56674 56674 56674 56675 56676 56676 56678 56679 56680 56680 56682 56683 56684 56684 56684 56685 56685 56686 56687 56689 56692 56693 56695 56695 56696 56699 56700 56701 56701 56701 56701 56702 56702 56703 56703 56704 56704 56705 56706 56706 56707 56709 56709 56711 56711 56712 56713 56713 56713 56714 56715 56717 56717 56717 56718 56718 56718 56721 56721 56722 56723 56724 56725 56725 56726 56727 56728 56728 56729 56733 56735 56737 56738 56738 56738 56738 56739 56739 56740 56740 56741 56741 56742 56743 56744 56745 56746 56748 56750 56750 56750 56752 56752 56753 56753 56754 56754 56761 56762 56763 56765 56765 56766 56766 56766 56767 56767 56768 56770 56770 56771 56771 56772 56773 56774 56775 56777 56777 56778 56778 56778 56778 56779 56780 56780 56781 56782 56784 56784 56785 56786 56787 56792 56792 56793 56794 56794 56795 56795 56796 56797 56798 56798 56798 56799 56800 56805 56805 56805 56807 56808 56809 56809 56813 56814 56814 56816 56818 56818 56818 56820 56822 56822 56823 56823 56823 56824 56826 56828 56828 56828 56829 56830 56830 56831 56832 56834 56835 56835 56836 56838 56838 56839 56840 56841 56841 56842 56843 56844 56845 56846 56847 56847 56848 56849 56854 56855 56855 56858 56860 56860 56861 56862 56866 56867 56868 56869 56869 56869 56869 56871 56872 56873 56874 56874 56875 56875 56877 56879 56879 56880 56880 56881 56882 56883 56884 56884 56886 56887 56889 56890 56893 56894 56894 56894 56894 56897 56898 56898 56898 56899 56899 56900 56902 56902 56907 56907 56908 56908 56910 56910 56911 56911 56911 56914 56914 56914 56915 56920 56921 56922 56924 56924 56925 56926 56926 56927 56927 56928 56928 56930 56930 56931 56933 56933 56934 56934 56935 56935 56936 56936 56937 56938 56938 56938 56938 56940 56942 56944 56947 56947 56947 56949 56949 56954 56955 56955 56955 56956 56956 56959 56960 56960 56961 56963 56963 56966 56967 56969 56971 56971 56971 56972 56972 56973 56974 56975 56977 56977 56978 56979 56980 56981 56983 56983 56984 56985 56986 56987 56988 56989 56992 56992 56992 56993 56994 56994 56997 56997 56998 56999 57000 57001 57001 57003 57004 57004 57004 57005 57007 57008 57009 57010 57010 57011 57011 57012 57014 57020 57021 57021 57022 57022 57022 57023 57023 57026 57027 57027 57029 57029 57030 57031 57032 57035 57035 57036 57037 57038 57038 57039 57040 57043 57043 57044 57044 57045 57050 57050 57053 57054 57054 57056 57057 57058 57059 57060 57061 57061 57062 57062 57062 57062 57063 57064 57064 57066 57070 57071 57072 57074 57075 57075 57076 57077 57077 57077 57078 57078 57078 57080 57080 57080 57080 57080 57081 57081 57082 57084 57084 57085 57085 57086 57087 57087 57087 57088 57089 57090 57090 57090 57090 57093 57098 57098 57099 57100 57105 57105 57106 57106 57106 57107 57108 57111 57112 57112 57113 57119 57119 57121 57122 57122 57122 57122 57123 57125 57126 57128 57129 57130 57132 57133 57135 57135 57137 57138 57139 57139 57140 57140 57143 57143 57145 57146 57146 57147 57148 57148 57149 57150 57150 57150 57152 57152 57153 57155 57156 57159 57163 57163 57164 57169 57169 57170 57175 57176 57177 57180 57180 57181 57181 57182 57183 57184 57184 57185 57188 57188 57188 57188 57188 57189 57189 57190 57190 57192 57192 57193 57193 57196 57196 57196 57196 57197 57197 57198 57199 57200 57201 57201 57202 57203 57204 57206 57206 57207 57207 57208 57209 57212 57215 57215 57215 57216 57216 57217 57218 57218 57219 57221 57221 57222 57224 57225 57225 57226 57232 57232 57234 57234 57236 57236 57237 57238 57242 57243 57243 57245 57245 57248 57249 57250 57250 57250 57250 57250 57252 57252 57254 57254 57256 57256 57258 57259 57259 57260 57261 57263 57264 57266 57266 57267 57268 57269 57269 57271 57272 57273 57275 57276 57276 57280 57281 57281 57282 57283 57284 57284 57286 57287 57287 57288 57288 57288 57290 57292 57292 57292 57295 57295 57295 57301 57302 57302 57303 57306 57308 57308 57309 57309 57310 57310 57310 57312 57314 57315 57316 57316 57318 57319 57321 57322 57322 57323 57326 57326 57326 57326 57327 57331 57337 57338 57340 57343 57343 57344 57345 57346 57346 57346 57347 57347 57347 57348 57350 57350 57351 57352 57355 57356 57356 57357 57358 57359 57359 57361 57361 57363 57363 57364 57366 57371 57372 57373 57373 57375 57376 57378 57380 57380 57380 57382 57382 57386 57391 57391 57392 57392 57393 57394 57394 57395 57397 57397 57402 57402 57403 57405 57405 57406 57406 57407 57409 57410 57410 57411 57412 57412 57412 57413 57414 57417 57417 57417 57417 57417 57418 57418 57419 57421 57421 57423 57423 57423 57425 57426 57428 57429 57429 57433 57435 57445 57445 57451 57451 57452 57452 57452 57453 57456 57457 57457 57457 57458 57459 57461 57462 57462 57464 57465 57468 57469 57470 57472 57473 57475 57475 57476 57476 57477 57478 57478 57478 57481 57481 57483 57483 57483 57484 57484 57485 57485 57486 57487 57488 57488 57488 57490 57492 57493 57493 57494 57494 57495 57500 57501 57502 57503 57503 57503 57504 57505 57506 57507 57508 57508 57509 57511 57512 57513 57513 57514 57516 57516 57516 57518 57518 57519 57519 57520 57520 57522 57524 57525 57528 57529 57530 57530 57531 57531 57534 57536 57537 57537 57538 57539 57539 57539 57543 57544 57546 57546 57547 57550 57551 57552 57553 57553 57555 57557 57558 57559 57561 57562 57563 57564 57565 57565 57565 57566 57567 57568 57569 57570 57571 57571 57571 57573 57575 57579 57579 57579 57580 57582 57583 57583 57584 57584 57586 57587 57588 57588 57590 57591 57591 57591 57593 57593 57595 57595 57599 57599 57600 57601 57601 57601 57602 57603 57605 57605 57608 57608 57609 57610 57610 57612 57612 57614 57614 57615 57617 57619 57619 57620 57625 57626 57627 57627 57627 57628 57629 57630 57631 57631 57631 57632 57633 57633 57636 57637 57639 57639 57641 57642 57643 57643 57644 57644 57645 57646 57646 57647 57648 57649 57650 57650 57651 57652 57653 57654 57654 57654 57654 57654 57654 57655 57655 57656 57660 57660 57661 57662 57662 57663 57663 57664 57665 57665 57666 57666 57667 57667 57667 57670 57671 57671 57672 57673 57673 57673 57674 57677 57678 57678 57679 57679 57679 57679 57680 57681 57682 57685 57685 57686 57687 57689 57691 57691 57693 57694 57696 57697 57698 57699 57701 57702 57702 57703 57703 57704 57705 57706 57706 57706 57706 57707 57708 57708 57709 57709 57710 57710 57711 57712 57712 57712 57713 57713 57714 57714 57716 57717 57717 57718 57719 57719 57719 57719 57721 57724 57724 57724 57725 57725 57726 57727 57728 57732 57733 57733 57733 57736 57740 57742 57743 57745 57745 57745 57747 57747 57749 57750 57752 57752 57752 57753 57753 57754 57755 57757 57757 57757 57757 57757 57757 57759 57760 57760 57760 57760 57760 57761 57761 57763 57764 57764 57764 57764 57767 57767 57768 57768 57768 57769 57769 57770 57773 57775 57777 57778 57779 57780 57781 57783 57785 57785 57786 57787 57788 57790 57792 57793 57794 57794 57795 57797 57797 57797 57799 57800 57802 57803 57803 57804 57805 57808 57808 57808 57809 57810 57811 57811 57812 57813 57814 57815 57816 57817 57818 57819 57820 57820 57820 57821 57821 57824 57824 57826 57828 57829 57829 57829 57830 57831 57833 57834 57835 57835 57837 57838 57838 57840 57840 57841 57841 57841 57842 57843 57843 57844 57844 57847 57849 57849 57850 57853 57854 57855 57857 57858 57859 57860 57861 57861 57862 57862 57864 57865 57865 57865 57865 57865 57866 57866 57867 57867 57868 57870 57871 57871 57871 57871 57872 57873 57873 57874 57874 57876 57877 57877 57885 57885 57886 57887 57887 57888 57890 57890 57890 57891 57891 57892 57893 57894 57896 57898 57898 57899 57900 57901 57901 57902 57902 57904 57904 57904 57905 57906 57906 57908 57908 57909 57910 57911 57913 57914 57914 57915 57916 57916 57916 57916 57917 57919 57920 57920 57920 57921 57922 57923 57924 57924 57925 57925 57928 57930 57930 57931 57931 57931 57932 57933 57934 57934 57935 57937 57939 57939 57940 57940 57944 57944 57945 57945 57946 57948 57950 57954 57954 57959 57960 57960 57960 57962 57963 57969 57971 57971 57973 57975 57976 57976 57977 57979 57979 57979 57982 57982 57982 57983 57983 57983 57987 57987 57988 57992 57994 57995 57996 57998 57999 58000 58001 58002 58002 58003 58004 58004 58005 58006 58006 58006 58006 58007 58007 58008 58008 58008 58009 58011 58011 58013 58014 58014 58014 58015 58017 58018 58018 58021 58023 58023 58027 58027 58029 58029 58030 58030 58030 58030 58032 58034 58036 58037 58039 58039 58042 58042 58044 58044 58044 58046 58047 58049 58050 58053 58056 58056 58056 58057 58057 58058 58058 58060 58060 58061 58063 58064 58065 58068 58070 58071 58071 58072 58072 58072 58073 58073 58074 58074 58075 58075 58077 58078 58078 58079 58080 58081 58081 58082 58084 58085 58087 58089 58091 58092 58094 58095 58095 58096 58096 58097 58097 58098 58098 58098 58100 58101 58101 58102 58102 58102 58103 58103 58104 58106 58107 58107 58108 58108 58109 58110 58110 58111 58112 58114 58117 58118 58119 58119 58123 58123 58123 58125 58126 58126 58127 58129 58131 58131 58132 58132 58133 58134 58134 58134 58134 58136 58138 58138 58138 58139 58140 58140 58141 58143 58144 58145 58146 58149 58153 58153 58155 58155 58157 58158 58158 58159 58159 58159 58161 58161 58163 58163 58164 58165 58166 58166 58168 58168 58168 58168 58168 58169 58171 58171 58172 58173 58175 58176 58176 58177 58178 58179 58179 58180 58180 58181 58181 58183 58184 58185 58185 58187 58188 58189 58189 58190 58190 58190 58191 58192 58192 58194 58199 58199 58199 58200 58201 58202 58206 58207 58207 58208 58208 58209 58209 58209 58210 58210 58212 58213 58214 58215 58215 58217 58217 58218 58222 58223 58224 58225 58226 58227 58227 58228 58229 58229 58229 58230 58230 58230 58232 58232 58233 58233 58234 58234 58236 58237 58238 58240 58242 58242 58242 58242 58243 58244 58245 58246 58246 58246 58247 58247 58249 58249 58249 58251 58252 58253 58253 58253 58256 58261 58263 58264 58264 58265 58266 58267 58267 58267 58269 58269 58273 58273 58274 58276 58278 58278 58280 58280 58281 58285 58285 58287 58288 58289 58290 58290 58290 58292 58295 58295 58295 58296 58299 58299 58302 58306 58307 58308 58308 58309 58310 58311 58311 58312 58313 58314 58314 58314 58315 58316 58316 58317 58318 58319 58319 58321 58323 58323 58324 58326 58328 58329 58330 58331 58332 58334 58334 58334 58336 58336 58336 58336 58337 58339 58340 58341 58343 58343 58343 58344 58344 58346 58347 58347 58347 58349 58350 58351 58351 58353 58354 58356 58357 58357 58357 58359 58361 58361 58363 58363 58365 58365 58365 58366 58366 58366 58369 58370 58371 58372 58372 58373 58373 58375 58375 58377 58378 58378 58379 58382 58383 58383 58384 58386 58386 58389 58389 58390 58392 58392 58393 58394 58394 58396 58396 58396 58399 58401 58402 58402 58403 58403 58403 58403 58404 58404 58405 58405 58406 58409 58411 58414 58414 58414 58415 58415 58416 58417 58419 58419 58419 58421 58422 58423 58425 58426 58426 58427 58430 58431 58432 58432 58433 58433 58435 58436 58437 58438 58439 58439 58440 58442 58442 58443 58444 58444 58445 58447 58447 58448 58450 58452 58452 58454 58455 58456 58457 58460 58460 58460 58462 58463 58463 58465 58467 58467 58468 58468 58468 58471 58472 58475 58476 58477 58477 58477 58478 58478 58478 58480 58480 58480 58480 58482 58485 58485 58485 58487 58488 58488 58490 58492 58493 58493 58495 58496 58496 58497 58498 58499 58499 58501 58502 58505 58506 58507 58510 58510 58510 58511 58511 58511 58512 58514 58514 58516 58517 58519 58520 58521 58521 58522 58522 58522 58525 58527 58528 58529 58529 58530 58532 58533 58534 58535 58535 58535 58538 58538 58538 58539 58540 58542 58542 58543 58544 58545 58547 58548 58548 58549 58549 58549 58550 58550 58550 58551 58551 58551 58553 58553 58553 58554 58554 58555 58556 58557 58558 58558 58560 58560 58561 58564 58564 58565 58566 58567 58568 58569 58571 58572 58573 58573 58577 58578 58578 58580 58586 58586 58587 58587 58587 58589 58590 58590 58591 58592 58593 58594 58595 58598 58598 58601 58602 58604 58604 58604 58605 58605 58606 58607 58608 58609 58609 58610 58612 58612 58613 58614 58615 58615 58615 58616 58616 58620 58620 58621 58622 58622 58623 58625 58627 58627 58628 58630 58630 58631 58634 58635 58636 58636 58637 58641 58641 58642 58644 58644 58645 58646 58649 58649 58652 58652 58653 58653 58653 58654 58657 58659 58659 58660 58661 58663 58663 58664 58665 58665 58665 58666 58667 58669 58671 58673 58673 58677 58679 58680 58681 58681 58681 58683 58684 58684 58687 58688 58688 58690 58690 58694 58694 58694 58696 58696 58697 58698 58699 58700 58700 58701 58701 58703 58705 58706 58706 58707 58708 58709 58711 58712 58712 58712 58713 58714 58714 58717 58718 58719 58720 58720 58722 58723 58723 58724 58725 58728 58729 58731 58733 58734 58734 58735 58735 58737 58737 58738 58738 58738 58739 58739 58739 58740 58740 58741 58742 58743 58743 58743 58743 58745 58745 58745 58746 58747 58747 58748 58750 58751 58753 58753 58754 58756 58757 58758 58758 58758 58758 58759 58760 58760 58761 58761 58761 58762 58763 58763 58763 58763 58763 58764 58764 58766 58768 58769 58771 58771 58771 58774 58774 58775 58776 58777 58777 58780 58780 58783 58784 58784 58787 58787 58788 58789 58790 58791 58791 58792 58792 58792 58793 58793 58794 58795 58796 58796 58797 58797 58798 58799 58799 58799 58799 58800 58800 58800 58801 58803 58803 58804 58806 58807 58808 58808 58812 58813 58813 58813 58813 58814 58814 58814 58815 58817 58819 58819 58820 58824 58825 58826 58826 58826 58827 58830 58830 58831 58832 58832 58834 58834 58835 58837 58838 58838 58838 58840 58841 58842 58842 58843 58846 58846 58846 58846 58847 58847 58847 58848 58848 58849 58851 58851 58853 58853 58855 58856 58857 58858 58858 58859 58859 58859 58860 58860 58862 58864 58865 58868 58869 58870 58871 58872 58872 58879 58879 58880 58880 58881 58881 58883 58883 58887 58887 58888 58894 58894 58895 58895 58896 58896 58896 58897 58900 58903 58904 58906 58906 58907 58907 58908 58908 58910 58910 58913 58914 58914 58915 58915 58915 58915 58916 58918 58919 58919 58920 58920 58921 58922 58922 58924 58924 58925 58925 58925 58926 58930 58932 58932 58935 58935 58936 58939 58940 58941 58943 58944 58945 58946 58946 58947 58948 58948 58950 58952 58953 58953 58953 58954 58960 58963 58964 58965 58968 58970 58970 58972 58973 58974 58974 58974 58976 58978 58978 58984 58984 58985 58987 58988 58989 58989 58990 58990 58990 58991 58993 58995 58996 58996 59000 59001 59001 59002 59003 59003 59004 59005 59006 59007 59008 59010 59010 59010 59011 59014 59016 59019 59020 59021 59022 59022 59025 59030 59030 59030 59032 59033 59034 59037 59038 59039 59039 59039 59040 59040 59040 59045 59045 59047 59048 59049 59055 59056 59059 59059 59060 59061 59061 59062 59065 59065 59065 59066 59066 59066 59067 59067 59068 59068 59071 59075 59077 59077 59079 59081 59082 59082 59082 59083 59084 59085 59085 59085 59086 59086 59087 59088 59088 59090 59091 59092 59092 59093 59095 59095 59095 59095 59096 59096 59099 59100 59100 59101 59101 59103 59105 59105 59106 59108 59108 59109 59109 59111 59111 59112 59112 59112 59112 59113 59114 59114 59115 59115 59116 59117 59119 59120 59124 59124 59126 59127 59127 59130 59131 59131 59132 59132 59133 59133 59137 59140 59140 59141 59143 59145 59146 59146 59147 59147 59147 59147 59148 59148 59150 59152 59152 59153 59153 59155 59156 59158 59158 59162 59162 59168 59169 59170 59172 59173 59174 59177 59183 59184 59185 59186 59186 59187 59189 59190 59191 59191 59192 59192 59193 59194 59196 59199 59199 59200 59201 59202 59202 59203 59204 59205 59205 59206 59208 59208 59210 59210 59211 59213 59213 59214 59214 59214 59215 59215 59216 59216 59216 59217 59218 59218 59223 59225 59228 59228 59229 59231 59232 59233 59233 59234 59234 59235 59235 59236 59236 59236 59237 59237 59237 59238 59238 59239 59239 59240 59240 59241 59242 59242 59242 59243 59244 59245 59246 59246 59247 59248 59248 59249 59249 59251 59251 59252 59253 59254 59255 59259 59262 59263 59263 59263 59264 59265 59265 59265 59266 59267 59270 59270 59272 59272 59273 59274 59275 59275 59276 59276 59277 59277 59277 59277 59280 59281 59284 59286 59289 59291 59292 59293 59293 59293 59293 59293 59294 59295 59295 59296 59296 59298 59299 59299 59300 59300 59301 59302 59303 59304 59304 59306 59306 59307 59307 59309 59310 59310 59311 59311 59311 59312 59312 59314 59315 59315 59315 59316 59318 59318 59319 59320 59321 59321 59326 59326 59327 59328 59330 59330 59331 59332 59336 59338 59338 59340 59340 59341 59342 59343 59344 59344 59346 59348 59351 59351 59352 59355 59357 59357 59359 59362 59363 59365 59365 59367 59368 59368 59373 59373 59376 59378 59378 59378 59379 59380 59381 59382 59382 59383 59384 59385 59386 59386 59386 59386 59387 59389 59389 59390 59391 59392 59393 59393 59394 59395 59400 59400 59401 59402 59402 59403 59403 59403 59404 59405 59406 59406 59407 59407 59407 59408 59408 59412 59413 59413 59416 59416 59417 59417 59419 59419 59420 59421 59422 59422 59423 59423 59424 59425 59426 59428 59428 59429 59430 59431 59432 59434 59434 59435 59436 59436 59437 59437 59437 59439 59439 59441 59441 59443 59443 59443 59443 59444 59445 59445 59446 59449 59450 59452 59453 59455 59455 59456 59457 59458 59460 59462 59462 59462 59463 59464 59464 59464 59465 59468 59469 59471 59471 59472 59473 59475 59476 59477 59478 59479 59480 59480 59482 59483 59483 59484 59484 59484 59486 59486 59487 59488 59488 59489 59491 59491 59491 59495 59496 59496 59500 59502 59502 59505 59506 59506 59508 59509 59510 59511 59512 59512 59513 59513 59514 59517 59518 59520 59520 59520 59521 59521 59523 59523 59524 59525 59526 59526 59526 59527 59529 59530 59530 59530 59535 59536 59536 59537 59538 59539 59543 59543 59547 59548 59549 59551 59551 59551 59553 59553 59554 59554 59554 59555 59558 59558 59558 59559 59560 59560 59560 59561 59564 59565 59567 59567 59568 59569 59571 59572 59572 59573 59574 59574 59575 59579 59579 59582 59582 59583 59584 59585 59585 59586 59586 59587 59588 59590 59593 59593 59594 59596 59596 59598 59600 59600 59600 59601 59601 59603 59613 59613 59615 59616 59618 59618 59619 59620 59620 59620 59622 59622 59623 59624 59625 59625 59625 59626 59627 59627 59628 59632 59635 59636 59636 59636 59636 59637 59639 59640 59645 59645 59645 59646 59646 59646 59647 59647 59648 59648 59649 59650 59650 59652 59653 59654 59655 59657 59657 59658 59658 59661 59663 59663 59663 59663 59664 59664 59664 59668 59669 59671 59672 59672 59672 59673 59674 59674 59677 59678 59680 59680 59682 59683 59685 59686 59686 59687 59687 59688 59689 59690 59690 59690 59691 59692 59694 59694 59696 59698 59700 59700 59701 59704 59706 59706 59708 59708 59712 59712 59712 59713 59713 59714 59716 59717 59717 59718 59719 59722 59723 59723 59724 59724 59724 59725 59729 59729 59729 59729 59730 59732 59732 59733 59733 59733 59736 59737 59737 59737 59738 59738 59739 59739 59739 59740 59742 59744 59744 59745 59747 59747 59747 59749 59749 59749 59749 59750 59751 59753 59754 59755 59755 59757 59757 59757 59758 59760 59761 59763 59763 59763 59763 59765 59766 59768 59769 59772 59774 59776 59776 59776 59777 59777 59778 59780 59781 59783 59785 59786 59786 59788 59790 59791 59792 59792 59793 59794 59796 59796 59797 59802 59803 59803 59805 59807 59808 59811 59813 59814 59815 59816 59816 59816 59816 59820 59821 59822 59824 59824 59825 59829 59830 59830 59830 59832 59832 59833 59835 59836 59836 59836 59840 59841 59843 59844 59845 59845 59848 59848 59849 59851 59851 59852 59853 59856 59856 59857 59859 59860 59862 59862 59863 59863 59864 59865 59865 59865 59867 59867 59867 59867 59871 59875 59876 59878 59878 59878 59881 59884 59885 59886 59886 59886 59890 59891 59892 59892 59893 59893 59895 59896 59896 59897 59900 59904 59904 59910 59911 59912 59912 59912 59913 59914 59914 59917 59919 59919 59920 59921 59921 59923 59925 59926 59928 59928 59932 59932 59932 59934 59937 59937 59938 59938 59939 59940 59942 59942 59942 59943 59944 59944 59944 59945 59946 59946 59947 59949 59952 59952 59952 59954 59954 59954 59955 59955 59956 59959 59959 59960 59961 59961 59961 59962 59963 59964 59964 59964 59964 59964 59965 59965 59965 59966 59967 59968 59969 59969 59971 59975 59975 59976 59976 59976 59979 59979 59980 59980 59981 59981 59984 59985 59985 59985 59987 59987 59990 59991 59994 59995 59997 59998 59998 60001 60001 60003 60003 60003 60004 60006 60007 60008 60008 60012 60017 60018 60019 60021 60021 60024 60024 60025 60025 60025 60026 60026 60026 60027 60028 60030 60031 60031 60032 60033 60035 60036 60037 60037 60038 60040 60041 60043 60044 60045 60045 60045 60046 60046 60047 60047 60047 60048 60048 60050 60052 60055 60055 60055 60056 60058 60059 60059 60060 60063 60065 60066 60067 60068 60068 60068 60069 60069 60070 60071 60072 60072 60072 60072 60073 60073 60075 60075 60075 60076 60078 60078 60081 60081 60083 60083 60085 60086 60086 60086 60087 60087 60088 60088 60089 60089 60089 60090 60090 60092 60094 60094 60094 60098 60098 60099 60100 60100 60102 60102 60103 60105 60105 60107 60108 60108 60109 60109 60109 60110 60111 60115 60115 60116 60118 60118 60118 60119 60121 60122 60123 60124 60125 60126 60126 60129 60131 60131 60133 60136 60137 60138 60138 60142 60142 60142 60143 60143 60143 60144 60146 60146 60147 60149 60149 60150 60154 60155 60155 60157 60158 60160 60160 60160 60160 60161 60164 60164 60165 60166 60167 60167 60170 60170 60171 60172 60173 60177 60178 60178 60178 60178 60180 60180 60181 60183 60184 60184 60184 60186 60186 60187 60187 60188 60189 60190 60190 60191 60192 60192 60196 60199 60199 60202 60202 60203 60206 60209 60210 60211 60211 60212 60214 60216 60217 60220 60220 60220 60220 60221 60221 60222 60222 60222 60222 60223 60223 60224 60226 60227 60227 60229 60230 60231 60232 60233 60235 60235 60236 60236 60237 60237 60239 60242 60242 60242 60242 60246 60246 60246 60246 60247 60249 60251 60252 60254 60259 60259 60259 60260 60260 60260 60260 60265 60266 60267 60268 60269 60270 60271 60271 60274 60275 60275 60276 60276 60278 60281 60283 60284 60284 60285 60285 60286 60287 60287 60287 60288 60290 60291 60292 60292 60292 60294 60296 60296 60296 60299 60300 60301 60301 60302 60304 60305 60305 60306 60306 60306 60307 60307 60309 60310 60310 60311 60312 60315 60318 60319 60319 60320 60320 60321 60321 60324 60324 60325 60325 60326 60327 60328 60328 60329 60329 60329 60330 60332 60332 60334 60335 60335 60336 60336 60339 60339 60340 60342 60342 60343 60346 60347 60347 60348 60348 60349 60350 60350 60351 60355 60356 60356 60357 60358 60358 60358 60359 60360 60360 60361 60363 60364 60364 60365 60367 60368 60369 60369 60370 60371 60373 60375 60375 60376 60377 60377 60377 60378 60378 60381 60383 60385 60385 60387 60387 60388 60389 60390 60390 60392 60393 60393 60393 60394 60395 60396 60397 60401 60402 60403 60404 60406 60409 60410 60412 60414 60416 60416 60417 60417 60418 60418 60418 60420 60421 60421 60421 60423 60423 60425 60425 60425 60426 60426 60428 60429 60429 60430 60430 60430 60430 60433 60434 60435 60437 60437 60446 60446 60451 60451 60452 60453 60453 60454 60455 60456 60458 60459 60460 60460 60462 60463 60463 60463 60466 60470 60470 60470 60470 60470 60471 60471 60472 60473 60475 60476 60477 60477 60480 60480 60482 60483 60483 60485 60485 60485 60486 60486 60486 60487 60487 60488 60491 60492 60492 60492 60493 60494 60495 60495 60497 60497 60497 60497 60503 60503 60505 60506 60506 60508 60509 60510 60511 60513 60514 60516 60517 60517 60518 60519 60522 60522 60524 60526 60526 60528 60528 60529 60529 60533 60537 60538 60538 60538 60539 60539 60541 60541 60544 60545 60547 60548 60548 60548 60551 60552 60552 60553 60553 60554 60554 60554 60556 60556 60557 60557 60558 60559 60559 60561 60562 60562 60562 60563 60565 60566 60568 60571 60572 60572 60576 60576 60578 60578 60581 60581 60582 60582 60586 60586 60587 60587 60587 60588 60589 60590 60592 60596 60596 60598 60598 60599 60600 60601 60602 60603 60606 60607 60607 60607 60608 60612 60612 60613 60613 60615 60616 60620 60621 60621 60624 60625 60625 60625 60628 60628 60630 60631 60631 60632 60633 60633 60634 60634 60636 60637 60637 60637 60640 60641 60641 60641 60641 60645 60646 60646 60649 60649 60650 60650 60651 60653 60653 60654 60654 60655 60656 60658 60660 60660 60661 60661 60666 60666 60668 60668 60668 60670 60675 60676 60676 60678 60679 60681 60684 60684 60685 60686 60687 60688 60689 60690 60690 60690 60692 60692 60692 60692 60692 60693 60693 60694 60695 60697 60698 60698 60698 60699 60704 60708 60708 60709 60710 60713 60713 60714 60715 60715 60716 60718 60718 60718 60719 60720 60720 60720 60720 60720 60722 60723 60724 60724 60724 60726 60727 60728 60731 60732 60732 60732 60733 60733 60733 60734 60736 60737 60739 60742 60743 60743 60744 60744 60745 60745 60746 60748 60749 60750 60750 60751 60752 60754 60754 60755 60757 60758 60759 60759 60759 60761 60762 60762 60762 60763 60763 60766 60769 60770 60770 60771 60771 60771 60771 60771 60776 60779 60780 60782 60783 60785 60789 60792 60793 60794 60795 60795 60795 60797 60797 60800 60802 60802 60804 60804 60805 60806 60806 60808 60811 60812 60812 60814 60814 60816 60818 60818 60821 60824 60825 60825 60828 60830 60831 60831 60832 60835 60835 60836 60836 60839 60841 60841 60843 60846 60849 60851 60851 60852 60853 60854 60856 60856 60857 60858 60858 60858 60860 60861 60861 60861 60862 60862 60864 60865 60865 60865 60866 60867 60867 60868 60868 60868 60868 60870 60872 60874 60875 60876 60877 60878 60879 60881 60881 60881 60881 60881 60884 60884 60884 60886 60886 60890 60892 60894 60894 60896 60896 60897 60897 60897 60897 60897 60898 60899 60899 60901 60901 60902 60903 60905 60907 60907 60907 60908 60908 60910 60910 60911 60912 60913 60915 60915 60915 60917 60918 60918 60919 60919 60920 60921 60921 60924 60925 60925 60926 60926 60926 60928 60929 60932 60933 60934 60934 60937 60937 60939 60940 60940 60941 60942 60943 60944 60945 60945 60948 60949 60950 60950 60950 60952 60953 60953 60958 60959 60959 60959 60960 60961 60962 60964 60964 60964 60966 60966 60967 60968 60969 60970 60971 60971 60975 60975 60975 60976 60976 60977 60977 60977 60977 60978 60979 60979 60980 60980 60981 60983 60983 60984 60984 60985 60985 60985 60986 60986 60988 60989 60989 60990 60991 60991 60992 60992 60993 60994 60994 60995 60995 60996 60996 60998 60999 61002 61004 61007 61007 61008 61009 61009 61010 61010 61011 61012 61012 61012 61012 61013 61013 61014 61015 61016 61016 61016 61018 61020 61020 61021 61022 61023 61024 61025 61025 61025 61026 61027 61027 61028 61029 61029 61030 61030 61031 61031 61031 61033 61033 61034 61035 61036 61036 61036 61037 61039 61040 61040 61041 61042 61043 61044 61046 61046 61047 61049 61049 61052 61053 61054 61055 61056 61057 61060 61061 61063 61064 61064 61066 61067 61068 61069 61070 61070 61071 61071 61073 61075 61075 61078 61078 61079 61079 61079 61080 61080 61083 61083 61084 61084 61085 61087 61087 61090 61091 61091 61092 61093 61094 61094 61096 61097 61098 61099 61100 61101 61101 61103 61103 61103 61103 61107 61109 61110 61110 61111 61111 61111 61112 61114 61115 61115 61115 61115 61116 61116 61117 61118 61118 61118 61118 61119 61120 61121 61122 61122 61123 61125 61125 61127 61127 61131 61132 61132 61132 61135 61136 61137 61139 61140 61141 61141 61142 61142 61146 61151 61152 61153 61155 61155 61158 61158 61158 61160 61162 61163 61163 61164 61164 61164 61166 61167 61168 61168 61169 61169 61170 61171 61172 61172 61172 61172 61173 61173 61174 61174 61176 61177 61178 61179 61181 61182 61182 61185 61187 61187 61187 61191 61191 61192 61193 61193 61195 61195 61197 61200 61200 61204 61205 61209 61209 61209 61211 61211 61212 61212 61214 61215 61216 61217 61217 61217 61218 61218 61221 61221 61221 61223 61225 61225 61226 61227 61232 61232 61234 61235 61240 61240 61241 61246 61246 61246 61247 61248 61249 61250 61251 61253 61255 61256 61259 61260 61262 61268 61269 61270 61271 61271 61271 61271 61272 61272 61273 61274 61275 61276 61277 61279 61281 61284 61284 61285 61286 61287 61287 61288 61289 61289 61290 61290 61290 61291 61292 61293 61295 61295 61295 61295 61296 61296 61296 61299 61300 61300 61302 61303 61303 61303 61307 61309 61309 61311 61312 61315 61315 61316 61317 61319 61319 61324 61325 61328 61329 61331 61331 61332 61332 61333 61333 61333 61336 61336 61340 61341 61342 61344 61345 61346 61346 61349 61349 61352 61353 61353 61353 61354 61355 61356 61357 61357 61358 61359 61361 61363 61364 61364 61365 61368 61368 61370 61370 61371 61372 61373 61374 61375 61375 61377 61377 61377 61378 61380 61381 61383 61384 61384 61384 61385 61385 61385 61387 61388 61389 61390 61391 61391 61392 61394 61394 61397 61397 61398 61399 61399 61401 61402 61402 61404 61405 61407 61409 61411 61411 61412 61413 61413 61414 61417 61417 61423 61423 61423 61426 61427 61428 61429 61429 61431 61434 61434 61435 61435 61437 61439 61439 61440 61441 61442 61444 61447 61449 61450 61450 61452 61453 61454 61454 61455 61455 61457 61457 61458 61460 61461 61462 61462 61462 61463 61464 61464 61466 61467 61467 61468 61468 61468 61468 61469 61469 61470 61472 61474 61474 61475 61475 61476 61476 61478 61478 61478 61479 61482 61484 61487 61488 61489 61490 61491 61493 61493 61496 61496 61496 61497 61499 61501 61502 61503 61506 61507 61507 61510 61511 61511 61511 61511 61512 61512 61514 61514 61515 61515 61516 61519 61520 61522 61523 61527 61527 61527 61528 61528 61528 61530 61530 61532 61533 61534 61534 61535 61536 61536 61537 61538 61538 61541 61542 61543 61544 61547 61547 61548 61550 61551 61553 61554 61556 61558 61559 61560 61562 61562 61562 61562 61562 61563 61563 61563 61564 61566 61566 61566 61566 61566 61567 61568 61569 61569 61569 61569 61571 61572 61574 61576 61576 61576 61577 61577 61577 61577 61579 61580 61581 61582 61583 61583 61584 61584 61584 61585 61585 61586 61586 61591 61594 61595 61598 61598 61599 61600 61601 61602 61604 61605 61606 61608 61609 61609 61610 61610 61611 61612 61612 61613 61614 61615 61616 61616 61617 61618 61622 61622 61622 61623 61623 61624 61624 61626 61626 61626 61627 61628 61628 61631 61634 61634 61635 61635 61636 61638 61641 61642 61644 61644 61645 61646 61646 61647 61649 61649 61650 61652 61652 61653 61654 61654 61656 61657 61658 61659 61659 61660 61660 61660 61661 61662 61664 61665 61666 61666 61667 61668 61669 61670 61670 61671 61671 61672 61672 61674 61674 61676 61676 61677 61677 61679 61681 61681 61682 61682 61682 61682 61683 61683 61683 61685 61685 61686 61687 61688 61689 61689 61690 61691 61692 61692 61693 61695 61696 61701 61702 61703 61703 61705 61705 61706 61707 61708 61712 61713 61713 61715 61715 61715 61715 61715 61716 61717 61722 61722 61722 61723 61724 61724 61725 61726 61727 61728 61729 61729 61730 61732 61732 61733 61735 61738 61739 61739 61743 61743 61743 61744 61744 61744 61745 61745 61746 61748 61748 61749 61749 61749 61749 61753 61754 61756 61757 61757 61760 61761 61762 61769 61771 61772 61773 61773 61776 61779 61781 61782 61782 61784 61786 61787 61789 61791 61794 61794 61795 61795 61795 61797 61798 61798 61798 61799 61799 61800 61800 61801 61802 61804 61804 61806 61807 61808 61808 61809 61809 61812 61812 61814 61815 61816 61816 61817 61817 61819 61820 61822 61823 61826 61826 61826 61829 61830 61833 61834 61835 61835 61841 61841 61843 61844 61845 61846 61846 61850 61850 61851 61852 61852 61853 61854 61861 61861 61861 61863 61863 61864 61864 61865 61866 61870 61870 61870 61870 61870 61871 61872 61872 61873 61873 61873 61873 61874 61875 61877 61877 61878 61878 61878 61879 61880 61880 61881 61882 61884 61887 61887 61889 61889 61889 61891 61891 61894 61898 61900 61901 61902 61902 61902 61903 61904 61905 61905 61906 61906 61907 61910 61912 61913 61913 61914 61914 61915 61915 61916 61917 61918 61918 61918 61919 61919 61920 61920 61925 61928 61928 61928 61929 61929 61929 61930 61930 61930 61930 61930 61931 61932 61932 61935 61936 61937 61937 61938 61938 61941 61941 61942 61944 61948 61948 61949 61949 61949 61949 61949 61953 61953 61953 61954 61954 61955 61956 61957 61958 61959 61960 61962 61962 61963 61964 61964 61964 61967 61968 61969 61970 61971 61971 61972 61972 61972 61975 61975 61977 61978 61978 61979 61980 61980 61980 61980 61981 61981 61985 61986 61986 61987 61988 61988 61991 61992 61994 61995 61996 61998 61999 62000 62003 62003 62005 62006 62007 62008 62008 62012 62015 62015 62015 62016 62022 62023 62023 62028 62032 62033 62034 62034 62035 62035 62036 62036 62036 62037 62037 62038 62038 62040 62040 62042 62042 62043 62044 62044 62045 62045 62047 62047 62048 62048 62050 62051 62051 62051 62052 62054 62054 62057 62058 62059 62061 62062 62063 62063 62065 62066 62067 62067 62070 62070 62071 62072 62072 62072 62074 62075 62075 62076 62079 62081 62084 62086 62087 62087 62088 62090 62091 62092 62093 62093 62094 62094 62096 62097 62097 62098 62101 62102 62102 62103 62105 62105 62106 62106 62106 62106 62107 62109 62109 62110 62111 62111 62112 62118 62119 62121 62122 62122 62123 62123 62125 62126 62126 62127 62127 62130 62134 62134 62136 62136 62137 62139 62139 62140 62142 62144 62145 62145 62145 62147 62148 62148 62148 62149 62151 62152 62154 62156 62156 62157 62158 62158 62159 62160 62161 62162 62163 62164 62164 62167 62167 62167 62169 62170 62170 62171 62172 62172 62174 62175 62176 62177 62178 62179 62181 62181 62183 62186 62186 62186 62187 62188 62188 62189 62190 62191 62192 62193 62194 62195 62196 62197 62197 62198 62199 62201 62203 62204 62207 62207 62208 62209 62213 62213 62217 62219 62222 62223 62223 62224 62224 62225 62225 62226 62228 62228 62229 62230 62232 62232 62232 62233 62234 62234 62235 62235 62238 62239 62240 62240 62240 62241 62242 62243 62244 62244 62244 62245 62246 62246 62250 62251 62251 62251 62252 62253 62254 62257 62257 62258 62258 62260 62260 62262 62262 62262 62263 62264 62265 62265 62266 62269 62271 62271 62272 62272 62274 62274 62274 62274 62275 62276 62276 62278 62281 62281 62282 62284 62284 62287 62287 62288 62290 62290 62291 62293 62294 62294 62294 62294 62295 62295 62296 62296 62298 62299 62300 62303 62304 62304 62305 62307 62309 62309 62310 62311 62312 62315 62316 62316 62317 62317 62318 62320 62321 62323 62324 62327 62328 62328 62329 62330 62331 62332 62332 62332 62333 62333 62334 62334 62338 62341 62342 62344 62345 62346 62347 62348 62351 62353 62353 62353 62353 62356 62357 62358 62360 62361 62362 62362 62362 62366 62367 62370 62370 62373 62373 62376 62377 62378 62378 62379 62380 62380 62380 62380 62381 62381 62381 62383 62384 62384 62387 62388 62388 62389 62390 62391 62393 62395 62395 62396 62396 62397 62398 62398 62399 62402 62404 62405 62406 62407 62407 62410 62411 62412 62412 62415 62416 62416 62416 62416 62417 62417 62417 62418 62418 62422 62425 62425 62425 62425 62426 62433 62437 62437 62439 62439 62440 62443 62444 62444 62444 62444 62446 62447 62447 62448 62448 62448 62450 62450 62450 62452 62454 62456 62456 62457 62458 62458 62459 62462 62463 62463 62464 62464 62465 62465 62465 62465 62466 62468 62468 62469 62470 62473 62474 62474 62474 62475 62478 62480 62481 62481 62481 62481 62482 62482 62484 62484 62485 62485 62486 62486 62487 62487 62487 62488 62488 62490 62491 62492 62493 62496 62497 62498 62499 62499 62500 62501 62501 62503 62505 62505 62505 62506 62506 62507 62509 62510 62511 62513 62513 62513 62514 62516 62516 62517 62517 62521 62523 62525 62526 62528 62529 62530 62532 62532 62533 62537 62538 62538 62539 62539 62540 62541 62543 62545 62546 62546 62548 62549 62552 62554 62555 62556 62557 62559 62559 62561 62562 62565 62566 62567 62567 62568 62569 62570 62571 62572 62573 62573 62573 62573 62574 62578 62581 62582 62583 62585 62586 62587 62587 62587 62590 62590 62590 62595 62595 62595 62595 62596 62599 62601 62601 62603 62604 62604 62604 62604 62605 62606 62606 62607 62607 62608 62609 62610 62610 62610 62612 62614 62614 62615 62615 62617 62619 62619 62620 62621 62621 62622 62623 62624 62624 62624 62625 62625 62628 62630 62630 62631 62631 62632 62636 62638 62638 62640 62640 62643 62644 62645 62646 62646 62647 62647 62647 62648 62648 62648 62651 62653 62656 62658 62658 62659 62660 62663 62663 62665 62666 62667 62667 62668 62669 62670 62672 62673 62674 62674 62676 62676 62678 62679 62681 62681 62681 62682 62685 62686 62687 62688 62688 62691 62691 62693 62693 62694 62696 62698 62698 62698 62698 62699 62700 62701 62701 62702 62703 62703 62706 62706 62706 62707 62708 62709 62711 62713 62714 62714 62716 62716 62717 62717 62718 62720 62722 62728 62729 62730 62731 62731 62733 62735 62735 62736 62736 62740 62742 62744 62744 62744 62744 62746 62746 62746 62747 62747 62747 62748 62749 62751 62751 62752 62753 62754 62754 62754 62755 62757 62757 62757 62757 62758 62758 62760 62761 62762 62762 62762 62766 62766 62767 62767 62768 62768 62770 62770 62770 62771 62772 62774 62776 62777 62778 62779 62779 62780 62783 62786 62788 62789 62791 62791 62792 62792 62793 62795 62796 62796 62798 62798 62806 62806 62806 62807 62808 62812 62812 62813 62813 62814 62814 62818 62818 62818 62819 62819 62820 62820 62820 62820 62823 62823 62825 62826 62827 62827 62827 62827 62830 62831 62831 62832 62834 62834 62834 62835 62835 62836 62838 62839 62839 62839 62840 62841 62842 62845 62847 62848 62850 62851 62852 62853 62853 62853 62855 62855 62857 62858 62865 62866 62867 62867 62867 62868 62869 62870 62871 62871 62875 62877 62877 62878 62879 62879 62880 62880 62883 62883 62885 62885 62886 62888 62888 62889 62890 62891 62892 62894 62895 62896 62898 62898 62899 62899 62899 62900 62903 62903 62904 62906 62907 62907 62907 62909 62909 62909 62909 62910 62915 62919 62920 62921 62922 62923 62924 62926 62926 62927 62928 62928 62928 62928 62929 62930 62931 62933 62934 62934 62935 62937 62938 62941 62941 62941 62941 62941 62943 62943 62944 62946 62946 62947 62947 62948 62951 62951 62951 62952 62953 62954 62954 62955 62956 62956 62956 62958 62958 62960 62960 62961 62961 62961 62962 62963 62964 62965 62966 62967 62967 62968 62969 62969 62972 62974 62974 62975 62980 62981 62983 62985 62985 62985 62985 62987 62988 62989 62989 62989 62989 62990 62991 62992 62992 62993 62994 62997 62997 62997 62997 63000 63001 63002 63002 63007 63007 63007 63008 63008 63009 63010 63010 63011 63011 63013 63013 63015 63015 63016 63017 63018 63019 63020 63021 63022 63024 63026 63026 63029 63030 63034 63035 63037 63038 63038 63038 63040 63040 63040 63041 63042 63042 63043 63044 63046 63047 63049 63049 63049 63051 63052 63053 63054 63054 63054 63055 63056 63057 63058 63059 63060 63061 63061 63062 63063 63064 63065 63065 63069 63071 63071 63072 63073 63073 63075 63076 63077 63077 63078 63079 63080 63081 63081 63081 63081 63082 63082 63082 63083 63083 63084 63085 63087 63088 63089 63089 63090 63095 63097 63097 63099 63100 63100 63100 63101 63101 63103 63103 63104 63104 63105 63105 63105 63105 63106 63107 63107 63108 63108 63108 63108 63109 63109 63111 63112 63113 63113 63114 63117 63122 63123 63124 63124 63125 63125 63126 63126 63127 63129 63130 63132 63136 63137 63137 63137 63137 63137 63138 63139 63141 63141 63141 63144 63145 63146 63147 63148 63150 63150 63154 63154 63154 63154 63154 63156 63157 63157 63158 63159 63159 63160 63161 63162 63162 63162 63167 63167 63168 63168 63170 63170 63171 63173 63173 63174 63175 63177 63177 63177 63179 63179 63179 63179 63180 63181 63182 63182 63182 63186 63186 63186 63188 63188 63190 63193 63193 63193 63194 63194 63194 63198 63200 63200 63201 63201 63201 63201 63202 63205 63206 63206 63206 63207 63207 63208 63210 63210 63210 63211 63211 63212 63214 63216 63217 63219 63221 63222 63223 63223 63224 63224 63225 63225 63228 63229 63229 63229 63233 63236 63236 63236 63237 63237 63238 63238 63238 63239 63241 63241 63242 63244 63244 63248 63248 63250 63250 63251 63251 63251 63251 63251 63253 63254 63254 63254 63255 63258 63259 63260 63261 63262 63268 63268 63269 63271 63273 63276 63276 63277 63279 63280 63280 63282 63282 63283 63284 63284 63285 63285 63286 63287 63288 63288 63288 63289 63291 63296 63296 63297 63300 63300 63300 63301 63302 63303 63304 63305 63305 63308 63308 63310 63311 63311 63312 63313 63314 63316 63318 63318 63322 63322 63323 63325 63326 63327 63327 63328 63329 63332 63333 63337 63337 63338 63339 63340 63340 63341 63341 63342 63343 63344 63347 63347 63349 63349 63350 63350 63350 63350 63355 63355 63356 63356 63356 63356 63357 63360 63360 63361 63362 63362 63363 63363 63364 63364 63366 63367 63367 63369 63369 63369 63371 63372 63373 63374 63375 63377 63379 63380 63382 63383 63384 63385 63385 63385 63386 63387 63392 63395 63396 63402 63405 63406 63406 63407 63407 63408 63408 63408 63409 63409 63410 63412 63413 63413 63413 63414 63416 63417 63417 63418 63421 63421 63422 63423 63424 63427 63429 63431 63431 63432 63434 63434 63435 63435 63436 63437 63438 63438 63439 63440 63441 63443 63446 63446 63447 63448 63449 63449 63449 63451 63452 63457 63457 63457 63458 63461 63462 63462 63462 63463 63466 63470 63470 63471 63471 63473 63473 63473 63475 63476 63477 63477 63478 63479 63480 63481 63481 63485 63486 63487 63487 63490 63491 63491 63492 63492 63492 63493 63493 63494 63495 63496 63498 63500 63500 63500 63501 63502 63502 63503 63503 63503 63507 63507 63508 63509 63511 63512 63513 63514 63515 63515 63515 63516 63517 63517 63520 63520 63522 63524 63524 63526 63526 63526 63526 63527 63529 63529 63531 63532 63532 63532 63535 63535 63537 63539 63539 63539 63540 63540 63541 63542 63542 63542 63544 63544 63544 63545 63546 63546 63546 63550 63550 63552 63552 63552 63553 63553 63554 63557 63557 63557 63557 63558 63558 63560 63560 63561 63562 63562 63562 63563 63564 63568 63569 63571 63571 63574 63574 63575 63578 63579 63579 63581 63582 63582 63582 63583 63583 63584 63584 63584 63586 63586 63586 63587 63588 63589 63589 63591 63591 63594 63594 63595 63596 63601 63605 63605 63605 63605 63606 63607 63611 63611 63612 63612 63613 63613 63615 63615 63616 63616 63617 63618 63619 63623 63624 63624 63624 63626 63628 63628 63628 63629 63629 63630 63632 63632 63634 63634 63635 63637 63637 63637 63638 63638 63643 63649 63652 63655 63655 63657 63658 63662 63662 63663 63664 63664 63665 63666 63668 63669 63672 63677 63678 63679 63680 63680 63682 63682 63683 63684 63684 63684 63686 63687 63687 63688 63688 63691 63691 63694 63695 63696 63696 63697 63697 63699 63700 63701 63701 63702 63704 63705 63705 63705 63706 63709 63711 63711 63711 63712 63712 63712 63714 63714 63715 63716 63720 63721 63721 63724 63725 63726 63727 63727 63730 63731 63732 63733 63733 63735 63740 63740 63740 63740 63740 63742 63742 63742 63744 63747 63748 63748 63751 63753 63753 63755 63757 63758 63759 63761 63761 63762 63762 63763 63763 63763 63763 63764 63764 63764 63766 63768 63769 63770 63770 63775 63776 63776 63776 63776 63777 63778 63779 63780 63780 63780 63782 63783 63783 63784 63785 63787 63789 63790 63792 63792 63792 63793 63793 63796 63796 63797 63797 63800 63801 63801 63801 63802 63803 63804 63805 63805 63806 63807 63807 63807 63808 63809 63810 63810 63810 63810 63812 63812 63813 63814 63816 63816 63817 63818 63818 63819 63820 63822 63822 63822 63823 63826 63827 63827 63829 63833 63834 63835 63838 63839 63839 63840 63840 63842 63842 63842 63843 63843 63844 63844 63844 63844 63847 63847 63848 63851 63851 63851 63852 63855 63856 63856 63857 63859 63862 63862 63862 63862 63863 63863 63865 63865 63865 63867 63868 63871 63871 63871 63871 63873 63874 63875 63875 63875 63877 63880 63882 63884 63891 63891 63894 63895 63895 63896 63896 63900 63903 63903 63904 63907 63908 63908 63908 63908 63909 63910 63911 63912 63914 63916 63919 63919 63919 63920 63920 63921 63922 63922 63926 63927 63928 63929 63929 63930 63930 63931 63931 63931 63931 63931 63932 63933 63935 63936 63938 63938 63939 63940 63940 63942 63942 63943 63943 63945 63946 63946 63948 63948 63949 63949 63950 63951 63951 63955 63956 63957 63958 63958 63959 63960 63961 63962 63962 63962 63964 63966 63968 63972 63975 63977 63977 63978 63979 63981 63982 63983 63984 63986 63986 63989 63989 63990 63992 63994 63994 63996 63997 63997 63997 63998 63998 63999 63999 64001 64003 64006 64007 64009 64010 64011 64012 64014 64015 64015 64017 64019 64023 64024 64026 64026 64026 64028 64028 64028 64028 64028 64029 64029 64030 64033 64033 64033 64033 64035 64036 64037 64039 64039 64040 64041 64042 64043 64044 64045 64046 64047 64048 64051 64053 64054 64055 64056 64056 64057 64059 64059 64059 64060 64060 64061 64061 64062 64062 64063 64065 64067 64068 64069 64070 64071 64072 64074 64074 64077 64078 64079 64081 64082 64082 64082 64083 64084 64086 64086 64086 64088 64088 64088 64089 64090 64090 64091 64091 64092 64093 64097 64098 64101 64101 64102 64103 64107 64107 64110 64110 64111 64111 64112 64113 64114 64114 64115 64115 64115 64116 64118 64118 64120 64121 64121 64121 64122 64122 64122 64122 64123 64123 64124 64125 64129 64130 64131 64132 64132 64135 64136 64137 64137 64138 64140 64140 64143 64146 64149 64154 64154 64160 64161 64161 64162 64162 64164 64165 64165 64165 64167 64172 64172 64174 64174 64175 64175 64177 64177 64178 64178 64179 64180 64180 64181 64181 64182 64183 64183 64185 64186 64187 64188 64189 64190 64191 64192 64193 64193 64194 64196 64200 64202 64203 64206 64207 64207 64208 64209 64214 64215 64217 64217 64218 64219 64221 64221 64222 64222 64223 64223 64224 64225 64225 64228 64228 64229 64231 64232 64235 64237 64238 64239 64239 64239 64240 64243 64246 64249 64250 64251 64254 64254 64254 64255 64256 64256 64257 64259 64259 64261 64261 64263 64264 64266 64266 64267 64268 64269 64270 64272 64272 64276 64276 64276 64277 64278 64279 64280 64282 64284 64286 64288 64288 64289 64289 64291 64291 64291 64291 64294 64294 64294 64297 64299 64300 64300 64300 64301 64302 64302 64303 64303 64303 64303 64305 64307 64309 64310 64312 64312 64313 64313 64315 64316 64316 64321 64321 64321 64323 64323 64324 64325 64326 64326 64328 64329 64330 64333 64333 64334 64334 64335 64336 64336 64336 64336 64338 64339 64342 64343 64345 64346 64351 64352 64353 64353 64353 64354 64354 64355 64356 64356 64356 64357 64360 64364 64365 64366 64368 64368 64369 64370 64371 64372 64374 64378 64381 64382 64383 64384 64384 64385 64386 64386 64387 64388 64388 64389 64389 64391 64392 64393 64393 64393 64394 64394 64395 64396 64397 64398 64402 64403 64404 64404 64404 64404 64405 64406 64407 64409 64410 64410 64411 64412 64413 64415 64415 64417 64418 64418 64419 64419 64420 64420 64422 64425 64425 64425 64425 64425 64427 64427 64428 64428 64428 64429 64429 64430 64430 64432 64432 64432 64433 64434 64435 64435 64436 64436 64438 64438 64440 64440 64441 64442 64444 64447 64447 64450 64452 64452 64454 64454 64455 64455 64457 64458 64459 64460 64461 64461 64462 64462 64464 64464 64466 64466 64469 64469 64469 64470 64470 64470 64471 64474 64475 64475 64476 64479 64479 64480 64480 64480 64480 64480 64484 64485 64487 64489 64490 64492 64492 64493 64493 64493 64494 64495 64496 64496 64496 64496 64497 64497 64499 64499 64501 64502 64503 64503 64508 64508 64509 64510 64511 64514 64515 64516 64516 64518 64518 64519 64519 64520 64521 64523 64524 64524 64528 64528 64530 64530 64531 64532 64532 64534 64534 64536 64538 64538 64539 64541 64543 64544 64544 64545 64545 64545 64546 64546 64547 64547 64548 64548 64550 64550 64551 64551 64553 64554 64555 64555 64557 64558 64558 64559 64561 64562 64563 64564 64565 64565 64567 64567 64570 64571 64572 64574 64575 64575 64577 64579 64580 64580 64581 64582 64583 64585 64587 64589 64590 64591 64592 64593 64594 64597 64599 64599 64599 64602 64602 64604 64604 64609 64610 64610 64610 64611 64614 64614 64614 64614 64615 64616 64616 64616 64617 64618 64618 64618 64619 64620 64624 64624 64625 64628 64630 64630 64630 64633 64633 64635 64635 64635 64636 64637 64641 64641 64643 64644 64644 64645 64648 64648 64650 64651 64655 64655 64656 64657 64659 64661 64661 64663 64664 64664 64664 64665 64665 64665 64665 64666 64667 64667 64668 64668 64669 64669 64671 64672 64673 64674 64675 64676 64678 64679 64679 64679 64679 64679 64680 64681 64681 64683 64683 64685 64688 64690 64691 64691 64692 64693 64695 64696 64700 64703 64705 64705 64706 64706 64706 64707 64707 64708 64709 64709 64710 64711 64714 64716 64716 64716 64717 64717 64718 64719 64722 64722 64722 64723 64724 64725 64725 64726 64726 64728 64728 64730 64731 64732 64733 64735 64735 64735 64735 64736 64736 64738 64738 64739 64741 64742 64746 64747 64747 64749 64750 64752 64752 64752 64753 64753 64754 64754 64755 64755 64756 64757 64757 64758 64758 64759 64759 64760 64760 64761 64761 64763 64763 64765 64766 64767 64768 64773 64774 64775 64776 64778 64779 64779 64783 64784 64784 64785 64785 64785 64785 64787 64788 64789 64790 64791 64792 64792 64792 64793 64795 64796 64797 64798 64799 64799 64804 64805 64805 64806 64807 64808 64809 64810 64812 64812 64813 64813 64816 64817 64819 64821 64822 64822 64822 64825 64826 64826 64827 64829 64830 64830 64831 64832 64832 64834 64834 64836 64836 64837 64839 64841 64842 64842 64842 64843 64843 64843 64844 64846 64850 64850 64855 64856 64856 64857 64859 64859 64863 64865 64865 64865 64866 64868 64869 64869 64872 64872 64873 64873 64873 64873 64875 64876 64876 64877 64877 64879 64880 64880 64881 64881 64883 64884 64886 64886 64887 64888 64888 64889 64889 64889 64891 64893 64895 64895 64895 64895 64896 64896 64896 64896 64896 64897 64897 64898 64901 64902 64903 64904 64905 64905 64905 64908 64908 64908 64911 64911 64912 64914 64917 64918 64919 64922 64922 64923 64924 64926 64930 64932 64933 64936 64939 64940 64941 64942 64943 64943 64949 64949 64950 64950 64950 64951 64951 64952 64952 64955 64956 64957 64957 64958 64960 64961 64962 64962 64963 64965 64965 64967 64968 64968 64968 64969 64969 64970 64971 64972 64973 64975 64976 64976 64977 64980 64980 64982 64982 64984 64984 64985 64985 64985 64989 64991 64991 64992 64993 64995 64996 64997 64998 64999 65000 65001 65001 65001 65003 65003 65004 65005 65006 65008 65010 65010 65012 65013 65016 65019 65022 65023 65023 65026 65026 65026 65028 65029 65030 65030 65032 65034 65035 65036 65036 65038 65040 65040 65041 65041 65041 65045 65045 65047 65048 65049 65049 65050 65050 65051 65051 65052 65052 65055 65056 65056 65056 65056 65056 65058 65058 65060 65060 65060 65062 65062 65062 65062 65062 65063 65063 65063 65064 65065 65065 65065 65067 65067 65069 65069 65069 65070 65071 65073 65074 65075 65075 65076 65076 65077 65078 65079 65080 65085 65086 65086 65088 65089 65090 65090 65091 65091 65092 65092 65092 65092 65098 65099 65099 65100 65100 65101 65102 65103 65103 65103 65105 65107 65109 65110 65110 65111 65112 65114 65115 65115 65117 65118 65120 65120 65120 65120 65122 65123 65123 65125 65125 65127 65128 65129 65129 65131 65133 65133 65136 65136 65137 65138 65139 65140 65141 65143 65144 65144 65145 65145 65147 65147 65148 65149 65149 65149 65150 65151 65152 65153 65153 65153 65153 65155 65156 65157 65160 65161 65165 65166 65167 65167 65167 65169 65171 65171 65172 65173 65174 65174 65175 65175 65175 65180 65180 65181 65184 65184 65188 65189 65192 65193 65193 65193 65196 65196 65198 65199 65200 65202 65203 65206 65206 65208 65210 65210 65211 65212 65212 65213 65213 65213 65213 65214 65215 65215 65218 65218 65218 65219 65219 65220 65221 65221 65221 65222 65224 65225 65225 65226 65226 65229 65230 65230 65231 65232 65233 65233 65235 65236 65236 65236 65238 65238 65238 65241 65242 65243 65244 65244 65244 65245 65246 65247 65248 65251 65254 65255 65255 65256 65257 65260 65261 65261 65263 65264 65265 65265 65266 65268 65269 65270 65272 65273 65274 65277 65277 65280 65281 65281 65282 65282 65284 65285 65286 65287 65288 65289 65291 65292 65294 65295 65297 65298 65299 65299 65304 65305 65305 65306 65306 65307 65307 65308 65308 65309 65309 65310 65310 65311 65311 65312 65312 65312 65312 65313 65315 65316 65317 65319 65319 65319 65319 65322 65325 65326 65326 65327 65328 65331 65332 65334 65336 65338 65344 65346 65346 65348 65349 65350 65351 65351 65352 65352 65353 65353 65354 65358 65359 65359 65360 65360 65363 65366 65366 65366 65368 65368 65372 65373 65373 65373 65373 65374 65375 65376 65376 65378 65378 65379 65379 65379 65379 65379 65380 65380 65381 65381 65382 65384 65384 65386 65386 65387 65388 65388 65390 65392 65392 65393 65395 65395 65396 65397 65398 65398 65398 65398 65399 65400 65400 65401 65401 65402 65404 65405 65405 65405 65409 65410 65413 65414 65415 65416 65416 65417 65418 65418 65418 65419 65421 65423 65425 65429 65429 65430 65431 65432 65432 65433 65433 65434 65434 65439 65440 65444 65444 65444 65444 65445 65446 65446 65447 65448 65449 65449 65451 65451 65451 65453 65454 65454 65455 65458 65458 65458 65459 65459 65462 65464 65466 65466 65466 65467 65467 65467 65468 65471 65471 65472 65472 65473 65474 65475 65475 65478 65478 65479 65480 65482 65482 65483 65483 65484 65484 65487 65489 65489 65490 65492 65493 65493 65493 65493 65494 65494 65496 65498 65499 65499 65500 65501 65501 65502 65507 65508 65510 65510 65510 65511 65512 65512 65512 65513 65514 65515 65515 65515 65515 65517 65519 65519 65519 65520 65521 65522 65525 65525 65526 65527 65528 65528 65532 65532 65532 65533 65534 65536 65536 65537 65537 65541 65541 65541 65542 65542 65544 65546 65547 65547 65548 65550 65550 65554 65555 65558 65558 65559 65560 65560 65560 65560 65561 65561 65562 65564 65564 65566 65566 65566 65567 65567 65567 65568 65569 65570 65571 65573 65573 65573 65576 65576 65578 65578 65579 65579 65580 65581 65582 65582 65583 65585 65586 65588 65590 65591 65591 65593 65593 65593 65594 65594 65595 65595 65598 65598 65599 65600 65600 65602 65604 65605 65608 65609 65610 65613 65614 65615 65615 65615 65616 65616 65616 65617 65617 65617 65620 65620 65620 65620 65625 65629 65629 65629 65630 65630 65631 65635 65635 65635 65636 65637 65637 65638 65639 65640 65640 65642 65642 65643 65644 65648 65648 65648 65650 65650 65653 65653 65653 65655 65656 65656 65657 65657 65658 65658 65659 65659 65662 65662 65662 65663 65664 65666 65667 65667 65668 65668 65670 65672 65673 65674 65675 65676 65677 65678 65679 65680 65682 65682 65684 65684 65684 65684 65685 65686 65687 65689 65690 65690 65691 65694 65697 65697 65700 65702 65703 65704 65704 65704 65705 65705 65706 65706 65707 65711 65714 65715 65715 65716 65717 65718 65718 65718 65719 65719 65719 65720 65722 65722 65722 65724 65725 65725 65726 65727 65728 65728 65729 65731 65733 65733 65735 65737 65738 65738 65741 65742 65743 65743 65745 65746 65746 65746 65747 65747 65747 65748 65748 65749 65750 65750 65750 65751 65754 65754 65754 65755 65755 65756 65758 65760 65761 65761 65762 65762 65763 65763 65764 65765 65766 65767 65767 65768 65770 65770 65770 65770 65773 65774 65774 65775 65775 65776 65777 65777 65779 65780 65781 65782 65783 65783 65783 65784 65785 65785 65789 65789 65790 65790 65791 65792 65793 65793 65796 65796 65797 65797 65797 65799 65799 65805 65806 65807 65808 65809 65812 65812 65812 65813 65814 65814 65815 65816 65818 65819 65823 65823 65824 65825 65828 65828 65829 65831 65831 65832 65833 65834 65834 65834 65834 65835 65835 65836 65837 65837 65838 65839 65839 65841 65841 65843 65845 65846 65847 65848 65852 65855 65855 65855 65858 65858 65859 65862 65864 65864 65864 65865 65866 65867 65867 65867 65868 65869 65870 65870 65871 65871 65872 65872 65873 65873 65873 65874 65875 65877 65879 65880 65882 65883 65884 65886 65886 65886 65886 65887 65887 65888 65888 65890 65890 65890 65891 65891 65894 65895 65896 65899 65900 65902 65903 65903 65903 65904 65904 65905 65906 65907 65908 65909 65910 65911 65912 65914 65914 65915 65915 65916 65918 65919 65919 65920 65923 65924 65926 65926 65927 65927 65928 65929 65930 65930 65932 65932 65933 65934 65935 65935 65935 65935 65936 65937 65937 65937 65938 65938 65939 65939 65941 65942 65942 65942 65943 65944 65945 65945 65946 65946 65947 65947 65949 65950 65951 65953 65955 65956 65956 65957 65957 65958 65959 65959 65960 65960 65960 65961 65961 65962 65963 65965 65968 65969 65969 65971 65972 65972 65973 65976 65980 65981 65983 65983 65984 65985 65987 65988 65988 65990 65992 65993 65993 65993 65993 65994 65997 65998 65998 66000 66001 66004 66005 66006 66006 66007 66007 66009 66009 66010 66011 66011 66013 66014 66016 66016 66017 66018 66018 66020 66023 66023 66024 66024 66025 66026 66027 66030 66031 66031 66032 66033 66033 66033 66033 66034 66035 66036 66036 66038 66041 66043 66044 66044 66044 66045 66046 66048 66049 66049 66055 66056 66057 66060 66062 66064 66065 66066 66066 66067 66069 66072 66072 66075 66076 66076 66076 66076 66076 66076 66077 66079 66079 66079 66081 66084 66084 66085 66086 66087 66089 66090 66090 66090 66094 66094 66095 66096 66097 66097 66098 66099 66099 66100 66101 66101 66102 66104 66104 66105 66108 66109 66109 66110 66111 66112 66113 66114 66115 66115 66118 66119 66122 66123 66124 66126 66126 66127 66127 66128 66130 66130 66131 66132 66133 66134 66136 66136 66136 66139 66139 66140 66140 66141 66142 66142 66143 66145 66145 66145 66147 66150 66151 66151 66152 66152 66152 66152 66153 66153 66153 66153 66153 66154 66158 66158 66158 66159 66160 66160 66161 66164 66165 66165 66168 66168 66170 66171 66171 66171 66171 66175 66175 66176 66176 66178 66178 66179 66181 66182 66186 66187 66187 66188 66188 66189 66191 66191 66194 66195 66197 66198 66199 66199 66199 66200 66201 66202 66202 66202 66204 66206 66207 66208 66209 66209 66209 66210 66211 66212 66212 66213 66214 66216 66216 66216 66218 66219 66220 66220 66221 66224 66224 66225 66226 66227 66228 66230 66230 66231 66231 66232 66234 66235 66236 66236 66236 66237 66240 66243 66244 66244 66247 66248 66249 66250 66251 66251 66252 66252 66252 66253 66254 66255 66255 66256 66258 66258 66261 66261 66261 66261 66261 66261 66262 66262 66265 66266 66267 66268 66270 66270 66271 66273 66273 66280 66280 66282 66283 66285 66286 66286 66286 66287 66289 66289 66290 66290 66293 66294 66294 66294 66295 66295 66296 66296 66296 66296 66299 66299 66300 66302 66303 66303 66304 66304 66306 66309 66310 66310 66311 66311 66313 66314 66314 66315 66316 66316 66319 66319 66320 66323 66324 66324 66326 66326 66326 66327 66328 66330 66330 66331 66332 66332 66332 66333 66334 66334 66334 66336 66336 66337 66338 66339 66339 66340 66340 66340 66340 66341 66342 66342 66342 66343 66343 66346 66346 66348 66349 66350 66351 66353 66355 66356 66358 66358 66360 66360 66362 66362 66363 66363 66366 66369 66371 66372 66373 66374 66375 66378 66379 66380 66384 66384 66385 66386 66387 66392 66392 66392 66393 66394 66395 66395 66396 66396 66396 66397 66399 66399 66400 66400 66400 66401 66402 66403 66404 66404 66405 66407 66408 66408 66409 66409 66409 66409 66410 66410 66411 66412 66413 66413 66415 66415 66417 66417 66417 66417 66418 66418 66419 66420 66420 66421 66421 66424 66424 66425 66425 66425 66426 66427 66428 66428 66432 66432 66433 66434 66436 66436 66436 66437 66439 66439 66440 66440 66440 66444 66448 66448 66449 66449 66451 66452 66453 66453 66455 66456 66458 66458 66459 66459 66461 66461 66462 66462 66462 66464 66465 66467 66469 66470 66470 66471 66471 66473 66473 66477 66478 66478 66478 66480 66480 66480 66482 66483 66483 66484 66489 66489 66489 66490 66491 66492 66493 66493 66493 66495 66495 66495 66495 66495 66495 66496 66497 66498 66499 66499 66499 66500 66500 66501 66501 66503 66504 66508 66511 66512 66514 66517 66517 66517 66518 66518 66519 66519 66520 66520 66520 66520 66522 66522 66524 66524 66525 66526 66526 66527 66528 66529 66531 66533 66534 66537 66538 66542 66542 66544 66544 66544 66544 66545 66546 66547 66547 66549 66551 66552 66553 66554 66554 66557 66558 66558 66559 66562 66563 66563 66564 66565 66565 66567 66567 66567 66570 66571 66572 66573 66574 66577 66577 66577 66578 66579 66579 66581 66582 66583 66586 66586 66587 66587 66588 66588 66588 66589 66589 66592 66594 66596 66596 66600 66601 66605 66608 66608 66608 66611 66611 66611 66612 66615 66615 66616 66618 66620 66620 66620 66622 66622 66623 66624 66625 66625 66625 66628 66629 66630 66630 66630 66631 66632 66633 66634 66635 66636 66637 66638 66639 66643 66644 66645 66645 66646 66646 66647 66647 66649 66652 66652 66652 66653 66654 66655 66655 66656 66657 66657 66658 66659 66660 66663 66663 66665 66665 66666 66666 66667 66667 66668 66668 66671 66671 66672 66673 66674 66675 66676 66677 66677 66678 66679 66679 66680 66683 66683 66684 66686 66686 66688 66688 66689 66689 66689 66690 66691 66693 66693 66694 66694 66695 66695 66698 66702 66702 66703 66704 66704 66705 66705 66706 66706 66707 66707 66707 66708 66708 66710 66711 66712 66714 66714 66714 66716 66716 66718 66719 66720 66720 66721 66721 66721 66722 66722 66723 66724 66724 66724 66724 66727 66728 66733 66734 66734 66735 66736 66738 66740 66740 66742 66743 66744 66744 66744 66744 66745 66746 66747 66747 66747 66747 66750 66750 66754 66757 66758 66762 66763 66764 66768 66773 66773 66776 66776 66776 66777 66777 66779 66779 66780 66782 66782 66783 66784 66786 66789 66790 66792 66794 66794 66794 66794 66796 66798 66799 66799 66801 66801 66802 66803 66805 66805 66806 66807 66808 66808 66809 66809 66810 66810 66810 66812 66812 66813 66813 66815 66815 66817 66817 66817 66819 66822 66822 66822 66824 66824 66824 66825 66825 66826 66828 66834 66835 66836 66836 66838 66839 66840 66840 66841 66842 66844 66844 66844 66845 66846 66846 66847 66849 66849 66850 66850 66853 66855 66856 66856 66857 66860 66861 66862 66862 66864 66865 66866 66868 66868 66869 66870 66871 66872 66872 66875 66875 66875 66878 66880 66882 66882 66883 66883 66883 66884 66885 66885 66885 66885 66886 66887 66887 66889 66889 66890 66890 66890 66892 66895 66896 66896 66898 66898 66898 66900 66903 66904 66904 66904 66904 66905 66905 66905 66906 66907 66907 66908 66908 66910 66910 66911 66911 66912 66912 66913 66913 66913 66914 66917 66918 66919 66921 66923 66924 66924 66926 66926 66928 66928 66929 66930 66934 66935 66936 66937 66937 66938 66938 66940 66941 66941 66942 66943 66945 66946 66947 66947 66947 66947 66951 66951 66951 66954 66954 66955 66958 66958 66959 66960 66961 66962 66962 66963 66963 66965 66967 66968 66968 66968 66968 66968 66972 66972 66973 66975 66975 66976 66976 66976 66978 66978 66979 66982 66983 66986 66986 66986 66988 66988 66988 66990 66990 66992 66993 66993 66993 66995 66996 66996 66998 66998 66999 67000 67001 67002 67003 67003 67004 67005 67005 67007 67008 67009 67010 67010 67012 67014 67014 67016 67017 67017 67018 67019 67020 67020 67021 67022 67023 67025 67026 67028 67029 67029 67031 67032 67034 67035 67035 67038 67041 67041 67042 67042 67045 67045 67046 67048 67049 67049 67050 67050 67050 67051 67051 67053 67055 67055 67055 67057 67059 67065 67065 67066 67066 67066 67067 67068 67069 67070 67070 67071 67071 67072 67074 67074 67075 67077 67078 67078 67079 67080 67082 67082 67083 67085 67087 67088 67089 67090 67091 67091 67092 67092 67093 67093 67094 67094 67094 67095 67096 67097 67097 67097 67098 67099 67100 67101 67102 67103 67104 67104 67105 67108 67108 67111 67116 67118 67118 67122 67123 67123 67124 67124 67124 67126 67126 67126 67129 67129 67132 67136 67139 67139 67142 67142 67143 67144 67145 67146 67147 67148 67148 67149 67151 67151 67152 67152 67156 67156 67156 67156 67157 67157 67157 67158 67158 67159 67161 67161 67163 67165 67165 67167 67167 67167 67168 67168 67168 67168 67170 67170 67171 67172 67172 67173 67173 67175 67176 67177 67177 67178 67180 67182 67182 67183 67185 67185 67185 67186 67186 67188 67189 67193 67193 67193 67195 67196 67196 67197 67198 67198 67200 67200 67201 67202 67202 67202 67203 67204 67204 67205 67205 67205 67206 67207 67207 67208 67208 67210 67210 67211 67212 67213 67219 67220 67222 67223 67223 67223 67224 67224 67225 67225 67228 67236 67236 67236 67239 67239 67239 67239 67240 67240 67242 67242 67243 67244 67245 67245 67246 67248 67248 67249 67250 67250 67252 67252 67253 67253 67258 67260 67260 67260 67261 67263 67266 67269 67271 67271 67272 67273 67273 67273 67275 67276 67276 67277 67278 67280 67280 67281 67282 67282 67283 67284 67284 67284 67285 67285 67285 67286 67287 67288 67292 67298 67298 67301 67301 67301 67301 67301 67303 67303 67304 67305 67306 67307 67310 67312 67312 67312 67312 67312 67313 67314 67314 67316 67318 67318 67320 67321 67326 67329 67330 67330 67331 67331 67331 67332 67333 67336 67337 67337 67339 67341 67341 67344 67345 67346 67347 67348 67349 67350 67350 67352 67352 67353 67354 67355 67355 67356 67358 67358 67359 67359 67361 67362 67363 67364 67364 67365 67365 67366 67366 67370 67371 67373 67373 67375 67375 67376 67378 67378 67381 67388 67393 67396 67397 67397 67399 67400 67400 67401 67401 67402 67402 67403 67409 67410 67412 67413 67413 67414 67414 67415 67415 67415 67416 67416 67417 67421 67421 67422 67425 67426 67426 67427 67428 67428 67429 67430 67431 67431 67432 67434 67435 67436 67437 67439 67440 67441 67442 67442 67443 67443 67447 67449 67451 67451 67452 67453 67454 67456 67458 67460 67461 67461 67462 67463 67463 67465 67467 67468 67468 67468 67469 67470 67471 67472 67472 67474 67475 67475 67480 67480 67481 67481 67482 67484 67485 67485 67486 67487 67487 67488 67488 67491 67492 67492 67493 67494 67495 67496 67496 67498 67498 67501 67503 67503 67503 67504 67504 67506 67506 67507 67507 67508 67508 67508 67511 67512 67516 67516 67517 67519 67519 67519 67520 67520 67520 67521 67522 67522 67526 67527 67528 67529 67532 67532 67532 67533 67533 67534 67537 67538 67540 67540 67541 67541 67541 67542 67543 67544 67546 67548 67548 67549 67550 67550 67550 67551 67555 67556 67560 67562 67563 67564 67564 67567 67569 67569 67569 67569 67570 67570 67571 67573 67573 67573 67574 67574 67575 67576 67576 67577 67579 67579 67580 67584 67584 67584 67585 67586 67587 67588 67591 67592 67592 67594 67595 67597 67597 67598 67598 67601 67602 67602 67602 67603 67604 67605 67606 67606 67607 67607 67608 67608 67608 67611 67611 67612 67613 67613 67614 67615 67615 67616 67618 67618 67620 67620 67621 67621 67621 67623 67625 67627 67627 67627 67628 67630 67631 67633 67640 67641 67641 67644 67645 67647 67647 67648 67650 67651 67651 67653 67653 67654 67655 67655 67656 67657 67657 67663 67666 67667 67668 67671 67671 67671 67675 67675 67678 67679 67680 67680 67682 67683 67685 67686 67688 67691 67693 67693 67694 67694 67696 67696 67696 67697 67698 67699 67702 67702 67702 67702 67703 67703 67704 67705 67705 67705 67706 67708 67708 67708 67708 67710 67710 67710 67711 67712 67712 67712 67713 67713 67714 67714 67716 67718 67719 67721 67721 67723 67724 67724 67725 67726 67727 67727 67727 67729 67729 67729 67729 67729 67732 67734 67734 67734 67735 67736 67738 67738 67738 67739 67740 67742 67742 67743 67743 67743 67744 67744 67746 67746 67746 67746 67748 67748 67748 67749 67750 67751 67751 67752 67756 67757 67758 67758 67759 67760 67761 67761 67764 67768 67769 67770 67770 67771 67771 67774 67775 67776 67778 67779 67779 67780 67781 67781 67784 67784 67785 67786 67787 67788 67789 67794 67797 67798 67799 67799 67799 67799 67800 67800 67801 67802 67803 67804 67805 67805 67806 67810 67812 67815 67815 67815 67816 67816 67816 67817 67817 67818 67818 67819 67819 67820 67821 67822 67822 67825 67826 67826 67826 67827 67828 67830 67830 67831 67833 67833 67835 67835 67836 67837 67837 67840 67844 67844 67845 67846 67846 67847 67847 67848 67850 67850 67851 67852 67853 67855 67856 67856 67857 67857 67858 67859 67860 67860 67862 67863 67863 67864 67865 67865 67866 67868 67869 67870 67872 67872 67872 67872 67873 67873 67874 67875 67875 67877 67881 67882 67883 67884 67886 67887 67888 67889 67890 67891 67892 67892 67893 67893 67893 67894 67895 67896 67897 67898 67898 67900 67901 67902 67902 67903 67903 67903 67904 67905 67905 67906 67907 67912 67912 67914 67916 67917 67917 67917 67917 67917 67917 67918 67919 67925 67926 67926 67927 67928 67929 67929 67930 67930 67931 67932 67932 67932 67932 67933 67933 67934 67935 67936 67941 67941 67941 67944 67944 67947 67948 67949 67949 67949 67949 67950 67952 67953 67953 67953 67954 67956 67957 67959 67959 67961 67963 67963 67964 67965 67967 67967 67967 67967 67969 67970 67973 67973 67973 67975 67976 67977 67979 67980 67981 67982 67983 67983 67985 67985 67986 67986 67990 67991 67992 67992 67994 67995 67995 67996 67996 67998 67999 68000 68001 68001 68002 68003 68005 68005 68009 68010 68011 68012 68013 68014 68015 68018 68018 68019 68019 68020 68021 68022 68024 68024 68025 68027 68027 68027 68029 68029 68030 68031 68031 68031 68031 68032 68033 68033 68034 68035 68036 68036 68036 68037 68039 68041 68042 68042 68042 68043 68044 68045 68045 68046 68046 68047 68049 68050 68052 68053 68054 68055 68057 68057 68060 68064 68065 68065 68065 68066 68068 68068 68070 68070 68070 68071 68072 68073 68073 68073 68074 68074 68075 68077 68077 68079 68079 68083 68085 68085 68085 68085 68086 68086 68087 68088 68088 68088 68089 68089 68089 68090 68090 68091 68092 68095 68095 68096 68096 68097 68097 68097 68099 68101 68102 68104 68105 68106 68108 68109 68109 68110 68111 68111 68112 68112 68113 68115 68115 68116 68116 68116 68117 68118 68121 68122 68122 68123 68124 68125 68125 68125 68126 68126 68128 68131 68134 68135 68137 68139 68140 68140 68140 68141 68141 68141 68141 68142 68143 68143 68144 68144 68145 68146 68146 68148 68148 68148 68148 68150 68151 68152 68152 68153 68153 68155 68155 68155 68158 68158 68158 68158 68159 68159 68161 68162 68163 68163 68163 68163 68165 68167 68167 68168 68170 68170 68172 68172 68174 68174 68176 68177 68178 68178 68178 68180 68180 68180 68181 68183 68185 68186 68188 68189 68189 68190 68191 68192 68193 68193 68194 68194 68198 68199 68200 68201 68202 68203 68203 68206 68206 68206 68207 68210 68210 68212 68213 68214 68214 68215 68217 68218 68218 68219 68219 68219 68220 68221 68221 68222 68223 68223 68225 68226 68228 68229 68229 68234 68235 68237 68237 68239 68240 68240 68242 68243 68245 68247 68248 68249 68250 68251 68253 68254 68256 68256 68258 68259 68260 68260 68261 68262 68263 68264 68265 68268 68268 68269 68269 68269 68269 68269 68272 68272 68274 68274 68275 68277 68277 68279 68280 68281 68285 68287 68290 68292 68292 68292 68294 68295 68296 68297 68300 68300 68302 68302 68306 68306 68307 68309 68310 68310 68314 68315 68315 68315 68316 68316 68317 68319 68319 68320 68321 68322 68322 68323 68324 68325 68325 68325 68328 68328 68329 68329 68329 68330 68331 68333 68333 68333 68335 68336 68337 68338 68338 68339 68340 68341 68341 68343 68344 68344 68346 68348 68349 68349 68350 68350 68352 68352 68353 68353 68354 68356 68359 68359 68359 68360 68360 68361 68361 68362 68363 68363 68365 68366 68367 68368 68368 68369 68370 68372 68373 68373 68373 68374 68378 68379 68379 68380 68381 68382 68385 68385 68387 68389 68391 68391 68392 68393 68393 68393 68394 68395 68396 68397 68397 68399 68399 68400 68400 68402 68402 68402 68403 68404 68406 68406 68408 68408 68409 68409 68411 68412 68413 68413 68414 68414 68416 68418 68419 68420 68420 68421 68422 68423 68423 68424 68427 68428 68429 68430 68430 68430 68431 68433 68433 68434 68435 68437 68438 68440 68442 68443 68443 68446 68447 68448 68450 68450 68451 68451 68451 68452 68452 68452 68453 68454 68458 68459 68459 68460 68460 68462 68462 68462 68463 68463 68467 68468 68469 68470 68470 68471 68471 68472 68473 68474 68475 68475 68476 68477 68478 68479 68479 68482 68482 68483 68483 68483 68483 68485 68485 68487 68490 68491 68491 68493 68494 68496 68496 68496 68497 68498 68498 68502 68503 68503 68504 68505 68505 68506 68512 68515 68516 68518 68519 68523 68523 68524 68524 68524 68524 68525 68525 68526 68527 68529 68529 68529 68529 68530 68531 68533 68534 68539 68540 68541 68542 68543 68546 68546 68546 68548 68548 68551 68551 68552 68554 68555 68557 68559 68560 68561 68562 68562 68562 68563 68563 68564 68565 68571 68572 68573 68575 68577 68578 68579 68579 68580 68583 68584 68586 68586 68588 68589 68589 68589 68589 68590 68593 68593 68593 68595 68597 68597 68601 68601 68602 68604 68605 68610 68611 68615 68616 68617 68619 68621 68622 68624 68624 68626 68626 68627 68628 68628 68631 68631 68631 68632 68632 68632 68633 68633 68633 68638 68638 68639 68639 68640 68642 68644 68644 68645 68646 68646 68647 68651 68653 68653 68654 68657 68657 68658 68659 68659 68659 68660 68661 68663 68665 68665 68667 68667 68667 68668 68671 68672 68674 68675 68675 68677 68677 68679 68679 68679 68680 68681 68681 68681 68682 68683 68683 68683 68685 68687 68688 68689 68691 68692 68693 68694 68694 68694 68694 68694 68695 68695 68697 68699 68700 68700 68701 68702 68704 68704 68705 68707 68708 68709 68709 68711 68713 68713 68714 68715 68715 68716 68717 68718 68719 68719 68721 68721 68722 68722 68722 68723 68723 68724 68724 68725 68725 68727 68728 68732 68732 68734 68738 68742 68743 68743 68743 68744 68744 68746 68747 68748 68748 68750 68750 68751 68752 68752 68755 68756 68756 68757 68757 68757 68757 68757 68757 68758 68761 68761 68761 68761 68761 68762 68762 68763 68764 68766 68766 68766 68767 68767 68767 68769 68770 68770 68771 68772 68773 68775 68776 68778 68778 68778 68778 68779 68780 68780 68781 68785 68786 68789 68790 68790 68793 68794 68794 68794 68798 68798 68798 68799 68803 68805 68805 68806 68806 68808 68809 68809 68809 68813 68814 68814 68814 68815 68821 68824 68826 68826 68826 68827 68828 68828 68828 68830 68830 68831 68831 68831 68832 68832 68834 68834 68835 68837 68837 68838 68838 68839 68839 68840 68841 68841 68843 68845 68846 68847 68847 68847 68851 68851 68851 68854 68855 68856 68857 68859 68860 68860 68860 68862 68862 68862 68863 68863 68864 68864 68866 68868 68868 68871 68876 68876 68877 68879 68880 68882 68884 68884 68884 68884 68888 68889 68889 68890 68890 68891 68891 68892 68893 68894 68895 68896 68896 68898 68898 68899 68900 68901 68902 68903 68907 68911 68916 68916 68917 68917 68918 68918 68919 68919 68919 68920 68921 68923 68924 68925 68925 68928 68931 68933 68933 68935 68935 68936 68936 68938 68938 68939 68939 68940 68942 68942 68942 68943 68944 68944 68946 68949 68953 68953 68953 68954 68955 68955 68955 68955 68961 68961 68961 68963 68966 68966 68967 68967 68972 68974 68974 68974 68975 68976 68976 68977 68978 68979 68980 68982 68982 68983 68985 68985 68988 68990 68990 68991 68991 68991 68991 68992 68993 68993 68993 68994 68995 68995 68998 68998 69004 69005 69007 69008 69008 69010 69011 69011 69011 69012 69012 69013 69014 69014 69015 69015 69017 69017 69018 69019 69021 69021 69022 69022 69024 69024 69024 69025 69025 69025 69026 69027 69027 69027 69028 69029 69029 69030 69031 69032 69032 69032 69033 69035 69035 69036 69037 69037 69037 69037 69037 69039 69039 69040 69040 69043 69044 69045 69047 69049 69049 69049 69050 69050 69051 69052 69052 69053 69055 69057 69058 69060 69060 69061 69061 69062 69063 69064 69064 69065 69065 69069 69070 69070 69072 69072 69074 69076 69076 69077 69077 69077 69077 69078 69079 69079 69080 69081 69081 69082 69084 69085 69086 69086 69086 69088 69088 69089 69089 69090 69091 69093 69094 69094 69095 69096 69098 69098 69100 69101 69101 69101 69103 69103 69103 69105 69106 69106 69106 69107 69107 69107 69110 69110 69112 69112 69114 69114 69116 69117 69117 69118 69119 69120 69122 69123 69123 69123 69125 69126 69129 69131 69132 69134 69135 69136 69137 69137 69137 69139 69140 69142 69145 69146 69146 69146 69149 69149 69150 69150 69151 69151 69153 69153 69154 69154 69157 69160 69161 69163 69163 69163 69165 69166 69166 69170 69172 69172 69172 69173 69173 69174 69177 69177 69178 69179 69180 69182 69183 69184 69185 69185 69186 69186 69186 69188 69190 69191 69191 69192 69192 69193 69197 69198 69198 69199 69200 69200 69201 69202 69202 69204 69204 69204 69206 69206 69207 69208 69208 69208 69209 69209 69210 69211 69211 69211 69212 69213 69214 69214 69215 69218 69218 69219 69220 69222 69224 69225 69227 69227 69229 69229 69231 69232 69232 69232 69233 69233 69234 69236 69236 69237 69238 69239 69239 69241 69242 69244 69244 69245 69246 69246 69248 69251 69253 69254 69257 69257 69259 69260 69262 69262 69263 69266 69267 69271 69272 69273 69273 69276 69277 69277 69278 69279 69280 69280 69283 69285 69285 69287 69293 69294 69294 69295 69295 69296 69296 69299 69299 69299 69300 69301 69302 69302 69302 69302 69305 69307 69308 69310 69310 69310 69312 69312 69313 69314 69314 69315 69316 69317 69317 69318 69318 69319 69319 69322 69324 69325 69325 69326 69328 69329 69330 69331 69332 69332 69332 69333 69335 69338 69338 69339 69341 69346 69348 69348 69349 69351 69352 69353 69353 69356 69357 69359 69360 69361 69363 69364 69365 69365 69367 69368 69368 69372 69374 69374 69375 69377 69378 69380 69383 69384 69385 69386 69387 69387 69388 69390 69393 69394 69396 69396 69396 69397 69397 69398 69399 69399 69400 69400 69401 69402 69402 69403 69404 69404 69405 69409 69409 69410 69411 69412 69412 69412 69415 69415 69416 69416 69417 69418 69421 69421 69421 69421 69425 69430 69430 69431 69431 69433 69435 69436 69438 69438 69439 69441 69441 69442 69442 69442 69446 69447 69448 69448 69448 69452 69452 69454 69455 69456 69459 69460 69461 69465 69465 69466 69467 69468 69469 69469 69470 69470 69471 69471 69473 69473 69474 69474 69475 69476 69477 69477 69478 69479 69479 69480 69480 69481 69482 69482 69482 69483 69483 69483 69485 69486 69487 69487 69489 69489 69489 69489 69490 69491 69493 69493 69494 69496 69497 69497 69500 69501 69503 69503 69504 69504 69505 69505 69507 69508 69508 69508 69512 69514 69514 69515 69516 69516 69516 69517 69520 69521 69522 69523 69526 69527 69527 69527 69528 69530 69531 69531 69532 69532 69532 69533 69533 69533 69535 69535 69535 69536 69537 69539 69540 69541 69541 69542 69543 69543 69543 69544 69545 69546 69547 69547 69548 69551 69551 69552 69553 69556 69556 69557 69557 69557 69560 69561 69564 69564 69566 69567 69568 69569 69570 69570 69575 69576 69576 69576 69577 69577 69578 69579 69581 69581 69583 69584 69584 69584 69586 69589 69589 69590 69590 69593 69594 69594 69595 69599 69599 69600 69601 69602 69603 69603 69604 69604 69606 69607 69607 69608 69609 69610 69611 69614 69614 69615 69615 69615 69617 69618 69621 69621 69622 69624 69625 69625 69628 69628 69629 69629 69631 69631 69632 69632 69632 69634 69634 69635 69635 69636 69637 69641 69642 69642 69644 69647 69649 69649 69650 69652 69653 69653 69655 69656 69656 69657 69657 69659 69659 69659 69660 69661 69662 69662 69664 69666 69667 69667 69668 69668 69668 69668 69669 69670 69671 69672 69673 69675 69676 69676 69677 69677 69678 69679 69679 69683 69685 69685 69686 69689 69691 69692 69693 69695 69696 69697 69698 69698 69699 69702 69702 69704 69704 69704 69705 69705 69707 69708 69708 69709 69712 69713 69713 69715 69715 69716 69717 69718 69718 69718 69719 69724 69724 69725 69725 69726 69728 69728 69729 69731 69731 69732 69733 69733 69734 69735 69736 69737 69737 69737 69737 69738 69739 69739 69743 69746 69749 69751 69752 69752 69752 69753 69755 69756 69756 69757 69759 69761 69762 69764 69766 69767 69769 69770 69773 69774 69775 69777 69777 69779 69782 69783 69784 69784 69784 69785 69786 69787 69787 69789 69790 69791 69794 69794 69794 69795 69795 69797 69799 69801 69802 69804 69805 69806 69808 69808 69808 69808 69808 69809 69809 69813 69814 69815 69817 69817 69817 69817 69818 69818 69819 69819 69821 69823 69825 69827 69827 69828 69830 69830 69830 69831 69831 69833 69834 69835 69835 69837 69840 69841 69841 69842 69843 69843 69844 69844 69845 69845 69846 69846 69849 69849 69849 69850 69850 69851 69851 69855 69856 69857 69859 69860 69861 69862 69865 69866 69867 69868 69869 69869 69871 69871 69871 69872 69873 69873 69874 69875 69876 69877 69879 69881 69882 69882 69882 69882 69883 69883 69884 69884 69885 69886 69886 69886 69888 69889 69890 69891 69893 69893 69897 69897 69897 69901 69902 69903 69906 69909 69911 69911 69912 69912 69913 69913 69913 69917 69920 69922 69923 69927 69928 69930 69932 69936 69936 69937 69937 69938 69938 69940 69941 69943 69944 69944 69944 69945 69946 69946 69948 69948 69949 69949 69950 69951 69952 69952 69953 69953 69956 69957 69957 69958 69959 69959 69963 69965 69966 69968 69968 69968 69968 69969 69969 69970 69970 69973 69973 69974 69975 69976 69978 69979 69979 69981 69983 69984 69984 69984 69984 69986 69987 69988 69988 69989 69989 69989 69991 69996 69996 69999 70000 70001 70001 70002 70002 70003 70004 70004 70005 70007 70007 70012 70014 70014 70014 70015 70016 70018 70018 70019 70019 70020 70020 70020 70022 70023 70025 70027 70028 70028 70029 70031 70033 70033 70034 70036 70036 70038 70039 70039 70040 70044 70046 70046 70047 70048 70049 70050 70051 70051 70052 70052 70053 70053 70053 70054 70055 70055 70055 70055 70056 70057 70058 70059 70060 70060 70061 70063 70064 70067 70067 70067 70067 70067 70071 70072 70074 70074 70074 70075 70076 70077 70078 70078 70078 70079 70079 70080 70081 70082 70082 70082 70083 70083 70084 70084 70084 70085 70085 70086 70087 70087 70087 70087 70087 70088 70088 70089 70090 70091 70092 70092 70093 70095 70097 70097 70099 70100 70103 70103 70105 70105 70105 70106 70107 70108 70109 70109 70109 70109 70111 70112 70113 70115 70116 70116 70117 70117 70117 70118 70118 70120 70124 70124 70125 70126 70127 70128 70128 70130 70130 70131 70131 70134 70135 70135 70138 70140 70141 70141 70144 70144 70144 70144 70145 70146 70146 70146 70147 70147 70148 70148 70148 70149 70150 70152 70153 70154 70154 70154 70156 70157 70157 70159 70159 70160 70161 70164 70165 70167 70171 70173 70173 70174 70175 70176 70176 70177 70178 70178 70178 70180 70180 70183 70184 70186 70186 70187 70187 70188 70190 70192 70192 70192 70193 70193 70193 70194 70195 70195 70196 70196 70196 70196 70196 70197 70197 70197 70198 70199 70202 70202 70202 70205 70205 70207 70207 70208 70208 70211 70211 70213 70213 70214 70215 70217 70218 70218 70219 70219 70220 70221 70224 70224 70225 70226 70227 70227 70228 70228 70228 70229 70229 70230 70230 70230 70233 70233 70234 70234 70234 70236 70236 70236 70237 70237 70239 70239 70240 70244 70245 70245 70246 70248 70250 70250 70253 70253 70253 70254 70256 70256 70259 70260 70260 70261 70261 70264 70264 70266 70266 70267 70268 70269 70269 70270 70271 70271 70272 70274 70277 70279 70286 70290 70291 70291 70292 70293 70294 70295 70296 70298 70298 70299 70301 70304 70304 70304 70305 70307 70307 70309 70309 70311 70311 70313 70314 70314 70314 70315 70315 70317 70321 70321 70321 70322 70323 70323 70328 70330 70330 70331 70332 70332 70334 70334 70336 70337 70337 70337 70338 70338 70339 70340 70340 70341 70341 70341 70342 70344 70345 70347 70348 70348 70349 70351 70352 70354 70356 70357 70357 70357 70358 70359 70359 70361 70361 70362 70363 70363 70364 70364 70364 70365 70368 70368 70370 70370 70373 70375 70376 70377 70378 70379 70381 70386 70386 70386 70388 70391 70391 70392 70394 70395 70396 70397 70397 70398 70399 70399 70403 70404 70404 70405 70406 70408 70410 70410 70410 70412 70413 70414 70415 70417 70420 70420 70420 70421 70423 70424 70424 70424 70425 70426 70427 70428 70431 70434 70440 70443 70443 70443 70443 70443 70444 70444 70445 70446 70449 70450 70450 70450 70450 70451 70452 70453 70454 70456 70457 70458 70459 70460 70462 70464 70464 70467 70469 70469 70469 70472 70472 70473 70476 70476 70477 70478 70480 70481 70481 70482 70483 70487 70487 70487 70489 70489 70490 70492 70492 70493 70494 70494 70494 70496 70496 70498 70498 70498 70499 70499 70501 70501 70503 70504 70505 70505 70505 70506 70506 70506 70507 70507 70508 70509 70510 70510 70511 70511 70512 70513 70513 70515 70516 70517 70518 70519 70520 70520 70520 70520 70521 70522 70522 70522 70523 70523 70523 70526 70528 70529 70534 70534 70536 70536 70536 70538 70539 70540 70542 70543 70544 70545 70546 70547 70547 70548 70549 70549 70550 70550 70553 70555 70555 70556 70557 70557 70557 70558 70558 70559 70562 70563 70563 70564 70565 70566 70566 70567 70569 70571 70573 70575 70576 70576 70576 70577 70578 70578 70579 70581 70584 70584 70585 70585 70586 70588 70589 70593 70593 70593 70594 70595 70595 70596 70596 70599 70600 70603 70606 70606 70607 70607 70608 70609 70610 70610 70613 70613 70614 70615 70616 70616 70618 70619 70619 70619 70620 70621 70622 70623 70623 70624 70626 70629 70629 70629 70633 70636 70636 70638 70639 70639 70642 70643 70644 70644 70644 70646 70646 70647 70647 70647 70648 70650 70652 70652 70655 70656 70656 70661 70662 70664 70664 70666 70666 70666 70667 70668 70670 70671 70671 70674 70674 70675 70677 70679 70679 70679 70681 70682 70682 70682 70683 70683 70685 70685 70686 70687 70689 70691 70691 70691 70691 70701 70702 70703 70705 70709 70709 70712 70713 70718 70718 70718 70719 70720 70721 70722 70724 70724 70724 70727 70728 70729 70729 70731 70732 70733 70734 70734 70735 70736 70737 70740 70740 70742 70743 70744 70747 70747 70747 70747 70748 70748 70748 70751 70751 70753 70755 70755 70758 70758 70759 70759 70760 70761 70761 70762 70764 70765 70770 70770 70770 70771 70772 70772 70774 70776 70776 70776 70776 70776 70778 70780 70780 70781 70781 70781 70784 70785 70787 70788 70788 70789 70790 70791 70791 70793 70794 70795 70797 70797 70798 70799 70800 70802 70803 70803 70804 70804 70805 70807 70807 70808 70809 70812 70812 70813 70813 70815 70817 70817 70817 70818 70818 70819 70819 70819 70819 70820 70820 70820 70821 70821 70822 70822 70823 70823 70828 70829 70829 70831 70831 70832 70833 70834 70838 70840 70840 70840 70841 70844 70845 70846 70847 70849 70849 70849 70851 70853 70854 70854 70855 70855 70858 70863 70864 70865 70865 70867 70867 70868 70869 70870 70870 70871 70871 70871 70872 70877 70877 70878 70879 70879 70881 70881 70883 70884 70884 70885 70886 70887 70887 70889 70890 70891 70892 70892 70897 70901 70901 70902 70902 70902 70903 70903 70903 70903 70904 70906 70906 70908 70911 70912 70913 70914 70915 70916 70916 70917 70918 70922 70922 70923 70923 70924 70925 70928 70928 70929 70929 70931 70933 70935 70935 70939 70942 70942 70942 70944 70945 70946 70946 70946 70947 70948 70948 70949 70951 70952 70952 70952 70954 70956 70956 70956 70957 70957 70958 70960 70960 70961 70962 70965 70966 70967 70968 70968 70969 70969 70970 70971 70972 70972 70974 70975 70976 70978 70979 70979 70982 70983 70986 70992 70992 70992 70992 70994 70995 70995 70997 70997 70998 70999 71000 71000 71002 71002 71002 71003 71004 71004 71005 71006 71006 71007 71007 71007 71008 71009 71011 71011 71011 71012 71012 71013 71013 71014 71014 71015 71016 71017 71020 71021 71023 71024 71027 71028 71029 71031 71034 71034 71035 71036 71036 71037 71039 71040 71041 71042 71044 71045 71046 71048 71048 71050 71052 71052 71053 71054 71054 71054 71055 71056 71056 71058 71058 71059 71060 71061 71061 71063 71063 71063 71064 71065 71066 71067 71067 71067 71068 71069 71069 71071 71071 71072 71073 71074 71075 71076 71076 71077 71080 71080 71083 71083 71083 71083 71084 71086 71087 71089 71090 71090 71091 71092 71092 71092 71093 71095 71095 71099 71101 71102 71102 71103 71104 71106 71106 71107 71107 71108 71109 71109 71109 71110 71111 71112 71112 71115 71115 71116 71116 71116 71117 71118 71119 71119 71119 71121 71121 71122 71122 71123 71124 71126 71128 71131 71131 71135 71136 71136 71136 71137 71138 71139 71140 71142 71142 71143 71144 71144 71144 71145 71145 71147 71147 71148 71148 71148 71149 71150 71150 71151 71151 71154 71156 71158 71158 71158 71159 71159 71162 71163 71164 71167 71167 71167 71168 71169 71172 71175 71175 71177 71177 71177 71178 71178 71179 71180 71181 71182 71185 71186 71187 71189 71190 71191 71191 71191 71192 71195 71196 71197 71198 71200 71200 71201 71202 71204 71204 71207 71207 71209 71210 71210 71211 71211 71213 71213 71214 71214 71214 71215 71217 71217 71218 71219 71222 71223 71225 71227 71227 71228 71229 71232 71232 71235 71236 71236 71236 71237 71238 71239 71240 71241 71241 71241 71242 71243 71244 71244 71245 71246 71246 71247 71251 71252 71253 71254 71256 71257 71262 71263 71263 71263 71265 71266 71266 71267 71267 71270 71270 71272 71272 71273 71274 71274 71274 71274 71275 71275 71276 71279 71279 71280 71282 71282 71282 71283 71284 71284 71285 71285 71286 71286 71286 71287 71287 71287 71288 71288 71289 71289 71289 71289 71292 71293 71293 71296 71297 71297 71299 71299 71301 71302 71304 71305 71306 71307 71307 71310 71313 71313 71314 71314 71315 71315 71318 71318 71318 71318 71318 71318 71319 71320 71322 71324 71325 71326 71327 71327 71327 71328 71329 71330 71331 71334 71334 71334 71334 71335 71335 71335 71336 71337 71337 71337 71338 71338 71338 71339 71340 71340 71340 71341 71341 71342 71343 71343 71344 71344 71345 71346 71348 71348 71349 71350 71351 71351 71351 71354 71355 71356 71357 71357 71357 71360 71361 71361 71362 71362 71363 71363 71365 71366 71366 71367 71367 71370 71373 71373 71373 71374 71375 71376 71377 71380 71380 71382 71383 71383 71384 71384 71385 71385 71385 71386 71386 71387 71387 71387 71387 71388 71389 71391 71391 71392 71392 71393 71393 71394 71394 71395 71396 71397 71398 71399 71403 71404 71404 71405 71405 71407 71408 71409 71409 71410 71411 71411 71412 71414 71416 71417 71418 71420 71424 71426 71426 71428 71429 71430 71431 71431 71432 71432 71433 71434 71435 71435 71435 71435 71436 71437 71437 71437 71438 71439 71439 71440 71440 71440 71441 71441 71442 71443 71444 71445 71446 71446 71447 71447 71448 71449 71450 71452 71454 71454 71455 71456 71456 71456 71457 71459 71459 71464 71466 71467 71469 71470 71471 71473 71473 71474 71475 71475 71476 71477 71477 71479 71481 71481 71481 71482 71483 71483 71484 71488 71489 71489 71489 71490 71491 71492 71492 71493 71495 71495 71495 71496 71497 71497 71499 71499 71500 71504 71505 71505 71505 71510 71512 71514 71515 71515 71517 71517 71517 71518 71519 71519 71521 71521 71522 71523 71523 71523 71523 71524 71524 71524 71524 71526 71527 71528 71529 71530 71531 71533 71535 71537 71537 71539 71540 71542 71542 71542 71543 71543 71544 71546 71547 71547 71548 71549 71550 71551 71552 71552 71552 71554 71554 71555 71556 71556 71557 71557 71557 71557 71558 71558 71560 71560 71562 71563 71564 71564 71565 71566 71567 71569 71569 71571 71571 71573 71574 71576 71576 71577 71577 71578 71579 71579 71584 71586 71587 71589 71589 71590 71591 71593 71593 71596 71598 71598 71601 71603 71605 71610 71610 71611 71612 71612 71612 71613 71613 71615 71616 71616 71618 71619 71619 71619 71620 71620 71620 71620 71620 71621 71623 71624 71625 71625 71625 71626 71627 71628 71628 71632 71633 71634 71634 71634 71636 71639 71639 71640 71640 71641 71641 71641 71642 71643 71644 71645 71646 71648 71648 71649 71651 71652 71653 71653 71654 71655 71657 71658 71658 71659 71660 71662 71664 71665 71665 71666 71666 71667 71667 71667 71669 71669 71670 71671 71671 71672 71672 71672 71675 71676 71676 71677 71677 71679 71679 71679 71680 71681 71683 71684 71684 71688 71688 71689 71690 71692 71693 71694 71694 71695 71695 71695 71696 71698 71698 71699 71699 71699 71700 71702 71703 71704 71708 71711 71711 71712 71713 71714 71714 71714 71714 71714 71715 71717 71720 71721 71721 71723 71723 71724 71725 71726 71726 71727 71729 71732 71733 71734 71734 71735 71736 71739 71741 71743 71743 71744 71745 71746 71746 71748 71749 71750 71750 71751 71751 71753 71756 71756 71757 71760 71760 71761 71761 71762 71762 71763 71764 71767 71768 71769 71769 71770 71772 71772 71772 71774 71774 71775 71778 71778 71778 71778 71779 71779 71779 71780 71782 71784 71785 71785 71787 71789 71789 71789 71790 71791 71792 71793 71793 71796 71797 71798 71798 71798 71802 71802 71803 71803 71803 71805 71806 71807 71808 71809 71810 71811 71814 71814 71814 71816 71816 71817 71819 71819 71820 71823 71823 71824 71824 71825 71825 71826 71826 71827 71827 71829 71832 71835 71835 71836 71837 71839 71840 71841 71842 71845 71845 71845 71846 71846 71846 71846 71846 71850 71852 71852 71853 71853 71853 71856 71857 71858 71858 71858 71858 71859 71860 71860 71862 71862 71864 71868 71869 71870 71871 71872 71873 71873 71874 71876 71876 71879 71881 71882 71885 71886 71887 71888 71890 71891 71892 71893 71893 71893 71894 71895 71895 71896 71896 71898 71898 71899 71901 71904 71904 71904 71904 71905 71905 71906 71908 71909 71910 71912 71912 71917 71920 71920 71921 71923 71924 71925 71925 71925 71926 71928 71928 71928 71930 71931 71932 71934 71935 71935 71936 71938 71940 71940 71942 71944 71945 71945 71946 71947 71950 71950 71952 71953 71953 71953 71956 71956 71957 71957 71958 71958 71958 71959 71959 71960 71961 71963 71965 71966 71967 71968 71968 71969 71969 71970 71973 71974 71975 71977 71977 71979 71979 71979 71980 71981 71982 71982 71982 71983 71986 71986 71987 71987 71988 71990 71990 71991 71992 71997 71998 72000 72000 72000 72001 72002 72003 72003 72004 72004 72004 72007 72010 72010 72012 72013 72015 72016 72017 72017 72018 72023 72025 72026 72026 72026 72026 72027 72028 72029 72030 72030 72030 72031 72031 72031 72033 72033 72034 72035 72035 72038 72038 72040 72040 72043 72044 72045 72046 72046 72047 72048 72049 72050 72053 72053 72055 72056 72058 72060 72060 72060 72061 72061 72061 72061 72061 72063 72065 72065 72066 72068 72069 72071 72073 72074 72075 72076 72077 72079 72081 72081 72082 72082 72083 72085 72087 72088 72088 72088 72092 72092 72093 72094 72094 72095 72095 72096 72096 72098 72099 72101 72102 72102 72103 72103 72103 72105 72105 72106 72107 72107 72107 72111 72111 72112 72112 72112 72115 72116 72117 72118 72120 72121 72122 72122 72124 72125 72125 72126 72128 72131 72133 72134 72138 72140 72141 72141 72141 72143 72144 72145 72145 72146 72147 72148 72148 72149 72151 72153 72153 72155 72155 72157 72157 72158 72160 72160 72160 72162 72163 72163 72163 72163 72164 72166 72167 72167 72167 72169 72170 72174 72175 72177 72177 72178 72178 72180 72180 72181 72182 72182 72183 72183 72185 72187 72188 72188 72189 72190 72192 72195 72196 72197 72199 72201 72203 72204 72204 72204 72205 72208 72208 72212 72212 72212 72214 72215 72217 72220 72221 72222 72222 72222 72227 72228 72233 72233 72234 72235 72236 72236 72237 72241 72243 72243 72244 72244 72245 72247 72247 72248 72249 72249 72250 72251 72252 72255 72255 72256 72257 72257 72257 72258 72258 72258 72260 72260 72260 72260 72261 72263 72263 72265 72266 72268 72268 72268 72268 72268 72274 72274 72276 72278 72278 72280 72282 72282 72286 72288 72290 72291 72291 72291 72292 72294 72295 72297 72301 72301 72301 72301 72302 72302 72302 72302 72303 72304 72304 72305 72306 72306 72310 72312 72312 72314 72315 72315 72318 72318 72319 72319 72320 72321 72322 72322 72324 72326 72329 72329 72330 72330 72331 72331 72331 72331 72333 72333 72337 72340 72341 72342 72342 72344 72346 72348 72348 72349 72351 72352 72352 72352 72354 72354 72355 72359 72361 72361 72363 72363 72364 72368 72368 72368 72369 72369 72369 72370 72371 72372 72373 72373 72375 72375 72376 72378 72378 72381 72382 72385 72385 72386 72386 72386 72387 72388 72390 72391 72393 72393 72394 72394 72394 72395 72395 72395 72396 72396 72396 72397 72397 72397 72397 72397 72399 72399 72399 72400 72401 72403 72404 72405 72407 72408 72409 72410 72412 72412 72413 72413 72414 72416 72417 72417 72418 72419 72419 72420 72424 72424 72425 72425 72425 72426 72426 72427 72427 72428 72428 72429 72429 72430 72434 72434 72437 72437 72437 72437 72439 72439 72440 72442 72442 72443 72444 72445 72445 72446 72447 72448 72448 72448 72452 72453 72453 72455 72456 72456 72457 72457 72458 72459 72459 72459 72459 72462 72462 72462 72463 72463 72465 72466 72468 72469 72470 72470 72472 72474 72474 72475 72475 72476 72478 72478 72480 72481 72482 72482 72483 72485 72486 72486 72488 72489 72489 72490 72490 72491 72492 72494 72494 72496 72497 72498 72499 72500 72501 72501 72502 72502 72505 72505 72506 72506 72507 72507 72509 72510 72511 72511 72512 72512 72512 72512 72512 72513 72514 72516 72518 72518 72520 72520 72521 72522 72522 72523 72524 72525 72526 72527 72529 72529 72530 72532 72534 72534 72535 72536 72536 72537 72537 72538 72541 72542 72542 72543 72545 72547 72548 72548 72549 72549 72551 72552 72553 72556 72557 72561 72565 72566 72566 72566 72568 72569 72569 72569 72570 72570 72570 72571 72572 72572 72574 72575 72576 72577 72579 72580 72581 72581 72581 72583 72584 72585 72586 72586 72587 72587 72588 72590 72591 72591 72593 72594 72595 72595 72595 72598 72598 72599 72599 72600 72600 72601 72601 72602 72603 72604 72604 72605 72605 72606 72606 72606 72606 72607 72607 72607 72608 72612 72613 72614 72615 72616 72617 72618 72619 72619 72620 72621 72622 72622 72624 72624 72628 72628 72629 72629 72630 72631 72632 72633 72634 72634 72634 72637 72637 72638 72638 72641 72643 72644 72645 72645 72647 72649 72651 72652 72652 72653 72653 72653 72656 72657 72657 72657 72658 72658 72658 72660 72661 72661 72661 72662 72663 72669 72670 72671 72674 72675 72675 72676 72676 72679 72680 72680 72680 72681 72681 72682 72683 72683 72685 72685 72685 72686 72686 72686 72687 72687 72688 72689 72692 72692 72693 72694 72695 72696 72698 72699 72700 72701 72704 72705 72708 72709 72709 72710 72711 72713 72713 72715 72719 72719 72719 72723 72725 72725 72725 72726 72726 72727 72727 72728 72729 72736 72738 72738 72739 72739 72741 72742 72745 72745 72749 72749 72750 72750 72751 72751 72752 72752 72753 72753 72754 72754 72755 72756 72756 72756 72757 72757 72758 72758 72759 72759 72760 72761 72761 72761 72763 72764 72764 72765 72768 72768 72769 72769 72769 72771 72771 72771 72772 72772 72774 72774 72774 72775 72777 72778 72778 72779 72779 72779 72781 72781 72782 72783 72784 72785 72787 72788 72788 72788 72788 72789 72789 72789 72790 72791 72796 72797 72799 72800 72800 72801 72801 72803 72803 72803 72804 72804 72804 72805 72807 72807 72810 72810 72811 72812 72812 72812 72813 72815 72815 72817 72820 72821 72821 72823 72823 72826 72826 72826 72827 72827 72830 72833 72834 72836 72837 72838 72838 72838 72838 72839 72839 72839 72840 72841 72841 72843 72844 72844 72845 72846 72847 72849 72849 72849 72851 72851 72852 72852 72853 72853 72854 72854 72855 72855 72856 72857 72861 72861 72861 72862 72863 72863 72865 72866 72870 72870 72871 72871 72871 72872 72872 72873 72873 72873 72874 72876 72877 72878 72878 72878 72881 72885 72889 72891 72892 72892 72892 72896 72897 72899 72899 72900 72902 72902 72904 72906 72908 72913 72914 72914 72915 72915 72916 72916 72916 72917 72917 72917 72918 72918 72919 72919 72921 72921 72923 72923 72924 72924 72927 72927 72930 72930 72931 72931 72933 72934 72934 72935 72938 72938 72938 72939 72939 72940 72941 72941 72941 72942 72942 72944 72946 72946 72948 72948 72949 72951 72952 72952 72955 72956 72956 72957 72957 72958 72958 72958 72958 72958 72960 72962 72963 72965 72965 72965 72966 72967 72968 72968 72970 72972 72973 72974 72975 72975 72977 72977 72979 72979 72980 72981 72982 72982 72983 72986 72988 72988 72988 72988 72989 72990 72992 72992 72995 72997 72998 73001 73001 73001 73005 73010 73010 73010 73010 73010 73011 73014 73015 73016 73019 73019 73020 73020 73020 73021 73021 73022 73022 73022 73023 73023 73026 73026 73028 73028 73029 73029 73029 73031 73033 73035 73036 73036 73037 73037 73038 73039 73040 73041 73042 73044 73045 73046 73047 73048 73050 73050 73053 73055 73055 73056 73056 73057 73058 73058 73058 73060 73061 73063 73064 73064 73065 73066 73068 73068 73069 73069 73071 73073 73075 73078 73081 73081 73082 73083 73085 73085 73085 73085 73085 73085 73086 73086 73086 73087 73089 73090 73091 73091 73091 73093 73093 73094 73094 73095 73095 73096 73099 73099 73102 73102 73102 73103 73103 73104 73104 73105 73105 73108 73111 73111 73112 73113 73113 73116 73116 73117 73117 73118 73118 73118 73118 73120 73122 73122 73123 73123 73124 73125 73125 73126 73127 73130 73130 73131 73131 73133 73134 73135 73135 73136 73137 73138 73139 73139 73140 73141 73141 73142 73143 73143 73143 73145 73146 73147 73148 73149 73149 73150 73150 73150 73151 73152 73153 73154 73155 73155 73155 73156 73156 73158 73158 73158 73160 73160 73162 73162 73163 73163 73163 73164 73169 73170 73170 73171 73171 73172 73173 73173 73174 73174 73175 73176 73176 73176 73177 73177 73178 73179 73180 73181 73183 73185 73186 73186 73188 73188 73188 73189 73191 73192 73194 73196 73196 73197 73197 73198 73199 73199 73201 73202 73204 73205 73205 73207 73208 73209 73210 73210 73210 73211 73211 73212 73212 73213 73213 73214 73217 73217 73217 73217 73218 73219 73219 73221 73221 73222 73222 73223 73224 73225 73225 73226 73227 73227 73227 73229 73229 73229 73230 73230 73231 73232 73232 73232 73233 73234 73236 73237 73238 73239 73240 73240 73241 73243 73244 73245 73248 73248 73248 73249 73249 73252 73253 73254 73254 73254 73255 73255 73255 73255 73256 73257 73258 73258 73258 73258 73259 73260 73262 73263 73265 73267 73268 73269 73271 73272 73272 73273 73274 73274 73275 73275 73276 73277 73277 73278 73278 73278 73282 73282 73282 73283 73284 73284 73286 73286 73286 73287 73287 73289 73289 73292 73293 73295 73299 73299 73301 73305 73306 73307 73307 73308 73308 73308 73309 73309 73309 73313 73313 73316 73316 73317 73319 73319 73320 73321 73321 73323 73324 73324 73325 73325 73328 73329 73329 73330 73330 73331 73332 73333 73333 73334 73334 73334 73336 73337 73338 73339 73340 73340 73340 73341 73341 73342 73345 73345 73349 73350 73350 73352 73355 73356 73357 73360 73360 73361 73362 73368 73368 73371 73371 73374 73375 73375 73376 73378 73379 73380 73383 73383 73384 73384 73385 73386 73387 73387 73388 73390 73390 73391 73391 73394 73395 73395 73401 73402 73406 73406 73406 73410 73410 73411 73411 73412 73413 73414 73415 73417 73418 73422 73425 73427 73429 73429 73432 73433 73433 73434 73437 73440 73444 73444 73445 73446 73447 73448 73451 73451 73451 73452 73452 73452 73454 73455 73456 73457 73458 73458 73459 73459 73459 73459 73460 73460 73461 73463 73465 73465 73467 73468 73469 73470 73471 73472 73472 73473 73473 73474 73474 73475 73476 73476 73479 73480 73481 73481 73482 73482 73483 73483 73483 73483 73483 73486 73486 73489 73490 73491 73492 73493 73494 73496 73496 73498 73500 73501 73501 73502 73503 73505 73505 73507 73508 73508 73510 73512 73512 73513 73514 73514 73516 73517 73517 73518 73518 73519 73521 73522 73525 73525 73526 73527 73529 73529 73532 73532 73532 73533 73533 73533 73534 73534 73535 73535 73535 73536 73536 73536 73537 73538 73538 73540 73542 73544 73545 73545 73548 73550 73550 73551 73551 73552 73553 73554 73554 73554 73555 73557 73561 73562 73562 73563 73566 73567 73567 73568 73569 73569 73570 73570 73572 73575 73576 73576 73576 73577 73580 73581 73582 73583 73584 73584 73584 73584 73584 73585 73585 73585 73588 73589 73592 73592 73593 73593 73593 73593 73594 73595 73595 73598 73601 73601 73602 73602 73602 73603 73604 73604 73604 73606 73606 73606 73608 73609 73610 73612 73612 73613 73615 73615 73615 73615 73616 73617 73618 73618 73619 73619 73620 73620 73621 73622 73623 73623 73626 73627 73628 73628 73628 73628 73628 73629 73629 73631 73631 73634 73634 73636 73637 73638 73638 73639 73641 73641 73642 73642 73643 73643 73644 73645 73649 73650 73652 73652 73653 73654 73655 73656 73658 73658 73659 73659 73659 73660 73661 73662 73664 73664 73664 73666 73668 73668 73668 73669 73669 73670 73672 73672 73674 73674 73676 73678 73679 73679 73681 73682 73682 73682 73683 73683 73684 73685 73686 73689 73691 73692 73693 73695 73695 73697 73697 73697 73698 73699 73700 73700 73700 73701 73702 73702 73702 73703 73703 73704 73704 73705 73705 73705 73705 73707 73707 73710 73710 73711 73713 73713 73715 73716 73716 73717 73719 73721 73724 73727 73728 73728 73728 73729 73729 73730 73730 73731 73731 73733 73733 73733 73734 73735 73735 73736 73740 73742 73742 73743 73743 73744 73744 73745 73746 73747 73748 73749 73749 73750 73754 73754 73755 73755 73756 73757 73757 73757 73757 73758 73760 73760 73761 73762 73763 73764 73765 73768 73768 73768 73769 73769 73770 73771 73771 73771 73772 73773 73773 73774 73777 73778 73779 73780 73781 73783 73783 73786 73787 73790 73790 73791 73791 73791 73792 73792 73794 73794 73794 73796 73797 73798 73799 73800 73800 73800 73801 73802 73802 73803 73804 73804 73809 73811 73811 73812 73812 73815 73816 73817 73819 73822 73822 73825 73826 73826 73826 73827 73828 73828 73828 73830 73831 73832 73833 73834 73836 73837 73837 73838 73838 73841 73841 73843 73845 73847 73848 73848 73850 73850 73852 73853 73853 73853 73853 73853 73853 73854 73855 73855 73855 73856 73856 73857 73857 73859 73859 73859 73860 73861 73862 73863 73864 73864 73864 73864 73865 73865 73866 73866 73866 73871 73872 73873 73874 73875 73877 73877 73877 73878 73878 73879 73880 73881 73882 73882 73883 73884 73885 73886 73886 73886 73888 73888 73888 73889 73890 73891 73892 73893 73897 73897 73898 73899 73899 73900 73901 73901 73901 73902 73903 73906 73906 73908 73908 73909 73912 73912 73912 73915 73917 73917 73918 73919 73922 73922 73925 73926 73927 73927 73928 73930 73932 73937 73937 73938 73938 73939 73941 73942 73943 73946 73948 73949 73950 73951 73951 73952 73952 73953 73954 73954 73954 73954 73954 73955 73955 73955 73956 73958 73960 73962 73963 73963 73963 73964 73965 73965 73965 73966 73967 73972 73973 73974 73974 73975 73975 73976 73976 73979 73980 73981 73981 73983 73983 73985 73986 73986 73986 73988 73989 73989 73990 73990 73992 73992 73997 73997 73997 73999 74000 74001 74002 74002 74004 74005 74005 74006 74007 74009 74009 74010 74011 74012 74012 74013 74014 74015 74018 74019 74019 74022 74025 74025 74026 74027 74029 74032 74033 74034 74035 74036 74036 74036 74036 74039 74040 74040 74042 74043 74045 74046 74046 74047 74048 74049 74049 74050 74053 74053 74054 74054 74055 74056 74056 74057 74057 74058 74058 74058 74058 74059 74062 74062 74062 74063 74064 74065 74066 74067 74068 74068 74068 74070 74071 74071 74075 74080 74083 74084 74084 74085 74085 74086 74087 74087 74088 74088 74089 74090 74092 74093 74093 74095 74098 74098 74098 74099 74100 74102 74102 74107 74108 74108 74108 74111 74112 74113 74113 74113 74115 74116 74120 74122 74123 74128 74129 74130 74131 74132 74134 74134 74135 74137 74138 74138 74138 74139 74139 74139 74140 74141 74141 74141 74143 74143 74144 74148 74150 74150 74153 74154 74155 74155 74155 74158 74158 74159 74160 74160 74160 74160 74161 74161 74162 74162 74164 74168 74168 74168 74168 74169 74169 74169 74170 74170 74173 74173 74173 74174 74175 74175 74176 74176 74179 74180 74180 74180 74181 74183 74187 74188 74189 74189 74190 74190 74190 74190 74190 74191 74193 74193 74195 74197 74197 74199 74199 74200 74202 74202 74205 74206 74210 74210 74211 74212 74213 74217 74217 74217 74218 74218 74218 74219 74220 74220 74221 74222 74222 74222 74223 74225 74226 74227 74228 74229 74229 74230 74230 74234 74235 74235 74236 74236 74236 74238 74238 74238 74238 74238 74239 74239 74240 74241 74243 74244 74244 74244 74245 74246 74248 74249 74252 74253 74253 74256 74256 74258 74258 74259 74260 74261 74265 74265 74272 74273 74273 74275 74277 74278 74280 74280 74281 74281 74283 74283 74285 74286 74287 74288 74288 74288 74290 74290 74291 74292 74294 74294 74294 74295 74295 74295 74295 74295 74296 74296 74297 74297 74297 74298 74298 74299 74301 74302 74303 74303 74303 74304 74306 74306 74307 74310 74312 74313 74314 74315 74317 74318 74321 74321 74322 74324 74327 74328 74328 74330 74332 74333 74334 74335 74336 74336 74338 74342 74342 74343 74343 74343 74343 74344 74345 74346 74347 74350 74351 74358 74359 74361 74361 74365 74365 74366 74368 74368 74368 74368 74368 74369 74369 74371 74372 74373 74373 74374 74375 74375 74376 74378 74378 74379 74380 74382 74383 74384 74384 74384 74384 74385 74385 74386 74386 74387 74387 74387 74387 74388 74388 74388 74389 74390 74394 74395 74395 74395 74396 74397 74397 74397 74397 74398 74398 74400 74401 74401 74401 74402 74402 74402 74404 74404 74404 74405 74405 74406 74409 74409 74410 74411 74412 74412 74413 74419 74420 74421 74421 74423 74424 74425 74426 74426 74426 74428 74430 74431 74432 74433 74434 74435 74435 74438 74438 74438 74439 74440 74440 74440 74440 74443 74444 74444 74444 74445 74445 74448 74451 74451 74451 74454 74456 74457 74457 74458 74459 74460 74461 74461 74465 74466 74467 74468 74468 74471 74477 74478 74479 74480 74482 74487 74487 74488 74490 74490 74490 74491 74492 74494 74494 74495 74499 74500 74500 74500 74503 74503 74503 74504 74506 74506 74508 74512 74514 74515 74515 74517 74517 74517 74519 74519 74520 74520 74520 74524 74525 74526 74527 74528 74529 74532 74534 74534 74535 74537 74538 74538 74539 74540 74541 74542 74542 74542 74544 74546 74549 74551 74552 74552 74552 74553 74553 74554 74556 74558 74558 74560 74560 74562 74562 74566 74569 74569 74570 74570 74570 74571 74571 74572 74572 74572 74573 74573 74576 74578 74580 74581 74583 74585 74586 74586 74587 74588 74589 74589 74589 74590 74590 74590 74590 74591 74592 74592 74594 74594 74594 74596 74598 74599 74603 74604 74604 74606 74607 74608 74610 74611 74612 74612 74612 74612 74613 74614 74615 74616 74617 74618 74618 74620 74621 74622 74626 74626 74626 74627 74627 74628 74630 74630 74630 74632 74633 74633 74636 74636 74638 74638 74639 74639 74639 74639 74641 74642 74642 74642 74643 74643 74645 74646 74646 74646 74647 74647 74649 74650 74652 74654 74654 74656 74658 74659 74661 74661 74662 74664 74664 74664 74665 74665 74666 74667 74668 74668 74670 74672 74672 74672 74673 74674 74675 74675 74676 74676 74680 74682 74682 74682 74682 74682 74683 74684 74686 74688 74689 74690 74690 74692 74692 74694 74697 74698 74698 74700 74703 74703 74703 74704 74704 74704 74705 74707 74709 74709 74710 74710 74711 74712 74712 74712 74714 74715 74715 74717 74719 74720 74721 74723 74724 74726 74727 74728 74728 74730 74731 74732 74733 74735 74735 74735 74735 74736 74737 74738 74738 74738 74738 74742 74742 74743 74744 74745 74745 74749 74749 74749 74751 74751 74751 74752 74752 74754 74754 74755 74756 74756 74756 74756 74757 74758 74759 74761 74764 74764 74771 74772 74773 74777 74779 74781 74785 74786 74786 74787 74788 74790 74791 74792 74792 74793 74795 74796 74798 74799 74799 74799 74800 74801 74801 74802 74802 74802 74803 74803 74803 74803 74804 74805 74805 74805 74806 74806 74809 74809 74809 74810 74811 74811 74812 74813 74813 74814 74815 74816 74816 74818 74818 74818 74818 74819 74820 74821 74821 74822 74822 74823 74824 74824 74825 74829 74829 74829 74832 74833 74833 74833 74834 74834 74834 74835 74836 74837 74840 74841 74844 74845 74846 74847 74847 74852 74853 74853 74855 74858 74858 74862 74862 74862 74863 74866 74866 74866 74867 74867 74869 74869 74869 74869 74870 74871 74872 74873 74874 74879 74879 74880 74882 74884 74891 74891 74891 74891 74892 74893 74894 74894 74894 74895 74896 74897 74897 74901 74905 74906 74906 74908 74909 74910 74910 74910 74911 74914 74915 74917 74917 74918 74918 74918 74924 74925 74925 74928 74928 74930 74931 74933 74935 74938 74939 74940 74941 74943 74943 74944 74944 74944 74945 74946 74947 74947 74949 74949 74951 74951 74957 74958 74959 74959 74960 74960 74961 74962 74962 74964 74966 74967 74967 74968 74968 74968 74969 74969 74969 74969 74970 74970 74972 74974 74974 74974 74974 74975 74977 74977 74977 74980 74981 74981 74982 74983 74983 74985 74985 74987 74988 74989 74989 74990 74994 74995 74995 74995 74996 74997 74999 75000 75009 75010 75011 75012 75012 75012 75012 75013 75014 75014 75015 75016 75016 75017 75018 75018 75018 75020 75020 75022 75026 75027 75031 75033 75033 75036 75040 75041 75041 75041 75042 75043 75044 75044 75045 75045 75046 75046 75049 75050 75051 75052 75054 75055 75055 75057 75059 75061 75062 75062 75063 75064 75064 75065 75065 75066 75068 75069 75070 75073 75073 75074 75074 75075 75076 75078 75078 75078 75079 75081 75082 75083 75087 75088 75089 75089 75091 75091 75093 75095 75101 75102 75103 75103 75103 75105 75107 75108 75108 75109 75110 75111 75111 75112 75112 75112 75114 75115 75115 75116 75117 75117 75118 75118 75119 75119 75120 75120 75121 75121 75124 75124 75125 75126 75126 75127 75127 75130 75130 75132 75134 75135 75135 75135 75136 75136 75136 75136 75137 75137 75137 75138 75140 75141 75142 75142 75143 75143 75145 75146 75147 75148 75148 75149 75151 75154 75155 75156 75157 75158 75158 75158 75159 75159 75159 75159 75160 75160 75161 75161 75163 75164 75164 75164 75165 75166 75168 75168 75169 75171 75171 75172 75172 75174 75174 75174 75174 75176 75177 75177 75177 75178 75181 75181 75182 75182 75182 75182 75183 75184 75184 75186 75187 75188 75188 75190 75191 75191 75193 75193 75195 75196 75198 75199 75201 75202 75202 75203 75204 75204 75205 75205 75205 75208 75209 75211 75211 75214 75215 75215 75216 75216 75217 75218 75220 75220 75221 75221 75222 75223 75225 75226 75228 75229 75230 75231 75232 75232 75233 75234 75235 75236 75237 75238 75239 75239 75240 75240 75241 75241 75241 75242 75242 75245 75245 75245 75246 75246 75248 75248 75249 75249 75250 75251 75251 75251 75252 75253 75253 75254 75254 75255 75255 75256 75257 75259 75262 75263 75264 75265 75266 75266 75268 75269 75270 75270 75270 75273 75273 75274 75275 75278 75279 75279 75279 75280 75281 75282 75282 75284 75285 75286 75286 75287 75287 75290 75290 75291 75292 75293 75293 75293 75293 75293 75293 75293 75294 75296 75298 75298 75299 75299 75303 75303 75306 75306 75307 75310 75310 75311 75311 75312 75312 75312 75313 75313 75316 75317 75317 75317 75317 75318 75319 75319 75319 75322 75322 75323 75324 75326 75327 75329 75330 75332 75333 75334 75334 75334 75337 75337 75339 75340 75342 75343 75346 75347 75347 75348 75348 75348 75349 75349 75349 75351 75352 75353 75354 75356 75358 75358 75359 75359 75359 75360 75361 75363 75364 75364 75366 75368 75369 75371 75374 75376 75377 75377 75378 75379 75380 75381 75382 75383 75384 75385 75386 75388 75389 75389 75390 75390 75392 75392 75393 75394 75395 75395 75396 75398 75398 75402 75404 75404 75404 75405 75406 75407 75407 75408 75409 75409 75409 75411 75412 75412 75414 75414 75415 75415 75415 75415 75416 75416 75417 75418 75418 75419 75419 75421 75422 75422 75424 75426 75427 75428 75428 75428 75429 75429 75429 75431 75431 75433 75433 75434 75437 75437 75437 75439 75439 75440 75440 75441 75441 75442 75443 75444 75444 75444 75445 75445 75445 75446 75448 75449 75449 75451 75452 75455 75455 75455 75455 75456 75456 75456 75457 75459 75463 75463 75464 75465 75465 75466 75470 75470 75471 75473 75473 75474 75477 75477 75478 75478 75479 75480 75480 75481 75482 75483 75485 75485 75486 75490 75490 75491 75491 75492 75492 75495 75495 75496 75496 75500 75501 75503 75504 75510 75512 75514 75518 75521 75521 75521 75522 75522 75525 75526 75527 75528 75528 75528 75529 75530 75530 75530 75532 75535 75536 75539 75539 75540 75540 75542 75542 75544 75546 75546 75547 75549 75550 75550 75551 75551 75551 75552 75552 75552 75554 75555 75560 75561 75561 75561 75562 75563 75564 75564 75565 75565 75565 75567 75567 75568 75568 75569 75569 75570 75570 75571 75573 75573 75574 75574 75575 75575 75576 75577 75578 75579 75580 75582 75583 75583 75583 75583 75584 75585 75585 75586 75587 75590 75591 75591 75592 75595 75595 75598 75600 75600 75601 75602 75602 75602 75605 75605 75605 75606 75607 75610 75610 75611 75613 75613 75614 75615 75616 75616 75616 75616 75617 75620 75622 75622 75623 75624 75625 75626 75629 75630 75630 75631 75633 75634 75638 75639 75639 75640 75641 75643 75644 75646 75648 75648 75648 75650 75652 75652 75652 75653 75653 75654 75654 75655 75655 75656 75657 75657 75658 75660 75661 75661 75661 75664 75667 75667 75667 75669 75670 75670 75670 75671 75673 75676 75676 75676 75677 75678 75678 75680 75680 75681 75682 75682 75683 75683 75684 75684 75686 75686 75687 75687 75688 75689 75690 75690 75692 75692 75695 75699 75700 75700 75702 75703 75704 75704 75705 75705 75705 75706 75708 75708 75709 75710 75713 75715 75716 75716 75717 75717 75721 75721 75722 75722 75723 75724 75726 75727 75727 75728 75729 75729 75730 75735 75737 75737 75738 75738 75740 75744 75744 75746 75746 75747 75747 75748 75750 75751 75753 75754 75754 75754 75755 75756 75757 75757 75760 75760 75762 75763 75764 75764 75768 75769 75769 75769 75773 75773 75776 75776 75776 75777 75777 75778 75778 75779 75779 75781 75782 75785 75786 75786 75786 75789 75789 75791 75793 75794 75797 75798 75800 75800 75800 75802 75802 75804 75805 75805 75806 75806 75808 75809 75810 75810 75811 75812 75812 75812 75813 75815 75816 75816 75816 75816 75820 75821 75823 75825 75827 75830 75831 75832 75835 75837 75838 75838 75840 75840 75841 75842 75843 75847 75849 75850 75852 75854 75855 75857 75859 75859 75861 75861 75862 75863 75863 75865 75865 75865 75866 75866 75866 75867 75867 75868 75868 75869 75870 75872 75872 75872 75875 75876 75877 75878 75879 75881 75881 75882 75883 75884 75886 75890 75892 75893 75895 75895 75896 75896 75897 75898 75898 75899 75901 75902 75903 75904 75905 75906 75909 75909 75909 75910 75911 75911 75912 75913 75914 75915 75917 75919 75920 75920 75921 75925 75925 75925 75926 75926 75926 75928 75929 75929 75931 75931 75932 75932 75933 75934 75935 75935 75935 75936 75938 75940 75941 75941 75942 75942 75942 75945 75946 75946 75946 75947 75949 75950 75951 75951 75952 75953 75953 75955 75958 75958 75959 75960 75963 75965 75966 75967 75967 75967 75970 75971 75973 75974 75975 75975 75976 75979 75979 75979 75980 75981 75983 75983 75984 75986 75986 75987 75991 75995 75995 75997 75997 75999 75999 76000 76000 76001 76001 76001 76003 76005 76006 76006 76007 76007 76008 76009 76009 76010 76013 76015 76015 76016 76018 76019 76020 76021 76021 76022 76025 76025 76025 76028 76029 76030 76031 76032 76035 76036 76038 76039 76039 76040 76040 76041 76041 76042 76043 76043 76043 76044 76044 76045 76046 76047 76047 76048 76049 76049 76050 76050 76050 76051 76053 76055 76057 76057 76057 76059 76060 76061 76061 76062 76063 76063 76065 76068 76069 76069 76070 76070 76070 76072 76072 76074 76076 76077 76077 76077 76079 76080 76081 76082 76082 76083 76087 76088 76089 76089 76089 76090 76091 76091 76093 76095 76095 76096 76096 76097 76098 76102 76105 76106 76108 76110 76111 76111 76111 76112 76112 76112 76113 76114 76115 76118 76120 76121 76121 76122 76126 76127 76128 76128 76130 76130 76131 76131 76131 76132 76134 76135 76137 76137 76138 76138 76138 76139 76139 76139 76140 76140 76141 76141 76142 76142 76143 76144 76144 76144 76146 76147 76148 76150 76150 76151 76152 76152 76152 76155 76157 76158 76158 76158 76161 76161 76162 76162 76163 76163 76164 76165 76165 76166 76170 76172 76173 76173 76174 76178 76180 76180 76181 76182 76183 76184 76184 76185 76186 76187 76189 76190 76190 76192 76195 76195 76196 76198 76199 76199 76199 76202 76203 76204 76204 76207 76209 76212 76213 76214 76217 76217 76217 76217 76218 76218 76219 76221 76222 76223 76225 76228 76228 76230 76233 76233 76234 76235 76236 76238 76239 76240 76242 76244 76245 76245 76246 76246 76246 76247 76247 76248 76248 76250 76250 76251 76251 76252 76253 76254 76255 76256 76256 76258 76259 76259 76260 76261 76261 76262 76263 76263 76263 76268 76270 76270 76271 76277 76278 76278 76279 76279 76280 76281 76282 76283 76283 76286 76287 76288 76288 76288 76289 76289 76291 76292 76293 76294 76296 76296 76297 76297 76297 76298 76299 76301 76303 76303 76303 76304 76305 76306 76306 76308 76309 76309 76309 76310 76310 76310 76310 76315 76316 76316 76316 76316 76317 76318 76318 76319 76321 76322 76322 76323 76324 76325 76325 76327 76327 76328 76328 76329 76329 76330 76330 76330 76333 76333 76334 76335 76338 76338 76338 76340 76340 76341 76342 76343 76343 76343 76344 76345 76346 76346 76348 76350 76350 76350 76351 76352 76353 76354 76354 76355 76357 76357 76357 76358 76359 76359 76361 76362 76363 76365 76366 76366 76367 76367 76369 76370 76370 76370 76371 76372 76373 76374 76378 76384 76384 76386 76387 76387 76388 76389 76390 76390 76391 76392 76392 76395 76396 76396 76397 76399 76399 76400 76401 76401 76402 76403 76403 76404 76405 76405 76407 76407 76407 76408 76408 76412 76413 76414 76416 76416 76417 76417 76418 76419 76420 76421 76423 76423 76424 76425 76427 76429 76429 76430 76433 76433 76434 76434 76434 76437 76438 76438 76439 76439 76440 76441 76441 76443 76447 76448 76448 76451 76451 76452 76453 76454 76455 76455 76456 76457 76459 76459 76462 76465 76466 76466 76469 76470 76471 76473 76474 76475 76475 76476 76476 76476 76477 76480 76480 76481 76481 76482 76482 76483 76484 76484 76486 76486 76486 76487 76487 76488 76490 76491 76491 76493 76493 76495 76495 76497 76497 76498 76499 76499 76500 76502 76503 76504 76504 76505 76506 76506 76507 76507 76507 76508 76510 76511 76512 76513 76516 76518 76519 76520 76520 76522 76523 76523 76525 76527 76527 76530 76530 76534 76534 76537 76537 76538 76539 76540 76543 76545 76546 76547 76548 76548 76550 76550 76551 76552 76554 76555 76559 76559 76559 76560 76563 76563 76564 76565 76567 76567 76567 76570 76570 76570 76571 76571 76571 76573 76575 76575 76575 76576 76576 76576 76576 76578 76578 76578 76580 76580 76580 76583 76583 76583 76587 76588 76589 76593 76593 76598 76602 76604 76604 76607 76607 76608 76609 76609 76612 76615 76615 76616 76617 76617 76618 76619 76619 76621 76621 76621 76623 76624 76624 76624 76626 76627 76629 76629 76630 76632 76632 76633 76633 76633 76633 76634 76635 76638 76641 76642 76643 76645 76646 76646 76647 76648 76649 76650 76650 76651 76651 76653 76654 76655 76655 76655 76656 76657 76661 76661 76662 76662 76662 76663 76663 76664 76664 76664 76665 76666 76666 76666 76667 76667 76669 76670 76670 76670 76670 76671 76672 76673 76673 76674 76675 76676 76677 76678 76679 76680 76680 76681 76681 76683 76685 76685 76686 76689 76689 76690 76690 76692 76693 76694 76694 76696 76696 76699 76700 76703 76704 76704 76704 76705 76705 76706 76706 76709 76710 76710 76712 76713 76715 76716 76718 76719 76719 76720 76721 76722 76723 76724 76724 76724 76725 76725 76727 76727 76728 76728 76729 76732 76733 76734 76735 76736 76737 76737 76738 76739 76740 76740 76745 76745 76746 76746 76749 76751 76751 76752 76754 76757 76759 76760 76765 76767 76768 76769 76769 76770 76771 76771 76774 76775 76777 76779 76779 76782 76783 76786 76789 76791 76791 76791 76792 76792 76792 76792 76793 76793 76794 76796 76796 76796 76796 76796 76798 76800 76802 76803 76806 76806 76807 76807 76808 76808 76808 76808 76810 76811 76811 76812 76813 76813 76814 76814 76814 76815 76816 76818 76818 76818 76819 76821 76821 76822 76822 76823 76823 76823 76826 76827 76829 76829 76829 76829 76830 76831 76832 76834 76835 76836 76836 76836 76837 76837 76837 76839 76841 76841 76842 76842 76843 76843 76844 76844 76845 76846 76847 76848 76850 76852 76855 76855 76856 76858 76859 76861 76861 76861 76862 76862 76863 76863 76864 76867 76867 76869 76869 76870 76870 76870 76871 76871 76872 76873 76876 76876 76877 76878 76878 76879 76879 76879 76881 76882 76883 76883 76884 76884 76885 76885 76885 76886 76886 76886 76887 76893 76894 76894 76895 76895 76896 76896 76896 76897 76897 76897 76899 76900 76900 76901 76902 76903 76903 76904 76904 76905 76909 76909 76910 76911 76912 76912 76914 76915 76917 76917 76917 76918 76920 76921 76922 76922 76923 76923 76924 76924 76926 76926 76926 76928 76928 76931 76931 76934 76934 76936 76936 76937 76937 76937 76939 76940 76940 76942 76945 76945 76946 76946 76946 76950 76950 76950 76951 76953 76953 76954 76954 76955 76955 76957 76958 76963 76963 76965 76967 76968 76968 76969 76969 76970 76972 76973 76974 76974 76975 76978 76978 76981 76981 76981 76982 76983 76984 76987 76987 76987 76988 76989 76990 76990 76992 76993 76993 76994 76995 76995 76996 76997 76997 76999 77000 77001 77001 77002 77003 77003 77003 77004 77005 77006 77007 77008 77008 77009 77009 77010 77010 77010 77011 77012 77013 77014 77014 77014 77015 77016 77016 77017 77017 77018 77018 77019 77019 77020 77021 77021 77023 77023 77023 77024 77024 77026 77029 77030 77030 77031 77036 77038 77040 77040 77040 77041 77046 77046 77046 77047 77051 77051 77054 77055 77056 77056 77057 77058 77059 77061 77063 77065 77067 77070 77070 77070 77070 77071 77071 77075 77075 77078 77078 77079 77080 77081 77081 77082 77087 77087 77090 77091 77094 77094 77095 77095 77095 77095 77096 77097 77101 77101 77101 77102 77102 77102 77104 77106 77106 77107 77108 77109 77110 77110 77111 77111 77111 77111 77112 77114 77117 77119 77121 77122 77123 77124 77124 77126 77126 77126 77127 77127 77129 77130 77131 77131 77132 77133 77134 77134 77134 77137 77138 77139 77139 77140 77141 77145 77146 77146 77147 77148 77150 77151 77153 77153 77153 77153 77154 77156 77157 77158 77160 77160 77162 77162 77162 77163 77163 77164 77166 77168 77168 77169 77170 77170 77170 77172 77173 77173 77174 77176 77176 77177 77178 77178 77181 77181 77182 77182 77183 77184 77184 77190 77193 77193 77193 77194 77196 77198 77198 77200 77200 77202 77202 77203 77203 77205 77206 77209 77209 77210 77210 77211 77211 77212 77212 77213 77213 77214 77214 77215 77216 77216 77217 77217 77218 77218 77218 77219 77219 77222 77222 77223 77224 77224 77225 77225 77226 77227 77229 77229 77230 77231 77231 77231 77232 77233 77234 77235 77240 77242 77242 77242 77243 77243 77245 77245 77245 77246 77247 77248 77250 77251 77253 77253 77255 77256 77257 77259 77261 77264 77266 77267 77268 77271 77272 77272 77273 77273 77276 77278 77278 77278 77281 77282 77283 77283 77284 77284 77285 77285 77287 77288 77291 77292 77293 77293 77293 77293 77293 77295 77296 77297 77297 77300 77304 77305 77306 77308 77308 77308 77308 77309 77309 77310 77312 77312 77313 77314 77316 77317 77317 77319 77319 77321 77322 77323 77325 77326 77328 77328 77330 77331 77331 77333 77333 77335 77335 77336 77338 77339 77339 77340 77341 77343 77344 77344 77346 77346 77347 77348 77350 77351 77352 77352 77353 77354 77354 77355 77357 77357 77359 77361 77361 77361 77362 77363 77364 77365 77366 77367 77369 77370 77372 77376 77376 77376 77377 77377 77378 77378 77378 77380 77380 77381 77382 77382 77383 77384 77384 77385 77385 77385 77386 77386 77388 77392 77393 77394 77395 77396 77397 77397 77397 77398 77400 77403 77403 77404 77404 77407 77408 77409 77410 77411 77413 77413 77414 77417 77417 77417 77417 77418 77419 77420 77421 77422 77422 77424 77425 77426 77428 77429 77432 77433 77433 77433 77434 77436 77436 77437 77440 77443 77444 77444 77445 77445 77446 77448 77448 77448 77450 77450 77452 77453 77456 77458 77459 77461 77461 77462 77463 77468 77468 77472 77474 77475 77475 77475 77476 77476 77476 77477 77478 77480 77481 77481 77483 77484 77484 77485 77485 77486 77486 77490 77490 77491 77492 77493 77494 77495 77496 77496 77496 77496 77497 77498 77498 77499 77500 77500 77501 77501 77503 77505 77505 77506 77507 77507 77508 77509 77510 77515 77516 77517 77518 77518 77520 77523 77523 77524 77524 77525 77526 77527 77527 77528 77529 77532 77532 77532 77537 77537 77539 77540 77540 77540 77541 77543 77545 77546 77547 77549 77549 77550 77550 77550 77550 77550 77554 77557 77558 77558 77558 77560 77562 77562 77562 77564 77568 77569 77570 77571 77571 77571 77571 77573 77578 77582 77584 77585 77586 77588 77589 77589 77589 77591 77591 77594 77594 77596 77597 77597 77599 77599 77600 77600 77601 77601 77602 77604 77605 77606 77606 77606 77607 77609 77609 77609 77612 77612 77614 77617 77618 77620 77620 77621 77621 77621 77621 77621 77622 77622 77624 77624 77625 77627 77628 77628 77629 77630 77631 77631 77632 77634 77634 77636 77637 77637 77637 77638 77639 77640 77641 77641 77643 77645 77646 77646 77647 77647 77648 77649 77653 77656 77656 77656 77657 77658 77660 77661 77664 77664 77666 77667 77667 77669 77671 77671 77671 77676 77676 77680 77680 77684 77685 77686 77688 77688 77690 77691 77692 77692 77693 77694 77694 77694 77694 77697 77698 77698 77699 77700 77700 77700 77701 77701 77704 77705 77705 77707 77707 77708 77708 77708 77712 77713 77715 77717 77719 77720 77721 77724 77726 77726 77728 77729 77731 77735 77738 77738 77739 77740 77741 77744 77745 77745 77746 77746 77749 77750 77750 77751 77752 77753 77755 77756 77757 77757 77757 77758 77758 77759 77760 77761 77761 77761 77763 77763 77764 77764 77766 77767 77770 77771 77771 77771 77772 77772 77773 77774 77777 77777 77777 77779 77779 77779 77779 77780 77783 77784 77785 77786 77787 77788 77791 77792 77793 77794 77795 77798 77798 77799 77800 77800 77800 77803 77803 77803 77804 77804 77804 77805 77805 77805 77805 77806 77807 77809 77809 77810 77810 77810 77811 77812 77813 77813 77814 77814 77814 77814 77816 77817 77818 77819 77819 77820 77823 77824 77826 77829 77829 77831 77831 77831 77831 77834 77835 77836 77839 77839 77839 77841 77844 77846 77847 77847 77848 77848 77849 77850 77851 77855 77856 77856 77858 77860 77861 77863 77864 77864 77865 77869 77870 77870 77871 77871 77871 77872 77872 77872 77873 77873 77874 77875 77880 77880 77881 77884 77884 77885 77887 77887 77890 77891 77891 77892 77894 77897 77898 77899 77901 77901 77903 77904 77907 77907 77908 77910 77910 77910 77911 77913 77913 77915 77916 77916 77916 77917 77918 77918 77919 77919 77919 77919 77924 77924 77924 77925 77928 77930 77930 77932 77932 77934 77935 77935 77937 77938 77939 77942 77945 77948 77948 77951 77954 77955 77955 77958 77959 77960 77961 77963 77964 77964 77964 77964 77964 77964 77965 77965 77965 77966 77970 77971 77972 77972 77972 77973 77973 77973 77974 77975 77975 77976 77977 77977 77978 77979 77981 77981 77981 77981 77983 77984 77987 77987 77988 77989 77991 77992 77993 77994 77995 77995 77996 77996 77999 78000 78001 78002 78007 78009 78012 78012 78014 78016 78017 78017 78017 78018 78019 78020 78020 78021 78023 78024 78025 78026 78026 78027 78028 78029 78030 78030 78031 78031 78032 78032 78033 78034 78036 78036 78036 78037 78037 78038 78038 78038 78038 78039 78040 78042 78042 78043 78043 78044 78044 78045 78046 78051 78052 78052 78053 78053 78053 78054 78055 78057 78057 78058 78058 78060 78065 78066 78067 78067 78067 78067 78068 78071 78072 78074 78075 78076 78077 78079 78081 78082 78082 78082 78083 78084 78085 78087 78089 78092 78092 78093 78095 78095 78096 78096 78097 78098 78098 78100 78101 78103 78104 78105 78105 78105 78108 78108 78108 78109 78109 78110 78110 78111 78113 78114 78114 78115 78118 78118 78118 78118 78119 78119 78119 78123 78123 78126 78127 78129 78130 78130 78132 78132 78132 78133 78134 78134 78134 78135 78136 78137 78137 78138 78139 78142 78142 78143 78143 78145 78147 78148 78148 78148 78149 78149 78149 78150 78150 78151 78151 78151 78153 78154 78155 78155 78155 78157 78157 78157 78160 78160 78161 78162 78162 78163 78164 78165 78165 78166 78168 78169 78169 78170 78171 78171 78171 78172 78172 78174 78174 78174 78176 78177 78179 78181 78182 78184 78184 78185 78186 78186 78187 78187 78188 78188 78190 78191 78192 78192 78194 78195 78195 78196 78196 78197 78197 78200 78200 78201 78203 78204 78206 78206 78207 78208 78209 78209 78210 78210 78211 78211 78212 78212 78214 78214 78216 78217 78219 78219 78220 78222 78223 78224 78225 78225 78225 78225 78226 78227 78229 78229 78230 78230 78232 78233 78233 78233 78233 78234 78237 78237 78239 78240 78240 78241 78243 78244 78244 78244 78245 78247 78247 78247 78248 78248 78248 78249 78250 78250 78251 78251 78255 78255 78255 78259 78260 78260 78262 78264 78265 78267 78267 78270 78273 78273 78273 78274 78274 78275 78275 78275 78275 78275 78277 78278 78278 78278 78281 78282 78282 78282 78283 78284 78284 78285 78286 78286 78286 78287 78288 78290 78290 78290 78290 78290 78290 78292 78293 78294 78294 78297 78299 78300 78301 78302 78302 78303 78306 78307 78310 78313 78314 78314 78317 78319 78319 78319 78321 78321 78322 78322 78323 78324 78324 78324 78326 78328 78329 78330 78330 78332 78332 78333 78333 78333 78333 78336 78336 78338 78342 78343 78343 78344 78344 78345 78346 78347 78350 78351 78351 78351 78352 78353 78353 78355 78357 78357 78359 78360 78360 78361 78361 78362 78363 78363 78364 78365 78365 78365 78366 78366 78366 78367 78368 78369 78369 78369 78370 78372 78372 78372 78373 78373 78375 78375 78377 78379 78379 78380 78381 78382 78385 78385 78386 78386 78390 78390 78391 78393 78395 78395 78395 78396 78399 78399 78399 78400 78403 78407 78409 78410 78410 78414 78414 78414 78418 78419 78420 78420 78421 78421 78422 78422 78422 78423 78424 78425 78425 78426 78428 78428 78429 78429 78432 78432 78432 78436 78436 78438 78439 78439 78439 78441 78443 78444 78446 78446 78446 78447 78449 78450 78450 78452 78452 78455 78455 78456 78457 78457 78459 78459 78459 78463 78463 78464 78466 78466 78468 78469 78469 78470 78470 78471 78471 78472 78473 78474 78476 78477 78477 78479 78481 78484 78486 78487 78488 78488 78492 78492 78495 78496 78499 78499 78500 78501 78504 78504 78505 78506 78506 78507 78509 78510 78511 78511 78512 78513 78517 78519 78520 78520 78521 78522 78523 78523 78524 78524 78524 78525 78525 78526 78526 78526 78527 78530 78532 78533 78535 78535 78536 78537 78537 78537 78538 78539 78539 78541 78542 78543 78544 78544 78545 78546 78546 78547 78548 78549 78550 78550 78552 78554 78554 78555 78555 78556 78558 78561 78561 78561 78562 78563 78563 78564 78569 78569 78569 78569 78570 78571 78571 78572 78572 78573 78574 78578 78578 78578 78579 78580 78581 78582 78582 78582 78583 78584 78584 78585 78586 78587 78587 78589 78592 78593 78593 78597 78598 78599 78600 78602 78602 78603 78603 78606 78606 78606 78608 78608 78608 78609 78610 78610 78612 78612 78612 78614 78614 78618 78623 78625 78626 78627 78629 78629 78629 78630 78631 78632 78632 78632 78632 78633 78634 78634 78634 78635 78636 78637 78638 78639 78640 78640 78641 78642 78644 78644 78646 78649 78650 78651 78653 78653 78653 78654 78655 78656 78656 78657 78659 78659 78659 78660 78661 78661 78662 78662 78663 78663 78663 78664 78665 78668 78668 78670 78670 78671 78672 78673 78673 78674 78676 78679 78679 78679 78679 78680 78680 78681 78682 78683 78684 78684 78684 78686 78687 78687 78687 78689 78690 78691 78691 78691 78692 78692 78693 78695 78695 78697 78697 78697 78697 78698 78698 78698 78699 78699 78700 78703 78703 78703 78705 78707 78708 78711 78714 78714 78717 78720 78720 78720 78722 78723 78723 78725 78726 78726 78729 78732 78732 78735 78739 78740 78741 78744 78744 78744 78745 78748 78751 78751 78752 78752 78752 78753 78754 78755 78756 78757 78759 78759 78759 78761 78761 78762 78763 78763 78765 78766 78767 78768 78768 78769 78769 78771 78772 78773 78773 78774 78774 78774 78778 78778 78778 78778 78779 78783 78784 78784 78788 78788 78788 78788 78791 78791 78791 78792 78794 78796 78796 78797 78797 78798 78799 78801 78801 78801 78801 78802 78802 78803 78804 78806 78806 78807 78807 78807 78808 78809 78810 78810 78811 78811 78811 78812 78813 78813 78815 78816 78816 78817 78817 78817 78818 78819 78821 78822 78822 78823 78824 78829 78831 78831 78831 78831 78832 78834 78834 78834 78835 78835 78839 78839 78840 78840 78842 78843 78844 78849 78849 78850 78851 78852 78852 78853 78853 78854 78854 78856 78857 78858 78859 78860 78860 78860 78862 78863 78863 78864 78867 78867 78868 78868 78869 78869 78872 78872 78874 78874 78875 78879 78879 78881 78881 78882 78882 78883 78885 78886 78887 78887 78889 78889 78889 78891 78891 78891 78891 78895 78897 78898 78899 78899 78902 78903 78905 78905 78909 78910 78915 78915 78915 78916 78917 78917 78917 78918 78918 78919 78919 78922 78923 78926 78929 78929 78929 78930 78932 78933 78933 78934 78936 78938 78939 78939 78940 78940 78943 78944 78945 78946 78947 78947 78947 78948 78949 78949 78950 78951 78952 78952 78954 78955 78959 78959 78959 78960 78961 78961 78961 78962 78963 78963 78965 78965 78968 78969 78971 78971 78972 78973 78976 78976 78977 78978 78979 78980 78981 78983 78985 78986 78986 78986 78987 78987 78988 78989 78989 78990 78990 78991 78994 78994 78994 78995 78995 78995 78997 78997 78998 78999 78999 79000 79000 79001 79004 79004 79004 79005 79005 79005 79006 79007 79009 79011 79013 79014 79015 79016 79017 79020 79021 79022 79023 79023 79026 79028 79029 79029 79030 79030 79031 79031 79033 79034 79037 79040 79040 79040 79040 79040 79042 79042 79043 79045 79046 79047 79049 79049 79050 79050 79050 79050 79052 79053 79055 79055 79056 79056 79059 79059 79060 79060 79061 79062 79065 79065 79066 79066 79067 79067 79068 79068 79069 79069 79071 79075 79077 79078 79080 79080 79083 79085 79087 79088 79089 79091 79091 79091 79091 79092 79092 79093 79093 79094 79096 79097 79100 79100 79103 79103 79105 79108 79108 79109 79109 79109 79110 79110 79111 79112 79113 79116 79116 79117 79118 79119 79121 79122 79123 79124 79124 79125 79125 79126 79127 79127 79128 79129 79129 79134 79134 79136 79137 79139 79139 79140 79140 79142 79145 79146 79146 79147 79149 79153 79153 79153 79154 79155 79156 79157 79159 79160 79160 79161 79163 79164 79165 79165 79166 79166 79166 79167 79168 79168 79169 79172 79172 79174 79176 79177 79177 79178 79179 79180 79181 79181 79183 79184 79188 79190 79193 79195 79195 79195 79197 79198 79198 79199 79199 79201 79201 79204 79205 79207 79207 79209 79211 79213 79214 79214 79215 79217 79219 79222 79222 79222 79224 79225 79227 79227 79229 79229 79230 79232 79235 79236 79237 79237 79238 79239 79240 79240 79242 79242 79243 79243 79243 79245 79245 79245 79247 79250 79253 79253 79257 79257 79257 79258 79259 79260 79263 79265 79265 79265 79265 79267 79268 79268 79268 79269 79271 79271 79271 79271 79272 79272 79273 79273 79273 79276 79276 79277 79277 79277 79278 79282 79283 79284 79284 79285 79285 79288 79291 79291 79292 79293 79295 79295 79296 79297 79299 79299 79300 79301 79301 79302 79303 79304 79304 79304 79305 79305 79305 79306 79308 79309 79309 79310 79310 79311 79313 79313 79314 79315 79316 79318 79320 79323 79325 79326 79328 79329 79331 79332 79336 79338 79339 79341 79341 79343 79343 79343 79345 79345 79347 79347 79348 79350 79351 79353 79353 79353 79353 79353 79354 79356 79356 79358 79360 79361 79362 79362 79362 79363 79364 79364 79364 79366 79366 79366 79368 79368 79369 79370 79370 79374 79374 79374 79375 79377 79379 79382 79382 79385 79386 79389 79390 79391 79391 79392 79392 79392 79396 79398 79398 79400 79403 79403 79403 79403 79404 79405 79407 79409 79410 79411 79411 79415 79416 79417 79417 79418 79420 79420 79424 79427 79427 79428 79429 79430 79431 79431 79432 79432 79432 79434 79435 79436 79441 79441 79442 79442 79443 79443 79445 79445 79445 79446 79446 79446 79446 79446 79447 79448 79449 79450 79450 79452 79452 79452 79453 79454 79454 79457 79458 79458 79458 79462 79462 79464 79465 79465 79465 79465 79466 79467 79468 79468 79469 79470 79470 79471 79473 79473 79474 79477 79479 79480 79480 79480 79482 79483 79483 79483 79485 79486 79486 79487 79487 79490 79490 79492 79493 79494 79496 79498 79499 79501 79501 79503 79503 79504 79504 79504 79504 79505 79507 79509 79510 79510 79511 79511 79512 79513 79513 79515 79515 79518 79521 79522 79524 79527 79528 79529 79530 79530 79531 79532 79532 79532 79533 79534 79534 79534 79535 79536 79537 79538 79538 79539 79539 79539 79542 79545 79547 79548 79548 79548 79548 79549 79550 79552 79554 79555 79555 79555 79556 79557 79558 79558 79558 79558 79559 79561 79562 79563 79564 79564 79567 79567 79567 79567 79568 79568 79568 79569 79569 79571 79572 79573 79573 79574 79576 79576 79576 79577 79580 79582 79583 79585 79585 79586 79587 79588 79589 79589 79590 79591 79591 79592 79592 79592 79592 79593 79595 79595 79595 79596 79598 79599 79599 79599 79603 79603 79603 79605 79609 79610 79613 79615 79617 79620 79621 79621 79622 79623 79624 79625 79625 79627 79628 79629 79631 79631 79633 79635 79635 79636 79640 79640 79643 79643 79644 79645 79646 79648 79648 79648 79648 79648 79649 79650 79650 79651 79652 79654 79655 79655 79655 79656 79657 79657 79657 79658 79658 79659 79661 79664 79664 79665 79667 79668 79668 79668 79669 79669 79670 79671 79671 79672 79673 79675 79676 79678 79678 79680 79680 79682 79683 79683 79684 79686 79687 79687 79688 79690 79691 79692 79693 79693 79695 79696 79697 79698 79703 79707 79712 79713 79715 79715 79716 79717 79718 79719 79720 79721 79721 79722 79723 79723 79723 79725 79726 79727 79727 79729 79729 79729 79730 79731 79731 79732 79735 79735 79736 79736 79737 79737 79738 79739 79739 79740 79741 79742 79742 79742 79742 79743 79744 79744 79744 79747 79750 79751 79753 79757 79760 79761 79762 79762 79762 79763 79763 79764 79764 79764 79767 79768 79771 79773 79774 79776 79778 79780 79781 79782 79782 79783 79783 79784 79784 79784 79786 79786 79786 79789 79791 79791 79792 79793 79794 79796 79797 79798 79798 79799 79799 79801 79801 79801 79801 79802 79802 79802 79803 79806 79807 79808 79808 79808 79809 79809 79810 79811 79811 79811 79812 79813 79814 79815 79815 79815 79815 79817 79817 79818 79819 79820 79822 79822 79823 79823 79823 79824 79824 79827 79828 79830 79832 79835 79837 79838 79840 79840 79842 79843 79844 79845 79847 79851 79852 79852 79852 79854 79855 79855 79856 79856 79857 79859 79859 79860 79863 79864 79865 79866 79866 79867 79867 79868 79869 79870 79873 79873 79874 79876 79877 79878 79879 79879 79881 79881 79882 79884 79884 79885 79886 79887 79887 79887 79887 79888 79888 79889 79890 79891 79892 79894 79894 79894 79894 79895 79896 79896 79899 79899 79900 79901 79902 79904 79904 79906 79906 79907 79908 79909 79909 79909 79910 79912 79913 79916 79916 79916 79919 79920 79921 79922 79924 79926 79926 79928 79928 79930 79931 79933 79933 79934 79935 79935 79935 79935 79936 79936 79937 79940 79941 79941 79941 79941 79944 79944 79944 79946 79947 79947 79947 79949 79949 79950 79950 79951 79951 79955 79956 79956 79956 79957 79958 79960 79962 79963 79964 79965 79965 79965 79965 79968 79968 79968 79969 79969 79969 79970 79970 79971 79973 79974 79974 79975 79979 79979 79979 79980 79980 79980 79981 79982 79984 79984 79984 79985 79989 79991 79992 79993 79994 79994 79996 79996 79996 79996 79997 79999 80000 80005 80006 80006 80006 80007 80007 80010 80011 80012 80012 80014 80014 80015 80019 80020 80021 80022 80022 80023 80023 80023 80024 80024 80024 80025 80026 80029 80029 80029 80030 80032 80032 80032 80033 80033 80033 80033 80034 80037 80040 80040 80040 80041 80045 80046 80047 80047 80048 80049 80049 80053 80054 80055 80056 80057 80058 80058 80061 80061 80062 80063 80063 80065 80067 80067 80070 80071 80072 80072 80073 80074 80075 80077 80077 80078 80078 80081 80081 80084 80085 80086 80086 80087 80087 80088 80089 80089 80089 80090 80090 80092 80094 80095 80095 80096 80097 80097 80098 80099 80101 80103 80106 80109 80109 80111 80112 80113 80113 80116 80116 80117 80118 80119 80119 80120 80122 80124 80124 80124 80125 80125 80128 80129 80130 80130 80131 80133 80133 80134 80134 80136 80136 80137 80139 80141 80141 80143 80147 80148 80148 80153 80154 80155 80159 80160 80163 80163 80164 80169 80170 80173 80175 80175 80176 80178 80178 80181 80182 80183 80185 80187 80187 80189 80190 80190 80190 80191 80191 80193 80197 80197 80197 80200 80200 80204 80204 80204 80205 80209 80209 80210 80210 80211 80212 80213 80214 80214 80215 80218 80218 80221 80223 80223 80225 80226 80227 80228 80228 80229 80229 80231 80231 80233 80235 80235 80237 80237 80238 80238 80239 80241 80241 80241 80244 80245 80246 80247 80248 80249 80249 80251 80251 80251 80251 80252 80253 80253 80254 80255 80256 80256 80259 80260 80261 80261 80261 80263 80263 80265 80266 80266 80266 80267 80267 80270 80270 80271 80273 80275 80276 80277 80278 80279 80279 80280 80281 80282 80287 80292 80292 80293 80293 80294 80295 80296 80296 80297 80297 80297 80298 80298 80300 80301 80302 80306 80306 80307 80307 80309 80310 80310 80312 80314 80314 80315 80317 80317 80318 80319 80320 80320 80323 80324 80326 80326 80327 80329 80330 80330 80330 80332 80332 80332 80333 80334 80335 80337 80337 80337 80338 80339 80339 80341 80343 80347 80347 80348 80350 80350 80351 80351 80351 80353 80353 80353 80353 80354 80354 80356 80356 80357 80357 80357 80358 80358 80361 80361 80361 80362 80362 80362 80363 80365 80368 80368 80370 80370 80370 80371 80372 80373 80374 80375 80375 80376 80376 80377 80379 80380 80381 80383 80383 80385 80385 80385 80386 80387 80387 80387 80388 80389 80389 80391 80391 80392 80393 80394 80395 80399 80399 80399 80400 80401 80402 80402 80403 80405 80406 80406 80409 80410 80411 80412 80413 80414 80415 80415 80416 80419 80419 80421 80422 80422 80422 80423 80423 80423 80428 80429 80429 80430 80430 80431 80431 80432 80433 80433 80434 80436 80437 80437 80440 80441 80443 80443 80443 80446 80446 80446 80447 80447 80449 80450 80452 80452 80453 80454 80454 80455 80456 80456 80459 80460 80461 80465 80465 80465 80466 80466 80466 80466 80469 80470 80470 80473 80473 80474 80475 80475 80476 80477 80477 80478 80479 80479 80480 80481 80481 80481 80484 80485 80485 80486 80487 80488 80490 80491 80491 80491 80491 80491 80493 80494 80495 80495 80496 80497 80500 80502 80505 80506 80506 80508 80510 80512 80512 80512 80513 80515 80515 80516 80517 80518 80519 80519 80520 80521 80524 80529 80529 80531 80532 80532 80534 80536 80537 80537 80539 80540 80540 80542 80543 80543 80544 80545 80545 80545 80545 80547 80548 80548 80549 80550 80551 80552 80552 80553 80554 80555 80555 80558 80558 80558 80559 80560 80560 80560 80561 80563 80564 80566 80567 80567 80567 80568 80568 80569 80571 80572 80574 80575 80576 80576 80581 80583 80583 80583 80585 80586 80587 80587 80588 80591 80591 80592 80592 80593 80597 80597 80597 80598 80600 80600 80600 80604 80604 80606 80607 80608 80610 80610 80612 80614 80614 80615 80615 80618 80619 80620 80621 80621 80621 80624 80624 80625 80625 80625 80625 80626 80627 80627 80629 80629 80629 80630 80631 80632 80633 80633 80633 80634 80634 80636 80637 80637 80638 80638 80640 80642 80642 80644 80647 80648 80648 80648 80648 80649 80653 80654 80654 80654 80654 80654 80656 80658 80659 80660 80660 80660 80660 80661 80661 80662 80664 80665 80665 80665 80666 80669 80670 80672 80675 80677 80677 80682 80684 80686 80686 80686 80689 80692 80692 80692 80693 80694 80695 80696 80699 80700 80701 80701 80702 80703 80703 80704 80706 80706 80707 80707 80708 80709 80709 80710 80710 80711 80711 80712 80712 80712 80715 80716 80718 80721 80721 80721 80722 80723 80725 80725 80727 80727 80729 80731 80732 80732 80733 80735 80736 80738 80739 80739 80739 80743 80744 80745 80745 80745 80746 80746 80746 80748 80750 80751 80752 80755 80755 80755 80757 80758 80759 80759 80761 80762 80763 80763 80766 80766 80766 80766 80767 80767 80767 80768 80769 80769 80772 80773 80773 80775 80776 80777 80778 80780 80783 80783 80784 80785 80787 80789 80789 80790 80790 80790 80791 80791 80792 80792 80794 80795 80795 80795 80795 80796 80796 80796 80796 80797 80798 80799 80803 80804 80804 80807 80807 80808 80809 80810 80811 80811 80814 80815 80815 80817 80818 80818 80818 80818 80818 80819 80820 80823 80824 80824 80826 80826 80830 80831 80831 80832 80834 80835 80837 80839 80839 80839 80840 80842 80842 80843 80843 80844 80844 80845 80845 80845 80846 80846 80847 80847 80848 80850 80851 80851 80851 80853 80855 80855 80855 80855 80856 80856 80860 80862 80862 80864 80864 80866 80866 80869 80872 80872 80874 80876 80878 80879 80879 80880 80880 80881 80881 80881 80881 80882 80883 80883 80885 80888 80888 80888 80889 80889 80889 80891 80892 80897 80898 80899 80900 80901 80902 80903 80904 80905 80906 80908 80909 80911 80911 80911 80911 80911 80913 80913 80917 80918 80919 80920 80920 80921 80924 80924 80925 80926 80927 80927 80927 80928 80929 80929 80930 80932 80934 80934 80937 80937 80938 80939 80941 80942 80946 80947 80948 80950 80950 80950 80951 80951 80952 80952 80953 80954 80955 80956 80957 80957 80957 80959 80960 80960 80961 80964 80968 80968 80969 80970 80970 80972 80972 80973 80973 80976 80976 80977 80978 80979 80979 80985 80985 80986 80989 80989 80990 80993 80994 80996 80996 80998 81000 81001 81003 81004 81004 81005 81008 81008 81009 81011 81012 81013 81013 81014 81015 81018 81018 81019 81020 81021 81021 81023 81023 81023 81024 81024 81027 81028 81029 81030 81030 81032 81037 81039 81042 81042 81042 81044 81044 81044 81046 81047 81049 81049 81050 81051 81052 81053 81055 81056 81058 81058 81061 81061 81061 81066 81066 81066 81066 81067 81067 81069 81070 81070 81070 81070 81071 81074 81075 81075 81075 81076 81078 81078 81083 81084 81086 81088 81090 81090 81091 81092 81094 81094 81095 81095 81096 81096 81097 81098 81099 81100 81100 81100 81101 81101 81105 81107 81109 81111 81112 81112 81112 81112 81116 81120 81120 81120 81121 81121 81121 81122 81126 81129 81131 81131 81132 81134 81134 81137 81137 81138 81139 81140 81141 81150 81150 81151 81151 81152 81154 81155 81156 81156 81158 81159 81159 81161 81162 81162 81162 81163 81164 81165 81166 81166 81166 81166 81168 81171 81172 81172 81173 81173 81174 81174 81176 81176 81177 81178 81178 81179 81179 81182 81183 81183 81187 81188 81190 81190 81194 81195 81197 81197 81199 81199 81200 81200 81200 81200 81201 81202 81202 81203 81206 81207 81208 81208 81209 81209 81210 81211 81211 81212 81214 81214 81214 81214 81215 81216 81219 81221 81221 81222 81223 81223 81227 81227 81227 81229 81230 81230 81230 81231 81233 81234 81235 81236 81237 81239 81239 81241 81242 81243 81243 81244 81244 81245 81247 81247 81247 81248 81248 81251 81253 81255 81255 81256 81256 81258 81262 81263 81263 81264 81268 81268 81268 81272 81272 81272 81274 81274 81275 81276 81276 81276 81277 81277 81277 81278 81282 81283 81283 81285 81285 81286 81288 81292 81292 81293 81293 81295 81295 81298 81298 81299 81300 81300 81301 81304 81305 81305 81306 81308 81309 81311 81316 81319 81320 81320 81321 81323 81323 81323 81324 81324 81326 81327 81330 81330 81330 81333 81334 81334 81334 81337 81338 81338 81339 81342 81343 81343 81345 81348 81349 81350 81350 81351 81352 81354 81355 81355 81355 81360 81363 81363 81365 81366 81366 81366 81366 81367 81367 81368 81368 81368 81369 81370 81370 81371 81372 81372 81373 81373 81373 81375 81376 81376 81377 81378 81379 81380 81380 81381 81382 81383 81383 81386 81388 81389 81390 81391 81392 81392 81396 81396 81397 81398 81401 81403 81403 81403 81403 81405 81409 81412 81413 81415 81416 81417 81417 81418 81418 81419 81420 81421 81422 81422 81422 81423 81424 81425 81426 81427 81428 81429 81429 81429 81434 81434 81435 81436 81437 81438 81438 81439 81440 81440 81441 81441 81441 81441 81443 81444 81444 81445 81445 81446 81446 81446 81447 81447 81449 81450 81450 81451 81451 81452 81453 81453 81454 81454 81455 81456 81456 81456 81457 81459 81460 81460 81461 81462 81462 81462 81463 81463 81464 81465 81465 81467 81468 81468 81469 81470 81470 81471 81471 81472 81472 81473 81473 81473 81475 81475 81475 81476 81476 81478 81479 81479 81480 81481 81482 81482 81483 81484 81484 81485 81487 81487 81488 81489 81489 81491 81492 81493 81495 81495 81495 81496 81497 81499 81502 81502 81503 81505 81506 81506 81507 81507 81508 81509 81509 81510 81511 81514 81515 81515 81518 81518 81519 81519 81519 81520 81521 81522 81522 81524 81525 81525 81527 81530 81532 81532 81533 81536 81538 81538 81539 81539 81539 81539 81539 81541 81541 81541 81542 81542 81542 81547 81552 81552 81553 81554 81554 81556 81562 81563 81563 81564 81564 81566 81567 81568 81569 81570 81571 81571 81572 81574 81575 81579 81579 81584 81584 81590 81590 81594 81595 81595 81596 81597 81597 81599 81599 81603 81603 81605 81605 81606 81607 81608 81609 81609 81610 81611 81612 81615 81615 81616 81617 81618 81619 81619 81621 81624 81626 81627 81629 81630 81631 81631 81635 81635 81636 81637 81637 81639 81639 81640 81642 81642 81643 81645 81645 81645 81647 81647 81648 81648 81648 81650 81651 81651 81652 81654 81654 81655 81655 81655 81660 81662 81662 81663 81665 81666 81667 81667 81669 81669 81673 81673 81673 81673 81675 81678 81678 81678 81680 81682 81684 81685 81686 81686 81687 81689 81689 81691 81692 81693 81695 81696 81698 81699 81699 81699 81701 81703 81703 81703 81703 81704 81705 81706 81707 81708 81708 81708 81708 81710 81712 81712 81712 81717 81719 81719 81721 81722 81723 81725 81725 81727 81728 81730 81735 81735 81735 81735 81735 81737 81737 81738 81740 81741 81744 81744 81744 81745 81746 81746 81747 81748 81748 81748 81750 81754 81756 81757 81757 81758 81758 81759 81759 81759 81760 81760 81761 81762 81762 81763 81766 81766 81766 81767 81769 81770 81771 81772 81775 81776 81779 81781 81783 81784 81784 81785 81785 81785 81786 81787 81787 81787 81788 81790 81791 81791 81793 81793 81793 81795 81795 81796 81797 81798 81798 81798 81800 81801 81802 81803 81805 81805 81806 81807 81807 81810 81810 81811 81812 81812 81812 81813 81814 81814 81815 81824 81825 81825 81826 81827 81827 81829 81830 81830 81831 81831 81832 81833 81833 81834 81835 81836 81836 81837 81837 81839 81840 81840 81841 81841 81842 81845 81847 81847 81847 81849 81850 81852 81856 81857 81859 81859 81859 81860 81860 81860 81861 81862 81863 81863 81864 81866 81867 81869 81869 81871 81873 81875 81875 81876 81876 81876 81876 81877 81878 81880 81881 81881 81883 81884 81885 81885 81885 81885 81886 81887 81888 81889 81890 81891 81892 81892 81893 81893 81895 81897 81899 81899 81902 81903 81904 81904 81904 81906 81906 81906 81908 81911 81911 81911 81912 81914 81915 81917 81918 81918 81918 81919 81921 81921 81921 81923 81924 81925 81929 81929 81931 81937 81938 81939 81939 81944 81945 81946 81946 81948 81948 81951 81952 81954 81955 81955 81955 81956 81957 81959 81959 81960 81961 81961 81962 81962 81963 81963 81965 81965 81967 81967 81969 81970 81970 81971 81971 81971 81972 81974 81975 81976 81979 81983 81984 81985 81987 81988 81988 81989 81991 81992 81993 81995 81995 81995 81995 81997 82000 82001 82002 82003 82003 82005 82005 82006 82007 82008 82011 82011 82012 82012 82013 82013 82014 82015 82015 82016 82016 82018 82018 82018 82019 82021 82023 82024 82024 82024 82025 82026 82027 82029 82030 82033 82033 82033 82034 82035 82037 82037 82038 82039 82040 82041 82042 82042 82042 82043 82044 82045 82045 82047 82047 82048 82048 82049 82049 82050 82050 82050 82050 82051 82053 82053 82054 82055 82056 82058 82059 82059 82060 82061 82061 82064 82065 82065 82066 82066 82066 82066 82067 82067 82067 82068 82068 82069 82071 82072 82073 82074 82077 82077 82077 82079 82081 82081 82082 82082 82084 82084 82085 82087 82090 82090 82091 82091 82092 82093 82095 82096 82097 82097 82099 82101 82102 82102 82105 82105 82105 82106 82106 82107 82107 82108 82108 82108 82109 82109 82109 82112 82112 82112 82113 82114 82116 82117 82118 82119 82120 82122 82124 82125 82126 82126 82127 82127 82127 82128 82131 82131 82131 82131 82134 82134 82134 82135 82136 82138 82139 82139 82140 82142 82142 82144 82145 82146 82147 82147 82147 82148 82149 82150 82151 82153 82155 82155 82155 82157 82158 82158 82161 82162 82164 82166 82166 82166 82167 82167 82171 82171 82175 82175 82177 82177 82179 82181 82182 82182 82182 82183 82184 82185 82186 82186 82187 82187 82192 82193 82194 82196 82196 82196 82198 82199 82200 82201 82202 82202 82203 82206 82207 82207 82208 82209 82210 82211 82211 82211 82212 82214 82214 82215 82215 82217 82217 82219 82219 82220 82221 82221 82221 82222 82222 82222 82223 82223 82224 82224 82225 82225 82225 82226 82228 82230 82231 82233 82235 82235 82235 82235 82237 82237 82237 82238 82238 82240 82240 82241 82241 82241 82242 82242 82243 82245 82245 82247 82247 82247 82249 82249 82250 82250 82250 82251 82251 82252 82257 82258 82258 82260 82260 82261 82261 82262 82263 82265 82265 82266 82266 82270 82270 82271 82271 82272 82272 82274 82274 82275 82276 82277 82278 82280 82282 82282 82283 82283 82284 82285 82286 82286 82286 82287 82287 82287 82291 82293 82296 82296 82296 82299 82299 82300 82301 82301 82305 82307 82307 82307 82309 82310 82310 82312 82312 82312 82314 82317 82319 82321 82321 82323 82324 82324 82326 82326 82327 82329 82329 82330 82331 82331 82332 82334 82335 82335 82335 82336 82337 82337 82338 82344 82345 82347 82348 82348 82349 82349 82350 82351 82351 82352 82353 82353 82355 82356 82356 82357 82358 82358 82358 82358 82359 82359 82359 82360 82362 82363 82364 82364 82365 82367 82368 82369 82372 82373 82374 82375 82378 82378 82378 82380 82381 82381 82382 82383 82383 82383 82383 82387 82387 82388 82388 82389 82390 82390 82391 82393 82394 82394 82395 82395 82396 82397 82397 82398 82400 82400 82402 82402 82404 82405 82406 82408 82408 82409 82409 82410 82412 82412 82414 82414 82415 82415 82415 82415 82415 82417 82417 82418 82419 82420 82421 82423 82423 82424 82424 82425 82425 82425 82426 82426 82427 82428 82429 82429 82434 82434 82436 82436 82436 82441 82441 82442 82443 82443 82443 82443 82445 82445 82446 82447 82447 82448 82451 82452 82452 82453 82454 82455 82455 82456 82457 82459 82460 82461 82462 82463 82465 82465 82465 82467 82467 82469 82470 82471 82472 82472 82474 82475 82476 82477 82477 82477 82478 82478 82478 82478 82480 82481 82482 82483 82483 82484 82484 82485 82485 82486 82487 82490 82492 82494 82494 82496 82497 82498 82498 82499 82500 82500 82501 82502 82503 82504 82505 82506 82507 82507 82507 82508 82510 82511 82515 82516 82519 82519 82520 82522 82522 82522 82523 82523 82523 82524 82525 82525 82525 82526 82529 82529 82530 82530 82531 82532 82533 82533 82533 82534 82534 82536 82537 82537 82540 82540 82543 82543 82543 82544 82545 82547 82549 82550 82551 82552 82553 82553 82554 82557 82557 82557 82560 82565 82565 82565 82566 82566 82568 82569 82569 82570 82570 82572 82573 82575 82575 82576 82578 82578 82581 82585 82586 82587 82587 82588 82588 82589 82590 82590 82590 82590 82592 82593 82594 82594 82596 82596 82599 82599 82601 82601 82602 82603 82603 82604 82608 82608 82608 82610 82611 82612 82612 82612 82613 82613 82614 82614 82614 82614 82614 82615 82615 82616 82617 82619 82622 82623 82624 82624 82624 82628 82630 82630 82632 82633 82633 82633 82635 82636 82637 82638 82638 82639 82640 82641 82641 82643 82644 82644 82645 82646 82646 82647 82648 82649 82650 82651 82653 82654 82654 82656 82657 82657 82658 82658 82659 82660 82660 82664 82664 82664 82664 82665 82667 82667 82668 82668 82669 82669 82670 82672 82673 82673 82675 82676 82677 82678 82678 82679 82679 82680 82680 82681 82681 82681 82682 82682 82685 82685 82686 82688 82688 82688 82689 82690 82690 82691 82691 82691 82694 82694 82695 82696 82696 82697 82698 82698 82700 82701 82701 82702 82702 82703 82705 82707 82709 82711 82714 82714 82714 82717 82719 82721 82721 82722 82723 82723 82725 82726 82728 82729 82731 82731 82732 82733 82733 82735 82736 82737 82738 82741 82741 82741 82742 82743 82743 82743 82744 82745 82745 82745 82746 82747 82750 82751 82752 82752 82753 82754 82756 82757 82759 82759 82760 82761 82761 82762 82766 82766 82767 82768 82768 82769 82770 82770 82770 82771 82771 82771 82772 82772 82773 82774 82775 82775 82776 82776 82778 82778 82778 82778 82778 82779 82780 82781 82782 82782 82784 82785 82786 82788 82791 82792 82792 82796 82797 82797 82797 82805 82808 82809 82809 82811 82812 82812 82813 82813 82814 82814 82815 82817 82817 82818 82818 82819 82820 82820 82821 82821 82822 82826 82826 82826 82826 82827 82828 82829 82829 82830 82830 82830 82831 82832 82833 82838 82838 82843 82843 82844 82847 82850 82850 82852 82854 82856 82857 82858 82860 82861 82862 82863 82864 82865 82866 82867 82869 82869 82869 82870 82870 82871 82872 82872 82872 82873 82874 82875 82875 82876 82879 82879 82880 82880 82881 82885 82885 82886 82886 82887 82887 82889 82889 82889 82889 82892 82893 82893 82895 82895 82899 82899 82901 82902 82906 82907 82907 82909 82910 82911 82913 82913 82916 82916 82919 82919 82920 82920 82921 82921 82921 82923 82925 82925 82925 82928 82929 82932 82933 82934 82935 82936 82937 82938 82939 82940 82940 82941 82941 82944 82946 82946 82946 82948 82948 82950 82951 82952 82953 82953 82954 82954 82955 82955 82956 82957 82958 82959 82959 82960 82960 82962 82963 82965 82965 82966 82967 82968 82968 82970 82971 82971 82973 82974 82974 82975 82977 82977 82977 82977 82978 82979 82980 82982 82984 82984 82988 82988 82989 82990 82990 82990 82991 82991 82993 82994 82994 82995 82995 82998 82998 82998 82999 83005 83005 83005 83007 83008 83008 83009 83010 83010 83010 83011 83012 83012 83012 83013 83013 83014 83014 83015 83015 83019 83020 83020 83021 83021 83022 83022 83024 83024 83025 83025 83025 83025 83026 83026 83028 83028 83029 83030 83031 83031 83031 83032 83034 83034 83035 83036 83038 83039 83040 83041 83041 83043 83044 83044 83044 83047 83048 83049 83049 83049 83050 83050 83050 83050 83051 83051 83052 83054 83056 83056 83056 83056 83058 83060 83061 83062 83063 83063 83065 83066 83066 83066 83067 83067 83067 83067 83069 83071 83071 83071 83073 83074 83076 83076 83077 83078 83079 83079 83081 83083 83084 83085 83085 83085 83085 83086 83086 83086 83087 83087 83088 83089 83090 83090 83093 83094 83096 83096 83096 83096 83097 83097 83097 83097 83099 83100 83100 83100 83102 83102 83105 83111 83112 83112 83113 83115 83116 83116 83116 83118 83119 83120 83120 83122 83122 83123 83124 83125 83125 83127 83128 83129 83129 83130 83130 83130 83133 83135 83135 83136 83137 83138 83138 83140 83141 83142 83143 83144 83145 83146 83146 83146 83147 83149 83149 83153 83154 83155 83158 83159 83160 83162 83163 83163 83164 83165 83166 83166 83168 83169 83169 83171 83171 83172 83172 83174 83174 83179 83179 83179 83180 83181 83181 83183 83184 83186 83186 83188 83188 83189 83190 83192 83192 83192 83193 83194 83194 83195 83197 83197 83199 83199 83199 83199 83200 83200 83201 83202 83202 83204 83204 83205 83205 83205 83206 83207 83209 83209 83209 83213 83213 83213 83217 83217 83217 83217 83218 83220 83222 83222 83222 83223 83225 83225 83226 83228 83233 83233 83234 83234 83234 83234 83234 83237 83238 83239 83239 83240 83242 83242 83242 83243 83244 83244 83245 83245 83246 83246 83247 83248 83249 83250 83251 83251 83251 83253 83253 83255 83256 83257 83257 83258 83259 83259 83259 83260 83261 83262 83262 83265 83269 83270 83271 83274 83276 83276 83277 83277 83279 83280 83281 83284 83285 83286 83287 83287 83288 83291 83293 83293 83294 83294 83295 83296 83297 83297 83298 83298 83300 83300 83301 83301 83303 83305 83309 83309 83309 83310 83311 83312 83312 83312 83313 83314 83320 83322 83322 83324 83324 83325 83326 83329 83329 83329 83330 83331 83331 83331 83332 83332 83333 83334 83336 83336 83336 83337 83338 83339 83341 83342 83342 83345 83345 83349 83351 83352 83352 83356 83357 83358 83358 83358 83361 83361 83361 83364 83365 83366 83367 83372 83373 83374 83375 83377 83379 83380 83380 83381 83381 83381 83382 83382 83383 83384 83384 83384 83385 83385 83388 83388 83389 83391 83391 83391 83391 83392 83393 83394 83395 83395 83397 83397 83398 83398 83400 83401 83402 83403 83404 83404 83405 83406 83406 83406 83409 83411 83414 83414 83416 83417 83417 83417 83417 83419 83419 83419 83420 83420 83421 83422 83423 83423 83423 83424 83425 83426 83426 83427 83428 83428 83428 83429 83432 83433 83433 83433 83437 83437 83438 83439 83439 83439 83439 83440 83440 83441 83443 83447 83448 83448 83450 83452 83452 83453 83453 83453 83455 83455 83457 83458 83460 83461 83462 83463 83465 83468 83469 83470 83471 83471 83473 83474 83474 83475 83475 83475 83478 83479 83479 83481 83481 83484 83484 83485 83489 83490 83491 83492 83492 83493 83493 83494 83494 83495 83495 83496 83496 83497 83497 83499 83501 83502 83502 83504 83504 83504 83505 83505 83505 83506 83507 83507 83508 83509 83510 83510 83514 83515 83515 83516 83517 83517 83518 83519 83520 83520 83521 83521 83521 83523 83523 83523 83525 83525 83525 83526 83529 83529 83530 83531 83531 83531 83534 83534 83535 83536 83538 83538 83539 83540 83540 83542 83545 83545 83545 83546 83546 83548 83548 83551 83551 83553 83555 83559 83560 83560 83561 83563 83563 83563 83565 83566 83569 83569 83569 83570 83570 83572 83572 83572 83574 83575 83576 83576 83576 83577 83579 83580 83581 83582 83584 83585 83585 83586 83587 83588 83589 83590 83590 83591 83592 83593 83593 83594 83595 83599 83600 83600 83601 83602 83603 83604 83607 83607 83610 83610 83610 83611 83612 83612 83614 83615 83616 83616 83616 83616 83617 83617 83620 83620 83621 83621 83621 83621 83622 83623 83624 83624 83624 83626 83626 83627 83629 83630 83630 83630 83630 83630 83632 83633 83635 83637 83637 83637 83637 83638 83638 83641 83642 83645 83645 83645 83646 83646 83646 83647 83647 83648 83648 83650 83650 83651 83651 83652 83652 83653 83653 83653 83653 83655 83655 83655 83657 83657 83658 83659 83660 83661 83662 83664 83664 83665 83665 83665 83665 83667 83667 83668 83671 83671 83672 83673 83677 83680 83680 83680 83681 83682 83686 83686 83687 83690 83691 83692 83693 83694 83695 83695 83696 83696 83696 83697 83698 83699 83699 83700 83701 83702 83703 83704 83704 83707 83710 83711 83712 83713 83714 83717 83718 83719 83719 83720 83721 83722 83724 83724 83726 83727 83727 83728 83729 83730 83733 83733 83736 83739 83741 83744 83746 83748 83749 83751 83752 83752 83753 83754 83754 83757 83757 83757 83760 83762 83763 83763 83763 83764 83764 83765 83768 83770 83771 83772 83772 83773 83773 83773 83775 83776 83777 83777 83778 83779 83781 83781 83781 83782 83782 83782 83782 83783 83785 83788 83789 83790 83791 83793 83794 83794 83794 83795 83799 83799 83800 83801 83802 83803 83805 83807 83808 83809 83810 83811 83812 83814 83815 83815 83816 83818 83819 83820 83821 83821 83822 83823 83823 83826 83829 83830 83830 83833 83834 83836 83836 83839 83840 83843 83846 83846 83847 83847 83848 83848 83849 83851 83851 83852 83852 83852 83853 83853 83854 83856 83857 83859 83859 83860 83860 83861 83863 83863 83864 83866 83866 83867 83867 83868 83869 83870 83870 83871 83871 83875 83875 83875 83876 83877 83877 83879 83879 83879 83879 83880 83880 83880 83884 83884 83885 83885 83885 83886 83889 83890 83891 83893 83894 83896 83897 83897 83898 83901 83902 83902 83903 83903 83904 83905 83905 83905 83907 83909 83909 83910 83911 83912 83913 83914 83914 83915 83916 83917 83920 83921 83923 83923 83927 83928 83929 83929 83933 83933 83934 83934 83935 83938 83940 83943 83943 83945 83946 83949 83952 83953 83953 83955 83955 83956 83957 83958 83958 83958 83959 83959 83963 83965 83965 83965 83966 83966 83968 83968 83969 83971 83973 83973 83974 83975 83976 83979 83981 83981 83981 83981 83984 83984 83984 83986 83986 83986 83987 83988 83989 83989 83990 83991 83991 83992 83993 83993 83993 83994 83995 83995 83996 83998 83999 83999 84002 84002 84002 84004 84004 84005 84005 84005 84006 84007 84007 84007 84008 84008 84008 84008 84008 84009 84009 84010 84011 84012 84013 84017 84018 84018 84019 84020 84025 84026 84026 84028 84029 84031 84032 84032 84033 84036 84036 84040 84040 84040 84041 84042 84042 84043 84043 84043 84044 84045 84045 84046 84047 84047 84048 84048 84050 84050 84050 84051 84052 84052 84053 84054 84054 84055 84055 84055 84056 84057 84058 84059 84061 84061 84062 84063 84065 84065 84068 84069 84074 84076 84076 84076 84077 84077 84078 84079 84079 84079 84079 84080 84080 84081 84084 84084 84085 84085 84086 84087 84091 84091 84092 84092 84092 84095 84098 84102 84103 84103 84105 84106 84106 84106 84107 84107 84107 84107 84108 84109 84110 84110 84111 84111 84111 84111 84112 84112 84112 84113 84114 84115 84116 84116 84117 84117 84119 84119 84120 84121 84121 84122 84124 84125 84128 84129 84129 84130 84131 84132 84132 84132 84132 84138 84138 84139 84139 84143 84144 84145 84148 84150 84150 84150 84151 84152 84153 84153 84153 84155 84156 84157 84159 84159 84160 84161 84164 84168 84168 84172 84172 84174 84176 84177 84178 84180 84182 84182 84182 84183 84185 84188 84189 84190 84190 84191 84191 84192 84193 84195 84197 84200 84201 84201 84201 84202 84203 84204 84204 84205 84206 84207 84208 84209 84210 84210 84210 84212 84214 84216 84216 84217 84218 84220 84220 84221 84222 84222 84223 84224 84224 84225 84226 84229 84232 84232 84232 84232 84234 84236 84236 84236 84238 84238 84239 84242 84243 84243 84243 84244 84244 84245 84246 84247 84247 84248 84248 84248 84248 84249 84250 84251 84251 84253 84254 84254 84255 84256 84257 84258 84258 84259 84259 84260 84261 84264 84269 84269 84269 84270 84270 84272 84273 84273 84275 84276 84278 84279 84280 84281 84283 84283 84285 84285 84287 84288 84292 84292 84293 84294 84296 84296 84296 84297 84298 84298 84299 84299 84300 84300 84301 84301 84301 84301 84302 84304 84306 84307 84309 84310 84314 84314 84315 84316 84317 84318 84319 84319 84319 84321 84322 84324 84325 84326 84329 84330 84330 84332 84334 84335 84335 84337 84338 84339 84340 84340 84340 84344 84344 84346 84347 84347 84348 84349 84350 84351 84353 84353 84354 84355 84356 84357 84359 84359 84360 84362 84364 84364 84364 84364 84365 84367 84369 84372 84373 84374 84375 84376 84377 84377 84377 84378 84379 84380 84380 84380 84383 84383 84384 84384 84385 84387 84387 84389 84389 84390 84391 84395 84400 84400 84403 84403 84407 84407 84407 84407 84407 84408 84412 84415 84415 84416 84418 84418 84418 84419 84420 84420 84423 84425 84426 84426 84427 84427 84427 84428 84428 84429 84430 84430 84430 84431 84433 84433 84434 84434 84435 84435 84436 84436 84436 84437 84437 84443 84444 84445 84445 84446 84447 84447 84447 84449 84450 84450 84452 84452 84453 84453 84454 84458 84460 84460 84462 84464 84465 84467 84467 84468 84468 84468 84471 84472 84472 84473 84473 84474 84474 84475 84477 84477 84478 84478 84478 84478 84479 84479 84482 84482 84482 84484 84484 84485 84486 84486 84487 84489 84489 84489 84493 84495 84495 84496 84497 84497 84497 84498 84498 84498 84498 84499 84500 84501 84504 84504 84505 84506 84506 84509 84513 84514 84515 84517 84518 84523 84523 84523 84523 84525 84525 84525 84525 84526 84526 84526 84527 84527 84528 84528 84528 84528 84528 84534 84536 84536 84536 84536 84537 84538 84538 84538 84539 84542 84543 84543 84544 84544 84544 84546 84546 84546 84546 84547 84548 84548 84548 84551 84552 84553 84554 84555 84555 84556 84556 84556 84556 84556 84557 84559 84560 84560 84561 84561 84565 84566 84566 84570 84571 84572 84574 84575 84576 84579 84581 84581 84584 84584 84585 84585 84585 84585 84586 84589 84590 84590 84591 84594 84595 84598 84599 84599 84600 84601 84601 84604 84604 84605 84608 84609 84609 84610 84611 84612 84612 84613 84613 84613 84614 84614 84615 84615 84616 84616 84620 84620 84620 84623 84623 84624 84625 84625 84627 84628 84628 84628 84629 84630 84633 84635 84635 84635 84637 84637 84638 84638 84640 84640 84640 84640 84643 84644 84644 84645 84645 84645 84647 84649 84649 84650 84651 84652 84653 84653 84654 84654 84655 84657 84658 84658 84659 84660 84662 84662 84662 84662 84665 84665 84666 84667 84668 84669 84669 84671 84671 84671 84672 84673 84674 84676 84677 84678 84679 84681 84681 84684 84685 84686 84686 84688 84689 84689 84690 84691 84692 84693 84695 84696 84696 84698 84698 84699 84700 84702 84703 84703 84705 84706 84707 84708 84709 84710 84711 84711 84712 84714 84715 84716 84716 84721 84722 84723 84724 84725 84727 84727 84729 84730 84730 84731 84732 84732 84733 84736 84739 84740 84740 84740 84742 84742 84743 84743 84746 84747 84747 84748 84749 84751 84751 84751 84754 84755 84756 84757 84757 84757 84758 84759 84760 84762 84762 84763 84764 84764 84764 84764 84764 84765 84765 84765 84768 84768 84770 84770 84771 84772 84773 84773 84774 84775 84776 84780 84780 84782 84783 84783 84785 84786 84787 84787 84788 84788 84789 84791 84793 84795 84795 84797 84798 84798 84798 84799 84800 84801 84802 84804 84806 84809 84810 84811 84813 84814 84815 84815 84816 84818 84820 84820 84821 84823 84825 84826 84829 84829 84830 84830 84831 84832 84833 84835 84836 84838 84839 84841 84843 84844 84844 84845 84846 84846 84847 84849 84849 84850 84850 84851 84851 84852 84852 84853 84854 84854 84855 84858 84860 84861 84861 84862 84863 84865 84866 84866 84867 84867 84869 84869 84869 84870 84872 84872 84873 84873 84875 84876 84876 84878 84879 84880 84881 84883 84884 84884 84885 84886 84887 84888 84888 84888 84888 84888 84891 84891 84892 84892 84894 84896 84897 84898 84898 84898 84899 84900 84901 84902 84902 84904 84905 84906 84906 84907 84907 84909 84912 84913 84913 84915 84917 84917 84920 84921 84921 84923 84923 84924 84931 84931 84932 84932 84932 84932 84934 84934 84935 84935 84936 84936 84938 84939 84940 84940 84941 84942 84942 84942 84945 84945 84949 84949 84951 84951 84953 84954 84955 84955 84955 84956 84957 84957 84957 84958 84959 84960 84961 84961 84961 84962 84963 84964 84965 84965 84967 84967 84972 84972 84974 84975 84976 84980 84982 84982 84983 84985 84986 84987 84987 84988 84989 84990 84991 84993 84996 84996 84999 84999 85000 85004 85007 85010 85010 85011 85011 85012 85013 85015 85016 85016 85016 85017 85017 85019 85019 85023 85023 85023 85024 85025 85025 85025 85026 85030 85032 85033 85034 85036 85037 85037 85038 85040 85040 85041 85042 85043 85043 85043 85043 85045 85045 85047 85047 85048 85049 85049 85050 85051 85051 85052 85053 85054 85055 85055 85055 85055 85061 85061 85062 85064 85066 85066 85066 85068 85068 85070 85071 85072 85072 85073 85076 85077 85077 85080 85081 85082 85082 85083 85083 85085 85085 85086 85087 85087 85088 85089 85091 85092 85094 85094 85096 85096 85099 85099 85100 85101 85101 85101 85102 85103 85107 85107 85109 85109 85109 85111 85113 85114 85115 85115 85117 85118 85122 85123 85125 85126 85127 85128 85128 85129 85129 85132 85133 85133 85137 85138 85139 85140 85140 85140 85141 85141 85142 85144 85144 85146 85148 85149 85150 85150 85150 85152 85153 85153 85154 85155 85155 85156 85157 85159 85160 85162 85163 85163 85164 85165 85166 85167 85167 85167 85168 85169 85172 85173 85173 85174 85175 85177 85177 85177 85178 85179 85179 85180 85181 85182 85182 85184 85186 85186 85187 85187 85187 85188 85189 85189 85190 85190 85193 85193 85193 85193 85194 85195 85196 85196 85201 85202 85202 85202 85202 85203 85204 85205 85206 85209 85209 85211 85211 85212 85213 85213 85213 85216 85217 85220 85222 85223 85224 85226 85229 85230 85230 85231 85233 85236 85237 85238 85238 85240 85243 85244 85248 85249 85250 85250 85251 85251 85252 85254 85254 85256 85258 85258 85259 85259 85260 85260 85260 85260 85261 85261 85262 85262 85263 85264 85265 85265 85265 85270 85270 85271 85271 85273 85275 85275 85275 85279 85279 85280 85280 85280 85281 85282 85283 85283 85285 85285 85287 85288 85289 85290 85290 85291 85293 85295 85295 85295 85296 85299 85299 85301 85302 85302 85302 85303 85304 85305 85306 85306 85307 85309 85309 85311 85312 85314 85315 85315 85316 85318 85318 85319 85319 85320 85320 85321 85322 85322 85324 85325 85326 85326 85327 85327 85327 85327 85327 85329 85330 85330 85332 85334 85335 85337 85338 85338 85338 85339 85339 85341 85344 85345 85345 85345 85346 85349 85354 85355 85357 85357 85358 85361 85361 85361 85362 85363 85363 85366 85366 85366 85368 85368 85369 85370 85371 85374 85375 85375 85376 85376 85377 85377 85378 85379 85382 85384 85384 85385 85386 85386 85388 85388 85389 85391 85391 85392 85393 85395 85395 85400 85403 85406 85407 85407 85408 85411 85411 85412 85416 85416 85420 85422 85422 85423 85423 85425 85426 85427 85428 85428 85429 85429 85431 85432 85433 85434 85435 85436 85437 85439 85439 85440 85441 85443 85444 85446 85447 85448 85449 85449 85450 85450 85452 85453 85454 85454 85457 85460 85461 85461 85461 85463 85463 85464 85464 85464 85465 85466 85469 85469 85471 85472 85472 85473 85473 85477 85478 85478 85478 85479 85480 85484 85485 85486 85486 85486 85486 85487 85487 85490 85491 85493 85495 85497 85500 85501 85502 85502 85504 85504 85504 85506 85506 85510 85511 85512 85516 85516 85518 85518 85520 85521 85523 85525 85527 85528 85529 85531 85532 85534 85535 85535 85535 85538 85539 85539 85540 85541 85542 85542 85542 85543 85544 85544 85545 85547 85548 85548 85549 85549 85551 85552 85553 85553 85554 85555 85556 85556 85556 85557 85558 85559 85559 85559 85561 85562 85563 85564 85564 85564 85565 85568 85570 85574 85575 85575 85576 85577 85577 85577 85580 85583 85584 85584 85586 85586 85588 85589 85590 85590 85590 85591 85592 85593 85594 85595 85595 85596 85596 85597 85597 85598 85600 85601 85601 85602 85602 85603 85604 85605 85605 85606 85609 85610 85610 85611 85614 85614 85614 85616 85617 85617 85618 85619 85619 85619 85619 85620 85620 85623 85624 85625 85626 85627 85628 85630 85631 85631 85633 85633 85635 85636 85636 85637 85638 85640 85640 85641 85641 85642 85642 85642 85642 85645 85646 85648 85649 85650 85653 85654 85655 85655 85657 85657 85657 85658 85659 85659 85659 85661 85662 85663 85663 85664 85665 85665 85666 85666 85667 85667 85669 85669 85670 85670 85673 85673 85673 85674 85674 85674 85674 85676 85676 85677 85677 85677 85677 85679 85679 85680 85680 85680 85680 85681 85683 85685 85685 85685 85685 85688 85689 85690 85691 85694 85694 85694 85694 85694 85700 85701 85702 85702 85703 85703 85705 85708 85708 85709 85709 85710 85710 85711 85713 85713 85714 85716 85717 85717 85720 85720 85720 85721 85721 85721 85728 85728 85729 85729 85731 85731 85733 85734 85735 85736 85739 85739 85741 85747 85749 85750 85751 85752 85755 85755 85755 85756 85757 85758 85761 85761 85765 85765 85769 85769 85769 85774 85776 85777 85779 85781 85781 85782 85783 85784 85784 85784 85785 85785 85785 85786 85787 85787 85787 85787 85788 85791 85793 85793 85795 85796 85798 85799 85800 85800 85801 85801 85801 85801 85801 85802 85804 85804 85806 85807 85808 85810 85810 85811 85811 85812 85813 85815 85819 85819 85821 85822 85824 85825 85825 85828 85829 85830 85831 85833 85835 85837 85837 85838 85839 85839 85839 85839 85840 85840 85840 85840 85841 85842 85842 85842 85844 85846 85846 85847 85848 85848 85849 85849 85849 85850 85850 85850 85851 85852 85854 85854 85855 85855 85857 85857 85858 85859 85860 85861 85862 85862 85862 85863 85864 85865 85866 85867 85869 85870 85873 85874 85874 85875 85877 85877 85877 85878 85878 85879 85881 85882 85882 85883 85884 85885 85885 85886 85887 85889 85889 85889 85890 85890 85890 85892 85893 85894 85895 85898 85899 85899 85899 85901 85902 85904 85908 85908 85911 85912 85912 85913 85915 85917 85920 85922 85922 85922 85923 85923 85924 85925 85928 85928 85929 85929 85929 85930 85930 85930 85930 85931 85936 85938 85938 85939 85940 85942 85942 85943 85944 85948 85950 85951 85952 85952 85953 85953 85954 85954 85954 85958 85962 85962 85962 85965 85965 85965 85967 85969 85970 85973 85973 85973 85974 85975 85976 85978 85978 85978 85980 85981 85982 85983 85984 85984 85985 85985 85986 85987 85991 85992 85992 85992 85993 85993 85996 85996 85997 85998 85999 85999 85999 86000 86002 86003 86003 86003 86004 86004 86004 86006 86010 86010 86011 86013 86014 86015 86016 86019 86021 86022 86022 86023 86023 86024 86024 86025 86025 86029 86029 86030 86031 86032 86033 86035 86037 86037 86037 86038 86038 86041 86041 86041 86042 86044 86047 86048 86049 86050 86051 86052 86053 86054 86054 86055 86056 86057 86057 86058 86058 86059 86059 86059 86059 86060 86062 86063 86064 86067 86067 86068 86070 86071 86072 86072 86073 86074 86075 86076 86076 86078 86081 86084 86084 86084 86085 86087 86088 86088 86092 86092 86094 86095 86095 86096 86098 86098 86099 86100 86100 86101 86102 86104 86106 86108 86110 86111 86112 86113 86113 86113 86114 86114 86116 86116 86121 86121 86122 86127 86130 86130 86131 86131 86132 86133 86133 86133 86133 86134 86136 86136 86137 86137 86138 86138 86138 86139 86140 86140 86140 86140 86141 86141 86143 86145 86150 86150 86151 86154 86157 86158 86160 86160 86161 86161 86161 86161 86163 86163 86164 86165 86165 86166 86167 86167 86168 86170 86170 86175 86177 86177 86180 86182 86182 86184 86185 86185 86186 86186 86187 86187 86187 86188 86189 86189 86191 86191 86192 86194 86194 86195 86195 86196 86196 86198 86198 86198 86199 86201 86201 86202 86203 86205 86205 86206 86206 86206 86207 86207 86207 86209 86210 86211 86211 86212 86215 86216 86216 86218 86219 86220 86220 86220 86220 86221 86221 86222 86224 86224 86224 86225 86227 86227 86227 86228 86232 86232 86234 86235 86236 86236 86238 86242 86242 86243 86246 86247 86248 86248 86249 86249 86250 86250 86253 86254 86254 86255 86256 86256 86259 86259 86260 86262 86263 86264 86265 86266 86268 86268 86269 86272 86272 86273 86274 86274 86275 86275 86276 86280 86280 86281 86283 86283 86283 86284 86285 86286 86289 86292 86292 86293 86293 86293 86294 86295 86295 86295 86296 86297 86297 86298 86300 86301 86301 86302 86303 86303 86303 86304 86304 86304 86305 86305 86306 86306 86307 86310 86311 86311 86313 86315 86315 86316 86317 86319 86319 86320 86320 86322 86322 86324 86324 86324 86327 86327 86327 86329 86329 86331 86331 86333 86334 86335 86338 86339 86339 86340 86340 86340 86342 86345 86346 86348 86348 86348 86348 86349 86349 86350 86352 86352 86352 86353 86353 86353 86354 86354 86356 86360 86363 86364 86364 86365 86367 86369 86370 86371 86371 86372 86373 86375 86375 86375 86376 86378 86379 86380 86383 86383 86383 86384 86386 86386 86386 86386 86386 86387 86388 86388 86390 86392 86393 86393 86394 86395 86395 86395 86395 86397 86399 86399 86400 86402 86406 86408 86408 86409 86409 86413 86414 86417 86417 86417 86417 86420 86420 86420 86421 86421 86421 86421 86421 86422 86422 86423 86423 86424 86425 86427 86428 86429 86429 86432 86433 86434 86435 86435 86435 86436 86436 86436 86438 86438 86439 86439 86440 86440 86446 86447 86447 86448 86450 86450 86451 86452 86453 86454 86455 86455 86455 86456 86458 86458 86459 86466 86467 86468 86468 86469 86471 86473 86473 86475 86477 86477 86478 86478 86480 86480 86481 86482 86484 86486 86488 86489 86489 86489 86491 86494 86495 86495 86501 86502 86502 86504 86504 86505 86505 86505 86508 86508 86508 86508 86509 86510 86515 86515 86515 86516 86517 86518 86518 86519 86521 86522 86522 86522 86522 86523 86526 86527 86531 86534 86535 86535 86537 86537 86538 86538 86539 86540 86541 86541 86541 86542 86542 86542 86543 86543 86543 86544 86544 86548 86550 86551 86553 86554 86555 86556 86556 86557 86558 86558 86558 86560 86560 86560 86561 86561 86562 86562 86563 86563 86564 86567 86568 86568 86568 86569 86572 86573 86576 86576 86577 86577 86577 86579 86580 86580 86580 86581 86581 86583 86585 86585 86587 86588 86588 86590 86590 86592 86592 86592 86592 86593 86594 86594 86594 86596 86597 86598 86598 86603 86604 86607 86608 86610 86610 86611 86612 86612 86613 86617 86620 86622 86622 86622 86623 86623 86623 86623 86625 86627 86627 86628 86630 86630 86631 86631 86631 86632 86633 86636 86637 86637 86640 86644 86645 86645 86646 86647 86647 86648 86649 86649 86651 86651 86653 86655 86655 86656 86656 86656 86656 86658 86659 86661 86661 86662 86664 86666 86669 86669 86670 86673 86674 86674 86674 86676 86677 86677 86680 86680 86681 86681 86681 86682 86683 86685 86688 86688 86690 86690 86691 86691 86691 86692 86695 86698 86698 86698 86699 86700 86700 86701 86703 86704 86704 86705 86706 86707 86707 86708 86709 86710 86711 86711 86711 86711 86712 86713 86716 86717 86719 86721 86722 86724 86724 86725 86726 86727 86728 86728 86728 86730 86730 86732 86733 86733 86733 86734 86734 86734 86737 86738 86739 86740 86740 86743 86744 86745 86745 86746 86746 86749 86752 86752 86753 86753 86754 86755 86755 86756 86758 86758 86760 86760 86760 86761 86765 86766 86767 86767 86768 86768 86769 86769 86769 86771 86772 86773 86776 86776 86776 86776 86777 86777 86778 86779 86781 86782 86783 86783 86785 86789 86790 86792 86793 86794 86794 86794 86796 86797 86798 86799 86801 86803 86803 86804 86804 86806 86808 86808 86808 86809 86811 86812 86812 86812 86813 86814 86814 86814 86815 86816 86817 86818 86819 86819 86820 86821 86823 86825 86825 86826 86827 86828 86829 86831 86833 86833 86834 86839 86843 86844 86846 86847 86847 86850 86850 86850 86851 86851 86852 86853 86853 86854 86854 86854 86857 86858 86858 86859 86861 86861 86861 86862 86864 86864 86865 86865 86866 86867 86868 86868 86871 86872 86872 86872 86873 86873 86874 86877 86878 86878 86878 86879 86880 86882 86885 86886 86888 86888 86888 86889 86892 86892 86892 86892 86893 86894 86894 86895 86900 86901 86901 86903 86904 86904 86905 86906 86906 86907 86909 86909 86909 86911 86912 86914 86914 86914 86914 86917 86918 86918 86920 86920 86921 86922 86923 86924 86925 86927 86927 86930 86931 86932 86932 86933 86934 86938 86938 86939 86939 86941 86942 86944 86946 86947 86947 86948 86948 86949 86956 86957 86957 86957 86957 86958 86961 86965 86966 86966 86967 86967 86970 86970 86971 86971 86971 86972 86974 86974 86974 86976 86976 86976 86976 86978 86978 86979 86979 86981 86986 86988 86989 86991 86992 86992 86992 86994 86996 86999 86999 87000 87000 87000 87001 87001 87002 87002 87002 87006 87007 87007 87007 87008 87009 87011 87012 87015 87015 87015 87015 87015 87016 87016 87016 87018 87019 87021 87021 87023 87024 87024 87025 87029 87030 87030 87031 87032 87033 87034 87034 87034 87035 87035 87035 87037 87037 87037 87038 87038 87039 87040 87040 87041 87045 87046 87048 87050 87051 87051 87054 87057 87057 87060 87061 87062 87062 87063 87065 87067 87069 87070 87070 87071 87072 87072 87072 87076 87076 87078 87079 87079 87081 87081 87081 87083 87084 87085 87085 87085 87085 87087 87087 87088 87088 87092 87092 87092 87093 87093 87093 87094 87094 87094 87096 87096 87097 87097 87098 87100 87101 87101 87101 87104 87104 87106 87107 87109 87110 87111 87111 87111 87112 87113 87114 87115 87115 87116 87119 87119 87120 87122 87123 87123 87125 87125 87126 87126 87126 87127 87127 87127 87128 87129 87129 87129 87129 87130 87131 87132 87133 87135 87135 87136 87138 87138 87140 87140 87141 87141 87142 87144 87144 87146 87147 87149 87150 87150 87151 87154 87154 87154 87155 87156 87157 87158 87159 87159 87160 87160 87160 87160 87161 87163 87165 87166 87166 87167 87168 87169 87171 87172 87174 87175 87176 87176 87176 87177 87177 87178 87180 87180 87181 87181 87182 87183 87185 87185 87185 87188 87188 87189 87190 87190 87191 87192 87192 87193 87194 87194 87194 87194 87196 87196 87196 87198 87199 87200 87201 87202 87203 87203 87203 87204 87204 87206 87206 87207 87208 87209 87211 87212 87213 87214 87216 87216 87217 87218 87218 87218 87218 87218 87218 87219 87220 87221 87222 87222 87223 87224 87225 87226 87226 87226 87227 87227 87227 87228 87229 87229 87229 87229 87231 87235 87235 87236 87237 87240 87241 87242 87244 87244 87245 87248 87248 87248 87248 87249 87250 87250 87251 87251 87253 87253 87253 87253 87254 87255 87255 87257 87260 87261 87261 87264 87265 87265 87269 87270 87270 87272 87273 87274 87275 87275 87277 87278 87279 87279 87279 87280 87280 87281 87282 87283 87284 87284 87285 87285 87287 87288 87289 87289 87290 87290 87290 87291 87292 87292 87293 87295 87295 87297 87298 87305 87306 87306 87307 87309 87313 87316 87317 87318 87318 87318 87321 87321 87322 87322 87325 87326 87328 87329 87329 87330 87331 87331 87332 87332 87334 87334 87335 87335 87337 87340 87341 87342 87344 87344 87344 87344 87345 87347 87347 87348 87349 87349 87350 87350 87353 87353 87353 87354 87356 87356 87357 87359 87362 87363 87363 87363 87363 87364 87364 87364 87364 87364 87366 87369 87369 87371 87371 87372 87372 87373 87374 87374 87374 87376 87379 87380 87382 87384 87385 87385 87387 87389 87389 87390 87390 87392 87393 87396 87397 87397 87397 87397 87397 87398 87398 87399 87400 87404 87405 87405 87406 87408 87409 87410 87410 87410 87410 87413 87413 87414 87415 87415 87416 87419 87420 87420 87422 87423 87424 87425 87427 87427 87428 87429 87429 87429 87430 87431 87433 87434 87434 87435 87439 87439 87441 87442 87443 87445 87447 87447 87447 87448 87448 87448 87450 87452 87454 87454 87455 87456 87457 87457 87457 87458 87460 87461 87461 87462 87462 87463 87463 87464 87466 87466 87467 87469 87470 87475 87476 87477 87480 87480 87481 87482 87483 87484 87484 87485 87485 87487 87488 87488 87492 87495 87496 87497 87498 87499 87499 87500 87500 87500 87500 87501 87501 87502 87503 87504 87505 87505 87505 87506 87506 87508 87508 87511 87512 87512 87512 87513 87513 87514 87515 87517 87518 87519 87519 87521 87522 87523 87523 87524 87527 87529 87530 87530 87531 87531 87532 87533 87535 87536 87537 87540 87541 87543 87543 87546 87547 87551 87552 87552 87554 87555 87556 87556 87557 87559 87560 87560 87561 87562 87563 87564 87569 87569 87570 87570 87571 87571 87571 87572 87573 87573 87574 87574 87578 87578 87580 87580 87580 87580 87582 87584 87585 87586 87587 87588 87588 87592 87593 87594 87595 87595 87596 87596 87598 87600 87601 87602 87603 87603 87604 87605 87606 87608 87608 87608 87609 87610 87610 87610 87611 87612 87614 87616 87617 87617 87618 87619 87619 87620 87620 87621 87621 87622 87622 87622 87623 87624 87625 87625 87625 87625 87626 87627 87627 87628 87628 87631 87632 87632 87634 87634 87635 87636 87636 87636 87637 87638 87641 87643 87643 87643 87643 87645 87648 87650 87652 87653 87654 87654 87655 87655 87655 87655 87656 87656 87656 87656 87656 87657 87658 87659 87660 87660 87661 87662 87663 87663 87663 87664 87665 87667 87667 87668 87668 87669 87669 87669 87670 87670 87671 87676 87679 87680 87680 87681 87682 87686 87686 87687 87687 87688 87689 87689 87691 87693 87693 87693 87693 87694 87694 87694 87695 87696 87697 87698 87698 87698 87701 87701 87701 87702 87702 87703 87703 87705 87706 87709 87711 87716 87717 87717 87720 87722 87724 87724 87724 87724 87725 87726 87727 87728 87729 87730 87730 87731 87731 87732 87733 87734 87734 87734 87735 87735 87735 87736 87737 87737 87739 87740 87741 87741 87743 87743 87743 87744 87744 87744 87744 87744 87745 87746 87747 87748 87750 87750 87750 87751 87752 87754 87756 87758 87760 87761 87761 87761 87763 87764 87766 87767 87768 87768 87768 87769 87769 87769 87771 87771 87772 87772 87772 87774 87774 87774 87774 87774 87775 87776 87777 87778 87780 87780 87781 87781 87781 87781 87783 87783 87784 87784 87785 87787 87789 87789 87791 87792 87793 87795 87795 87795 87795 87796 87797 87798 87798 87798 87799 87800 87801 87803 87803 87803 87803 87804 87805 87805 87805 87807 87807 87808 87810 87810 87811 87813 87813 87815 87817 87818 87818 87819 87819 87820 87823 87827 87829 87830 87831 87831 87831 87832 87833 87836 87838 87839 87839 87841 87841 87841 87842 87843 87843 87844 87845 87848 87849 87850 87850 87850 87850 87851 87852 87852 87852 87853 87854 87855 87856 87856 87860 87862 87863 87864 87867 87868 87868 87870 87871 87872 87872 87873 87873 87875 87875 87875 87877 87882 87884 87885 87886 87887 87888 87888 87888 87888 87889 87890 87891 87892 87893 87894 87894 87895 87895 87896 87896 87897 87897 87897 87897 87898 87902 87905 87906 87907 87909 87909 87910 87913 87913 87913 87914 87919 87919 87920 87921 87923 87923 87924 87926 87930 87931 87935 87935 87936 87937 87938 87943 87946 87946 87946 87949 87949 87949 87950 87950 87950 87952 87952 87952 87953 87953 87954 87954 87957 87959 87959 87959 87960 87961 87961 87962 87963 87965 87967 87967 87967 87969 87970 87971 87972 87972 87973 87974 87975 87976 87977 87977 87979 87980 87982 87982 87983 87988 87988 87988 87988 87989 87991 87993 87993 87994 87994 87994 87995 87996 87996 87997 87998 87999 87999 88000 88000 88003 88003 88003 88005 88005 88005 88005 88007 88010 88012 88012 88013 88014 88017 88019 88019 88020 88020 88021 88022 88022 88023 88023 88024 88024 88025 88025 88026 88026 88027 88029 88031 88031 88032 88033 88034 88034 88036 88038 88040 88040 88041 88044 88046 88048 88048 88049 88051 88051 88052 88052 88058 88059 88059 88060 88060 88060 88063 88064 88066 88067 88068 88070 88070 88071 88073 88078 88080 88080 88080 88080 88082 88083 88083 88084 88086 88087 88088 88088 88088 88089 88089 88090 88090 88092 88092 88094 88094 88094 88097 88097 88098 88098 88098 88103 88106 88106 88108 88108 88111 88112 88117 88119 88123 88123 88123 88124 88125 88126 88127 88127 88127 88129 88130 88131 88132 88132 88135 88137 88137 88137 88140 88141 88141 88141 88142 88142 88143 88144 88145 88146 88146 88149 88150 88152 88152 88154 88157 88158 88159 88159 88160 88160 88160 88161 88161 88162 88163 88163 88164 88165 88166 88166 88166 88167 88169 88170 88171 88172 88172 88173 88173 88173 88175 88175 88176 88176 88176 88177 88179 88181 88183 88183 88185 88187 88191 88191 88193 88194 88194 88196 88198 88199 88199 88200 88201 88201 88206 88207 88207 88210 88211 88211 88212 88212 88213 88213 88214 88214 88215 88215 88216 88217 88218 88221 88221 88222 88223 88224 88224 88226 88228 88228 88230 88231 88234 88234 88234 88235 88235 88236 88238 88238 88241 88241 88242 88245 88245 88245 88246 88248 88249 88250 88251 88251 88252 88253 88253 88254 88257 88258 88259 88259 88259 88262 88262 88263 88263 88263 88263 88266 88266 88268 88269 88269 88269 88269 88272 88272 88272 88275 88275 88276 88276 88279 88281 88281 88283 88285 88288 88288 88289 88290 88290 88290 88292 88292 88292 88293 88294 88295 88295 88299 88300 88300 88300 88302 88302 88305 88305 88306 88306 88308 88308 88311 88311 88312 88313 88317 88318 88319 88320 88320 88320 88323 88327 88330 88330 88331 88331 88332 88333 88334 88335 88336 88336 88340 88341 88341 88342 88343 88344 88345 88345 88346 88347 88349 88349 88350 88352 88352 88353 88353 88357 88363 88366 88366 88367 88367 88369 88371 88372 88373 88373 88374 88375 88378 88380 88380 88381 88382 88383 88385 88386 88387 88388 88388 88391 88392 88392 88393 88394 88394 88395 88395 88397 88397 88398 88399 88401 88401 88402 88402 88403 88405 88409 88410 88410 88411 88411 88412 88412 88414 88415 88416 88417 88417 88418 88422 88423 88424 88424 88425 88425 88425 88427 88428 88428 88432 88433 88433 88434 88434 88434 88436 88437 88438 88439 88441 88442 88444 88445 88446 88446 88447 88447 88448 88448 88449 88450 88450 88453 88456 88456 88458 88458 88461 88461 88462 88465 88466 88468 88468 88468 88469 88469 88470 88471 88472 88472 88472 88473 88475 88477 88477 88477 88478 88480 88482 88482 88482 88482 88486 88488 88488 88490 88491 88491 88491 88493 88495 88497 88498 88499 88499 88501 88503 88505 88506 88506 88506 88507 88510 88510 88511 88511 88513 88513 88515 88515 88516 88517 88518 88518 88521 88521 88521 88521 88522 88525 88526 88527 88527 88527 88528 88532 88536 88536 88536 88537 88537 88537 88538 88538 88539 88539 88540 88542 88544 88544 88547 88549 88549 88549 88549 88550 88550 88550 88550 88551 88554 88556 88558 88558 88558 88561 88564 88565 88565 88567 88567 88567 88567 88568 88568 88569 88570 88571 88574 88575 88577 88578 88582 88582 88582 88583 88584 88584 88585 88585 88585 88586 88587 88589 88590 88592 88593 88594 88595 88596 88596 88596 88596 88597 88597 88598 88599 88600 88600 88600 88603 88605 88605 88606 88608 88608 88608 88611 88613 88615 88616 88617 88618 88620 88621 88622 88623 88626 88627 88628 88628 88631 88632 88633 88633 88634 88635 88637 88637 88638 88642 88644 88644 88644 88646 88646 88646 88646 88647 88647 88648 88652 88652 88653 88654 88654 88655 88655 88657 88659 88659 88659 88660 88660 88660 88660 88661 88662 88663 88665 88666 88668 88671 88674 88674 88676 88677 88679 88681 88681 88683 88683 88684 88684 88686 88687 88687 88689 88690 88691 88691 88692 88692 88695 88696 88698 88698 88698 88699 88699 88700 88700 88700 88701 88701 88702 88704 88705 88706 88708 88708 88708 88709 88709 88709 88713 88714 88716 88716 88716 88717 88718 88718 88718 88720 88720 88722 88722 88724 88724 88725 88726 88726 88727 88729 88729 88730 88731 88731 88731 88732 88732 88734 88734 88735 88736 88736 88736 88738 88738 88739 88743 88744 88744 88745 88746 88746 88747 88749 88750 88751 88752 88752 88752 88754 88754 88757 88758 88759 88760 88762 88762 88763 88763 88764 88764 88764 88765 88766 88766 88767 88769 88769 88771 88771 88772 88772 88773 88773 88773 88774 88777 88777 88777 88777 88779 88780 88781 88782 88783 88784 88784 88787 88787 88788 88789 88792 88793 88794 88794 88797 88799 88800 88801 88802 88803 88805 88805 88805 88806 88807 88808 88809 88810 88810 88810 88811 88811 88812 88813 88814 88816 88818 88819 88821 88821 88823 88824 88824 88826 88827 88827 88828 88828 88829 88829 88833 88834 88835 88838 88839 88841 88841 88842 88843 88844 88844 88846 88848 88849 88851 88851 88852 88852 88853 88855 88855 88857 88858 88859 88860 88861 88864 88865 88866 88866 88868 88868 88870 88872 88873 88874 88875 88876 88877 88879 88879 88879 88880 88881 88882 88882 88884 88884 88885 88885 88885 88885 88886 88886 88886 88888 88888 88888 88890 88890 88891 88892 88892 88894 88895 88896 88896 88897 88897 88897 88898 88899 88900 88901 88901 88906 88907 88909 88909 88909 88909 88910 88911 88912 88912 88914 88916 88916 88916 88917 88919 88919 88921 88924 88925 88926 88927 88927 88927 88929 88931 88932 88932 88933 88933 88934 88935 88935 88936 88937 88938 88938 88938 88938 88940 88941 88942 88942 88943 88943 88943 88946 88946 88947 88948 88948 88948 88949 88950 88950 88954 88957 88959 88961 88962 88966 88966 88968 88968 88969 88970 88972 88973 88973 88976 88978 88979 88980 88980 88980 88981 88981 88984 88984 88986 88988 88988 88989 88989 88989 88990 88991 88991 88992 88993 88993 88996 88997 88997 88998 88998 89002 89002 89003 89003 89003 89004 89006 89008 89008 89009 89009 89010 89016 89016 89016 89016 89016 89016 89017 89017 89017 89018 89019 89020 89020 89023 89024 89026 89028 89029 89029 89030 89032 89033 89033 89034 89035 89036 89036 89038 89039 89040 89042 89043 89045 89047 89047 89047 89048 89054 89054 89054 89054 89055 89056 89058 89060 89061 89064 89064 89067 89067 89069 89070 89072 89072 89074 89074 89076 89076 89076 89077 89078 89079 89080 89080 89082 89082 89084 89088 89089 89090 89090 89090 89091 89091 89092 89093 89095 89097 89098 89099 89103 89103 89104 89105 89106 89106 89107 89107 89109 89109 89110 89110 89110 89111 89112 89113 89114 89115 89116 89116 89116 89117 89118 89118 89119 89120 89121 89121 89122 89126 89126 89126 89128 89129 89131 89131 89132 89133 89133 89136 89136 89137 89142 89144 89144 89146 89147 89147 89148 89149 89149 89150 89151 89152 89152 89155 89156 89156 89156 89156 89156 89158 89158 89158 89159 89159 89160 89160 89160 89161 89161 89162 89162 89163 89163 89164 89164 89164 89165 89166 89166 89172 89172 89172 89173 89174 89174 89175 89175 89176 89177 89177 89179 89182 89184 89184 89187 89189 89191 89194 89201 89201 89201 89203 89204 89204 89205 89205 89209 89209 89210 89211 89212 89214 89215 89215 89216 89217 89217 89218 89218 89218 89219 89220 89220 89220 89221 89222 89222 89222 89223 89224 89225 89226 89227 89227 89227 89228 89228 89230 89231 89234 89234 89235 89236 89239 89240 89240 89241 89241 89241 89250 89253 89253 89255 89255 89256 89256 89257 89259 89261 89261 89262 89264 89266 89266 89267 89267 89267 89268 89269 89269 89270 89270 89272 89272 89273 89273 89276 89276 89277 89277 89278 89279 89285 89287 89289 89290 89290 89291 89292 89292 89293 89293 89294 89294 89294 89294 89295 89295 89296 89298 89298 89298 89299 89299 89300 89300 89302 89302 89303 89303 89304 89304 89305 89306 89306 89308 89308 89311 89311 89313 89315 89315 89317 89317 89321 89322 89323 89323 89324 89326 89327 89327 89328 89329 89330 89330 89332 89333 89335 89337 89337 89337 89338 89338 89338 89338 89339 89340 89341 89341 89343 89343 89343 89344 89345 89346 89347 89347 89347 89349 89351 89352 89352 89352 89354 89355 89360 89360 89360 89362 89363 89363 89365 89366 89366 89368 89369 89369 89369 89370 89370 89372 89372 89373 89375 89376 89377 89377 89378 89380 89381 89385 89386 89390 89391 89392 89392 89394 89394 89394 89394 89394 89396 89398 89399 89400 89400 89404 89405 89407 89407 89407 89409 89410 89410 89412 89413 89414 89414 89414 89414 89415 89416 89417 89421 89421 89422 89423 89423 89423 89424 89425 89426 89426 89428 89429 89430 89431 89431 89432 89433 89433 89433 89433 89434 89434 89435 89435 89435 89436 89436 89440 89441 89441 89441 89441 89441 89441 89443 89443 89443 89444 89448 89450 89452 89454 89456 89456 89456 89456 89456 89457 89458 89461 89461 89463 89463 89464 89464 89465 89466 89466 89467 89467 89468 89471 89472 89472 89473 89473 89474 89475 89475 89476 89476 89477 89478 89479 89480 89481 89481 89482 89482 89483 89484 89484 89485 89485 89486 89486 89488 89488 89490 89490 89495 89496 89498 89498 89499 89499 89500 89500 89501 89501 89502 89504 89507 89508 89508 89508 89509 89510 89511 89514 89516 89518 89519 89519 89520 89521 89522 89522 89522 89522 89523 89524 89525 89527 89528 89530 89531 89532 89532 89533 89536 89537 89539 89539 89539 89542 89542 89544 89545 89546 89548 89549 89550 89550 89552 89554 89555 89555 89555 89556 89556 89556 89556 89558 89562 89562 89563 89564 89565 89566 89566 89567 89570 89570 89573 89575 89575 89575 89576 89576 89580 89580 89582 89583 89586 89587 89587 89587 89588 89589 89589 89589 89590 89590 89590 89592 89593 89594 89594 89594 89597 89599 89599 89600 89601 89603 89603 89603 89605 89606 89607 89609 89611 89611 89612 89613 89615 89616 89618 89619 89619 89620 89624 89625 89625 89626 89630 89630 89633 89633 89634 89634 89635 89636 89636 89637 89639 89639 89639 89640 89640 89640 89640 89643 89643 89644 89644 89645 89647 89648 89648 89651 89651 89651 89652 89652 89653 89656 89656 89657 89660 89661 89661 89662 89662 89662 89663 89664 89664 89666 89666 89668 89668 89669 89669 89670 89672 89673 89673 89674 89674 89679 89679 89680 89680 89682 89682 89683 89686 89686 89690 89691 89692 89695 89697 89697 89699 89699 89699 89699 89699 89700 89700 89700 89701 89704 89704 89704 89705 89705 89707 89709 89709 89711 89712 89712 89712 89714 89714 89715 89716 89716 89716 89718 89720 89722 89723 89723 89724 89724 89725 89726 89727 89727 89730 89730 89730 89734 89734 89734 89738 89738 89739 89740 89745 89745 89745 89746 89747 89751 89751 89751 89752 89753 89753 89753 89755 89755 89756 89757 89757 89758 89759 89760 89762 89765 89765 89766 89766 89766 89767 89767 89767 89767 89768 89768 89769 89770 89771 89772 89773 89775 89776 89776 89777 89778 89779 89779 89779 89780 89784 89785 89786 89787 89788 89793 89795 89795 89796 89799 89799 89800 89803 89804 89804 89804 89805 89807 89807 89807 89808 89809 89811 89813 89814 89816 89817 89817 89819 89819 89820 89825 89828 89833 89833 89834 89835 89835 89835 89835 89840 89841 89845 89845 89845 89846 89847 89848 89849 89850 89850 89850 89851 89852 89852 89853 89855 89855 89856 89856 89857 89857 89858 89858 89859 89859 89861 89861 89862 89863 89864 89865 89865 89866 89866 89866 89866 89867 89868 89873 89877 89877 89878 89878 89879 89879 89879 89882 89882 89882 89883 89885 89885 89886 89889 89890 89890 89890 89891 89893 89894 89894 89895 89895 89895 89897 89897 89897 89897 89898 89898 89901 89901 89903 89904 89904 89906 89906 89906 89908 89909 89909 89910 89912 89913 89916 89917 89918 89919 89920 89922 89922 89923 89926 89927 89927 89928 89929 89929 89930 89932 89932 89933 89936 89936 89936 89937 89939 89939 89941 89941 89942 89942 89942 89943 89945 89947 89953 89954 89955 89959 89959 89960 89961 89961 89963 89968 89969 89969 89970 89972 89972 89973 89974 89975 89975 89976 89976 89976 89977 89982 89982 89982 89984 89984 89985 89987 89989 89989 89992 89992 89992 89993 89993 89994 89996 89996 89998 89998 89999 90000 90000 90002 90002 90003 90006 90006 90008 90009 90010 90010 90010 90010 90011 90011 90011 90012 90013 90014 90016 90016 90018 90020 90021 90023 90023 90024 90024 90025 90027 90027 90029 90029 90030 90030 90031 90032 90032 90033 90034 90035 90036 90037 90037 90039 90039 90041 90042 90043 90044 90045 90045 90046 90046 90046 90046 90046 90049 90050 90050 90051 90052 90052 90053 90054 90055 90055 90056 90057 90058 90059 90059 90060 90060 90063 90066 90067 90070 90071 90072 90072 90073 90073 90076 90078 90080 90080 90081 90081 90082 90085 90087 90091 90092 90093 90093 90094 90095 90095 90096 90096 90098 90099 90103 90104 90104 90104 90105 90105 90106 90109 90111 90112 90113 90114 90114 90115 90116 90116 90117 90118 90119 90119 90120 90122 90122 90122 90123 90123 90124 90124 90126 90128 90129 90129 90130 90130 90131 90132 90135 90139 90139 90139 90140 90141 90141 90143 90145 90146 90146 90146 90146 90147 90148 90153 90153 90154 90154 90154 90154 90154 90156 90156 90158 90158 90159 90159 90162 90163 90164 90165 90166 90167 90169 90169 90169 90169 90171 90171 90173 90174 90176 90177 90178 90178 90179 90179 90181 90182 90183 90185 90186 90187 90189 90193 90193 90194 90194 90194 90194 90195 90198 90201 90201 90202 90203 90204 90206 90206 90208 90210 90211 90213 90215 90218 90219 90220 90220 90221 90222 90223 90223 90224 90224 90225 90227 90228 90229 90231 90232 90232 90234 90235 90237 90237 90237 90237 90238 90240 90240 90242 90244 90245 90245 90246 90246 90247 90248 90248 90251 90252 90252 90252 90254 90254 90255 90257 90257 90260 90261 90261 90261 90262 90262 90262 90262 90264 90265 90265 90267 90267 90268 90270 90271 90273 90275 90279 90281 90282 90284 90285 90285 90286 90287 90289 90290 90290 90291 90291 90293 90293 90293 90293 90296 90297 90298 90298 90299 90299 90301 90301 90302 90303 90304 90304 90307 90309 90311 90312 90312 90312 90314 90314 90315 90317 90318 90319 90319 90320 90320 90320 90320 90321 90322 90322 90323 90324 90325 90325 90326 90327 90327 90327 90327 90328 90328 90332 90333 90333 90333 90333 90335 90336 90336 90337 90345 90346 90347 90348 90350 90350 90350 90353 90354 90354 90355 90355 90356 90358 90358 90359 90359 90360 90361 90361 90362 90363 90364 90364 90366 90366 90367 90367 90367 90368 90369 90371 90372 90372 90373 90374 90374 90375 90375 90377 90378 90379 90381 90381 90385 90386 90387 90388 90389 90390 90391 90391 90391 90392 90393 90393 90394 90395 90396 90397 90397 90400 90402 90403 90403 90405 90406 90406 90408 90408 90408 90410 90411 90412 90414 90415 90418 90421 90422 90423 90424 90426 90426 90427 90428 90430 90430 90431 90431 90432 90434 90435 90436 90436 90437 90438 90439 90439 90442 90442 90444 90445 90445 90446 90449 90450 90451 90451 90453 90454 90455 90457 90458 90459 90459 90460 90460 90461 90463 90463 90465 90466 90467 90469 90472 90472 90473 90476 90477 90478 90481 90481 90484 90486 90487 90488 90488 90489 90490 90491 90492 90493 90499 90500 90500 90500 90501 90502 90503 90505 90505 90506 90507 90508 90511 90511 90512 90512 90512 90512 90512 90513 90515 90516 90518 90519 90521 90522 90523 90524 90526 90526 90526 90526 90528 90528 90528 90528 90531 90532 90533 90534 90535 90536 90537 90539 90540 90543 90543 90543 90543 90544 90544 90545 90549 90550 90551 90552 90552 90552 90552 90555 90556 90560 90562 90562 90562 90565 90566 90566 90567 90567 90569 90571 90571 90571 90572 90572 90573 90575 90578 90581 90581 90583 90584 90584 90585 90587 90587 90587 90588 90589 90589 90591 90592 90592 90594 90594 90594 90596 90596 90597 90597 90597 90598 90599 90599 90600 90601 90607 90607 90611 90611 90615 90617 90617 90618 90618 90620 90623 90623 90623 90624 90627 90627 90628 90628 90628 90630 90632 90633 90633 90633 90634 90637 90637 90637 90637 90640 90641 90644 90644 90645 90645 90647 90647 90647 90647 90648 90649 90650 90651 90652 90652 90652 90653 90655 90656 90657 90659 90660 90661 90662 90663 90663 90664 90664 90664 90665 90668 90668 90668 90668 90668 90669 90669 90670 90671 90673 90673 90674 90674 90677 90678 90678 90681 90682 90683 90684 90685 90685 90686 90688 90688 90689 90689 90689 90690 90690 90695 90696 90698 90698 90698 90699 90699 90699 90699 90703 90704 90705 90706 90706 90710 90711 90712 90712 90713 90714 90714 90716 90717 90717 90717 90717 90719 90720 90723 90725 90725 90726 90727 90729 90729 90730 90730 90732 90733 90735 90735 90736 90739 90739 90740 90740 90740 90742 90742 90745 90745 90747 90747 90748 90748 90750 90752 90753 90756 90756 90758 90760 90760 90762 90763 90767 90768 90769 90770 90770 90771 90772 90774 90776 90776 90777 90780 90781 90781 90782 90782 90784 90785 90785 90787 90787 90787 90789 90790 90790 90794 90795 90796 90797 90797 90798 90799 90800 90800 90805 90806 90806 90808 90809 90809 90809 90810 90810 90814 90817 90818 90819 90820 90821 90822 90823 90823 90823 90823 90824 90824 90824 90830 90832 90832 90832 90832 90837 90839 90839 90839 90839 90842 90842 90843 90846 90846 90846 90849 90850 90850 90850 90851 90852 90853 90854 90855 90855 90857 90858 90858 90859 90860 90862 90863 90863 90863 90864 90864 90865 90866 90866 90866 90867 90867 90869 90869 90870 90870 90871 90871 90876 90877 90877 90879 90881 90881 90882 90882 90883 90884 90887 90887 90888 90888 90890 90891 90894 90895 90898 90898 90898 90900 90902 90903 90904 90907 90907 90909 90909 90912 90915 90915 90915 90917 90920 90920 90920 90922 90926 90928 90928 90930 90931 90932 90932 90932 90933 90934 90934 90935 90936 90938 90939 90939 90941 90943 90943 90946 90947 90947 90947 90948 90948 90949 90953 90954 90955 90955 90957 90957 90958 90959 90959 90959 90960 90962 90962 90963 90963 90963 90964 90964 90966 90966 90968 90968 90971 90973 90974 90974 90975 90979 90979 90979 90980 90983 90983 90984 90985 90986 90986 90987 90988 90992 90993 90993 90993 90994 90995 90995 90995 90996 90996 90996 90997 90998 90998 90999 90999 91000 91002 91003 91004 91004 91004 91006 91006 91006 91008 91009 91010 91010 91011 91012 91013 91019 91019 91020 91020 91020 91022 91022 91023 91023 91026 91026 91029 91031 91031 91031 91031 91032 91033 91035 91038 91039 91040 91041 91041 91043 91044 91044 91044 91047 91051 91052 91053 91054 91055 91055 91056 91059 91060 91062 91062 91062 91063 91063 91064 91064 91065 91067 91067 91068 91069 91070 91070 91070 91071 91072 91072 91073 91074 91076 91080 91080 91084 91085 91087 91088 91091 91091 91092 91092 91093 91095 91097 91099 91099 91099 91101 91103 91104 91104 91106 91106 91106 91107 91107 91107 91108 91110 91110 91110 91110 91111 91111 91111 91113 91113 91114 91115 91115 91116 91117 91117 91117 91118 91118 91119 91120 91120 91120 91121 91122 91123 91124 91126 91126 91127 91129 91130 91132 91132 91134 91137 91137 91137 91137 91139 91139 91139 91143 91143 91144 91145 91147 91148 91151 91151 91152 91154 91156 91157 91158 91158 91158 91159 91159 91159 91160 91162 91162 91162 91163 91163 91164 91164 91166 91167 91168 91168 91169 91171 91172 91172 91173 91173 91174 91174 91175 91175 91176 91177 91178 91179 91182 91184 91184 91184 91185 91185 91186 91186 91191 91193 91194 91195 91196 91198 91199 91199 91202 91209 91210 91210 91211 91211 91212 91213 91213 91214 91214 91215 91215 91218 91218 91219 91220 91223 91225 91226 91227 91228 91228 91229 91229 91231 91233 91234 91236 91236 91237 91240 91241 91243 91244 91245 91246 91246 91249 91250 91251 91252 91252 91253 91256 91256 91256 91256 91256 91256 91257 91258 91258 91259 91261 91262 91263 91264 91264 91265 91265 91268 91268 91270 91270 91271 91271 91271 91272 91272 91272 91273 91275 91276 91277 91277 91279 91281 91281 91281 91283 91283 91284 91284 91284 91284 91290 91290 91295 91295 91296 91299 91301 91301 91302 91303 91303 91303 91304 91304 91306 91306 91306 91306 91306 91307 91307 91308 91308 91310 91312 91313 91313 91314 91315 91315 91316 91316 91316 91316 91317 91317 91318 91318 91319 91320 91322 91323 91324 91328 91331 91332 91332 91333 91334 91334 91334 91336 91339 91344 91345 91346 91346 91347 91348 91348 91348 91349 91349 91349 91350 91351 91352 91354 91354 91355 91355 91356 91356 91357 91357 91360 91361 91361 91361 91361 91361 91363 91363 91364 91365 91367 91369 91370 91371 91372 91373 91373 91374 91374 91375 91375 91375 91375 91376 91377 91378 91378 91380 91382 91384 91384 91384 91387 91389 91390 91391 91391 91392 91393 91394 91394 91395 91395 91397 91397 91397 91399 91400 91400 91400 91401 91402 91403 91404 91407 91408 91408 91409 91409 91411 91411 91411 91411 91412 91412 91412 91413 91414 91416 91418 91419 91419 91420 91420 91421 91421 91422 91422 91422 91423 91423 91423 91424 91425 91427 91427 91428 91428 91429 91429 91429 91432 91433 91434 91435 91438 91438 91438 91441 91446 91446 91448 91448 91448 91450 91450 91451 91452 91452 91452 91453 91453 91453 91456 91457 91459 91459 91459 91459 91462 91462 91466 91467 91471 91471 91472 91473 91474 91475 91475 91475 91475 91475 91476 91477 91477 91479 91481 91482 91482 91482 91482 91483 91484 91485 91486 91486 91487 91489 91489 91491 91491 91493 91493 91494 91495 91497 91499 91500 91500 91500 91502 91504 91505 91506 91506 91507 91509 91510 91510 91511 91513 91514 91514 91515 91515 91515 91515 91519 91520 91521 91521 91522 91523 91527 91528 91529 91530 91532 91534 91535 91535 91536 91538 91538 91540 91541 91541 91542 91543 91545 91546 91548 91550 91550 91550 91550 91554 91555 91555 91556 91557 91557 91559 91559 91561 91563 91566 91568 91569 91570 91570 91571 91572 91572 91572 91574 91574 91576 91576 91576 91578 91579 91581 91582 91585 91586 91590 91591 91591 91591 91593 91593 91595 91595 91597 91597 91598 91598 91599 91599 91600 91602 91602 91603 91604 91604 91604 91605 91605 91607 91610 91612 91613 91613 91613 91615 91617 91618 91618 91619 91619 91620 91620 91621 91621 91622 91622 91625 91625 91625 91625 91627 91628 91628 91628 91632 91633 91635 91635 91635 91635 91635 91636 91636 91637 91638 91639 91640 91641 91641 91641 91641 91642 91643 91643 91643 91645 91648 91649 91650 91652 91652 91653 91653 91654 91655 91656 91658 91660 91661 91661 91661 91664 91665 91665 91665 91666 91666 91666 91667 91668 91669 91670 91671 91673 91673 91675 91675 91676 91676 91676 91677 91677 91680 91683 91684 91684 91685 91686 91688 91689 91689 91689 91690 91691 91692 91692 91693 91694 91695 91697 91698 91699 91700 91700 91701 91702 91704 91706 91706 91707 91707 91709 91709 91710 91712 91713 91713 91713 91713 91716 91717 91718 91718 91719 91721 91722 91722 91723 91724 91725 91729 91730 91730 91730 91731 91731 91732 91735 91735 91735 91736 91736 91736 91738 91738 91739 91740 91740 91741 91741 91741 91741 91745 91745 91746 91748 91749 91751 91753 91755 91757 91758 91758 91758 91759 91759 91760 91761 91762 91762 91764 91766 91766 91768 91770 91772 91773 91776 91777 91777 91778 91779 91782 91785 91785 91786 91789 91789 91791 91792 91793 91793 91793 91796 91798 91800 91801 91804 91806 91806 91807 91808 91811 91811 91811 91814 91814 91815 91817 91818 91818 91821 91821 91821 91822 91822 91825 91826 91826 91827 91828 91828 91829 91829 91830 91833 91833 91834 91835 91837 91837 91838 91838 91839 91839 91839 91840 91841 91842 91844 91844 91847 91848 91849 91849 91850 91850 91850 91851 91852 91853 91853 91854 91854 91856 91857 91857 91857 91858 91859 91859 91859 91859 91862 91864 91865 91865 91866 91867 91867 91868 91868 91868 91870 91871 91871 91873 91874 91875 91877 91877 91878 91879 91880 91884 91886 91887 91887 91888 91890 91890 91893 91893 91893 91894 91895 91897 91897 91899 91899 91899 91899 91901 91902 91902 91903 91903 91903 91903 91903 91904 91905 91908 91909 91909 91911 91915 91915 91916 91917 91917 91918 91919 91923 91924 91925 91925 91926 91926 91926 91929 91929 91930 91931 91931 91932 91933 91933 91933 91936 91940 91942 91943 91944 91944 91946 91946 91947 91948 91949 91949 91951 91952 91952 91952 91953 91953 91954 91954 91955 91955 91955 91957 91957 91960 91963 91964 91966 91969 91970 91970 91972 91972 91974 91975 91976 91978 91978 91980 91980 91982 91982 91983 91983 91985 91987 91988 91989 91989 91989 91990 91991 91994 91996 91998 92001 92001 92003 92004 92004 92005 92008 92008 92009 92010 92010 92010 92013 92014 92018 92019 92020 92020 92021 92022 92022 92023 92024 92028 92029 92029 92029 92030 92030 92032 92032 92033 92034 92034 92034 92035 92036 92037 92038 92038 92038 92040 92041 92042 92043 92045 92047 92048 92049 92049 92049 92050 92050 92052 92052 92052 92053 92053 92054 92054 92056 92057 92058 92059 92064 92065 92066 92067 92068 92068 92069 92069 92070 92074 92074 92074 92077 92078 92079 92079 92080 92081 92081 92083 92083 92083 92084 92084 92086 92087 92088 92089 92089 92091 92095 92095 92096 92100 92101 92101 92106 92107 92107 92108 92110 92112 92112 92113 92113 92113 92116 92119 92120 92120 92121 92122 92123 92125 92126 92126 92127 92127 92128 92128 92129 92129 92131 92132 92132 92134 92135 92136 92136 92136 92138 92139 92140 92140 92144 92144 92145 92145 92146 92146 92150 92151 92151 92152 92153 92154 92154 92157 92160 92160 92163 92163 92163 92164 92166 92167 92169 92171 92173 92173 92173 92173 92174 92174 92174 92174 92174 92176 92179 92180 92181 92184 92184 92187 92189 92191 92191 92191 92192 92192 92196 92199 92200 92200 92201 92201 92203 92205 92205 92206 92207 92207 92207 92207 92209 92209 92210 92211 92211 92212 92213 92214 92215 92215 92217 92218 92218 92219 92220 92221 92223 92225 92225 92226 92226 92226 92227 92227 92228 92228 92229 92230 92232 92234 92235 92237 92238 92240 92241 92241 92243 92245 92245 92246 92246 92246 92248 92248 92249 92249 92249 92250 92251 92253 92253 92253 92253 92254 92254 92255 92255 92255 92258 92258 92259 92259 92261 92261 92262 92266 92267 92267 92269 92271 92272 92272 92272 92274 92274 92275 92277 92278 92278 92278 92279 92280 92280 92283 92284 92287 92288 92288 92290 92292 92293 92293 92296 92296 92297 92298 92298 92298 92299 92300 92301 92302 92305 92306 92306 92307 92308 92310 92311 92311 92312 92313 92313 92316 92316 92317 92318 92320 92320 92321 92321 92322 92322 92323 92323 92323 92325 92327 92327 92327 92329 92332 92333 92334 92335 92337 92338 92338 92339 92341 92345 92345 92345 92346 92346 92346 92346 92346 92348 92348 92348 92348 92349 92350 92351 92351 92352 92354 92355 92355 92356 92356 92357 92361 92361 92362 92364 92365 92365 92365 92366 92367 92367 92373 92373 92374 92374 92375 92375 92377 92377 92379 92379 92380 92380 92383 92383 92384 92385 92386 92386 92387 92388 92389 92389 92389 92390 92390 92391 92391 92395 92395 92398 92399 92401 92401 92401 92402 92404 92404 92405 92405 92406 92406 92406 92410 92411 92413 92414 92415 92417 92418 92419 92419 92419 92420 92420 92421 92422 92423 92423 92424 92426 92427 92428 92428 92429 92429 92429 92432 92433 92434 92434 92434 92435 92436 92436 92436 92437 92437 92439 92439 92442 92445 92446 92447 92448 92448 92448 92449 92453 92458 92463 92463 92464 92464 92464 92465 92467 92467 92468 92469 92471 92471 92472 92472 92472 92479 92479 92480 92481 92481 92482 92482 92483 92483 92486 92486 92488 92492 92493 92493 92495 92496 92496 92497 92497 92498 92499 92499 92500 92503 92506 92508 92508 92509 92509 92509 92509 92510 92510 92510 92510 92511 92511 92515 92515 92516 92520 92520 92521 92523 92524 92525 92526 92528 92528 92530 92530 92533 92535 92535 92535 92536 92537 92537 92538 92539 92539 92540 92541 92542 92543 92545 92545 92548 92549 92553 92553 92555 92555 92556 92557 92557 92560 92560 92560 92560 92561 92563 92564 92564 92565 92566 92566 92567 92567 92567 92567 92570 92571 92574 92574 92576 92577 92577 92578 92578 92579 92579 92579 92583 92584 92585 92585 92586 92587 92589 92590 92590 92593 92594 92596 92597 92597 92597 92598 92600 92600 92601 92605 92605 92607 92607 92609 92610 92611 92611 92611 92612 92614 92614 92615 92618 92618 92618 92619 92619 92620 92622 92622 92623 92627 92628 92629 92631 92631 92635 92638 92639 92639 92640 92641 92643 92643 92644 92646 92647 92647 92647 92648 92650 92650 92650 92651 92651 92652 92653 92653 92654 92657 92657 92658 92658 92658 92659 92659 92660 92660 92660 92662 92662 92663 92664 92664 92664 92665 92666 92666 92667 92669 92670 92670 92671 92674 92675 92676 92677 92678 92678 92679 92679 92680 92681 92682 92682 92682 92683 92684 92684 92684 92684 92685 92686 92687 92689 92689 92689 92690 92692 92699 92700 92701 92701 92702 92703 92703 92704 92704 92706 92709 92709 92710 92712 92713 92714 92715 92715 92716 92716 92716 92716 92719 92719 92720 92720 92720 92720 92722 92724 92724 92725 92725 92725 92727 92728 92728 92729 92729 92730 92731 92732 92733 92734 92735 92735 92737 92737 92737 92738 92738 92740 92741 92742 92743 92746 92747 92747 92748 92749 92750 92750 92750 92751 92751 92753 92753 92754 92754 92755 92756 92756 92756 92756 92756 92757 92758 92759 92765 92765 92765 92765 92767 92767 92770 92771 92771 92771 92771 92773 92773 92774 92774 92775 92775 92775 92775 92776 92776 92776 92778 92779 92779 92780 92782 92782 92783 92785 92787 92787 92788 92788 92789 92790 92790 92791 92791 92795 92795 92796 92797 92797 92798 92800 92801 92803 92806 92809 92809 92810 92810 92810 92811 92811 92811 92812 92813 92814 92815 92817 92818 92823 92825 92825 92828 92828 92829 92829 92831 92831 92832 92833 92834 92836 92836 92837 92837 92838 92839 92841 92844 92844 92844 92845 92845 92846 92847 92848 92848 92848 92849 92849 92850 92852 92853 92854 92854 92854 92856 92856 92860 92861 92862 92864 92864 92866 92867 92867 92868 92871 92871 92872 92873 92874 92874 92874 92876 92877 92877 92879 92879 92879 92880 92880 92881 92882 92882 92883 92885 92885 92886 92886 92887 92887 92888 92889 92892 92892 92895 92895 92896 92898 92899 92900 92902 92904 92904 92906 92907 92909 92909 92910 92912 92912 92916 92917 92917 92917 92918 92923 92924 92924 92924 92925 92925 92925 92930 92930 92933 92934 92934 92935 92936 92937 92938 92939 92939 92941 92943 92943 92944 92946 92949 92950 92950 92950 92951 92952 92952 92954 92956 92956 92956 92957 92958 92958 92959 92959 92960 92961 92961 92966 92968 92971 92972 92973 92973 92973 92974 92974 92974 92975 92976 92977 92978 92978 92981 92981 92983 92983 92984 92985 92985 92986 92986 92986 92987 92987 92989 92990 92991 92992 92994 92997 93003 93003 93003 93004 93006 93008 93009 93009 93011 93012 93012 93014 93014 93014 93019 93019 93023 93026 93028 93029 93030 93031 93031 93033 93033 93033 93034 93034 93036 93038 93038 93040 93040 93041 93042 93042 93044 93045 93045 93045 93046 93046 93047 93048 93048 93049 93049 93049 93050 93051 93052 93052 93052 93052 93056 93056 93057 93058 93058 93059 93060 93061 93063 93064 93065 93065 93066 93067 93067 93067 93068 93068 93069 93070 93072 93073 93073 93074 93075 93075 93078 93079 93079 93081 93081 93082 93082 93083 93084 93084 93084 93085 93086 93086 93087 93087 93090 93096 93097 93097 93098 93098 93100 93102 93102 93108 93108 93109 93109 93109 93109 93111 93111 93112 93112 93113 93114 93115 93116 93116 93118 93118 93121 93121 93129 93129 93131 93131 93131 93132 93132 93133 93133 93134 93134 93136 93136 93136 93137 93138 93140 93142 93143 93146 93147 93147 93148 93148 93150 93151 93152 93152 93153 93154 93154 93154 93155 93156 93158 93158 93159 93159 93159 93161 93162 93163 93165 93166 93168 93168 93172 93172 93173 93174 93174 93175 93176 93178 93181 93181 93182 93182 93186 93186 93186 93188 93188 93190 93191 93191 93194 93195 93195 93197 93197 93199 93201 93202 93203 93204 93204 93205 93208 93209 93211 93212 93212 93212 93214 93215 93215 93216 93219 93220 93221 93222 93224 93224 93226 93227 93227 93227 93229 93230 93235 93235 93237 93237 93239 93240 93241 93242 93243 93245 93248 93249 93250 93251 93252 93252 93252 93254 93254 93254 93258 93259 93260 93261 93261 93261 93261 93262 93263 93263 93264 93265 93265 93267 93269 93269 93270 93271 93271 93271 93273 93273 93274 93275 93277 93279 93280 93282 93283 93283 93283 93285 93285 93286 93286 93287 93288 93288 93291 93293 93294 93294 93295 93296 93296 93297 93298 93304 93304 93305 93306 93306 93307 93307 93308 93308 93308 93308 93310 93310 93312 93314 93315 93316 93317 93317 93318 93319 93320 93321 93324 93325 93325 93326 93327 93327 93327 93331 93332 93332 93334 93336 93338 93338 93339 93341 93342 93343 93343 93343 93345 93346 93347 93349 93349 93350 93351 93353 93353 93353 93354 93354 93354 93356 93357 93357 93359 93359 93359 93360 93361 93362 93363 93363 93363 93363 93366 93367 93368 93368 93368 93370 93371 93372 93375 93375 93376 93376 93377 93377 93378 93380 93381 93382 93388 93388 93390 93391 93391 93392 93394 93397 93397 93397 93401 93402 93402 93403 93405 93408 93410 93411 93412 93413 93413 93413 93417 93420 93420 93421 93421 93422 93423 93424 93424 93424 93425 93427 93428 93430 93430 93432 93435 93441 93442 93442 93443 93443 93445 93445 93447 93448 93451 93451 93452 93454 93456 93459 93459 93460 93464 93465 93465 93467 93469 93469 93470 93474 93475 93475 93476 93477 93477 93477 93478 93479 93480 93480 93482 93482 93482 93486 93487 93488 93488 93489 93491 93492 93492 93495 93497 93498 93498 93498 93498 93498 93501 93501 93502 93503 93504 93504 93506 93507 93507 93508 93508 93512 93512 93512 93512 93512 93514 93515 93517 93517 93519 93521 93526 93527 93527 93528 93534 93535 93535 93535 93536 93536 93537 93537 93541 93543 93545 93547 93547 93548 93549 93551 93554 93554 93559 93559 93561 93561 93564 93564 93565 93565 93569 93570 93570 93571 93572 93573 93574 93577 93577 93577 93578 93579 93579 93581 93581 93581 93582 93582 93584 93586 93588 93589 93591 93591 93592 93593 93593 93595 93596 93596 93598 93600 93600 93602 93603 93604 93606 93606 93607 93607 93607 93608 93609 93609 93610 93611 93612 93613 93613 93613 93616 93616 93616 93617 93618 93622 93625 93625 93626 93628 93628 93631 93631 93632 93633 93634 93634 93634 93634 93635 93636 93636 93636 93636 93638 93638 93639 93641 93641 93641 93642 93643 93644 93645 93645 93647 93647 93648 93649 93650 93651 93652 93653 93653 93653 93656 93656 93656 93658 93659 93660 93660 93661 93662 93664 93665 93665 93666 93667 93668 93670 93673 93673 93673 93674 93677 93678 93679 93679 93680 93681 93682 93682 93682 93683 93683 93684 93685 93685 93686 93687 93687 93688 93689 93690 93691 93691 93691 93692 93692 93692 93693 93693 93697 93697 93697 93697 93697 93698 93698 93698 93699 93699 93700 93702 93702 93703 93705 93705 93706 93709 93709 93710 93710 93711 93711 93712 93713 93714 93715 93717 93718 93719 93721 93722 93725 93726 93726 93726 93727 93727 93727 93728 93729 93729 93730 93730 93731 93731 93731 93731 93731 93732 93732 93732 93732 93734 93734 93735 93736 93737 93737 93738 93739 93744 93744 93744 93747 93748 93748 93749 93751 93751 93753 93754 93755 93756 93756 93760 93760 93762 93765 93767 93769 93770 93772 93774 93776 93776 93778 93782 93782 93785 93785 93785 93786 93786 93788 93788 93788 93789 93789 93790 93791 93792 93793 93793 93795 93795 93798 93798 93798 93799 93799 93800 93801 93802 93802 93804 93805 93807 93808 93808 93809 93809 93810 93811 93812 93813 93814 93814 93814 93814 93816 93817 93817 93817 93818 93819 93820 93821 93823 93823 93823 93824 93826 93827 93827 93827 93829 93830 93830 93830 93834 93834 93834 93837 93838 93840 93842 93843 93844 93844 93845 93848 93849 93850 93851 93851 93854 93855 93855 93855 93855 93856 93856 93856 93857 93858 93860 93860 93861 93862 93864 93865 93865 93866 93866 93868 93869 93871 93872 93872 93876 93876 93877 93882 93883 93885 93887 93887 93889 93890 93891 93895 93895 93895 93896 93896 93896 93896 93897 93898 93899 93899 93899 93901 93902 93902 93903 93904 93904 93905 93906 93909 93910 93912 93913 93913 93914 93914 93915 93916 93918 93919 93920 93920 93923 93925 93925 93925 93926 93926 93927 93929 93929 93930 93931 93931 93931 93931 93931 93933 93934 93940 93941 93942 93942 93945 93946 93947 93947 93948 93950 93951 93951 93952 93952 93953 93954 93956 93957 93958 93959 93964 93964 93966 93966 93966 93967 93971 93972 93972 93972 93973 93974 93976 93977 93978 93979 93979 93979 93979 93980 93980 93981 93981 93981 93982 93983 93984 93985 93986 93986 93987 93988 93988 93989 93990 93992 93993 93993 93994 93995 93995 93996 94001 94003 94004 94005 94006 94007 94009 94010 94010 94011 94012 94015 94015 94016 94016 94021 94022 94023 94023 94024 94027 94028 94029 94031 94031 94032 94033 94033 94034 94034 94035 94035 94039 94039 94039 94040 94041 94041 94042 94043 94044 94044 94047 94047 94047 94048 94048 94051 94053 94056 94056 94057 94057 94057 94058 94058 94058 94059 94061 94063 94064 94067 94067 94069 94069 94069 94070 94070 94071 94071 94075 94078 94079 94081 94082 94083 94085 94087 94089 94090 94090 94091 94091 94092 94093 94094 94100 94100 94101 94103 94103 94104 94104 94105 94105 94106 94108 94108 94108 94109 94110 94111 94111 94112 94113 94114 94114 94115 94119 94125 94126 94127 94127 94128 94128 94129 94130 94132 94133 94134 94135 94136 94136 94136 94136 94137 94138 94139 94140 94141 94142 94142 94143 94143 94145 94148 94149 94150 94151 94153 94154 94155 94155 94155 94157 94157 94158 94159 94160 94160 94160 94163 94166 94167 94168 94169 94169 94169 94169 94170 94172 94172 94173 94174 94174 94175 94176 94177 94181 94181 94182 94183 94183 94187 94187 94191 94191 94192 94193 94193 94195 94195 94196 94196 94196 94197 94198 94198 94200 94200 94201 94201 94206 94206 94207 94212 94213 94213 94213 94214 94214 94214 94215 94215 94215 94215 94216 94216 94217 94217 94217 94218 94218 94219 94221 94221 94222 94223 94223 94224 94224 94225 94225 94225 94226 94227 94227 94228 94228 94230 94231 94233 94234 94235 94236 94237 94238 94239 94241 94242 94242 94243 94243 94245 94246 94247 94248 94249 94250 94251 94251 94253 94253 94253 94253 94254 94255 94255 94255 94255 94257 94257 94257 94261 94262 94264 94264 94265 94266 94267 94267 94268 94268 94268 94269 94269 94273 94274 94274 94274 94277 94277 94278 94278 94280 94281 94283 94286 94286 94289 94290 94290 94292 94292 94293 94293 94293 94293 94294 94297 94297 94299 94301 94301 94303 94303 94305 94305 94306 94307 94307 94307 94308 94309 94309 94309 94309 94309 94313 94320 94320 94320 94320 94321 94321 94325 94325 94328 94329 94332 94333 94334 94334 94334 94335 94335 94336 94336 94337 94337 94341 94341 94342 94343 94344 94344 94344 94348 94349 94349 94350 94350 94351 94353 94353 94353 94353 94354 94354 94355 94356 94357 94357 94358 94359 94359 94359 94359 94361 94363 94364 94364 94365 94365 94367 94368 94368 94369 94369 94370 94370 94370 94371 94372 94373 94373 94373 94374 94374 94375 94378 94379 94379 94380 94384 94386 94387 94388 94389 94390 94390 94392 94396 94398 94399 94400 94402 94403 94403 94403 94405 94406 94408 94408 94409 94409 94409 94409 94410 94413 94414 94414 94415 94415 94418 94419 94420 94420 94420 94421 94422 94423 94423 94424 94424 94425 94427 94428 94428 94428 94429 94431 94431 94431 94431 94432 94432 94433 94435 94435 94435 94435 94436 94436 94437 94444 94445 94445 94445 94445 94446 94448 94448 94449 94450 94450 94450 94450 94450 94451 94453 94454 94455 94456 94459 94460 94460 94460 94460 94461 94461 94461 94461 94462 94463 94464 94465 94465 94467 94467 94469 94471 94471 94471 94471 94475 94476 94477 94478 94479 94481 94482 94482 94482 94483 94485 94486 94487 94487 94487 94488 94488 94489 94490 94491 94492 94494 94496 94496 94497 94497 94498 94499 94499 94499 94501 94502 94502 94504 94507 94508 94508 94511 94513 94513 94515 94515 94516 94517 94518 94518 94519 94520 94520 94520 94522 94523 94523 94524 94524 94525 94529 94531 94531 94531 94532 94533 94536 94538 94539 94541 94542 94544 94545 94545 94546 94546 94547 94547 94550 94554 94554 94554 94556 94556 94557 94558 94559 94559 94560 94560 94562 94564 94565 94566 94568 94569 94569 94571 94572 94572 94572 94573 94573 94576 94577 94578 94579 94579 94579 94580 94580 94581 94583 94584 94585 94586 94587 94588 94592 94593 94594 94595 94596 94596 94597 94597 94598 94598 94600 94601 94602 94602 94602 94603 94603 94603 94603 94604 94605 94607 94607 94610 94611 94613 94614 94617 94618 94618 94619 94620 94621 94621 94622 94622 94622 94622 94623 94625 94625 94625 94626 94629 94631 94636 94638 94638 94639 94641 94641 94642 94643 94645 94646 94647 94647 94651 94651 94651 94652 94656 94658 94659 94659 94660 94660 94662 94662 94663 94666 94666 94666 94667 94667 94668 94671 94672 94673 94673 94674 94675 94675 94676 94679 94679 94679 94679 94682 94682 94682 94683 94683 94689 94692 94692 94694 94694 94695 94698 94699 94700 94701 94703 94704 94705 94707 94709 94709 94713 94714 94714 94715 94715 94717 94718 94718 94719 94720 94721 94722 94724 94726 94727 94728 94728 94729 94729 94729 94735 94736 94737 94738 94738 94738 94740 94741 94742 94745 94747 94747 94749 94749 94750 94750 94751 94751 94751 94752 94752 94753 94754 94757 94757 94759 94759 94759 94760 94763 94764 94766 94769 94770 94771 94771 94772 94774 94774 94775 94776 94779 94779 94780 94780 94782 94782 94782 94782 94783 94783 94783 94785 94785 94786 94787 94788 94789 94789 94790 94792 94792 94792 94796 94796 94797 94797 94799 94800 94800 94800 94802 94802 94803 94805 94806 94806 94806 94807 94807 94808 94808 94810 94810 94810 94811 94811 94812 94812 94812 94814 94815 94816 94816 94816 94817 94817 94820 94821 94823 94824 94824 94825 94825 94825 94828 94830 94831 94832 94832 94833 94835 94835 94836 94838 94840 94840 94844 94845 94845 94845 94846 94846 94850 94850 94851 94853 94853 94853 94855 94856 94858 94859 94859 94859 94861 94861 94862 94862 94864 94865 94865 94869 94871 94872 94874 94875 94877 94878 94878 94879 94879 94881 94882 94883 94883 94884 94884 94884 94886 94886 94888 94890 94892 94893 94896 94899 94900 94900 94901 94902 94902 94903 94903 94908 94910 94914 94914 94914 94915 94915 94918 94918 94921 94923 94926 94926 94927 94928 94928 94929 94930 94930 94931 94935 94936 94936 94938 94938 94941 94941 94942 94942 94942 94942 94944 94946 94947 94948 94948 94948 94950 94950 94950 94951 94951 94952 94952 94953 94955 94956 94957 94959 94960 94960 94961 94962 94962 94963 94963 94964 94965 94966 94969 94969 94969 94972 94973 94975 94976 94976 94977 94979 94979 94979 94979 94980 94980 94980 94981 94981 94982 94982 94983 94984 94985 94985 94986 94986 94987 94987 94987 94988 94988 94991 94992 94995 94996 94998 94998 94999 95005 95005 95005 95006 95006 95007 95007 95008 95009 95009 95011 95011 95012 95013 95014 95015 95016 95016 95017 95018 95018 95020 95021 95023 95023 95024 95025 95026 95028 95028 95029 95029 95029 95030 95031 95034 95034 95035 95036 95036 95036 95039 95040 95041 95042 95044 95044 95045 95048 95052 95052 95053 95053 95054 95056 95057 95059 95059 95061 95063 95063 95064 95064 95064 95069 95070 95070 95072 95072 95073 95075 95075 95076 95077 95077 95079 95080 95083 95084 95085 95089 95089 95090 95090 95091 95092 95095 95097 95097 95097 95098 95099 95100 95100 95100 95100 95100 95102 95103 95103 95105 95105 95106 95108 95109 95110 95113 95114 95115 95116 95116 95117 95117 95122 95122 95124 95127 95128 95130 95130 95133 95133 95134 95134 95138 95140 95143 95144 95145 95149 95150 95150 95150 95151 95151 95151 95156 95159 95162 95162 95162 95165 95170 95171 95171 95171 95172 95172 95172 95173 95174 95174 95174 95175 95177 95177 95178 95180 95181 95181 95182 95182 95184 95187 95187 95188 95188 95189 95190 95191 95191 95192 95192 95192 95193 95193 95195 95197 95197 95197 95197 95198 95199 95201 95202 95205 95206 95206 95207 95207 95209 95210 95211 95211 95213 95213 95213 95214 95214 95215 95216 95216 95217 95217 95219 95220 95220 95220 95222 95223 95224 95224 95224 95226 95229 95231 95231 95231 95233 95234 95236 95237 95239 95240 95240 95242 95243 95244 95246 95246 95247 95249 95251 95251 95252 95253 95255 95255 95255 95255 95256 95258 95258 95259 95260 95261 95262 95264 95264 95265 95265 95266 95267 95268 95269 95271 95272 95273 95273 95274 95275 95275 95275 95276 95276 95276 95277 95277 95278 95279 95280 95280 95280 95282 95282 95283 95285 95285 95286 95287 95287 95289 95290 95290 95291 95291 95291 95292 95293 95294 95295 95295 95299 95300 95301 95302 95303 95303 95303 95303 95303 95305 95306 95308 95309 95310 95310 95311 95311 95311 95311 95312 95313 95313 95314 95314 95315 95318 95318 95319 95319 95321 95321 95322 95322 95323 95323 95324 95325 95326 95326 95327 95331 95332 95333 95334 95334 95335 95336 95337 95337 95338 95339 95339 95339 95339 95339 95341 95341 95342 95342 95342 95343 95344 95346 95350 95352 95352 95353 95353 95354 95354 95355 95355 95356 95356 95358 95359 95360 95361 95362 95362 95364 95365 95366 95367 95367 95368 95368 95370 95370 95370 95371 95371 95372 95372 95372 95373 95373 95374 95375 95375 95375 95377 95377 95379 95379 95379 95380 95380 95381 95382 95383 95385 95387 95388 95389 95389 95389 95389 95390 95390 95390 95391 95391 95392 95392 95393 95395 95395 95396 95397 95397 95398 95400 95401 95404 95404 95406 95406 95409 95410 95411 95417 95417 95418 95419 95420 95421 95422 95426 95426 95427 95428 95429 95429 95431 95432 95433 95433 95434 95434 95436 95437 95438 95438 95438 95438 95439 95440 95440 95440 95441 95441 95442 95443 95444 95445 95449 95449 95450 95452 95452 95454 95454 95456 95458 95459 95459 95460 95461 95461 95462 95462 95463 95463 95463 95464 95465 95465 95466 95466 95467 95468 95468 95469 95473 95473 95474 95475 95476 95476 95476 95477 95478 95479 95483 95485 95486 95488 95488 95488 95489 95490 95490 95491 95491 95491 95493 95493 95495 95498 95499 95499 95503 95504 95505 95505 95506 95507 95509 95510 95513 95513 95516 95519 95520 95520 95520 95521 95521 95521 95525 95525 95526 95528 95528 95529 95529 95529 95529 95530 95530 95532 95535 95537 95540 95540 95541 95541 95542 95542 95542 95542 95543 95543 95543 95544 95545 95546 95547 95549 95551 95551 95552 95552 95554 95554 95555 95555 95556 95556 95557 95558 95560 95560 95561 95562 95563 95564 95565 95565 95566 95566 95567 95568 95568 95569 95571 95572 95572 95573 95573 95573 95575 95576 95580 95581 95582 95583 95583 95583 95584 95586 95586 95586 95587 95587 95593 95594 95595 95597 95597 95599 95599 95601 95601 95603 95604 95606 95607 95608 95609 95610 95610 95612 95612 95613 95614 95614 95614 95615 95616 95616 95617 95620 95621 95621 95622 95622 95623 95624 95624 95626 95626 95627 95627 95628 95628 95629 95630 95631 95633 95634 95635 95635 95635 95636 95637 95638 95639 95640 95641 95642 95642 95642 95642 95642 95643 95643 95643 95645 95646 95647 95648 95650 95650 95652 95654 95654 95654 95655 95657 95658 95659 95660 95663 95664 95667 95667 95667 95668 95669 95669 95673 95674 95674 95675 95676 95676 95677 95680 95683 95684 95684 95684 95690 95691 95691 95692 95694 95695 95697 95697 95699 95699 95699 95700 95702 95704 95706 95708 95709 95709 95710 95711 95711 95711 95711 95712 95713 95713 95714 95714 95714 95716 95717 95717 95718 95718 95719 95719 95720 95721 95721 95721 95721 95722 95724 95724 95726 95727 95727 95728 95728 95731 95732 95732 95733 95734 95735 95736 95737 95737 95738 95738 95738 95739 95740 95740 95744 95745 95745 95745 95747 95748 95749 95750 95750 95750 95750 95755 95756 95757 95759 95763 95765 95765 95766 95768 95769 95769 95770 95771 95773 95773 95773 95774 95774 95776 95776 95778 95778 95780 95780 95780 95781 95784 95785 95786 95787 95788 95788 95789 95789 95791 95792 95792 95794 95795 95797 95797 95798 95798 95802 95803 95807 95808 95811 95812 95812 95813 95813 95813 95815 95816 95822 95823 95824 95824 95825 95825 95826 95827 95828 95828 95830 95831 95832 95833 95835 95836 95837 95837 95838 95839 95841 95841 95842 95842 95843 95843 95844 95845 95845 95846 95846 95846 95847 95848 95848 95849 95849 95850 95850 95852 95855 95855 95857 95860 95862 95862 95863 95865 95865 95866 95866 95869 95869 95869 95870 95872 95872 95873 95874 95878 95881 95881 95882 95883 95884 95884 95884 95885 95886 95886 95888 95889 95889 95889 95890 95893 95897 95898 95899 95902 95902 95903 95905 95906 95907 95910 95910 95911 95911 95912 95912 95918 95918 95918 95919 95920 95920 95920 95920 95923 95923 95924 95924 95924 95924 95925 95927 95927 95929 95931 95933 95934 95934 95935 95935 95935 95936 95936 95937 95937 95939 95940 95941 95943 95943 95946 95947 95949 95952 95955 95956 95957 95958 95960 95961 95961 95962 95962 95964 95966 95966 95968 95969 95969 95970 95970 95972 95975 95976 95978 95982 95982 95982 95984 95986 95990 95990 95991 95993 95994 95995 95996 95996 95998 95998 96005 96005 96005 96006 96006 96007 96007 96010 96010 96010 96011 96012 96015 96016 96016 96019 96019 96019 96020 96021 96022 96023 96024 96024 96025 96026 96026 96026 96026 96028 96028 96028 96030 96030 96031 96031 96031 96034 96034 96034 96035 96036 96036 96036 96037 96037 96041 96042 96044 96045 96046 96048 96048 96049 96049 96050 96053 96053 96055 96056 96056 96057 96057 96057 96058 96058 96059 96059 96059 96060 96060 96061 96063 96064 96064 96064 96066 96068 96070 96070 96071 96072 96073 96074 96075 96075 96075 96076 96077 96077 96080 96082 96083 96084 96084 96084 96085 96086 96087 96087 96087 96089 96089 96089 96090 96090 96092 96093 96093 96096 96096 96099 96099 96100 96100 96100 96101 96102 96102 96103 96104 96105 96108 96109 96110 96110 96111 96111 96111 96111 96111 96111 96112 96112 96113 96114 96114 96115 96116 96117 96118 96118 96118 96123 96124 96124 96125 96125 96126 96127 96128 96130 96131 96131 96132 96132 96134 96135 96136 96137 96138 96139 96139 96143 96144 96145 96145 96146 96148 96148 96148 96150 96150 96151 96153 96153 96154 96155 96159 96159 96160 96160 96160 96161 96162 96163 96164 96165 96165 96165 96167 96167 96168 96169 96170 96171 96174 96174 96175 96175 96177 96177 96179 96179 96179 96180 96181 96181 96183 96183 96184 96184 96186 96187 96188 96191 96192 96193 96194 96194 96195 96195 96195 96195 96196 96197 96197 96198 96198 96198 96199 96201 96203 96203 96203 96206 96206 96209 96211 96211 96211 96214 96214 96215 96215 96217 96218 96218 96219 96220 96221 96222 96223 96224 96224 96227 96228 96229 96229 96229 96230 96232 96233 96234 96235 96235 96236 96236 96237 96237 96237 96237 96238 96238 96239 96239 96240 96240 96242 96242 96243 96245 96245 96246 96246 96249 96249 96251 96251 96253 96253 96255 96256 96257 96257 96258 96258 96258 96258 96258 96259 96260 96261 96262 96262 96263 96263 96265 96266 96267 96268 96268 96268 96269 96270 96271 96271 96271 96278 96279 96279 96279 96279 96280 96281 96282 96283 96283 96286 96286 96286 96286 96287 96288 96290 96290 96292 96295 96295 96295 96296 96298 96299 96300 96302 96304 96305 96305 96305 96307 96307 96307 96307 96308 96311 96313 96313 96314 96315 96319 96320 96321 96322 96323 96324 96326 96326 96329 96330 96334 96334 96335 96336 96337 96338 96339 96340 96340 96343 96344 96350 96350 96353 96355 96355 96355 96356 96356 96356 96358 96359 96359 96359 96360 96360 96361 96361 96363 96363 96364 96365 96365 96366 96366 96367 96368 96368 96369 96370 96370 96371 96371 96372 96373 96375 96375 96376 96376 96377 96377 96381 96383 96383 96383 96387 96388 96389 96390 96391 96393 96397 96397 96398 96398 96399 96400 96401 96401 96401 96402 96403 96404 96404 96405 96405 96406 96407 96408 96410 96410 96412 96412 96413 96413 96415 96415 96416 96419 96421 96422 96423 96424 96426 96427 96427 96427 96428 96428 96428 96428 96429 96429 96430 96432 96432 96434 96435 96435 96436 96437 96437 96439 96440 96441 96445 96447 96448 96450 96452 96453 96455 96455 96457 96458 96459 96461 96462 96463 96463 96464 96464 96464 96466 96466 96467 96470 96470 96473 96474 96474 96475 96476 96476 96476 96479 96479 96480 96480 96483 96485 96486 96489 96490 96491 96494 96495 96495 96496 96496 96496 96496 96498 96499 96499 96500 96502 96505 96506 96507 96510 96512 96513 96513 96513 96514 96515 96517 96518 96519 96522 96522 96522 96526 96527 96527 96528 96528 96529 96532 96532 96532 96534 96535 96535 96536 96539 96539 96542 96546 96546 96547 96551 96551 96552 96553 96554 96554 96555 96555 96555 96556 96558 96559 96560 96561 96562 96563 96563 96565 96567 96569 96573 96574 96576 96578 96578 96579 96580 96580 96584 96584 96584 96586 96587 96587 96587 96594 96595 96598 96598 96598 96599 96599 96601 96602 96602 96602 96603 96605 96605 96608 96609 96609 96610 96611 96612 96612 96612 96613 96616 96617 96619 96620 96620 96620 96622 96622 96622 96623 96623 96625 96627 96627 96628 96630 96631 96634 96636 96636 96637 96640 96640 96640 96641 96642 96643 96645 96645 96645 96645 96646 96647 96648 96650 96650 96651 96652 96653 96654 96655 96655 96655 96658 96658 96659 96660 96662 96663 96663 96665 96665 96665 96665 96666 96666 96666 96668 96669 96671 96672 96673 96673 96673 96675 96676 96677 96678 96679 96679 96679 96680 96680 96681 96681 96681 96682 96683 96685 96690 96690 96690 96692 96692 96693 96693 96694 96695 96697 96698 96700 96701 96701 96701 96705 96705 96706 96707 96707 96710 96712 96713 96715 96716 96717 96719 96721 96721 96722 96723 96724 96724 96725 96726 96726 96726 96727 96731 96732 96735 96735 96736 96737 96738 96738 96739 96739 96740 96741 96742 96743 96743 96744 96744 96744 96745 96746 96748 96748 96749 96749 96751 96751 96751 96751 96752 96753 96755 96755 96756 96756 96756 96758 96758 96759 96759 96759 96760 96761 96762 96762 96763 96764 96767 96767 96769 96769 96770 96772 96772 96772 96773 96773 96773 96774 96775 96775 96776 96776 96777 96777 96778 96780 96781 96781 96781 96783 96783 96784 96785 96785 96787 96787 96789 96789 96790 96791 96792 96792 96795 96796 96797 96799 96800 96800 96801 96803 96803 96804 96805 96807 96808 96809 96810 96811 96811 96812 96814 96814 96814 96815 96817 96817 96817 96819 96820 96823 96824 96826 96827 96827 96827 96828 96828 96828 96829 96829 96830 96831 96835 96835 96836 96836 96837 96838 96839 96840 96843 96848 96848 96849 96850 96851 96851 96851 96852 96853 96854 96856 96856 96856 96857 96859 96859 96859 96861 96865 96865 96866 96867 96868 96869 96869 96869 96870 96870 96870 96871 96872 96872 96872 96872 96873 96873 96874 96875 96875 96877 96877 96877 96879 96880 96881 96881 96882 96883 96885 96885 96886 96886 96887 96888 96889 96890 96890 96890 96892 96892 96893 96893 96895 96897 96897 96898 96899 96901 96902 96905 96907 96911 96911 96912 96915 96918 96918 96919 96920 96920 96920 96921 96922 96923 96923 96923 96924 96924 96926 96928 96929 96930 96930 96931 96934 96934 96941 96941 96941 96942 96943 96945 96945 96946 96947 96949 96950 96951 96952 96952 96955 96956 96956 96956 96957 96958 96958 96960 96960 96961 96962 96962 96966 96967 96967 96968 96968 96973 96975 96976 96978 96979 96980 96980 96980 96982 96983 96983 96983 96983 96983 96984 96984 96988 96989 96989 96989 96989 96989 96991 96991 96991 96992 96993 96994 96994 96994 96995 96995 96995 96996 96999 96999 97000 97001 97001 97003 97004 97005 97005 97006 97006 97008 97009 97009 97011 97012 97014 97014 97014 97015 97016 97016 97017 97020 97022 97023 97023 97023 97024 97026 97027 97031 97032 97032 97032 97033 97034 97034 97036 97036 97037 97037 97039 97039 97039 97040 97040 97040 97040 97042 97043 97044 97044 97045 97045 97046 97052 97053 97056 97057 97058 97059 97060 97062 97063 97065 97066 97068 97069 97071 97073 97077 97077 97077 97078 97079 97079 97080 97081 97082 97083 97083 97089 97090 97091 97092 97092 97093 97093 97094 97095 97095 97096 97102 97102 97104 97109 97109 97111 97111 97111 97113 97113 97117 97118 97119 97121 97122 97124 97125 97126 97127 97128 97128 97129 97129 97130 97132 97132 97134 97134 97135 97135 97136 97138 97138 97139 97140 97140 97140 97142 97143 97144 97144 97145 97146 97150 97151 97155 97157 97157 97158 97158 97158 97158 97159 97159 97160 97160 97163 97163 97163 97165 97170 97171 97171 97173 97175 97176 97179 97180 97180 97181 97182 97185 97186 97186 97187 97190 97191 97191 97191 97194 97194 97195 97200 97200 97203 97203 97203 97206 97206 97206 97211 97211 97212 97212 97214 97217 97217 97218 97219 97219 97222 97223 97225 97226 97227 97228 97228 97230 97231 97234 97235 97238 97238 97238 97238 97241 97241 97241 97242 97242 97244 97245 97245 97245 97247 97248 97253 97255 97257 97258 97258 97259 97259 97259 97260 97261 97264 97264 97264 97265 97266 97267 97268 97270 97270 97270 97271 97271 97271 97271 97271 97273 97274 97276 97278 97278 97280 97281 97282 97282 97284 97284 97284 97285 97286 97287 97287 97288 97288 97288 97289 97291 97291 97291 97291 97292 97292 97292 97295 97296 97296 97296 97298 97298 97298 97298 97300 97300 97301 97303 97304 97304 97306 97307 97308 97309 97310 97310 97310 97311 97312 97312 97312 97312 97314 97315 97317 97318 97318 97320 97320 97322 97322 97323 97324 97325 97325 97326 97327 97327 97329 97329 97330 97331 97332 97332 97333 97333 97335 97337 97338 97338 97339 97339 97340 97341 97342 97342 97343 97344 97345 97347 97347 97349 97351 97351 97352 97353 97354 97356 97356 97357 97357 97357 97359 97364 97365 97365 97366 97367 97367 97368 97369 97369 97370 97372 97372 97375 97376 97377 97377 97378 97379 97381 97384 97385 97389 97389 97391 97392 97394 97394 97395 97396 97399 97400 97401 97401 97402 97403 97403 97405 97405 97412 97413 97413 97413 97414 97416 97419 97422 97422 97423 97423 97423 97424 97424 97424 97426 97426 97426 97426 97428 97428 97430 97430 97430 97431 97432 97433 97434 97435 97439 97440 97443 97445 97446 97446 97446 97447 97447 97448 97450 97450 97452 97454 97458 97459 97459 97460 97460 97460 97461 97461 97465 97466 97466 97467 97467 97468 97468 97470 97471 97472 97473 97474 97474 97478 97479 97480 97480 97483 97486 97486 97487 97487 97487 97489 97489 97491 97491 97495 97495 97498 97499 97501 97501 97501 97501 97502 97502 97504 97504 97504 97505 97505 97506 97506 97506 97506 97507 97508 97508 97509 97511 97513 97513 97516 97517 97518 97519 97522 97524 97529 97529 97530 97530 97531 97533 97534 97535 97535 97537 97541 97542 97542 97545 97546 97546 97547 97547 97547 97551 97551 97552 97554 97557 97560 97562 97563 97563 97564 97567 97567 97567 97567 97569 97570 97572 97572 97573 97573 97575 97576 97577 97577 97578 97578 97579 97580 97581 97582 97582 97582 97583 97583 97585 97586 97586 97587 97588 97589 97590 97590 97591 97592 97592 97593 97593 97593 97594 97595 97595 97595 97595 97597 97598 97599 97599 97600 97601 97601 97602 97602 97603 97605 97605 97605 97607 97609 97610 97611 97613 97613 97614 97616 97617 97620 97621 97622 97624 97625 97627 97628 97630 97631 97632 97632 97633 97633 97633 97634 97634 97634 97635 97637 97639 97639 97640 97640 97641 97642 97642 97643 97645 97646 97648 97648 97649 97655 97657 97659 97661 97662 97663 97663 97665 97665 97666 97666 97666 97667 97668 97668 97669 97669 97670 97671 97672 97673 97674 97674 97676 97676 97676 97677 97678 97678 97679 97679 97682 97684 97685 97685 97688 97690 97691 97691 97693 97693 97693 97694 97695 97696 97696 97696 97696 97696 97698 97701 97701 97702 97702 97703 97706 97707 97709 97711 97711 97711 97711 97712 97716 97716 97720 97720 97720 97721 97722 97723 97726 97726 97727 97727 97727 97728 97730 97730 97730 97735 97735 97738 97739 97740 97741 97741 97742 97742 97743 97745 97745 97745 97745 97746 97751 97754 97756 97756 97757 97757 97758 97758 97759 97760 97760 97760 97760 97760 97761 97761 97762 97764 97764 97764 97765 97765 97766 97766 97769 97769 97769 97770 97770 97770 97771 97771 97772 97772 97776 97778 97779 97779 97779 97780 97780 97780 97781 97783 97784 97785 97785 97788 97790 97792 97794 97794 97794 97795 97795 97795 97796 97796 97797 97800 97801 97801 97802 97803 97804 97804 97809 97811 97811 97818 97818 97819 97820 97823 97825 97826 97830 97832 97832 97832 97833 97833 97833 97834 97834 97837 97838 97843 97844 97845 97845 97846 97851 97851 97852 97852 97853 97854 97855 97856 97856 97857 97858 97858 97858 97860 97861 97861 97863 97864 97865 97865 97865 97866 97866 97866 97866 97870 97871 97871 97871 97871 97872 97874 97877 97878 97879 97879 97880 97880 97881 97882 97884 97884 97886 97887 97890 97890 97893 97894 97894 97894 97896 97896 97897 97898 97898 97898 97899 97899 97899 97903 97905 97905 97905 97909 97910 97910 97910 97911 97912 97913 97913 97915 97916 97916 97916 97916 97918 97918 97920 97920 97921 97922 97923 97923 97923 97923 97924 97926 97927 97930 97930 97931 97932 97932 97934 97934 97937 97938 97941 97944 97944 97945 97945 97945 97946 97946 97949 97949 97949 97950 97950 97951 97953 97953 97956 97956 97956 97957 97958 97959 97959 97962 97963 97963 97964 97964 97965 97967 97968 97970 97973 97974 97975 97977 97977 97979 97980 97981 97982 97984 97985 97986 97986 97989 97989 97990 97990 97990 97991 97991 97991 97992 97992 97994 97996 97996 97996 97998 97998 97999 98003 98006 98007 98008 98008 98008 98010 98010 98011 98012 98015 98016 98016 98017 98019 98020 98021 98024 98024 98024 98024 98025 98026 98027 98027 98030 98031 98031 98034 98035 98036 98039 98039 98041 98041 98045 98045 98046 98049 98049 98051 98051 98051 98052 98053 98054 98054 98054 98056 98057 98061 98061 98061 98062 98062 98063 98064 98064 98066 98066 98067 98067 98067 98067 98070 98071 98072 98072 98073 98074 98075 98076 98076 98077 98079 98079 98079 98079 98080 98080 98082 98082 98082 98082 98084 98084 98086 98087 98087 98088 98089 98089 98090 98090 98090 98090 98092 98093 98094 98094 98094 98094 98095 98096 98096 98097 98099 98100 98101 98101 98101 98103 98104 98106 98107 98109 98109 98110 98111 98111 98111 98112 98112 98113 98113 98115 98117 98117 98117 98117 98120 98120 98120 98121 98122 98123 98123 98127 98128 98129 98130 98131 98133 98133 98134 98135 98136 98136 98137 98137 98139 98140 98141 98141 98142 98143 98145 98146 98147 98147 98150 98152 98153 98154 98155 98155 98155 98158 98159 98159 98161 98162 98163 98165 98166 98167 98167 98170 98173 98175 98175 98176 98177 98177 98178 98183 98186 98186 98188 98189 98190 98191 98192 98193 98193 98193 98194 98195 98195 98196 98196 98196 98196 98200 98200 98200 98202 98202 98203 98208 98208 98210 98210 98212 98212 98213 98216 98217 98218 98220 98220 98221 98222 98223 98224 98225 98227 98227 98227 98228 98229 98230 98230 98231 98232 98232 98233 98236 98237 98237 98238 98238 98238 98240 98241 98241 98243 98244 98245 98245 98247 98247 98249 98250 98250 98251 98251 98252 98253 98253 98254 98255 98255 98258 98259 98259 98261 98261 98262 98263 98264 98266 98267 98268 98269 98270 98271 98271 98272 98273 98274 98277 98278 98283 98283 98283 98284 98285 98285 98287 98289 98289 98290 98291 98293 98293 98293 98295 98295 98295 98296 98298 98298 98298 98299 98301 98301 98304 98304 98306 98306 98309 98309 98311 98311 98312 98313 98313 98315 98315 98315 98315 98316 98316 98316 98316 98318 98319 98320 98321 98321 98322 98328 98328 98330 98333 98334 98335 98335 98336 98336 98337 98340 98341 98342 98344 98347 98348 98350 98351 98351 98352 98354 98354 98354 98357 98358 98358 98359 98359 98361 98362 98363 98364 98364 98367 98368 98368 98371 98371 98372 98372 98374 98374 98374 98374 98376 98377 98378 98380 98380 98383 98385 98385 98386 98386 98388 98388 98389 98389 98390 98391 98392 98394 98394 98400 98400 98403 98404 98405 98406 98406 98412 98414 98414 98414 98415 98415 98415 98416 98418 98424 98424 98424 98427 98428 98430 98432 98437 98437 98439 98439 98442 98443 98444 98445 98446 98447 98448 98448 98449 98449 98451 98453 98456 98456 98457 98457 98457 98459 98459 98462 98462 98463 98463 98463 98464 98466 98467 98468 98468 98473 98474 98475 98476 98478 98480 98480 98480 98480 98482 98482 98482 98483 98485 98486 98488 98490 98490 98491 98491 98496 98497 98498 98499 98499 98499 98500 98503 98503 98504 98505 98506 98506 98507 98508 98508 98509 98510 98512 98515 98516 98516 98518 98518 98522 98525 98525 98526 98526 98526 98527 98527 98528 98528 98529 98529 98530 98531 98534 98534 98534 98535 98535 98535 98536 98538 98538 98540 98542 98545 98546 98547 98548 98548 98550 98550 98551 98552 98555 98555 98555 98556 98557 98558 98558 98558 98560 98561 98561 98561 98562 98564 98564 98567 98568 98571 98572 98572 98572 98574 98575 98578 98579 98581 98584 98584 98586 98587 98589 98589 98590 98591 98593 98594 98594 98594 98594 98595 98595 98596 98597 98598 98599 98600 98601 98601 98602 98606 98607 98607 98607 98607 98609 98610 98611 98612 98613 98615 98619 98619 98621 98621 98622 98622 98623 98627 98627 98628 98631 98631 98632 98632 98633 98633 98633 98635 98635 98639 98639 98640 98642 98646 98646 98646 98647 98648 98650 98650 98653 98653 98656 98656 98656 98659 98660 98660 98660 98662 98665 98667 98668 98670 98673 98675 98676 98677 98677 98677 98677 98678 98678 98679 98680 98683 98684 98684 98685 98687 98687 98687 98687 98688 98688 98688 98689 98689 98690 98690 98691 98691 98692 98697 98699 98699 98700 98703 98704 98704 98705 98706 98706 98706 98707 98707 98709 98711 98711 98712 98712 98713 98714 98715 98721 98721 98721 98722 98723 98726 98727 98727 98728 98729 98730 98730 98731 98731 98731 98732 98735 98736 98736 98737 98739 98739 98739 98739 98739 98739 98739 98742 98742 98742 98744 98745 98745 98745 98745 98747 98749 98750 98751 98752 98754 98755 98759 98760 98761 98763 98763 98765 98766 98767 98768 98768 98769 98769 98769 98769 98771 98772 98772 98773 98774 98774 98775 98775 98776 98776 98776 98778 98778 98780 98781 98781 98783 98784 98786 98786 98786 98787 98787 98787 98788 98789 98789 98789 98789 98790 98792 98793 98796 98796 98797 98797 98798 98798 98798 98799 98800 98800 98802 98803 98803 98803 98804 98804 98804 98804 98805 98806 98807 98807 98807 98808 98808 98808 98808 98809 98810 98811 98812 98812 98812 98812 98814 98815 98816 98816 98816 98819 98820 98820 98822 98822 98826 98827 98827 98828 98829 98830 98831 98833 98834 98835 98836 98836 98836 98837 98838 98839 98839 98840 98840 98841 98842 98842 98843 98843 98843 98846 98846 98851 98853 98854 98854 98855 98855 98857 98859 98860 98861 98861 98861 98862 98863 98863 98864 98864 98868 98869 98873 98874 98874 98874 98874 98876 98876 98878 98878 98879 98880 98880 98880 98880 98881 98883 98883 98883 98884 98884 98884 98885 98886 98887 98887 98888 98888 98888 98891 98894 98894 98895 98896 98897 98898 98898 98899 98899 98900 98901 98901 98901 98903 98905 98905 98911 98914 98917 98917 98917 98918 98919 98920 98921 98924 98924 98924 98925 98926 98926 98928 98928 98930 98931 98932 98932 98933 98934 98934 98935 98936 98936 98936 98937 98937 98937 98938 98939 98940 98941 98942 98942 98943 98944 98945 98947 98948 98949 98950 98950 98952 98952 98953 98953 98955 98958 98958 98959 98960 98960 98961 98962 98962 98963 98963 98966 98967 98967 98970 98971 98971 98972 98972 98973 98975 98976 98977 98979 98980 98982 98983 98984 98984 98987 98987 98988 98991 98991 98992 98993 98996 98997 98998 98999 99000 99000 99000 99003 99004 99004 99005 99006 99006 99008 99008 99008 99011 99012 99012 99013 99014 99016 99017 99017 99018 99018 99022 99022 99025 99026 99026 99026 99027 99028 99028 99029 99029 99030 99033 99033 99034 99036 99037 99038 99039 99040 99041 99046 99046 99050 99051 99051 99052 99052 99053 99055 99055 99056 99057 99057 99059 99062 99062 99063 99066 99066 99068 99068 99068 99069 99069 99069 99071 99072 99074 99074 99076 99078 99078 99078 99080 99082 99082 99082 99085 99085 99087 99088 99088 99089 99089 99090 99094 99095 99096 99097 99099 99101 99102 99103 99103 99104 99104 99105 99105 99105 99107 99109 99110 99111 99111 99112 99115 99116 99117 99117 99117 99117 99119 99119 99120 99121 99122 99123 99123 99125 99127 99128 99129 99129 99131 99132 99133 99133 99134 99134 99137 99138 99138 99141 99141 99142 99142 99142 99144 99146 99148 99148 99149 99149 99151 99151 99153 99156 99157 99159 99159 99159 99160 99161 99161 99165 99165 99166 99166 99169 99170 99171 99171 99173 99173 99175 99175 99175 99178 99178 99178 99178 99180 99180 99181 99181 99182 99185 99185 99186 99187 99187 99187 99187 99189 99190 99190 99193 99194 99194 99195 99195 99196 99198 99198 99200 99203 99206 99207 99208 99208 99209 99210 99210 99211 99212 99213 99213 99214 99216 99216 99217 99218 99219 99220 99220 99221 99223 99225 99227 99228 99229 99236 99237 99238 99239 99239 99240 99240 99241 99242 99244 99244 99244 99244 99245 99246 99246 99248 99250 99250 99251 99251 99252 99252 99255 99255 99256 99256 99256 99258 99258 99259 99260 99262 99263 99263 99264 99265 99267 99269 99270 99270 99270 99272 99272 99273 99273 99274 99275 99277 99278 99281 99282 99283 99283 99283 99284 99285 99287 99289 99290 99290 99292 99294 99295 99295 99298 99299 99299 99300 99302 99303 99303 99303 99304 99305 99306 99307 99307 99308 99308 99309 99310 99311 99312 99312 99314 99319 99319 99319 99320 99321 99321 99321 99322 99323 99327 99327 99327 99331 99331 99333 99334 99334 99334 99334 99335 99336 99337 99339 99340 99340 99341 99341 99341 99342 99342 99343 99343 99344 99345 99345 99346 99347 99348 99350 99350 99351 99351 99352 99355 99355 99355 99357 99357 99359 99361 99363 99365 99366 99367 99368 99368 99368 99369 99370 99370 99371 99372 99374 99377 99377 99377 99379 99382 99382 99382 99386 99388 99390 99390 99391 99391 99391 99391 99392 99392 99392 99393 99394 99396 99396 99400 99400 99406 99408 99409 99410 99410 99412 99412 99412 99413 99417 99418 99420 99421 99422 99422 99423 99423 99423 99424 99425 99426 99426 99426 99426 99427 99428 99428 99429 99429 99431 99431 99432 99434 99435 99435 99435 99436 99437 99437 99438 99440 99441 99444 99444 99444 99444 99446 99446 99447 99448 99448 99449 99451 99451 99451 99452 99453 99453 99456 99456 99457 99459 99459 99460 99460 99461 99461 99462 99463 99465 99467 99471 99472 99474 99478 99478 99478 99478 99479 99480 99482 99484 99484 99486 99486 99487 99488 99491 99492 99493 99493 99493 99494 99495 99495 99496 99499 99500 99501 99502 99502 99505 99506 99507 99510 99514 99515 99515 99515 99520 99521 99522 99524 99526 99528 99529 99530 99530 99535 99535 99536 99536 99537 99538 99539 99539 99539 99542 99542 99542 99542 99543 99546 99546 99546 99547 99549 99550 99550 99550 99551 99551 99554 99555 99555 99556 99557 99558 99558 99559 99559 99561 99562 99566 99566 99566 99566 99567 99568 99569 99570 99571 99572 99574 99575 99575 99575 99576 99576 99578 99578 99578 99580 99580 99581 99581 99583 99583 99584 99585 99586 99587 99589 99589 99590 99592 99594 99594 99595 99597 99600 99601 99603 99604 99605 99607 99608 99609 99609 99609 99612 99612 99613 99613 99615 99616 99618 99618 99619 99621 99622 99623 99624 99625 99626 99629 99630 99630 99631 99631 99633 99636 99636 99639 99641 99643 99643 99645 99645 99645 99646 99648 99650 99650 99650 99651 99652 99654 99655 99662 99662 99663 99664 99665 99666 99666 99667 99667 99668 99669 99669 99669 99672 99672 99673 99673 99673 99673 99673 99675 99676 99681 99681 99682 99682 99687 99688 99688 99688 99690 99690 99692 99692 99694 99694 99696 99697 99697 99698 99700 99701 99702 99705 99705 99706 99710 99711 99712 99713 99713 99714 99714 99714 99716 99716 99716 99716 99716 99716 99717 99722 99724 99724 99725 99725 99727 99729 99730 99730 99732 99734 99735 99735 99736 99737 99737 99738 99741 99742 99742 99743 99743 99743 99744 99745 99745 99747 99749 99749 99750 99751 99751 99753 99756 99757 99759 99759 99759 99759 99760 99761 99761 99762 99764 99764 99764 99765 99765 99766 99767 99768 99769 99770 99771 99772 99774 99774 99775 99778 99782 99786 99787 99789 99791 99791 99792 99792 99794 99794 99796 99798 99798 99798 99799 99799 99800 99800 99802 99803 99803 99805 99805 99806 99807 99807 99808 99808 99809 99811 99812 99817 99818 99818 99820 99820 99821 99822 99823 99823 99824 99824 99826 99827 99828 99828 99829 99831 99831 99832 99833 99834 99835 99836 99836 99838 99838 99839 99839 99844 99844 99845 99846 99847 99849 99849 99850 99850 99850 99854 99855 99855 99856 99857 99858 99859 99859 99859 99859 99860 99861 99861 99861 99862 99863 99864 99865 99865 99868 99868 99869 99869 99869 99872 99874 99874 99876 99878 99878 99878 99878 99880 99881 99881 99881 99881 99884 99885 99888 99888 99888 99889 99891 99891 99892 99892 99894 99895 99897 99898 99898 99898 99901 99901 99901 99902 99903 99904 99907 99911 99912 99912 99913 99914 99914 99915 99917 99917 99920 99922 99924 99924 99924 99924 99925 99925 99928 99931 99932 99934 99934 99935 99936 99936 99936 99937 99937 99937 99937 99938 99939 99940 99940 99940 99941 99943 99944 99945 99946 99952 99956 99956 99957 99958 99960 99962 99964 99964 99964 99965 99965 99966 99966 99968 99970 99973 99973 99974 99976 99976 99976 99977 99978 99978 99979 99979 99979 99981 99981 99983 99983 99984 99985 99989 99989 99990 99990 99992 99992 99993 99994 99996 99997 99997 
